Build started 7/2/2026 10:18:40 AM.
     1>Project "/home/teqs/github/MyBlog/MyBlog.slnx" on node 1 (VSTest target(s)).
     1>ValidateSolutionConfiguration:
         Building solution configuration "Debug|Any CPU".
Test run for /home/teqs/github/MyBlog/tests/Domain.Tests/bin/Debug/net10.0/Domain.Tests.dll (.NETCoreApp,Version=v10.0)
Test run for /home/teqs/github/MyBlog/tests/AppHost.Tests/bin/Debug/net10.0/AppHost.Tests.dll (.NETCoreApp,Version=v10.0)
Test run for /home/teqs/github/MyBlog/tests/Architecture.Tests/bin/Debug/net10.0/Architecture.Tests.dll (.NETCoreApp,Version=v10.0)
A total of 1 test files matched the specified pattern.
A total of 1 test files matched the specified pattern.
Test run for /home/teqs/github/MyBlog/tests/Web.Tests.Bunit/bin/Debug/net10.0/Web.Tests.Bunit.dll (.NETCoreApp,Version=v10.0)
Test run for /home/teqs/github/MyBlog/tests/Web.Tests/bin/Debug/net10.0/Web.Tests.dll (.NETCoreApp,Version=v10.0)
Test run for /home/teqs/github/MyBlog/tests/Web.Tests.Integration/bin/Debug/net10.0/Web.Tests.Integration.dll (.NETCoreApp,Version=v10.0)
A total of 1 test files matched the specified pattern.
A total of 1 test files matched the specified pattern.
A total of 1 test files matched the specified pattern.
A total of 1 test files matched the specified pattern.
[xUnit.net 00:00:00.00] xUnit.net VSTest Adapter v3.1.5+1b188a7b0a (64-bit .NET 10.0.9)
[xUnit.net 00:00:00.00] xUnit.net VSTest Adapter v3.1.5+1b188a7b0a (64-bit .NET 10.0.9)
[xUnit.net 00:00:00.00] xUnit.net VSTest Adapter v3.1.5+1b188a7b0a (64-bit .NET 10.0.9)
[xUnit.net 00:00:00.15]   Discovering: Domain.Tests
[xUnit.net 00:00:00.00] xUnit.net VSTest Adapter v3.1.5+1b188a7b0a (64-bit .NET 10.0.9)
[xUnit.net 00:00:00.17]   Discovering: AppHost.Tests
[xUnit.net 00:00:00.00] xUnit.net VSTest Adapter v3.1.5+1b188a7b0a (64-bit .NET 10.0.9)
[xUnit.net 00:00:00.00] xUnit.net VSTest Adapter v3.1.5+1b188a7b0a (64-bit .NET 10.0.9)
[xUnit.net 00:00:00.17]   Discovering: Architecture.Tests
[xUnit.net 00:00:00.15]   Discovering: Web.Tests.Bunit
[xUnit.net 00:00:00.34]   Discovered:  Domain.Tests
[xUnit.net 00:00:00.16]   Discovering: Web.Tests
[xUnit.net 00:00:00.33]   Discovered:  Architecture.Tests
[xUnit.net 00:00:00.20]   Discovering: Web.Tests.Integration
[xUnit.net 00:00:00.42]   Discovered:  AppHost.Tests
[xUnit.net 00:00:00.34]   Discovered:  Web.Tests.Bunit
[xUnit.net 00:00:00.52]   Starting:    Domain.Tests
[xUnit.net 00:00:00.51]   Starting:    Architecture.Tests
[xUnit.net 00:00:00.40]   Discovered:  Web.Tests
[xUnit.net 00:00:00.42]   Discovered:  Web.Tests.Integration
[xUnit.net 00:00:00.63]   Starting:    AppHost.Tests
[xUnit.net 00:00:00.54]   Starting:    Web.Tests.Bunit
  Passed Create ValidArguments UpdatedAtIsNull [31 ms]
  Passed AssignCategory DoesNotAlterTitleContentOrAuthor [31 ms]
  Passed Handle NoValidators CallsNextAndReturnsItsResult [31 ms]
  Passed Create ValidArguments IdCanBeRoundTrippedFromString [31 ms]
  Passed FromValue NullValue ReturnsFailureResultWithProvidedValueIsNullError [31 ms]
  Passed Update ValidArguments UpdatesNameAndDescription [< 1 ms]
  Passed Update DoesNotModifyAuthor AuthorRemainsImmutableAfterUpdate [< 1 ms]
  Passed Fail WithoutCode ErrorCode IsNone [1 ms]
  Passed Update TrimsWhitespacePadding FromNameAndDescription [< 1 ms]
  Passed Create ValidArguments IdIsNonEmptyObjectId [< 1 ms]
  Passed Fail WithMessage ReturnsFailureResultWithMessage [< 1 ms]
  Passed ImplicitConversion ValueToResultT ProducesSuccessResult [< 1 ms]
  Passed AssignCategory CalledTwice OverwritesWithLatestCategory [2 ms]
  Passed FromValue NonNullValue ReturnsSuccessResult [1 ms]
  Passed RemoveCategory SetsCategoryIdToNull [< 1 ms]
  Passed Ok ReturnsSuccessResultWithNoError [< 1 ms]
  Passed ImplicitConversion NullResultTToValue ReturnsNull [< 1 ms]
  Passed Ok ErrorCode IsNone [< 1 ms]
  Passed Create NewPost CategoryIdIsNullByDefault [< 1 ms]
  Passed OkT ReturnsSuccessResultWithValue [< 1 ms]
  Passed ImplicitConversion ResultTToValue ReturnsValue [< 1 ms]
  Passed Update AuthorIsSnapshotFromCreationTime CannotBeChangedByUpdate [< 1 ms]
  Passed FailT WithMessage ReturnsFailureResultWithNullValue [< 1 ms]
  Passed Fail WithMessageAndErrorCode ReturnsFailureResultWithCode [< 1 ms]
  Passed AssignCategory SetsCategoryId [< 1 ms]
  Passed Create NullOrWhiteSpaceName ThrowsArgumentException(name: null) [4 ms]
  Passed Create NullAuthor ThrowsArgumentNullException [8 ms]
  Passed Create NullOrWhiteSpaceName ThrowsArgumentException(name: "") [< 1 ms]
  Passed Create NullOrWhiteSpaceTitle ThrowsArgumentException(title: null) [< 1 ms]
  Passed Create NullOrWhiteSpaceName ThrowsArgumentException(name: "   ") [< 1 ms]
  Passed Create NullOrWhiteSpaceTitle ThrowsArgumentException(title: "") [< 1 ms]
  Passed Update NullOrWhiteSpaceName ThrowsArgumentException(name: null) [< 1 ms]
  Passed Update NullOrWhiteSpaceName ThrowsArgumentException(name: "") [< 1 ms]
  Passed Create NullOrWhiteSpaceTitle ThrowsArgumentException(title: "   ") [< 1 ms]
  Passed Update NullOrWhiteSpaceName ThrowsArgumentException(name: "   ") [< 1 ms]
  Passed Create NewPost IsPublishedIsFalse [< 1 ms]
  Passed Create NullOrWhiteSpaceDescription ThrowsArgumentException(description: "") [< 1 ms]
  Passed Create NullOrWhiteSpaceDescription ThrowsArgumentException(description: "   ") [< 1 ms]
  Passed Create ValidArguments ReturnsEntityWithCorrectFields [< 1 ms]
  Passed Create NullOrWhiteSpaceDescription ThrowsArgumentException(description: null) [< 1 ms]
  Passed Update DoesNotAlterId AfterUpdate [< 1 ms]
  Passed Update NullOrWhiteSpaceDescription ThrowsArgumentException(description: "   ") [< 1 ms]
  Passed Update NullOrWhiteSpaceTitle ThrowsArgumentException(title: null) [< 1 ms]
  Passed Update NullOrWhiteSpaceDescription ThrowsArgumentException(description: "") [< 1 ms]
  Passed Update NullOrWhiteSpaceDescription ThrowsArgumentException(description: null) [< 1 ms]
  Passed Update NullOrWhiteSpaceTitle ThrowsArgumentException(title: "") [< 1 ms]
  Passed Create ValidNameAndDescription ReturnsEntityWithCorrectFields [< 1 ms]
  Passed Create TrimsWhitespacePadding FromNameAndDescription [< 1 ms]
  Passed Update NullOrWhiteSpaceTitle ThrowsArgumentException(title: "   ") [< 1 ms]
  Passed Create NullOrWhiteSpaceContent ThrowsArgumentException(content: "   ") [< 1 ms]
  Passed Create NullOrWhiteSpaceContent ThrowsArgumentException(content: null) [< 1 ms]
  Passed Create NullOrWhiteSpaceContent ThrowsArgumentException(content: "") [< 1 ms]
  Passed Create WhiteSpaceAuthorName ThrowsArgumentException(authorName: "") [< 1 ms]
  Passed Create WhiteSpaceAuthorName ThrowsArgumentException(authorName: "   ") [< 1 ms]
  Passed Update ValidArguments UpdatedAtIsNullBeforeUpdate NonNullAfter [< 1 ms]
  Passed Unpublish SetsIsPublishedFalse [< 1 ms]
  Passed Create ValidArguments CreatedAtIsSet [< 1 ms]
  Passed Publish SetsIsPublishedTrue [< 1 ms]
  Passed Create ValidArguments IdIsNonEmptyObjectId [< 1 ms]
  Passed Update ValidArguments UpdatesFieldsAndSetsUpdatedAt [< 1 ms]
  Passed Handle PassingValidator NextIsCalledExactlyOnce [95 ms]
  Passed Handle NoValidators ResultT CallsNextAndReturnsItsResult [1 ms]
  Passed Handle FailingValidator ReturnsFailResultWithErrorMessage [3 ms]
[xUnit.net 00:00:00.76]   Finished:    Domain.Tests (ID = '8064258520a11a055c13f6aa26417cc18726fe980cff314a44d90e1ed68c1d36')
  Passed OidcTokenValidatedHook Should NullGuard ExistingDelegate Before Invoking It [26 ms]
  Passed NavMenuShouldContainThemeSelectorElement [26 ms]
  Passed ProgramShouldRequestEmailScopeForAuth0WebLogin [26 ms]
  Passed TestLoginEndpoint Should Be Registered OnlyInTesting [< 1 ms]
  Passed NavMenuShouldNotDeclareItsOwnRenderMode [< 1 ms]
  Passed AppShouldRenderInteractiveRoutesWithoutWrappingThemeProvider [< 1 ms]
  Passed AccountLogin Should ShortCircuitPlaceholderAuth0Config OnlyInTesting BeforeOidcChallenge [< 1 ms]
  Passed RoutesShouldWrapRouterInsideThemeProvider [< 1 ms]
  Passed Domain Entities Should Be Sealed [53 ms]
  Passed Domain Should Not Have InMemoryRepository [4 ms]
  Passed ThemeComponents ShouldHaveNoDependencyOn DomainOrMongoDB [77 ms]
  Passed Domain Should Not Reference Web [18 ms]
  Passed Domain Should Not Have Features [1 ms]
  Passed ThemeComponents ShouldResideIn ThemeNamespace [2 ms]
  Passed Features Should Not Reference Each Other [83 ms]
  Passed Handle FailingValidator ErrorCodeIsValidation [1 ms]
  Passed Handle MultipleFailingValidators JoinsAllErrorMessages [1 ms]
  Passed Handle FailingValidator ResultT ReturnsFailResultWithErrorMessage [3 ms]
  Passed Handle FailingValidator NextIsNeverCalled [1 ms]
  Passed Handle PassingValidator CallsNextAndReturnsItsResult [1 ms]
[xUnit.net 00:00:00.75]   Finished:    Architecture.Tests (ID = 'ad3d5d81992e184a07bf93408adfad91f37ff537997055d25272629c2404bf94')

Test Run Successful.
Total tests: 68
     Passed: 68
 Total time: 1.1795 Seconds
[xUnit.net 00:00:00.67]   Starting:    Web.Tests
[xUnit.net 00:00:00.65]   Starting:    Web.Tests.Integration
  Passed Handlers Should HaveNameEndingWithHandler And BeSealed [19 ms]
  Passed Data Layer Should Not Be Referenced Outside Web [1 ms]
  Passed Features Should Not Reference IMemoryCache Directly [117 ms]
  Passed Features Should Not Reference IDistributedCache Directly [25 ms]

Test Run Successful.
Total tests: 19
     Passed: 19
 Total time: 1.1365 Seconds
  Passed ToDto IsPublished TrueAfterPublish [25 ms]
  Passed Create WithValidArgs ReturnsBlogPost [26 ms]
  Passed IsRoleClaimType DetectsExpectedClaimTypes(claimType: "https://articlesite.com/roles", expected: True) [25 ms]
  Passed Validate ValidCommand ReturnsNoErrors [32 ms]
  Passed Ok CreatesSuccessfulNonGenericResult [26 ms]
  Passed Validate MissingContent ReturnsError [34 ms]
  Passed IsRoleClaimType DetectsExpectedClaimTypes(claimType: "roles", expected: True) [< 1 ms]
  Passed IsRoleClaimType DetectsExpectedClaimTypes(claimType: "role", expected: True) [< 1 ms]
  Passed IsRoleClaimType DetectsExpectedClaimTypes(claimType: "https://articlesite.com/app_metadata", expected: False) [< 1 ms]
  Passed Validate EmptyObjectId ReturnsRequiredMessage [36 ms]
  Passed IsRoleClaimType DetectsExpectedClaimTypes(claimType: "http://schemas.microsoft.com/ws/2008/06/identity/c"···, expected: True) [< 1 ms]
  Passed Validate ValidCommand ReturnsNoErrors [< 1 ms]
  Passed Validate ValidId ReturnsNoErrors [< 1 ms]
  Passed ToDto IsPublished FalseOnNewPost [< 1 ms]
  Passed Validate EmptyOrWhitespaceName ReturnsNameError(name: "") [45 ms]
  Passed Validate EmptyName ReturnsNameError [45 ms]
  Passed FromValue ReturnsFailedResultWhenValueIsNull [< 1 ms]
  Passed Validate MissingTitle ReturnsError [< 1 ms]
  Passed Validate EmptyObjectId ReturnsError [< 1 ms]
  Passed Validate EmptyTitle ReturnsError [1 ms]
  Passed Validate EmptyOrWhitespaceName ReturnsNameError(name: "   ") [< 1 ms]
  Passed Validate EmptyId ReturnsIdError [< 1 ms]
  Passed GenericOk CarriesValue [< 1 ms]
  Passed ToDto UpdatedAt IsNullOnNewPost [< 1 ms]
  Passed Validate EmptyId FailsValidation [46 ms]
  Passed ImplicitConversions WorkForGenericResult [< 1 ms]
  Passed Validate EmptyId FailsValidation [46 ms]
  Passed Validate EmptyTitle FailsValidation(title: null) [46 ms]
  Passed Validate DescriptionAtMaxLength ReturnsNoErrors [< 1 ms]
  Passed Validate TitleAtMaxLength ReturnsNoErrors [< 1 ms]
  Passed GenericFail CreatesFailedResultWithCode [< 1 ms]
  Passed Validate TitleExceedsMaxLength ReturnsError [1 ms]
  Passed Validate EmptyTitle FailsValidation(title: "") [< 1 ms]
  Passed Validate DescriptionExceedsMaxLength ReturnsDescriptionError [1 ms]
  Passed Validate EmptyTitle FailsValidation(title: "") [< 1 ms]
  Passed Validate TitleAtMaxLength ReturnsNoErrors [< 1 ms]
  Passed Validate TitleExceedsMaxLength ReturnsError [< 1 ms]
  Passed Validate NameRequired ErrorMessageIsCorrect [< 1 ms]
  Passed Validate NullAuthor FailsValidation [< 1 ms]
  Passed Validate ValidCommand ReturnsNoErrors [< 1 ms]
  Passed ToDto UpdatedAt IsSetAfterUpdate [1 ms]
  Passed Fail CreatesFailedNonGenericResultWithCodeAndDetails [< 1 ms]
  Passed Validate EmptyTitle FailsValidation(title: null) [< 1 ms]
  Passed Validate ValidId PassesValidation [1 ms]
  Passed Validate ValidCommand ReturnsNoErrors [< 1 ms]
  Passed Validate AuthorWithEmptyName ReturnsError [< 1 ms]
  Passed Validate TitleExceedsMaxLength FailsValidation [< 1 ms]
  Passed Validate WhitespaceContent ReturnsError [< 1 ms]
  Passed Validate NullAuthor ReturnsError [< 1 ms]
  Passed Validate EmptyDescription ReturnsDescriptionError [< 1 ms]
  Passed Validate EmptyContent FailsValidation(content: "") [< 1 ms]
  Passed Validate TitleExceedsMaxLength FailsValidation [< 1 ms]
  Passed Validate EmptyContent FailsValidation(content: null) [< 1 ms]
  Passed Validate NameExceedsMaxLength ReturnsNameError [< 1 ms]
  Passed Validate WhitespaceContent ReturnsError [< 1 ms]
  Passed Validate ValidCommand PassesValidation [< 1 ms]
  Passed Validate NameExceedsMaxLength ReturnsNameError [< 1 ms]
  Passed ToDto AssignedCategory PreservesObjectIdRelationship [1 ms]
  Passed Validate NameAtMaxLength ReturnsNoErrors [< 1 ms]
  Passed Validate EmptyContent FailsValidation(content: "") [< 1 ms]
  Passed Validate AuthorWithEmptyName FailsValidation [< 1 ms]
  Passed Validate WhitespaceTitle ReturnsError [< 1 ms]
  Passed Validate EmptyContent FailsValidation(content: null) [< 1 ms]
  Passed Validate ValidCommand PassesValidation [< 1 ms]
  Passed Validate BothFieldsEmpty ReturnsTwoErrors [1 ms]
  Passed Validate MultipleEmptyFields ReturnsMultipleErrors [3 ms]
  Passed Create WithNullAuthor ThrowsArgumentNullException [8 ms]
  Passed Validate DescriptionRequired ErrorMessageIsCorrect [< 1 ms]
  Passed Update ChangesTitle AndContent [< 1 ms]
  Passed Validate WhitespaceTitle ReturnsError [< 1 ms]
  Passed Validate DescriptionExceedsMaxLength ReturnsDescriptionError [< 1 ms]
  Passed Create WithEmptyAuthorName ThrowsArgumentException [< 1 ms]
  Passed UsesPlaceholderWebAppLogin ReturnsTrue ForMissingOrKnownPlaceholderValues(domain: "real-tenant.auth0.com", clientId: null) [< 1 ms]
  Passed Publish SetsIsPublished True [< 1 ms]
  Passed Validate EmptyId ReturnsError [< 1 ms]
  Passed Validate EmptyOrWhitespaceDescription ReturnsDescriptionError(description: "") [< 1 ms]
  Passed UsesPlaceholderWebAppLogin ReturnsTrue ForMissingOrKnownPlaceholderValues(domain: "TEST.AUTH0.COM", clientId: "TEST-CLIENT-ID") [< 1 ms]
  Passed UsesPlaceholderWebAppLogin ReturnsTrue ForMissingOrKnownPlaceholderValues(domain: "real-tenant.auth0.com", clientId: "TEST-CLIENT-ID") [< 1 ms]
  Passed UsesPlaceholderWebAppLogin ReturnsTrue ForMissingOrKnownPlaceholderValues(domain: "TEST.AUTH0.COM", clientId: "real-client-id") [< 1 ms]
  Passed UsesPlaceholderWebAppLogin ReturnsTrue ForMissingOrKnownPlaceholderValues(domain: "real-tenant.auth0.com", clientId: "") [< 1 ms]
  Passed UsesPlaceholderWebAppLogin ReturnsTrue ForMissingOrKnownPlaceholderValues(domain: "real-tenant.auth0.com", clientId: "test-client-id") [< 1 ms]
  Passed UsesPlaceholderWebAppLogin ReturnsTrue ForMissingOrKnownPlaceholderValues(domain: "test.auth0.com", clientId: "test-client-id") [< 1 ms]
  Passed Create WithBlankTitleOrContent ThrowsArgumentException(title: "title", content: "") [< 1 ms]
  Passed UsesPlaceholderWebAppLogin ReturnsTrue ForMissingOrKnownPlaceholderValues(domain: null, clientId: "real-client-id") [< 1 ms]
  Passed Validate EmptyOrWhitespaceDescription ReturnsDescriptionError(description: "   ") [< 1 ms]
  Passed UsesPlaceholderWebAppLogin ReturnsTrue ForMissingOrKnownPlaceholderValues(domain: "test.auth0.com", clientId: "real-client-id") [< 1 ms]
  Passed Validate EmptyContent ReturnsError [< 1 ms]
  Passed UsesPlaceholderWebAppLogin ReturnsTrue ForMissingOrKnownPlaceholderValues(domain: "", clientId: "real-client-id") [< 1 ms]
  Passed Validate EmptyObjectId ReturnsIdError [2 ms]
  Passed ShouldUseLocalTestLogin WithClientSecret ReturnsExpectedValue(isTestingEnvironment: False, domain: "tenant.auth0.com", clientId: "client-id", clientSecret: null, expected: False) [< 1 ms]
  Passed Create WithBlankTitleOrContent ThrowsArgumentException(title: "", content: "content") [< 1 ms]
  Passed Validate ValidId ReturnsNoErrors [< 1 ms]
  Passed ShouldUseLocalTestLogin WithClientSecret ReturnsExpectedValue(isTestingEnvironment: True, domain: "test.auth0.com", clientId: "test-client-id", clientSecret: "test-client-secret", expected: True) [< 1 ms]
  Passed ShouldUseLocalTestLogin WithClientSecret ReturnsExpectedValue(isTestingEnvironment: True, domain: "tenant.auth0.com", clientId: "client-id", clientSecret: "client-secret", expected: False) [< 1 ms]
  Passed ShouldUseLocalTestLogin WithClientSecret ReturnsExpectedValue(isTestingEnvironment: False, domain: "test.auth0.com", clientId: "test-client-id", clientSecret: "test-client-secret", expected: False) [< 1 ms]
  Passed ShouldUseLocalTestLogin WithClientSecret ReturnsExpectedValue(isTestingEnvironment: True, domain: "tenant.auth0.com", clientId: "client-id", clientSecret: null, expected: True) [< 1 ms]
  Passed Unpublish SetsIsPublished False [< 1 ms]
  Passed ShouldUseLocalTestLogin WithClientSecret ReturnsExpectedValue(isTestingEnvironment: True, domain: "TEST.AUTH0.COM", clientId: "TEST-CLIENT-ID", clientSecret: "test-client-secret", expected: True) [< 1 ms]
  Passed Validate EmptyObjectId ReturnsRequiredMessage [< 1 ms]
  Passed UsesPlaceholderWebAppLogin WithClientSecret ReturnsTrue ForMissingOrKnownPlaceholderValues(domain: "real-tenant.auth0.com", clientId: "real-client-id", clientSecret: "") [< 1 ms]
  Passed UsesPlaceholderWebAppLogin WithClientSecret ReturnsTrue ForMissingOrKnownPlaceholderValues(domain: "real-tenant.auth0.com", clientId: "real-client-id", clientSecret: "test-client-secret") [< 1 ms]
  Passed UsesPlaceholderWebAppLogin WithClientSecret ReturnsTrue ForMissingOrKnownPlaceholderValues(domain: "real-tenant.auth0.com", clientId: "TEST-CLIENT-ID", clientSecret: "real-client-secret") [< 1 ms]
  Passed UsesPlaceholderWebAppLogin WithClientSecret ReturnsTrue ForMissingOrKnownPlaceholderValues(domain: "", clientId: "real-client-id", clientSecret: "real-client-secret") [< 1 ms]
  Passed UsesPlaceholderWebAppLogin WithClientSecret ReturnsTrue ForMissingOrKnownPlaceholderValues(domain: "real-tenant.auth0.com", clientId: "test-client-id", clientSecret: "real-client-secret") [< 1 ms]
  Passed UsesPlaceholderWebAppLogin WithClientSecret ReturnsTrue ForMissingOrKnownPlaceholderValues(domain: "real-tenant.auth0.com", clientId: null, clientSecret: "real-client-secret") [< 1 ms]
  Passed UsesPlaceholderWebAppLogin WithClientSecret ReturnsTrue ForMissingOrKnownPlaceholderValues(domain: "real-tenant.auth0.com", clientId: "", clientSecret: "real-client-secret") [< 1 ms]
  Passed UsesPlaceholderWebAppLogin WithClientSecret ReturnsTrue ForMissingOrKnownPlaceholderValues(domain: "real-tenant.auth0.com", clientId: "real-client-id", clientSecret: null) [< 1 ms]
  Passed UsesPlaceholderWebAppLogin WithClientSecret ReturnsTrue ForMissingOrKnownPlaceholderValues(domain: "TEST.AUTH0.COM", clientId: "real-client-id", clientSecret: "real-client-secret") [< 1 ms]
  Passed UsesPlaceholderWebAppLogin WithClientSecret ReturnsTrue ForMissingOrKnownPlaceholderValues(domain: null, clientId: "real-client-id", clientSecret: "real-client-secret") [< 1 ms]
  Passed UsesPlaceholderWebAppLogin WithClientSecret ReturnsTrue ForMissingOrKnownPlaceholderValues(domain: "test.auth0.com", clientId: "real-client-id", clientSecret: "real-client-secret") [< 1 ms]
  Passed UsesPlaceholderWebAppLogin WithClientSecret ReturnsFalse ForRealAuth0Settings(domain: "tenant.auth0.com", clientId: "client-id", clientSecret: "client-secret") [< 1 ms]
  Passed UsesPlaceholderWebAppLogin WithClientSecret ReturnsFalse ForRealAuth0Settings(domain: "TENANT.AUTH0.COM", clientId: "CLIENT-ID", clientSecret: "client-secret") [< 1 ms]
  Passed UsesPlaceholderWebAppLogin WithClientSecret ReturnsFalse ForRealAuth0Settings(domain: "tenant.auth0.com", clientId: "client-id", clientSecret: "TEST-CLIENT-SECRET") [< 1 ms]
  Passed GetRoles ReturnsRoles FromAuth0NamespacedClaim [16 ms]
  Passed ExpandRoleValues ReturnsEmpty WhenInputIsNullOrWhitespace(input: "") [1 ms]
  Passed ExpandRoleValues ReturnsEmpty WhenInputIsNullOrWhitespace(input: "   ") [< 1 ms]
  Passed ExpandRoleValues ReturnsEmpty WhenInputIsNullOrWhitespace(input: null) [< 1 ms]
  Passed GetRoles CollectsDistinctRolesAcrossMultipleClaimTypes [1 ms]
  Passed GetRoleClaimTypes ReturnsDefaults WhenConfigurationIsMissing [4 ms]
  Passed ToDto MapsAllFields Correctly [19 ms]
  Passed ToDto UnassignedCategory LeavesCategoryIdNull [< 1 ms]
  Passed ToDto IsPublished FalseAfterUnpublish [< 1 ms]
  Passed AddRoleClaims AddsExpandedRoleClaimsWithoutDuplicates [16 ms]
  Passed ExpandRoleValues ParsesSupportedFormats(input: "Admin", expected: ["Admin"]) [< 1 ms]
  Passed ExpandRoleValues ParsesSupportedFormats(input: "Admin,Author", expected: ["Admin", "Author"]) [< 1 ms]
  Passed ExpandRoleValues ParsesSupportedFormats(input: " [\"Admin\",\"Author\"] ", expected: ["Admin", "Author"]) [< 1 ms]
  Passed GetRoles IncludesNamespacedRoleClaims WhenRoleClaimTypeWasNotConfigured [< 1 ms]
  Passed GetRoles ReturnsEmpty WhenUserHasNoClaims [< 1 ms]
  Passed ExpandRoleValues ReturnsEmpty WhenJsonIsInvalid [1 ms]
  Passed GetRoles IgnoresNonRoleClaims WhenMixedClaimsPresent [1 ms]
  Passed GetRoleClaimTypes UsesConfiguredDistinctValues WhenPresent [6 ms]
  Passed AddRoleClaims InfersNamespacedRoleClaims WhenConfiguredTypesDoNotMatch [2 ms]
  Passed GetRoles ReturnsRoles FromStandardRoleClaim [< 1 ms]
  Passed Handle OperationCanceled Rethrows [127 ms]
  Passed Handle RepoThrowsInvalidOperation ReturnsFailResult [128 ms]
  Passed Handle UnexpectedException ReturnsGenericError [1 ms]
  Passed InvalidateRolesAsync RemovesBothCacheTiers [134 ms]
  Passed Handle DuplicateName ReturnsConflictFailResult [4 ms]
  Passed Handle OperationCanceled Rethrows [1 ms]
  Passed Handle ValidCommand PersistsAndReturnsNewId [5 ms]
  Passed Handle RepoThrows ReturnsFailResult [1 ms]
  Passed Handle IsPublishedTrue PersistsPublishedPost [150 ms]
  Passed Handle CategoryWithNoPosts DeletesAndReturnsSuccess [154 ms]
  Passed Handle OperationCanceled Rethrows [3 ms]
  Passed Handle OperationCanceled Rethrows [2 ms]
  Passed Handle InvalidRequest ErrorMessageContainsValidationDetails [102 ms]
  Passed Handle Success CreatesPostInvalidatesCacheAndReturnsObjectId [3 ms]
  Passed Handle CategoryNotFound ReturnsNotFoundFailResult [2 ms]
  Passed Handle UnexpectedException ReturnsUnexpectedErrorResult [1 ms]
  Passed Handle CategoryIdProvided PersistsAssignedCategory [1 ms]
  Passed Handle CategoryInUseByPosts ReturnsConflictFailResult [3 ms]
  Passed Handle RepoThrowsInvalidOperation ReturnsFailResult [166 ms]
  Passed Handle DefaultIsPublishedFalse PersistsUnpublishedPost [3 ms]
  Passed Handle RepoThrows ReturnsFailResult [1 ms]
  Passed Handle MultipleValidatorsOneInvalid ReturnsFail [9 ms]
  Passed Handle RepoThrows ReturnsFailResult [1 ms]
  Passed Handle NoValidators CallsNext [1 ms]
  Passed ThemeSelectorRendersWithoutError [288 ms]
  Passed NotFoundRendersNotFoundMessage [291 ms]
  Passed ThemeSelectorInsideThemeProviderReceivesCurrentColorViaCascade [298 ms]
  Passed ThemeSelectorContainsBrightnessToggleAndColorDropdown [5 ms]
  Passed ThemeProviderCallsMarkInitializedAfterFirstRender [310 ms]
  Passed Handle DuplicateNameOnDifferentCategory ReturnsConflictFailResult [116 ms]
  Passed Handle EmptyRepository ReturnsEmptyList [3 ms]
  Passed Handle Success DoesNotCallInvalidateById [1 ms]
  Passed Handle CategoryExists ReturnsDtoWithOriginalObjectId [34 ms]
  Passed GetOrFetchRolesAsync CorruptL2Bytes RemovesAndFallsThrough [36 ms]
  Passed HandleEdit IsPublishedTrue PublishesPost [173 ms]
  Passed Handle CategoryNotFound ReturnsSuccessWithNullValue [2 ms]
  Passed Handle CategoryNotFound ReturnsNotFoundFailResult [2 ms]
  Passed Handle Success DeletesAndInvalidatesBothCaches [174 ms]
  Passed Handle OperationCanceled Rethrows [3 ms]
  Passed Handle DeleteEmptyObjectId ReturnsValidationFailWithoutCallingNext [6 ms]
  Passed Handle OperationCanceled Rethrows [1 ms]
  Passed Handle UnexpectedException ReturnsGenericError [< 1 ms]
  Passed Handle ConcurrentDelete ReturnsConcurrencyErrorCode [3 ms]
  Passed HandleGetById UnexpectedException ReturnsUnexpectedErrorResult [3 ms]
  Passed HandleGetUsersWithRolesClientIdMissingReturnsFailResult [178 ms]
  Passed Handle L2CacheHit ReturnsCachedDataWithoutCallingRepo [124 ms]
  Passed Handle RepoThrows ReturnsFailResult [2 ms]
  Passed Handle EditInvalidRequest ReturnsValidationFailWithoutCallingNext [2 ms]
  Passed Handle UnexpectedException ReturnsUnexpectedErrorResult [1 ms]
  Passed HandleGetById L1CacheHit ReturnsCachedDtoWithoutRepo [1 ms]
  Passed GetOrFetchRolesAsync L2Hit DeserializesAndPopulatesL1 [8 ms]
  Passed Handle ValidCommand UpdatesAndReturnsSuccess [1 ms]
  Passed Handle DeleteValidRequest CallsNext [1 ms]
  Passed AddFileAsync WithAllowedImage WritesFileUnderUploadsAndReturnsStoredName [177 ms]
  Passed Handle OperationCanceled Rethrows [1 ms]
  Passed HandleGetById CacheMissRepoReturnsNull ReturnsOkWithNull [1 ms]
  Passed Handle ValidRequest CallsNext [1 ms]
  Passed Handle RepoThrows ReturnsFailResult [1 ms]
  Passed Handle DeleteNoValidators CallsNext [1 ms]
  Passed GetOrFetchUsersAsync L1Hit ReturnsCachedListWithoutDistributedCall [3 ms]
  Passed HandleEdit OperationCanceled Rethrows [16 ms]
  Passed Handle CacheMiss CallsRepoAndPopulatesBothCaches [21 ms]
  Passed HandleEdit IsPublishedFalse UnpublishesPost [2 ms]
  Passed Handle EditValidRequest CallsNext [3 ms]
  Passed HandleEdit ConcurrentUpdate ReturnsConcurrencyErrorCode [1 ms]
  Passed Handle RepoThrows ReturnsFailResult [1 ms]
  Passed GetOrFetchAllAsync L1Hit WithEmptyList RemovesStaleEntryAndFallsThroughToFetch [207 ms]
  Passed Handle UnexpectedException ReturnsUnexpectedErrorResult [1 ms]
  Passed HandleEdit UnexpectedException ReturnsUnexpectedErrorResult [1 ms]
  Passed Handle InvalidRequest ReturnsValidationFailWithoutCallingNext [2 ms]
  Passed GetOrFetchUsersAsync L2Hit DeserializesAndPopulatesL1 [8 ms]
  Passed Handle WithCategories ReturnsDtosThatPreserveObjectIds [32 ms]
  Passed HandleEdit ClearCategoryRequested RemovesCategoryBeforePersisting [2 ms]
  Passed GetOrFetchRolesAsync CacheMiss CallsFetchAndPopulatesBothTiers [5 ms]
  Passed HandleEdit CategoryIdProvided AssignsCategoryBeforePersisting [6 ms]
  Passed Handle L1CacheHit ReturnsCachedDataWithoutCallingRepo [10 ms]
  Passed Handle MultipleValidators AllAreExecuted [7 ms]
  Passed HandleEdit AdminCanEditAnyPost ReturnsSuccess [1 ms]
  Passed Handle OperationCanceled Rethrows [1 ms]
  Passed HandleEdit DifferentNonAdminUser ReturnsUnauthorized [2 ms]
  Passed Handle CacheServiceThrows ReturnsFailResult [1 ms]
  Passed GetOrFetchByIdAsync L2Hit DeserializesAndPopulatesL1 [15 ms]
  Passed InvalidateUsersAsync RemovesBothCacheTiers [4 ms]
  Passed ThemeProviderSetColorCallsSetColorJsWithNewColor [51 ms]
  Passed ThemeProviderCallsGetBrightnessOnAfterFirstRender [3 ms]
  Passed EditorRendersOnEditPage [389 ms]
  Passed EditPageDisposesWithoutException [397 ms]
  Passed EditorRendersOnCreatePage [8 ms]
  Passed CreatePageDisposesWithoutException [10 ms]
  Passed ColorDropdownChangeInsideThemeProviderUpdatesCurrentColorInCascade [108 ms]
  Passed ProfileIgnoresNonStringEntriesInJsonEmailsClaimAndUsesFirstStringEmail [412 ms]
  Passed GetOrFetchAllAsync FullMiss WithEmptyFetchResult DoesNotPopulateCache [2 ms]
  Passed GetOrFetchRolesAsync L1Hit ReturnsCachedListWithoutDistributedCall [5 ms]
  Passed GetOrFetchAllAsync L1Hit ReturnsCachedListWithoutDistributedCall [1 ms]
  Passed HandleEdit Success UpdatesPostAndInvalidatesBothCaches [6 ms]
  Passed GetOrFetchUsersAsync CacheMiss CallsFetchAndPopulatesBothTiers [2 ms]
  Passed HandleGetById CacheMissRepoReturnsPost MapsToDtoAndPopulatesCache [2 ms]
  Passed GetOrFetchAllAsync L2Hit WithEmptyList RemovesStaleEntryAndFallsThroughToFetch [3 ms]
  Passed InvalidateAllAsync RemovesBothCacheTiers [1 ms]
  Passed GetOrFetchUsersAsync CorruptL2Bytes RemovesAndFallsThrough [2 ms]
  Passed HandleGetById OperationCanceled Rethrows [2 ms]
  Passed HandleGetById CacheServiceThrows ReturnsFailResult [1 ms]
  Passed GetOrFetchAllAsync L2JsonCorrupt RemovesAndFallsThroughToFetch [3 ms]
  Passed GetOrFetchAllAsync FullMiss FetchesAndPopulatesBothTiers [2 ms]
  Passed HandleGetAvailableRolesBlankOrMissingAccessTokenReturnsExplicitFailure(tokenResponseJson: "{\"access_token\":\"   \"}") [66 ms]
  Passed ColorDropdownWhenChangedPropagatesAllSupportedColors(color: "red") [412 ms]
  Passed ThemeProviderRendersChildContentWithoutError [43 ms]
  Passed BrightnessToggleWhenClickedInvokesSetBrightnessWithDarkWhenCurrentlyLight [412 ms]
  Passed PageHeadingRendersRequestedHeadingLevel(level: "2", selector: "h2") [413 ms]
  Passed HandleEdit NotFound ReturnsFailResult [6 ms]
  Passed GetOrFetchAllAsync L2Hit DeserializesAndPopulatesL1 [1 ms]
  Passed HandleEdit AuthorCanEditOwnPost ReturnsSuccess [1 ms]
  Passed GetOrFetchByIdAsync FullMiss FetchesAndPopulatesBothTiers [2 ms]
  Passed HandleGetAvailableRolesBlankOrMissingAccessTokenReturnsExplicitFailure(tokenResponseJson: "{\"access_token\":\"\"}") [3 ms]
  Passed HandleGetAvailableRolesBlankOrMissingAccessTokenReturnsExplicitFailure(tokenResponseJson: "{}") [1 ms]
  Passed GetOrFetchByIdAsync L2JsonCorrupt RemovesAndFallsThroughToFetch [2 ms]
  Passed HandleGetUsersWithRolesClientSecretMissingReturnsFailResult [2 ms]
  Passed GetOrFetchByIdAsync L1Hit ReturnsCachedDtoWithoutDistributedCall [1 ms]
  Passed ColorDropdownWhenChangedPropagatesAllSupportedColors(color: "blue") [2 ms]
  Passed PageHeadingRendersRequestedHeadingLevel(level: "1", selector: "h1") [2 ms]
  Passed BrightnessToggleShowsMoonIconWhenBrightnessIsLight [3 ms]
  Passed EditEditorInitializesWithExistingPostContent [6 ms]
  Passed ThemeProviderSetBrightnessCallsSetBrightnessJsWithNewBrightness [4 ms]
  Passed ColorDropdownWhenChangedPropagatesAllSupportedColors(color: "yellow") [1 ms]
  Passed PageHeadingRendersRequestedHeadingLevel(level: "4", selector: "h4") [1 ms]
  Passed BrightnessToggleClickInsideThemeProviderUpdatesCurrentBrightnessInCascade [5 ms]
  Passed NavMenuLoadsThemeFromJsAndAllowsThemeInteraction [419 ms]
  Passed PageHeadingRendersRequestedHeadingLevel(level: "3", selector: "h3") [1 ms]
  Passed ColorDropdownWhenChangedPropagatesAllSupportedColors(color: "green") [1 ms]
  Passed BrightnessToggleWhenClickedInvokesSetBrightnessWithLightWhenCurrentlyDark [3 ms]
  Passed ProfileRendersIdentityDetailsRolesPictureAndClaims [7 ms]
  Passed ThemeProviderWhenJsThrowsDoesNotPropagateExceptionAndUsesDefaults [4 ms]
  Passed ColorDropdownShowsCurrentColorAsSelected [3 ms]
  Passed TextEditorRendersStandaloneWithLooseJsInteropWithoutThrow [7 ms]
  Passed ThemeProviderRendersWithoutErrorWhenNoChildContent [1 ms]
  Passed ProfileNonAdminRoleBadgeHasGreenColorClasses [3 ms]
  Passed HandleGetUsersWithRolesDomainMissingReturnsFailResult [1 ms]
  Passed GetOrFetchByIdAsync FetchReturnsNull ReturnsNull [1 ms]
  Passed InvalidateByIdAsync RemovesByKeyFromBothTiers [2 ms]
  Passed HandleRemoveRoleClientSecretMissingReturnsFailResult [2 ms]
  Passed HandleGetAvailableRolesClientIdMissingReturnsFailResult [1 ms]
  Passed HandleAssignRoleClientIdMissingReturnsFailResult [3 ms]
  Passed HandleRemoveRoleClientIdMissingReturnsFailResult [1 ms]
  Passed HandleGetAvailableRolesWhitespacePrimaryManagementKeysFallBackToLegacyConfig [5 ms]
  Passed HandleAssignRoleTokenEndpointFailsReturnsFailResult [5 ms]
  Passed BrightnessToggleClickInsideThemeProviderCallsSetBrightnessJs [5 ms]
  Passed BrightnessToggleHasAriaLabelForAccessibility [4 ms]
  Passed ColorDropdownRendersWithoutError [30 ms]
  Passed PageHeadingFallsBackToLevelOneWhenLevelIsUnsupported [34 ms]
  Passed AuthenticatedUserWithoutNameFallsBackToProfileLabel [36 ms]
  Passed BrightnessToggleShowsSunIconWhenBrightnessIsDark [2 ms]
  Passed ProfileUsesNamespacedEmailClaimTailWhenDirectEmailClaimsAreMissing [32 ms]
  Passed ColorDropdownHasAriaLabelForAccessibility [2 ms]
  Passed CreateEditorInitializesWithEmptyContent [32 ms]
  Passed CreatePostUsesPrimaryAndSecondaryButtonVariants [153 ms]
  Passed ThemeProviderCallsGetColorOnAfterFirstRender [35 ms]
  Passed BrightnessToggleRendersWithoutError [2 ms]
  Passed ProfileUsesFallbackValuesWhenOptionalClaimsAreMissing [3 ms]
  Passed PageHeadingDefaultsToLevelOneWhenLevelIsOmitted [7 ms]
  Passed ProfileUsesOpenIdEmailClaimWhenFrameworkMappedEmailClaimIsMissing [3 ms]
  Passed ColorDropdownChangeInsideThemeProviderCallsSetColorJs [39 ms]
  Passed ColorDropdownWhenChangedInvokesOnColorChangedWithNewColor [7 ms]
  Passed ThemeProviderLoadsColorFromJsAndExposesViaCascadingValue [4 ms]
  Passed CategoryIndex Submits EditCategoryCommand With Category ObjectId [468 ms]
  Passed UnauthenticatedUserSeesLoginAndNoProtectedLinks [9 ms]
  Passed EditAllowsSaveOfPublishedPostThatAlreadyHasCategoryEvenWhenCategoryListFails [469 ms]
  Passed HandleAssignRoleClientSecretMissingReturnsFailResult [2 ms]
  Passed HandleGetUsersWithRolesTokenEndpointFailsReturnsFailResult [2 ms]
  Passed HandleRemoveRoleDomainMissingReturnsFailResult [1 ms]
  Passed HandleGetUsersWithRolesDomainMissingReportsNestedFallbackKeyInErrorMessage [1 ms]
  Passed HandleGetAvailableRolesClientSecretMissingReturnsFailResult [3 ms]
  Passed HandleGetAvailableRolesPrimaryManagementKeysUsePrimaryConfigAndConfiguredAudience [3 ms]
  Passed HandleAssignRoleDomainMissingReturnsFailResult [1 ms]
  Passed HandleGetAvailableRolesDomainMissingReturnsFailResult [2 ms]
  Passed HandleGetAvailableRolesNestedAuth0ManagementKeysFallBackToNestedConfig [3 ms]
  Passed ThemeProviderWhenGetBrightnessThrowsDoesNotPropagateExceptionAndUsesDefault [1 ms]
  Passed ProfileAdminHeaderBadgeHasRedBackgroundClass [4 ms]
  Passed ThemeSelectorInsideThemeProviderReceivesCurrentBrightnessViaCascade [4 ms]
  Passed ThemeProviderSetColorUpdatesCurrentColorAfterJsCall [2 ms]
  Passed ColorDropdownRendersAllFourColorOptions [4 ms]
  Passed AuthenticatedAdminUsesDisplayNameAsProfileLabelAndShowsAdminLinks [4 ms]
  Passed CreatePostRendersForm [13 ms]
  Passed ProfileAdminRoleBadgeHasRedColorClasses [3 ms]
  Passed ThemeProviderLoadsBrightnessFromJsAndExposesViaCascadingValue [2 ms]
  Passed ProfileUsesPreferredUsernameAsEmailFallbackWhenDirectEmailClaimsAreMissing [2 ms]
  Passed ThemeProviderSetBrightnessUpdatesCurrentBrightnessAfterJsCall [2 ms]
  Passed NavMenuBrandNavLinkPointsToRoot [5 ms]
  Passed EditPostShowsMarkdownContentLabel [5 ms]
  Passed CategoryIndex Submits DeleteCategoryCommand With Category ObjectId [46 ms]
  Passed EditClearsCategoryLoadFailureAfterRenavigationToPostWhoseCategoriesLoad [47 ms]
  Passed NavMenuRendersInsideHeaderElement [6 ms]
  Passed ManageRolesAssignButtonSendsCommandAndRefreshesUsers [13 ms]
  Passed CreatePostShowsMarkdownContentLabel [2 ms]
  Passed CreatePost SubmittingDraftWithPlaceholderCategory TreatsSelectionAsNoCategory [18 ms]
  Passed EditPostUsesPrimaryAndSecondaryButtonVariants [4 ms]
  Passed EditShowsErrorWhenServerReturnsUnauthorized [539 ms]
  Passed EditBlocksPublishWhenCategoryIdIsNullAndCategoryListFailed [22 ms]
  Passed ManageRolesShowsDismissibleErrorWhenUsersCannotLoad [2 ms]
  Passed EditAllowsAdminToEditAnyPost [2 ms]
  Passed EditPost ClearingCategory Submits CommandThatRemovesCategoryAssociation [6 ms]
  Passed EditPostSubmitsAndNavigatesToBlogWhenSaveSucceeds [4 ms]
  Passed EditClearsStaleContentOnErrorAfterSuccessfulLoad [3 ms]
  Passed EditPost Submits SelectedCategoryString As ObjectId CommandValue [6 ms]
  Passed EditClearsStaleContentOnNullAfterSuccessfulLoad [3 ms]
  Passed BlogIndexUsesPrimaryAndSecondaryButtonVariantsForAuthorActions [5 ms]
  Passed EditAllowsAccessWhenAuthorIsPostOwner [2 ms]
  Passed EditRedirectsToBlogWhenPostNotFound [7 ms]
  Passed EditPostLoadsExistingPost [8 ms]
  Passed EditRedirectsToBlogWhenAuthorIsNotPostOwner [3 ms]
  Passed CreatePost PublishingWithPlaceholderCategory ShowsValidationInsteadOfThrowing [15 ms]
  Passed BlogIndexConfirmDeleteSendsDeleteCommandAndRefreshesList [8 ms]
  Passed EditShowsNewPostContentAfterParameterChange [5 ms]
  Passed ManageRolesShowsLoadingMessageWhileQueriesArePending [4 ms]
  Passed CreatePost Submits SelectedCategoryString As ObjectId CommandValue [10 ms]
  Passed ConfirmDeleteDialogShowsDialogWhenVisible [2 ms]
  Passed CreatePostSubmitsAndNavigatesToBlogWhenCommandSucceeds [6 ms]
  Passed BlogIndexRendersPostsForAuthorizedUserAndCanOpenDeleteDialog [3 ms]
  Passed HomeRendersWelcomeMessage [1 ms]
  Passed RedirectToLoginNavigatesToLoginWithReturnUrl [1 ms]
  Passed ConfirmDeleteDialogUsesDestructiveAndSecondaryButtonVariants [2 ms]
  Passed BlogIndexShowsDismissibleErrorWhenInitialLoadFails [2 ms]
  Passed ManageRolesRemoveButtonSendsCommandAndRefreshesUsers [5 ms]
  Passed CreatePostShowsDismissibleErrorWhenCommandFails [6 ms]
  Passed BlogIndexShowsEmptyStateWhenNoPostsExist [2 ms]
  Passed BlogIndexShowsConcurrencyWarningWhenDeleteFailsWithConcurrency [3 ms]
  Passed ManageRolesRendersUsersAndAvailableRoles [3 ms]
  Passed ErrorUsesCascadingHttpContextTraceIdentifier [7 ms]
  Passed BlogIndexUsesBtnDestructiveForInlineDeleteButton [2 ms]
[xUnit.net 00:00:01.27]   Finished:    Web.Tests.Bunit (ID = '8002055937e7687b4fdb73d33f75ead264e063a790e683765197c8f5b29aad1a')
[xUnit.net 00:00:01.27]   Finished:    Web.Tests (ID = 'e8b74d5277c13bcaf909a3ae521b9fe3e7c216e50c21bac94d98a6f171d34b8b')
  Passed EditPostShowsConcurrencyMessageWhenSaveFailsWithConcurrency [7 ms]
  Passed MainLayoutRendersMainContentTargetAndFooter [5 ms]
  Passed ManageRolesSortsAvailableRolesCaseInsensitively [2 ms]

Test Run Successful.
Total tests: 112
     Passed: 112
 Total time: 1.6511 Seconds
  Passed HandleGetAvailableRolesTokenEndpointFailsReturnsFailResult [1 ms]
  Passed HandleRemoveRoleTokenEndpointFailsReturnsFailResult [1 ms]
  Passed RealSanitizer ScriptTagsRemoved ReturnsCleanContent [498 ms]
  Passed RealSanitizer JavaScriptEventHandlerAttributes AreStripped [14 ms]
  Passed CreateHandle SanitizationChangesContent StoresCleanContent [1 ms]
  Passed CreateHandle ContentEmptyAfterSanitization ReturnsFailWithMessage [1 ms]
  Passed EditHandle SanitizationChangesContent StoresCleanContent [1 ms]
  Passed RealSanitizer SafeHtmlTags ArePreserved [3 ms]
  Passed EditHandle ContentEmptyAfterSanitization ReturnsFailWithMessage [1 ms]

Test Run Successful.
Total tests: 261
     Passed: 261
 Total time: 1.6784 Seconds
  Passed GetOrFetchByIdAsync populates Redis on cache miss [235 ms]
  Passed GetOrFetchAllAsync populates Redis on cache miss [55 ms]
  Passed InvalidateAllAsync removes all entries from Redis [7 ms]
  Passed GetByIdAsync returns post when found [695 ms]
  Passed UpdateAsync persists category assignment changes [127 ms]
  Passed CategoryHandlers Block Delete When Real BlogPost References Category ObjectId [865 ms]
  Passed GetByIdAsync ReturnsCategoryWhenFound [118 ms]
  Passed UpdateAsync modifies post in MongoDB [151 ms]
  Passed UpdateAsync throws when version conflicts with concurrent update [147 ms]
  Passed DeleteAsync RemovesCategoryFromMongoDB [166 ms]
  Passed GetByIdAsync ReturnsNullWhenNotFound [15 ms]
  Passed GetAllAsync returns empty when no posts exist [16 ms]
  Passed ExistsByNameAsync ReturnsFalseWhenNameNotFound [15 ms]
  Passed GetByIdAsync returns null when not found [16 ms]
  Passed GetAllAsync ReturnsOrderedAlphabeticallyByName [124 ms]
  Passed GetAllAsync returns posts ordered by newest first [150 ms]
  Passed DeleteAsync RemovesOnlyCategoryMatchingObjectId [131 ms]
  Passed DeleteAsync removes post from MongoDB [155 ms]
  Passed DeleteAsync does nothing when post not found [17 ms]
  Passed ExistsByNameExcludingAsync ReturnsFalseWhenOnlyMatchIsExcludedCategory [87 ms]
  Passed GetAllAsync ReturnsEmptyWhenNoCategories [15 ms]
  Passed AddAsync persists post to MongoDB [108 ms]
  Passed AddAsync PersistsCategoryToMongoDB [99 ms]
  Passed GetByIdAsync ReturnsNullForDifferentObjectIdWhenRepositoryContainsCategories [107 ms]
  Passed BlogPostHandlers RoundTrip ObjectIds Through Real Mongo Workflow [224 ms]
  Passed UpdateAsync ModifiesCategoryInMongoDB [109 ms]
  Passed DeleteAsync DoesNothingWhenCategoryNotFound [18 ms]
  Passed ExistsByNameAsync ReturnsTrueWhenNameExists [95 ms]
  Passed ExistsByNameExcludingAsync ReturnsTrueWhenAnotherCategoryHasSameName [109 ms]
[xUnit.net 00:00:10.83]   Finished:    Web.Tests.Integration (ID = 'b208f570711d20b94afc044d7a5d5730b12382ff2e57295499a8486ebebbff3c')
  Passed ExistsByNameAsync IsCaseInsensitiveToTrimming [129 ms]
  Passed UpdateAsync OnlyChangesCategoryMatchingObjectId [135 ms]
  Passed ExistsByCategoryAsync ReturnsFalseWhenNoCategoryAssigned [98 ms]
  Passed ExistsByCategoryAsync ReturnsFalseAfterCategoryRemoved [103 ms]
  Passed ExistsByCategoryAsync ReturnsTrueWhenPostAssignedToCategory [102 ms]
  Passed ExistsByCategoryAsync ReturnsFalseWhenRepositoryEmpty [14 ms]
  Passed ExistsByCategoryAsync ReturnsFalseForDifferentAssignedCategory [99 ms]

Test Run Successful.
Total tests: 36
     Passed: 36
 Total time: 11.2526 Seconds
[xUnit.net 00:00:21.44]     ShowMyBlogStats Concurrent Invocations Allow Only One Run [FAIL]
[xUnit.net 00:00:21.44]       Collection fixture type 'AppHost.Tests.Infrastructure.ClearCommandAppFixture' threw in InitializeAsync
[xUnit.net 00:00:21.44]       ---- Polly.Timeout.TimeoutRejectedException : The operation didn't complete within the allowed timeout of '00:00:20'.
[xUnit.net 00:00:21.44]       -------- System.OperationCanceledException : The operation was canceled.
[xUnit.net 00:00:21.44]       Stack Trace:
[xUnit.net 00:00:21.44]         
[xUnit.net 00:00:21.44]         ----- Inner Stack Trace -----
[xUnit.net 00:00:21.44]            at Polly.Utils.ExceptionUtilities.TrySetStackTrace[T](T exception)
[xUnit.net 00:00:21.44]            at Polly.Timeout.TimeoutResilienceStrategy.ExecuteCore[TResult,TState](Func`3 callback, ResilienceContext context, TState state)
[xUnit.net 00:00:21.44]            at System.Runtime.CompilerServices.AsyncTaskMethodBuilder`1.AsyncStateMachineBox`1.ExecutionContextCallback(Object s)
[xUnit.net 00:00:21.44]            at System.Threading.ExecutionContext.RunInternal(ExecutionContext executionContext, ContextCallback callback, Object state)
[xUnit.net 00:00:21.44]            at System.Runtime.CompilerServices.AsyncTaskMethodBuilder`1.AsyncStateMachineBox`1.MoveNext(Thread threadPoolThread)
[xUnit.net 00:00:21.44]            at System.Runtime.CompilerServices.AsyncTaskMethodBuilder`1.AsyncStateMachineBox`1.MoveNext()
[xUnit.net 00:00:21.44]            at System.Threading.Tasks.AwaitTaskContinuation.RunOrScheduleAction(IAsyncStateMachineBox box, Boolean allowInlining)
[xUnit.net 00:00:21.44]            at System.Threading.Tasks.Task.RunContinuations(Object continuationObject)
[xUnit.net 00:00:21.44]            at System.Threading.Tasks.Task`1.TrySetResult(TResult result)
[xUnit.net 00:00:21.44]            at System.Runtime.CompilerServices.AsyncTaskMethodBuilder`1.SetExistingTaskResult(Task`1 task, TResult result)
[xUnit.net 00:00:21.44]            at System.Runtime.CompilerServices.AsyncValueTaskMethodBuilder`1.SetResult(TResult result)
[xUnit.net 00:00:21.44]            at Polly.Utils.Pipeline.BridgeComponent`1.<ExecuteCore>g__ConvertValueTaskAsync|4_0[TResult,TState](ValueTask`1 valueTask, ResilienceContext resilienceContext)
[xUnit.net 00:00:21.44]            at System.Runtime.CompilerServices.AsyncTaskMethodBuilder`1.AsyncStateMachineBox`1.ExecutionContextCallback(Object s)
[xUnit.net 00:00:21.44]            at System.Threading.ExecutionContext.RunInternal(ExecutionContext executionContext, ContextCallback callback, Object state)
[xUnit.net 00:00:21.44]            at System.Runtime.CompilerServices.AsyncTaskMethodBuilder`1.AsyncStateMachineBox`1.MoveNext(Thread threadPoolThread)
[xUnit.net 00:00:21.44]            at System.Runtime.CompilerServices.AsyncTaskMethodBuilder`1.AsyncStateMachineBox`1.MoveNext()
[xUnit.net 00:00:21.44]            at System.Threading.Tasks.AwaitTaskContinuation.RunOrScheduleAction(IAsyncStateMachineBox box, Boolean allowInlining)
[xUnit.net 00:00:21.44]            at System.Threading.Tasks.Task.RunContinuations(Object continuationObject)
[xUnit.net 00:00:21.44]            at System.Threading.Tasks.Task`1.TrySetResult(TResult result)
[xUnit.net 00:00:21.44]            at System.Runtime.CompilerServices.AsyncTaskMethodBuilder`1.SetExistingTaskResult(Task`1 task, TResult result)
[xUnit.net 00:00:21.44]            at System.Runtime.CompilerServices.AsyncValueTaskMethodBuilder`1.SetResult(TResult result)
[xUnit.net 00:00:21.44]            at Polly.Retry.RetryResilienceStrategy`1.ExecuteCore[TState](Func`3 callback, ResilienceContext context, TState state)
[xUnit.net 00:00:21.44]            at System.Runtime.CompilerServices.AsyncTaskMethodBuilder`1.AsyncStateMachineBox`1.ExecutionContextCallback(Object s)
[xUnit.net 00:00:21.44]            at System.Threading.ExecutionContext.RunInternal(ExecutionContext executionContext, ContextCallback callback, Object state)
[xUnit.net 00:00:21.44]            at System.Runtime.CompilerServices.AsyncTaskMethodBuilder`1.AsyncStateMachineBox`1.MoveNext(Thread threadPoolThread)
[xUnit.net 00:00:21.44]            at System.Runtime.CompilerServices.AsyncTaskMethodBuilder`1.AsyncStateMachineBox`1.MoveNext()
[xUnit.net 00:00:21.44]            at System.Threading.Tasks.AwaitTaskContinuation.RunOrScheduleAction(IAsyncStateMachineBox box, Boolean allowInlining)
[xUnit.net 00:00:21.44]            at System.Threading.Tasks.Task.RunContinuations(Object continuationObject)
[xUnit.net 00:00:21.44]            at System.Threading.Tasks.Task`1.TrySetResult(TResult result)
[xUnit.net 00:00:21.44]            at System.Runtime.CompilerServices.AsyncTaskMethodBuilder`1.SetExistingTaskResult(Task`1 task, TResult result)
[xUnit.net 00:00:21.44]            at System.Runtime.CompilerServices.AsyncValueTaskMethodBuilder`1.SetResult(TResult result)
[xUnit.net 00:00:21.44]            at Polly.Utils.Pipeline.BridgeComponent`1.<>c__4`2.<<ExecuteCore>b__4_1>d.MoveNext()
[xUnit.net 00:00:21.44]            at System.Runtime.CompilerServices.AsyncTaskMethodBuilder`1.AsyncStateMachineBox`1.ExecutionContextCallback(Object s)
[xUnit.net 00:00:21.44]            at System.Threading.ExecutionContext.RunInternal(ExecutionContext executionContext, ContextCallback callback, Object state)
[xUnit.net 00:00:21.44]            at System.Runtime.CompilerServices.AsyncTaskMethodBuilder`1.AsyncStateMachineBox`1.MoveNext(Thread threadPoolThread)
[xUnit.net 00:00:21.44]            at System.Runtime.CompilerServices.AsyncTaskMethodBuilder`1.AsyncStateMachineBox`1.MoveNext()
[xUnit.net 00:00:21.44]            at System.Threading.Tasks.AwaitTaskContinuation.RunOrScheduleAction(IAsyncStateMachineBox box, Boolean allowInlining)
[xUnit.net 00:00:21.44]            at System.Threading.Tasks.Task.RunContinuations(Object continuationObject)
[xUnit.net 00:00:21.44]            at System.Threading.Tasks.Task`1.TrySetResult(TResult result)
[xUnit.net 00:00:21.44]            at System.Runtime.CompilerServices.AsyncTaskMethodBuilder`1.SetExistingTaskResult(Task`1 task, TResult result)
[xUnit.net 00:00:21.44]            at System.Runtime.CompilerServices.AsyncValueTaskMethodBuilder`1.SetResult(TResult result)
[xUnit.net 00:00:21.44]            at Polly.ResiliencePipeline.<>c__10`1.<<ExecuteAsync>b__10_0>d.MoveNext()
[xUnit.net 00:00:21.44]            at System.Runtime.CompilerServices.AsyncTaskMethodBuilder`1.AsyncStateMachineBox`1.ExecutionContextCallback(Object s)
[xUnit.net 00:00:21.44]            at System.Threading.ExecutionContext.RunInternal(ExecutionContext executionContext, ContextCallback callback, Object state)
[xUnit.net 00:00:21.44]            at System.Runtime.CompilerServices.AsyncTaskMethodBuilder`1.AsyncStateMachineBox`1.MoveNext(Thread threadPoolThread)
[xUnit.net 00:00:21.44]            at System.Runtime.CompilerServices.AsyncTaskMethodBuilder`1.AsyncStateMachineBox`1.MoveNext()
[xUnit.net 00:00:21.44]            at System.Threading.Tasks.AwaitTaskContinuation.RunOrScheduleAction(IAsyncStateMachineBox box, Boolean allowInlining)
[xUnit.net 00:00:21.44]            at System.Threading.Tasks.Task.RunContinuations(Object continuationObject)
[xUnit.net 00:00:21.44]            at System.Threading.Tasks.Task.TrySetCanceled(CancellationToken tokenToRecord, Object cancellationException)
[xUnit.net 00:00:21.44]            at System.Runtime.CompilerServices.AsyncTaskMethodBuilder`1.SetException(Exception exception, Task`1& taskField)
[xUnit.net 00:00:21.44]         /_/src/Aspire.Hosting/Dcp/KubernetesService.cs(485,0): at Aspire.Hosting.Dcp.KubernetesService.<>c__DisplayClass29_0`1.<<ExecuteWithRetry>b__1>d.MoveNext()
[xUnit.net 00:00:21.44]            at System.Runtime.CompilerServices.AsyncTaskMethodBuilder`1.AsyncStateMachineBox`1.ExecutionContextCallback(Object s)
[xUnit.net 00:00:21.44]            at System.Threading.ExecutionContext.RunInternal(ExecutionContext executionContext, ContextCallback callback, Object state)
[xUnit.net 00:00:21.44]            at System.Runtime.CompilerServices.AsyncTaskMethodBuilder`1.AsyncStateMachineBox`1.MoveNext(Thread threadPoolThread)
[xUnit.net 00:00:21.44]            at System.Runtime.CompilerServices.AsyncTaskMethodBuilder`1.AsyncStateMachineBox`1.MoveNext()
[xUnit.net 00:00:21.44]            at System.Threading.Tasks.AwaitTaskContinuation.RunOrScheduleAction(IAsyncStateMachineBox box, Boolean allowInlining)
[xUnit.net 00:00:21.44]            at System.Threading.Tasks.Task.RunContinuations(Object continuationObject)
[xUnit.net 00:00:21.44]            at System.Threading.Tasks.Task.TrySetCanceled(CancellationToken tokenToRecord, Object cancellationException)
[xUnit.net 00:00:21.44]            at System.Runtime.CompilerServices.AsyncTaskMethodBuilder`1.SetException(Exception exception, Task`1& taskField)
[xUnit.net 00:00:21.44]            at System.Runtime.CompilerServices.AsyncTaskMethodBuilder`1.SetException(Exception exception)
[xUnit.net 00:00:21.44]         /_/src/Aspire.Hosting/Dcp/KubernetesService.cs(579,0): at Aspire.Hosting.Dcp.KubernetesService.EnsureKubernetesAsync(CancellationToken cancellationToken)
[xUnit.net 00:00:21.44]            at System.Runtime.CompilerServices.AsyncTaskMethodBuilder`1.AsyncStateMachineBox`1.ExecutionContextCallback(Object s)
[xUnit.net 00:00:21.44]            at System.Threading.ExecutionContext.RunInternal(ExecutionContext executionContext, ContextCallback callback, Object state)
[xUnit.net 00:00:21.44]            at System.Runtime.CompilerServices.AsyncTaskMethodBuilder`1.AsyncStateMachineBox`1.MoveNext(Thread threadPoolThread)
[xUnit.net 00:00:21.44]            at System.Runtime.CompilerServices.AsyncTaskMethodBuilder`1.AsyncStateMachineBox`1.MoveNext()
[xUnit.net 00:00:21.44]            at System.Threading.Tasks.AwaitTaskContinuation.RunOrScheduleAction(IAsyncStateMachineBox box, Boolean allowInlining)
[xUnit.net 00:00:21.44]            at System.Threading.Tasks.Task.RunContinuations(Object continuationObject)
[xUnit.net 00:00:21.44]            at System.Threading.Tasks.Task.TrySetCanceled(CancellationToken tokenToRecord, Object cancellationException)
[xUnit.net 00:00:21.44]            at System.Runtime.CompilerServices.AsyncTaskMethodBuilder`1.SetException(Exception exception, Task`1& taskField)
[xUnit.net 00:00:21.44]            at System.Threading.SemaphoreSlim.WaitUntilCountOrTimeoutAsync(TaskNode asyncWaiter, Int64 millisecondsTimeout, CancellationToken cancellationToken)
[xUnit.net 00:00:21.44]            at System.Threading.ExecutionContext.RunFromThreadPoolDispatchLoop(Thread threadPoolThread, ExecutionContext executionContext, ContextCallback callback, Object state)
[xUnit.net 00:00:21.44]            at System.Runtime.CompilerServices.AsyncTaskMethodBuilder`1.AsyncStateMachineBox`1.MoveNext(Thread threadPoolThread)
[xUnit.net 00:00:21.44]            at System.Threading.ThreadPoolWorkQueue.Dispatch()
[xUnit.net 00:00:21.44]            at System.Threading.PortableThreadPool.WorkerThread.WorkerThreadStart()
[xUnit.net 00:00:21.44]            at System.Threading.Thread.StartCallback()
[xUnit.net 00:00:21.44]         --- End of stack trace from previous location ---
[xUnit.net 00:00:21.44]            at Polly.Outcome`1.GetResultOrRethrow()
[xUnit.net 00:00:21.44]            at Polly.ResiliencePipeline.ExecuteAsync[TResult](Func`2 callback, CancellationToken cancellationToken)
[xUnit.net 00:00:21.44]         /_/src/Aspire.Hosting/Dcp/KubernetesService.cs(481,0): at Aspire.Hosting.Dcp.KubernetesService.ExecuteWithRetry[TResult](DcpApiOperationType operationType, String resourceType, Func`2 operation, Func`2 isRetryable, CancellationToken cancellationToken)
[xUnit.net 00:00:21.44]         /_/src/Aspire.Hosting/Dcp/DcpExecutor.cs(612,0): at Aspire.Hosting.Dcp.DcpExecutor.<>c__DisplayClass46_1`1.<<CreateDcpObjectsAsync>b__0>d.MoveNext()
[xUnit.net 00:00:21.44]         --- End of stack trace from previous location ---
[xUnit.net 00:00:21.44]         /_/src/Aspire.Hosting/Dcp/DcpExecutor.cs(615,0): at Aspire.Hosting.Dcp.DcpExecutor.CreateDcpObjectsAsync[RT](IEnumerable`1 objects, CancellationToken cancellationToken)
[xUnit.net 00:00:21.44]         /_/src/Aspire.Hosting/Dcp/DcpExecutor.cs(227,0): at Aspire.Hosting.Dcp.DcpExecutor.<>c__DisplayClass33_1.<<RunApplicationAsync>b__5>d.MoveNext()
[xUnit.net 00:00:21.44]         --- End of stack trace from previous location ---
[xUnit.net 00:00:21.44]         /_/src/Aspire.Hosting/Dcp/DcpExecutor.cs(244,0): at Aspire.Hosting.Dcp.DcpExecutor.RunApplicationAsync(CancellationToken ct)
[xUnit.net 00:00:21.44]         /_/src/Aspire.Hosting/Orchestrator/ApplicationOrchestrator.cs(555,0): at Aspire.Hosting.Orchestrator.ApplicationOrchestrator.RunApplicationAsync(CancellationToken cancellationToken)
[xUnit.net 00:00:21.44]         /_/src/Aspire.Hosting/Orchestrator/OrchestratorHostService.cs(41,0): at Aspire.Hosting.Orchestrator.OrchestratorHostService.StartAsync(CancellationToken cancellationToken)
[xUnit.net 00:00:21.44]            at Microsoft.Extensions.Hosting.Internal.Host.<StartAsync>b__14_1(IHostedService service, CancellationToken token)
[xUnit.net 00:00:21.44]            at Microsoft.Extensions.Hosting.Internal.Host.ForeachService[T](IEnumerable`1 services, CancellationToken token, Boolean concurrent, Boolean abortOnFirstException, List`1 exceptions, Func`3 operation)
[xUnit.net 00:00:21.44]            at Microsoft.Extensions.Hosting.Internal.Host.StartAsync(CancellationToken cancellationToken)
[xUnit.net 00:00:21.45]         /_/src/Aspire.Hosting.Testing/DistributedApplicationFactory.cs(598,0): at Aspire.Hosting.Testing.DistributedApplicationFactory.ObservedHost.StartAsync(CancellationToken cancellationToken)
[xUnit.net 00:00:21.45]         /_/src/Aspire.Hosting.Testing/DistributedApplicationFactory.cs(73,0): at Aspire.Hosting.Testing.DistributedApplicationFactory.StartAsync(CancellationToken cancellationToken)
[xUnit.net 00:00:21.45]         /_/src/Aspire.Hosting.Testing/DistributedApplicationTestingBuilder.cs(314,0): at Aspire.Hosting.Testing.DistributedApplicationTestingBuilder.SuspendingDistributedApplicationFactory.DelegatedHost.StartAsync(CancellationToken cancellationToken)
[xUnit.net 00:00:21.45]         /_/src/Aspire.Hosting.Testing/DistributedApplicationTestingBuilder.cs(289,0): at Aspire.Hosting.Testing.DistributedApplicationTestingBuilder.SuspendingDistributedApplicationFactory.DelegatedDistributedApplication.StartAsync(CancellationToken cancellationToken)
[xUnit.net 00:00:21.45]         /home/teqs/github/MyBlog/tests/AppHost.Tests/Infrastructure/ClearCommandAppFixture.cs(53,0): at AppHost.Tests.Infrastructure.ClearCommandAppFixture.InitializeAsync()
[xUnit.net 00:00:21.45]         ----- Inner Stack Trace -----
[xUnit.net 00:00:21.45]            at System.Threading.CancellationToken.ThrowOperationCanceledException()
[xUnit.net 00:00:21.45]            at System.Threading.SemaphoreSlim.WaitUntilCountOrTimeoutAsync(TaskNode asyncWaiter, Int64 millisecondsTimeout, CancellationToken cancellationToken)
[xUnit.net 00:00:21.45]         /_/src/Aspire.Hosting/Dcp/KubernetesService.cs(579,0): at Aspire.Hosting.Dcp.KubernetesService.EnsureKubernetesAsync(CancellationToken cancellationToken)
[xUnit.net 00:00:21.45]         /_/src/Aspire.Hosting/Dcp/KubernetesService.cs(485,0): at Aspire.Hosting.Dcp.KubernetesService.<>c__DisplayClass29_0`1.<<ExecuteWithRetry>b__1>d.MoveNext()
[xUnit.net 00:00:21.45]         --- End of stack trace from previous location ---
[xUnit.net 00:00:21.45]            at Polly.ResiliencePipeline.<>c__10`1.<<ExecuteAsync>b__10_0>d.MoveNext()
[xUnit.net 00:00:21.46]     ShowMyBlogStats Empty Database Returns No Collections Found [FAIL]
[xUnit.net 00:00:21.46]       Collection fixture type 'AppHost.Tests.Infrastructure.ClearCommandAppFixture' threw in InitializeAsync
[xUnit.net 00:00:21.46]       ---- Polly.Timeout.TimeoutRejectedException : The operation didn't complete within the allowed timeout of '00:00:20'.
[xUnit.net 00:00:21.46]       -------- System.OperationCanceledException : The operation was canceled.
[xUnit.net 00:00:21.46]       Stack Trace:
[xUnit.net 00:00:21.46]         
[xUnit.net 00:00:21.46]         ----- Inner Stack Trace -----
[xUnit.net 00:00:21.46]            at Polly.Utils.ExceptionUtilities.TrySetStackTrace[T](T exception)
[xUnit.net 00:00:21.46]            at Polly.Timeout.TimeoutResilienceStrategy.ExecuteCore[TResult,TState](Func`3 callback, ResilienceContext context, TState state)
[xUnit.net 00:00:21.46]            at System.Runtime.CompilerServices.AsyncTaskMethodBuilder`1.AsyncStateMachineBox`1.ExecutionContextCallback(Object s)
[xUnit.net 00:00:21.46]            at System.Threading.ExecutionContext.RunInternal(ExecutionContext executionContext, ContextCallback callback, Object state)
[xUnit.net 00:00:21.46]            at System.Runtime.CompilerServices.AsyncTaskMethodBuilder`1.AsyncStateMachineBox`1.MoveNext(Thread threadPoolThread)
[xUnit.net 00:00:21.46]            at System.Runtime.CompilerServices.AsyncTaskMethodBuilder`1.AsyncStateMachineBox`1.MoveNext()
[xUnit.net 00:00:21.46]            at System.Threading.Tasks.AwaitTaskContinuation.RunOrScheduleAction(IAsyncStateMachineBox box, Boolean allowInlining)
[xUnit.net 00:00:21.46]            at System.Threading.Tasks.Task.RunContinuations(Object continuationObject)
[xUnit.net 00:00:21.46]            at System.Threading.Tasks.Task`1.TrySetResult(TResult result)
[xUnit.net 00:00:21.46]            at System.Runtime.CompilerServices.AsyncTaskMethodBuilder`1.SetExistingTaskResult(Task`1 task, TResult result)
[xUnit.net 00:00:21.46]            at System.Runtime.CompilerServices.AsyncValueTaskMethodBuilder`1.SetResult(TResult result)
[xUnit.net 00:00:21.46]            at Polly.Utils.Pipeline.BridgeComponent`1.<ExecuteCore>g__ConvertValueTaskAsync|4_0[TResult,TState](ValueTask`1 valueTask, ResilienceContext resilienceContext)
[xUnit.net 00:00:21.46]            at System.Runtime.CompilerServices.AsyncTaskMethodBuilder`1.AsyncStateMachineBox`1.ExecutionContextCallback(Object s)
[xUnit.net 00:00:21.46]            at System.Threading.ExecutionContext.RunInternal(ExecutionContext executionContext, ContextCallback callback, Object state)
[xUnit.net 00:00:21.46]            at System.Runtime.CompilerServices.AsyncTaskMethodBuilder`1.AsyncStateMachineBox`1.MoveNext(Thread threadPoolThread)
[xUnit.net 00:00:21.46]            at System.Runtime.CompilerServices.AsyncTaskMethodBuilder`1.AsyncStateMachineBox`1.MoveNext()
[xUnit.net 00:00:21.46]            at System.Threading.Tasks.AwaitTaskContinuation.RunOrScheduleAction(IAsyncStateMachineBox box, Boolean allowInlining)
[xUnit.net 00:00:21.46]            at System.Threading.Tasks.Task.RunContinuations(Object continuationObject)
[xUnit.net 00:00:21.46]            at System.Threading.Tasks.Task`1.TrySetResult(TResult result)
[xUnit.net 00:00:21.46]            at System.Runtime.CompilerServices.AsyncTaskMethodBuilder`1.SetExistingTaskResult(Task`1 task, TResult result)
[xUnit.net 00:00:21.46]            at System.Runtime.CompilerServices.AsyncValueTaskMethodBuilder`1.SetResult(TResult result)
[xUnit.net 00:00:21.46]            at Polly.Retry.RetryResilienceStrategy`1.ExecuteCore[TState](Func`3 callback, ResilienceContext context, TState state)
[xUnit.net 00:00:21.46]            at System.Runtime.CompilerServices.AsyncTaskMethodBuilder`1.AsyncStateMachineBox`1.ExecutionContextCallback(Object s)
[xUnit.net 00:00:21.46]            at System.Threading.ExecutionContext.RunInternal(ExecutionContext executionContext, ContextCallback callback, Object state)
[xUnit.net 00:00:21.46]            at System.Runtime.CompilerServices.AsyncTaskMethodBuilder`1.AsyncStateMachineBox`1.MoveNext(Thread threadPoolThread)
[xUnit.net 00:00:21.46]            at System.Runtime.CompilerServices.AsyncTaskMethodBuilder`1.AsyncStateMachineBox`1.MoveNext()
[xUnit.net 00:00:21.46]            at System.Threading.Tasks.AwaitTaskContinuation.RunOrScheduleAction(IAsyncStateMachineBox box, Boolean allowInlining)
[xUnit.net 00:00:21.46]            at System.Threading.Tasks.Task.RunContinuations(Object continuationObject)
[xUnit.net 00:00:21.46]            at System.Threading.Tasks.Task`1.TrySetResult(TResult result)
[xUnit.net 00:00:21.46]            at System.Runtime.CompilerServices.AsyncTaskMethodBuilder`1.SetExistingTaskResult(Task`1 task, TResult result)
[xUnit.net 00:00:21.46]            at System.Runtime.CompilerServices.AsyncValueTaskMethodBuilder`1.SetResult(TResult result)
[xUnit.net 00:00:21.46]            at Polly.Utils.Pipeline.BridgeComponent`1.<>c__4`2.<<ExecuteCore>b__4_1>d.MoveNext()
[xUnit.net 00:00:21.46]            at System.Runtime.CompilerServices.AsyncTaskMethodBuilder`1.AsyncStateMachineBox`1.ExecutionContextCallback(Object s)
[xUnit.net 00:00:21.46]            at System.Threading.ExecutionContext.RunInternal(ExecutionContext executionContext, ContextCallback callback, Object state)
[xUnit.net 00:00:21.46]            at System.Runtime.CompilerServices.AsyncTaskMethodBuilder`1.AsyncStateMachineBox`1.MoveNext(Thread threadPoolThread)
[xUnit.net 00:00:21.46]            at System.Runtime.CompilerServices.AsyncTaskMethodBuilder`1.AsyncStateMachineBox`1.MoveNext()
[xUnit.net 00:00:21.46]            at System.Threading.Tasks.AwaitTaskContinuation.RunOrScheduleAction(IAsyncStateMachineBox box, Boolean allowInlining)
[xUnit.net 00:00:21.46]            at System.Threading.Tasks.Task.RunContinuations(Object continuationObject)
[xUnit.net 00:00:21.46]            at System.Threading.Tasks.Task`1.TrySetResult(TResult result)
[xUnit.net 00:00:21.46]            at System.Runtime.CompilerServices.AsyncTaskMethodBuilder`1.SetExistingTaskResult(Task`1 task, TResult result)
[xUnit.net 00:00:21.46]            at System.Runtime.CompilerServices.AsyncValueTaskMethodBuilder`1.SetResult(TResult result)
[xUnit.net 00:00:21.46]            at Polly.ResiliencePipeline.<>c__10`1.<<ExecuteAsync>b__10_0>d.MoveNext()
[xUnit.net 00:00:21.46]            at System.Runtime.CompilerServices.AsyncTaskMethodBuilder`1.AsyncStateMachineBox`1.ExecutionContextCallback(Object s)
[xUnit.net 00:00:21.46]            at System.Threading.ExecutionContext.RunInternal(ExecutionContext executionContext, ContextCallback callback, Object state)
[xUnit.net 00:00:21.46]            at System.Runtime.CompilerServices.AsyncTaskMethodBuilder`1.AsyncStateMachineBox`1.MoveNext(Thread threadPoolThread)
[xUnit.net 00:00:21.46]            at System.Runtime.CompilerServices.AsyncTaskMethodBuilder`1.AsyncStateMachineBox`1.MoveNext()
[xUnit.net 00:00:21.46]            at System.Threading.Tasks.AwaitTaskContinuation.RunOrScheduleAction(IAsyncStateMachineBox box, Boolean allowInlining)
[xUnit.net 00:00:21.46]            at System.Threading.Tasks.Task.RunContinuations(Object continuationObject)
[xUnit.net 00:00:21.46]            at System.Threading.Tasks.Task.TrySetCanceled(CancellationToken tokenToRecord, Object cancellationException)
[xUnit.net 00:00:21.46]            at System.Runtime.CompilerServices.AsyncTaskMethodBuilder`1.SetException(Exception exception, Task`1& taskField)
[xUnit.net 00:00:21.46]         /_/src/Aspire.Hosting/Dcp/KubernetesService.cs(485,0): at Aspire.Hosting.Dcp.KubernetesService.<>c__DisplayClass29_0`1.<<ExecuteWithRetry>b__1>d.MoveNext()
[xUnit.net 00:00:21.46]            at System.Runtime.CompilerServices.AsyncTaskMethodBuilder`1.AsyncStateMachineBox`1.ExecutionContextCallback(Object s)
[xUnit.net 00:00:21.46]            at System.Threading.ExecutionContext.RunInternal(ExecutionContext executionContext, ContextCallback callback, Object state)
[xUnit.net 00:00:21.46]            at System.Runtime.CompilerServices.AsyncTaskMethodBuilder`1.AsyncStateMachineBox`1.MoveNext(Thread threadPoolThread)
[xUnit.net 00:00:21.46]            at System.Runtime.CompilerServices.AsyncTaskMethodBuilder`1.AsyncStateMachineBox`1.MoveNext()
[xUnit.net 00:00:21.46]            at System.Threading.Tasks.AwaitTaskContinuation.RunOrScheduleAction(IAsyncStateMachineBox box, Boolean allowInlining)
[xUnit.net 00:00:21.46]            at System.Threading.Tasks.Task.RunContinuations(Object continuationObject)
[xUnit.net 00:00:21.46]            at System.Threading.Tasks.Task.TrySetCanceled(CancellationToken tokenToRecord, Object cancellationException)
[xUnit.net 00:00:21.46]            at System.Runtime.CompilerServices.AsyncTaskMethodBuilder`1.SetException(Exception exception, Task`1& taskField)
[xUnit.net 00:00:21.46]            at System.Runtime.CompilerServices.AsyncTaskMethodBuilder`1.SetException(Exception exception)
[xUnit.net 00:00:21.46]         /_/src/Aspire.Hosting/Dcp/KubernetesService.cs(579,0): at Aspire.Hosting.Dcp.KubernetesService.EnsureKubernetesAsync(CancellationToken cancellationToken)
[xUnit.net 00:00:21.46]            at System.Runtime.CompilerServices.AsyncTaskMethodBuilder`1.AsyncStateMachineBox`1.ExecutionContextCallback(Object s)
[xUnit.net 00:00:21.46]            at System.Threading.ExecutionContext.RunInternal(ExecutionContext executionContext, ContextCallback callback, Object state)
[xUnit.net 00:00:21.46]            at System.Runtime.CompilerServices.AsyncTaskMethodBuilder`1.AsyncStateMachineBox`1.MoveNext(Thread threadPoolThread)
[xUnit.net 00:00:21.46]            at System.Runtime.CompilerServices.AsyncTaskMethodBuilder`1.AsyncStateMachineBox`1.MoveNext()
[xUnit.net 00:00:21.46]            at System.Threading.Tasks.AwaitTaskContinuation.RunOrScheduleAction(IAsyncStateMachineBox box, Boolean allowInlining)
[xUnit.net 00:00:21.46]            at System.Threading.Tasks.Task.RunContinuations(Object continuationObject)
[xUnit.net 00:00:21.46]            at System.Threading.Tasks.Task.TrySetCanceled(CancellationToken tokenToRecord, Object cancellationException)
[xUnit.net 00:00:21.46]            at System.Runtime.CompilerServices.AsyncTaskMethodBuilder`1.SetException(Exception exception, Task`1& taskField)
[xUnit.net 00:00:21.46]            at System.Threading.SemaphoreSlim.WaitUntilCountOrTimeoutAsync(TaskNode asyncWaiter, Int64 millisecondsTimeout, CancellationToken cancellationToken)
[xUnit.net 00:00:21.46]            at System.Threading.ExecutionContext.RunFromThreadPoolDispatchLoop(Thread threadPoolThread, ExecutionContext executionContext, ContextCallback callback, Object state)
[xUnit.net 00:00:21.46]            at System.Runtime.CompilerServices.AsyncTaskMethodBuilder`1.AsyncStateMachineBox`1.MoveNext(Thread threadPoolThread)
[xUnit.net 00:00:21.46]            at System.Threading.ThreadPoolWorkQueue.Dispatch()
[xUnit.net 00:00:21.46]            at System.Threading.PortableThreadPool.WorkerThread.WorkerThreadStart()
[xUnit.net 00:00:21.46]            at System.Threading.Thread.StartCallback()
[xUnit.net 00:00:21.46]         --- End of stack trace from previous location ---
[xUnit.net 00:00:21.46]            at Polly.Outcome`1.GetResultOrRethrow()
[xUnit.net 00:00:21.46]            at Polly.ResiliencePipeline.ExecuteAsync[TResult](Func`2 callback, CancellationToken cancellationToken)
[xUnit.net 00:00:21.46]         /_/src/Aspire.Hosting/Dcp/KubernetesService.cs(481,0): at Aspire.Hosting.Dcp.KubernetesService.ExecuteWithRetry[TResult](DcpApiOperationType operationType, String resourceType, Func`2 operation, Func`2 isRetryable, CancellationToken cancellationToken)
[xUnit.net 00:00:21.46]         /_/src/Aspire.Hosting/Dcp/DcpExecutor.cs(612,0): at Aspire.Hosting.Dcp.DcpExecutor.<>c__DisplayClass46_1`1.<<CreateDcpObjectsAsync>b__0>d.MoveNext()
[xUnit.net 00:00:21.46]         --- End of stack trace from previous location ---
[xUnit.net 00:00:21.46]         /_/src/Aspire.Hosting/Dcp/DcpExecutor.cs(615,0): at Aspire.Hosting.Dcp.DcpExecutor.CreateDcpObjectsAsync[RT](IEnumerable`1 objects, CancellationToken cancellationToken)
[xUnit.net 00:00:21.46]         /_/src/Aspire.Hosting/Dcp/DcpExecutor.cs(227,0): at Aspire.Hosting.Dcp.DcpExecutor.<>c__DisplayClass33_1.<<RunApplicationAsync>b__5>d.MoveNext()
[xUnit.net 00:00:21.46]         --- End of stack trace from previous location ---
[xUnit.net 00:00:21.46]         /_/src/Aspire.Hosting/Dcp/DcpExecutor.cs(244,0): at Aspire.Hosting.Dcp.DcpExecutor.RunApplicationAsync(CancellationToken ct)
[xUnit.net 00:00:21.46]         /_/src/Aspire.Hosting/Orchestrator/ApplicationOrchestrator.cs(555,0): at Aspire.Hosting.Orchestrator.ApplicationOrchestrator.RunApplicationAsync(CancellationToken cancellationToken)
[xUnit.net 00:00:21.46]         /_/src/Aspire.Hosting/Orchestrator/OrchestratorHostService.cs(41,0): at Aspire.Hosting.Orchestrator.OrchestratorHostService.StartAsync(CancellationToken cancellationToken)
[xUnit.net 00:00:21.46]            at Microsoft.Extensions.Hosting.Internal.Host.<StartAsync>b__14_1(IHostedService service, CancellationToken token)
[xUnit.net 00:00:21.46]            at Microsoft.Extensions.Hosting.Internal.Host.ForeachService[T](IEnumerable`1 services, CancellationToken token, Boolean concurrent, Boolean abortOnFirstException, List`1 exceptions, Func`3 operation)
[xUnit.net 00:00:21.46]            at Microsoft.Extensions.Hosting.Internal.Host.StartAsync(CancellationToken cancellationToken)
[xUnit.net 00:00:21.46]         /_/src/Aspire.Hosting.Testing/DistributedApplicationFactory.cs(598,0): at Aspire.Hosting.Testing.DistributedApplicationFactory.ObservedHost.StartAsync(CancellationToken cancellationToken)
[xUnit.net 00:00:21.46]         /_/src/Aspire.Hosting.Testing/DistributedApplicationFactory.cs(73,0): at Aspire.Hosting.Testing.DistributedApplicationFactory.StartAsync(CancellationToken cancellationToken)
[xUnit.net 00:00:21.46]         /_/src/Aspire.Hosting.Testing/DistributedApplicationTestingBuilder.cs(314,0): at Aspire.Hosting.Testing.DistributedApplicationTestingBuilder.SuspendingDistributedApplicationFactory.DelegatedHost.StartAsync(CancellationToken cancellationToken)
[xUnit.net 00:00:21.46]         /_/src/Aspire.Hosting.Testing/DistributedApplicationTestingBuilder.cs(289,0): at Aspire.Hosting.Testing.DistributedApplicationTestingBuilder.SuspendingDistributedApplicationFactory.DelegatedDistributedApplication.StartAsync(CancellationToken cancellationToken)
[xUnit.net 00:00:21.46]         /home/teqs/github/MyBlog/tests/AppHost.Tests/Infrastructure/ClearCommandAppFixture.cs(53,0): at AppHost.Tests.Infrastructure.ClearCommandAppFixture.InitializeAsync()
[xUnit.net 00:00:21.46]         ----- Inner Stack Trace -----
[xUnit.net 00:00:21.46]            at System.Threading.CancellationToken.ThrowOperationCanceledException()
[xUnit.net 00:00:21.46]            at System.Threading.SemaphoreSlim.WaitUntilCountOrTimeoutAsync(TaskNode asyncWaiter, Int64 millisecondsTimeout, CancellationToken cancellationToken)
[xUnit.net 00:00:21.46]         /_/src/Aspire.Hosting/Dcp/KubernetesService.cs(579,0): at Aspire.Hosting.Dcp.KubernetesService.EnsureKubernetesAsync(CancellationToken cancellationToken)
[xUnit.net 00:00:21.46]         /_/src/Aspire.Hosting/Dcp/KubernetesService.cs(485,0): at Aspire.Hosting.Dcp.KubernetesService.<>c__DisplayClass29_0`1.<<ExecuteWithRetry>b__1>d.MoveNext()
[xUnit.net 00:00:21.46]         --- End of stack trace from previous location ---
[xUnit.net 00:00:21.46]            at Polly.ResiliencePipeline.<>c__10`1.<<ExecuteAsync>b__10_0>d.MoveNext()
[xUnit.net 00:00:21.46]     ShowMyBlogStats Returns Collection Names And Counts In Markdown [FAIL]
[xUnit.net 00:00:21.47]       Collection fixture type 'AppHost.Tests.Infrastructure.ClearCommandAppFixture' threw in InitializeAsync
[xUnit.net 00:00:21.47]       ---- Polly.Timeout.TimeoutRejectedException : The operation didn't complete within the allowed timeout of '00:00:20'.
[xUnit.net 00:00:21.47]       -------- System.OperationCanceledException : The operation was canceled.
[xUnit.net 00:00:21.47]       Stack Trace:
[xUnit.net 00:00:21.47]         
[xUnit.net 00:00:21.47]         ----- Inner Stack Trace -----
[xUnit.net 00:00:21.47]            at Polly.Utils.ExceptionUtilities.TrySetStackTrace[T](T exception)
[xUnit.net 00:00:21.47]            at Polly.Timeout.TimeoutResilienceStrategy.ExecuteCore[TResult,TState](Func`3 callback, ResilienceContext context, TState state)
[xUnit.net 00:00:21.47]            at System.Runtime.CompilerServices.AsyncTaskMethodBuilder`1.AsyncStateMachineBox`1.ExecutionContextCallback(Object s)
[xUnit.net 00:00:21.47]            at System.Threading.ExecutionContext.RunInternal(ExecutionContext executionContext, ContextCallback callback, Object state)
[xUnit.net 00:00:21.47]            at System.Runtime.CompilerServices.AsyncTaskMethodBuilder`1.AsyncStateMachineBox`1.MoveNext(Thread threadPoolThread)
[xUnit.net 00:00:21.47]            at System.Runtime.CompilerServices.AsyncTaskMethodBuilder`1.AsyncStateMachineBox`1.MoveNext()
[xUnit.net 00:00:21.47]            at System.Threading.Tasks.AwaitTaskContinuation.RunOrScheduleAction(IAsyncStateMachineBox box, Boolean allowInlining)
[xUnit.net 00:00:21.47]            at System.Threading.Tasks.Task.RunContinuations(Object continuationObject)
[xUnit.net 00:00:21.47]            at System.Threading.Tasks.Task`1.TrySetResult(TResult result)
[xUnit.net 00:00:21.47]            at System.Runtime.CompilerServices.AsyncTaskMethodBuilder`1.SetExistingTaskResult(Task`1 task, TResult result)
[xUnit.net 00:00:21.47]            at System.Runtime.CompilerServices.AsyncValueTaskMethodBuilder`1.SetResult(TResult result)
[xUnit.net 00:00:21.47]            at Polly.Utils.Pipeline.BridgeComponent`1.<ExecuteCore>g__ConvertValueTaskAsync|4_0[TResult,TState](ValueTask`1 valueTask, ResilienceContext resilienceContext)
[xUnit.net 00:00:21.47]            at System.Runtime.CompilerServices.AsyncTaskMethodBuilder`1.AsyncStateMachineBox`1.ExecutionContextCallback(Object s)
[xUnit.net 00:00:21.47]            at System.Threading.ExecutionContext.RunInternal(ExecutionContext executionContext, ContextCallback callback, Object state)
[xUnit.net 00:00:21.47]            at System.Runtime.CompilerServices.AsyncTaskMethodBuilder`1.AsyncStateMachineBox`1.MoveNext(Thread threadPoolThread)
[xUnit.net 00:00:21.47]            at System.Runtime.CompilerServices.AsyncTaskMethodBuilder`1.AsyncStateMachineBox`1.MoveNext()
[xUnit.net 00:00:21.47]            at System.Threading.Tasks.AwaitTaskContinuation.RunOrScheduleAction(IAsyncStateMachineBox box, Boolean allowInlining)
[xUnit.net 00:00:21.47]            at System.Threading.Tasks.Task.RunContinuations(Object continuationObject)
[xUnit.net 00:00:21.47]            at System.Threading.Tasks.Task`1.TrySetResult(TResult result)
[xUnit.net 00:00:21.47]            at System.Runtime.CompilerServices.AsyncTaskMethodBuilder`1.SetExistingTaskResult(Task`1 task, TResult result)
[xUnit.net 00:00:21.47]            at System.Runtime.CompilerServices.AsyncValueTaskMethodBuilder`1.SetResult(TResult result)
[xUnit.net 00:00:21.47]            at Polly.Retry.RetryResilienceStrategy`1.ExecuteCore[TState](Func`3 callback, ResilienceContext context, TState state)
[xUnit.net 00:00:21.47]            at System.Runtime.CompilerServices.AsyncTaskMethodBuilder`1.AsyncStateMachineBox`1.ExecutionContextCallback(Object s)
[xUnit.net 00:00:21.47]            at System.Threading.ExecutionContext.RunInternal(ExecutionContext executionContext, ContextCallback callback, Object state)
[xUnit.net 00:00:21.47]            at System.Runtime.CompilerServices.AsyncTaskMethodBuilder`1.AsyncStateMachineBox`1.MoveNext(Thread threadPoolThread)
[xUnit.net 00:00:21.47]            at System.Runtime.CompilerServices.AsyncTaskMethodBuilder`1.AsyncStateMachineBox`1.MoveNext()
[xUnit.net 00:00:21.47]            at System.Threading.Tasks.AwaitTaskContinuation.RunOrScheduleAction(IAsyncStateMachineBox box, Boolean allowInlining)
[xUnit.net 00:00:21.47]            at System.Threading.Tasks.Task.RunContinuations(Object continuationObject)
[xUnit.net 00:00:21.47]            at System.Threading.Tasks.Task`1.TrySetResult(TResult result)
[xUnit.net 00:00:21.47]            at System.Runtime.CompilerServices.AsyncTaskMethodBuilder`1.SetExistingTaskResult(Task`1 task, TResult result)
[xUnit.net 00:00:21.47]            at System.Runtime.CompilerServices.AsyncValueTaskMethodBuilder`1.SetResult(TResult result)
[xUnit.net 00:00:21.47]            at Polly.Utils.Pipeline.BridgeComponent`1.<>c__4`2.<<ExecuteCore>b__4_1>d.MoveNext()
[xUnit.net 00:00:21.47]            at System.Runtime.CompilerServices.AsyncTaskMethodBuilder`1.AsyncStateMachineBox`1.ExecutionContextCallback(Object s)
[xUnit.net 00:00:21.47]            at System.Threading.ExecutionContext.RunInternal(ExecutionContext executionContext, ContextCallback callback, Object state)
[xUnit.net 00:00:21.47]            at System.Runtime.CompilerServices.AsyncTaskMethodBuilder`1.AsyncStateMachineBox`1.MoveNext(Thread threadPoolThread)
[xUnit.net 00:00:21.47]            at System.Runtime.CompilerServices.AsyncTaskMethodBuilder`1.AsyncStateMachineBox`1.MoveNext()
[xUnit.net 00:00:21.47]            at System.Threading.Tasks.AwaitTaskContinuation.RunOrScheduleAction(IAsyncStateMachineBox box, Boolean allowInlining)
[xUnit.net 00:00:21.47]            at System.Threading.Tasks.Task.RunContinuations(Object continuationObject)
[xUnit.net 00:00:21.47]            at System.Threading.Tasks.Task`1.TrySetResult(TResult result)
[xUnit.net 00:00:21.47]            at System.Runtime.CompilerServices.AsyncTaskMethodBuilder`1.SetExistingTaskResult(Task`1 task, TResult result)
[xUnit.net 00:00:21.47]            at System.Runtime.CompilerServices.AsyncValueTaskMethodBuilder`1.SetResult(TResult result)
[xUnit.net 00:00:21.47]            at Polly.ResiliencePipeline.<>c__10`1.<<ExecuteAsync>b__10_0>d.MoveNext()
[xUnit.net 00:00:21.47]            at System.Runtime.CompilerServices.AsyncTaskMethodBuilder`1.AsyncStateMachineBox`1.ExecutionContextCallback(Object s)
[xUnit.net 00:00:21.47]            at System.Threading.ExecutionContext.RunInternal(ExecutionContext executionContext, ContextCallback callback, Object state)
[xUnit.net 00:00:21.47]            at System.Runtime.CompilerServices.AsyncTaskMethodBuilder`1.AsyncStateMachineBox`1.MoveNext(Thread threadPoolThread)
[xUnit.net 00:00:21.47]            at System.Runtime.CompilerServices.AsyncTaskMethodBuilder`1.AsyncStateMachineBox`1.MoveNext()
[xUnit.net 00:00:21.47]            at System.Threading.Tasks.AwaitTaskContinuation.RunOrScheduleAction(IAsyncStateMachineBox box, Boolean allowInlining)
[xUnit.net 00:00:21.47]            at System.Threading.Tasks.Task.RunContinuations(Object continuationObject)
[xUnit.net 00:00:21.47]            at System.Threading.Tasks.Task.TrySetCanceled(CancellationToken tokenToRecord, Object cancellationException)
[xUnit.net 00:00:21.47]            at System.Runtime.CompilerServices.AsyncTaskMethodBuilder`1.SetException(Exception exception, Task`1& taskField)
[xUnit.net 00:00:21.47]         /_/src/Aspire.Hosting/Dcp/KubernetesService.cs(485,0): at Aspire.Hosting.Dcp.KubernetesService.<>c__DisplayClass29_0`1.<<ExecuteWithRetry>b__1>d.MoveNext()
[xUnit.net 00:00:21.47]            at System.Runtime.CompilerServices.AsyncTaskMethodBuilder`1.AsyncStateMachineBox`1.ExecutionContextCallback(Object s)
[xUnit.net 00:00:21.47]            at System.Threading.ExecutionContext.RunInternal(ExecutionContext executionContext, ContextCallback callback, Object state)
[xUnit.net 00:00:21.47]            at System.Runtime.CompilerServices.AsyncTaskMethodBuilder`1.AsyncStateMachineBox`1.MoveNext(Thread threadPoolThread)
[xUnit.net 00:00:21.47]            at System.Runtime.CompilerServices.AsyncTaskMethodBuilder`1.AsyncStateMachineBox`1.MoveNext()
[xUnit.net 00:00:21.47]            at System.Threading.Tasks.AwaitTaskContinuation.RunOrScheduleAction(IAsyncStateMachineBox box, Boolean allowInlining)
[xUnit.net 00:00:21.47]            at System.Threading.Tasks.Task.RunContinuations(Object continuationObject)
[xUnit.net 00:00:21.47]            at System.Threading.Tasks.Task.TrySetCanceled(CancellationToken tokenToRecord, Object cancellationException)
[xUnit.net 00:00:21.47]            at System.Runtime.CompilerServices.AsyncTaskMethodBuilder`1.SetException(Exception exception, Task`1& taskField)
[xUnit.net 00:00:21.47]            at System.Runtime.CompilerServices.AsyncTaskMethodBuilder`1.SetException(Exception exception)
[xUnit.net 00:00:21.47]         /_/src/Aspire.Hosting/Dcp/KubernetesService.cs(579,0): at Aspire.Hosting.Dcp.KubernetesService.EnsureKubernetesAsync(CancellationToken cancellationToken)
[xUnit.net 00:00:21.47]            at System.Runtime.CompilerServices.AsyncTaskMethodBuilder`1.AsyncStateMachineBox`1.ExecutionContextCallback(Object s)
[xUnit.net 00:00:21.47]            at System.Threading.ExecutionContext.RunInternal(ExecutionContext executionContext, ContextCallback callback, Object state)
[xUnit.net 00:00:21.47]            at System.Runtime.CompilerServices.AsyncTaskMethodBuilder`1.AsyncStateMachineBox`1.MoveNext(Thread threadPoolThread)
[xUnit.net 00:00:21.47]            at System.Runtime.CompilerServices.AsyncTaskMethodBuilder`1.AsyncStateMachineBox`1.MoveNext()
[xUnit.net 00:00:21.47]            at System.Threading.Tasks.AwaitTaskContinuation.RunOrScheduleAction(IAsyncStateMachineBox box, Boolean allowInlining)
[xUnit.net 00:00:21.47]            at System.Threading.Tasks.Task.RunContinuations(Object continuationObject)
[xUnit.net 00:00:21.47]            at System.Threading.Tasks.Task.TrySetCanceled(CancellationToken tokenToRecord, Object cancellationException)
[xUnit.net 00:00:21.47]            at System.Runtime.CompilerServices.AsyncTaskMethodBuilder`1.SetException(Exception exception, Task`1& taskField)
[xUnit.net 00:00:21.47]            at System.Threading.SemaphoreSlim.WaitUntilCountOrTimeoutAsync(TaskNode asyncWaiter, Int64 millisecondsTimeout, CancellationToken cancellationToken)
[xUnit.net 00:00:21.47]            at System.Threading.ExecutionContext.RunFromThreadPoolDispatchLoop(Thread threadPoolThread, ExecutionContext executionContext, ContextCallback callback, Object state)
[xUnit.net 00:00:21.47]            at System.Runtime.CompilerServices.AsyncTaskMethodBuilder`1.AsyncStateMachineBox`1.MoveNext(Thread threadPoolThread)
[xUnit.net 00:00:21.47]            at System.Threading.ThreadPoolWorkQueue.Dispatch()
[xUnit.net 00:00:21.47]            at System.Threading.PortableThreadPool.WorkerThread.WorkerThreadStart()
[xUnit.net 00:00:21.47]            at System.Threading.Thread.StartCallback()
[xUnit.net 00:00:21.47]         --- End of stack trace from previous location ---
[xUnit.net 00:00:21.47]            at Polly.Outcome`1.GetResultOrRethrow()
[xUnit.net 00:00:21.47]            at Polly.ResiliencePipeline.ExecuteAsync[TResult](Func`2 callback, CancellationToken cancellationToken)
[xUnit.net 00:00:21.47]         /_/src/Aspire.Hosting/Dcp/KubernetesService.cs(481,0): at Aspire.Hosting.Dcp.KubernetesService.ExecuteWithRetry[TResult](DcpApiOperationType operationType, String resourceType, Func`2 operation, Func`2 isRetryable, CancellationToken cancellationToken)
[xUnit.net 00:00:21.47]         /_/src/Aspire.Hosting/Dcp/DcpExecutor.cs(612,0): at Aspire.Hosting.Dcp.DcpExecutor.<>c__DisplayClass46_1`1.<<CreateDcpObjectsAsync>b__0>d.MoveNext()
[xUnit.net 00:00:21.47]         --- End of stack trace from previous location ---
[xUnit.net 00:00:21.47]         /_/src/Aspire.Hosting/Dcp/DcpExecutor.cs(615,0): at Aspire.Hosting.Dcp.DcpExecutor.CreateDcpObjectsAsync[RT](IEnumerable`1 objects, CancellationToken cancellationToken)
[xUnit.net 00:00:21.47]         /_/src/Aspire.Hosting/Dcp/DcpExecutor.cs(227,0): at Aspire.Hosting.Dcp.DcpExecutor.<>c__DisplayClass33_1.<<RunApplicationAsync>b__5>d.MoveNext()
[xUnit.net 00:00:21.47]         --- End of stack trace from previous location ---
[xUnit.net 00:00:21.47]         /_/src/Aspire.Hosting/Dcp/DcpExecutor.cs(244,0): at Aspire.Hosting.Dcp.DcpExecutor.RunApplicationAsync(CancellationToken ct)
[xUnit.net 00:00:21.47]         /_/src/Aspire.Hosting/Orchestrator/ApplicationOrchestrator.cs(555,0): at Aspire.Hosting.Orchestrator.ApplicationOrchestrator.RunApplicationAsync(CancellationToken cancellationToken)
[xUnit.net 00:00:21.47]         /_/src/Aspire.Hosting/Orchestrator/OrchestratorHostService.cs(41,0): at Aspire.Hosting.Orchestrator.OrchestratorHostService.StartAsync(CancellationToken cancellationToken)
[xUnit.net 00:00:21.47]            at Microsoft.Extensions.Hosting.Internal.Host.<StartAsync>b__14_1(IHostedService service, CancellationToken token)
[xUnit.net 00:00:21.47]            at Microsoft.Extensions.Hosting.Internal.Host.ForeachService[T](IEnumerable`1 services, CancellationToken token, Boolean concurrent, Boolean abortOnFirstException, List`1 exceptions, Func`3 operation)
[xUnit.net 00:00:21.47]            at Microsoft.Extensions.Hosting.Internal.Host.StartAsync(CancellationToken cancellationToken)
[xUnit.net 00:00:21.47]         /_/src/Aspire.Hosting.Testing/DistributedApplicationFactory.cs(598,0): at Aspire.Hosting.Testing.DistributedApplicationFactory.ObservedHost.StartAsync(CancellationToken cancellationToken)
[xUnit.net 00:00:21.47]         /_/src/Aspire.Hosting.Testing/DistributedApplicationFactory.cs(73,0): at Aspire.Hosting.Testing.DistributedApplicationFactory.StartAsync(CancellationToken cancellationToken)
[xUnit.net 00:00:21.47]         /_/src/Aspire.Hosting.Testing/DistributedApplicationTestingBuilder.cs(314,0): at Aspire.Hosting.Testing.DistributedApplicationTestingBuilder.SuspendingDistributedApplicationFactory.DelegatedHost.StartAsync(CancellationToken cancellationToken)
[xUnit.net 00:00:21.47]         /_/src/Aspire.Hosting.Testing/DistributedApplicationTestingBuilder.cs(289,0): at Aspire.Hosting.Testing.DistributedApplicationTestingBuilder.SuspendingDistributedApplicationFactory.DelegatedDistributedApplication.StartAsync(CancellationToken cancellationToken)
[xUnit.net 00:00:21.47]         /home/teqs/github/MyBlog/tests/AppHost.Tests/Infrastructure/ClearCommandAppFixture.cs(53,0): at AppHost.Tests.Infrastructure.ClearCommandAppFixture.InitializeAsync()
[xUnit.net 00:00:21.47]         ----- Inner Stack Trace -----
[xUnit.net 00:00:21.47]            at System.Threading.CancellationToken.ThrowOperationCanceledException()
[xUnit.net 00:00:21.47]            at System.Threading.SemaphoreSlim.WaitUntilCountOrTimeoutAsync(TaskNode asyncWaiter, Int64 millisecondsTimeout, CancellationToken cancellationToken)
[xUnit.net 00:00:21.47]         /_/src/Aspire.Hosting/Dcp/KubernetesService.cs(579,0): at Aspire.Hosting.Dcp.KubernetesService.EnsureKubernetesAsync(CancellationToken cancellationToken)
[xUnit.net 00:00:21.47]         /_/src/Aspire.Hosting/Dcp/KubernetesService.cs(485,0): at Aspire.Hosting.Dcp.KubernetesService.<>c__DisplayClass29_0`1.<<ExecuteWithRetry>b__1>d.MoveNext()
[xUnit.net 00:00:21.47]         --- End of stack trace from previous location ---
[xUnit.net 00:00:21.47]            at Polly.ResiliencePipeline.<>c__10`1.<<ExecuteAsync>b__10_0>d.MoveNext()
  Failed ShowMyBlogStats Concurrent Invocations Allow Only One Run [1 ms]
  Error Message:
   Collection fixture type 'AppHost.Tests.Infrastructure.ClearCommandAppFixture' threw in InitializeAsync
---- Polly.Timeout.TimeoutRejectedException : The operation didn't complete within the allowed timeout of '00:00:20'.
-------- System.OperationCanceledException : The operation was canceled.
  Stack Trace:
  
----- Inner Stack Trace -----
   at Polly.Utils.ExceptionUtilities.TrySetStackTrace[T](T exception)
   at Polly.Timeout.TimeoutResilienceStrategy.ExecuteCore[TResult,TState](Func`3 callback, ResilienceContext context, TState state)
   at System.Runtime.CompilerServices.AsyncTaskMethodBuilder`1.AsyncStateMachineBox`1.ExecutionContextCallback(Object s)
   at System.Threading.ExecutionContext.RunInternal(ExecutionContext executionContext, ContextCallback callback, Object state)
   at System.Runtime.CompilerServices.AsyncTaskMethodBuilder`1.AsyncStateMachineBox`1.MoveNext(Thread threadPoolThread)
   at System.Runtime.CompilerServices.AsyncTaskMethodBuilder`1.AsyncStateMachineBox`1.MoveNext()
   at System.Threading.Tasks.AwaitTaskContinuation.RunOrScheduleAction(IAsyncStateMachineBox box, Boolean allowInlining)
   at System.Threading.Tasks.Task.RunContinuations(Object continuationObject)
   at System.Threading.Tasks.Task`1.TrySetResult(TResult result)
   at System.Runtime.CompilerServices.AsyncTaskMethodBuilder`1.SetExistingTaskResult(Task`1 task, TResult result)
   at System.Runtime.CompilerServices.AsyncValueTaskMethodBuilder`1.SetResult(TResult result)
   at Polly.Utils.Pipeline.BridgeComponent`1.<ExecuteCore>g__ConvertValueTaskAsync|4_0[TResult,TState](ValueTask`1 valueTask, ResilienceContext resilienceContext)
   at System.Runtime.CompilerServices.AsyncTaskMethodBuilder`1.AsyncStateMachineBox`1.ExecutionContextCallback(Object s)
   at System.Threading.ExecutionContext.RunInternal(ExecutionContext executionContext, ContextCallback callback, Object state)
   at System.Runtime.CompilerServices.AsyncTaskMethodBuilder`1.AsyncStateMachineBox`1.MoveNext(Thread threadPoolThread)
   at System.Runtime.CompilerServices.AsyncTaskMethodBuilder`1.AsyncStateMachineBox`1.MoveNext()
   at System.Threading.Tasks.AwaitTaskContinuation.RunOrScheduleAction(IAsyncStateMachineBox box, Boolean allowInlining)
   at System.Threading.Tasks.Task.RunContinuations(Object continuationObject)
   at System.Threading.Tasks.Task`1.TrySetResult(TResult result)
   at System.Runtime.CompilerServices.AsyncTaskMethodBuilder`1.SetExistingTaskResult(Task`1 task, TResult result)
   at System.Runtime.CompilerServices.AsyncValueTaskMethodBuilder`1.SetResult(TResult result)
   at Polly.Retry.RetryResilienceStrategy`1.ExecuteCore[TState](Func`3 callback, ResilienceContext context, TState state)
   at System.Runtime.CompilerServices.AsyncTaskMethodBuilder`1.AsyncStateMachineBox`1.ExecutionContextCallback(Object s)
   at System.Threading.ExecutionContext.RunInternal(ExecutionContext executionContext, ContextCallback callback, Object state)
   at System.Runtime.CompilerServices.AsyncTaskMethodBuilder`1.AsyncStateMachineBox`1.MoveNext(Thread threadPoolThread)
   at System.Runtime.CompilerServices.AsyncTaskMethodBuilder`1.AsyncStateMachineBox`1.MoveNext()
   at System.Threading.Tasks.AwaitTaskContinuation.RunOrScheduleAction(IAsyncStateMachineBox box, Boolean allowInlining)
   at System.Threading.Tasks.Task.RunContinuations(Object continuationObject)
   at System.Threading.Tasks.Task`1.TrySetResult(TResult result)
   at System.Runtime.CompilerServices.AsyncTaskMethodBuilder`1.SetExistingTaskResult(Task`1 task, TResult result)
   at System.Runtime.CompilerServices.AsyncValueTaskMethodBuilder`1.SetResult(TResult result)
   at Polly.Utils.Pipeline.BridgeComponent`1.<>c__4`2.<<ExecuteCore>b__4_1>d.MoveNext()
   at System.Runtime.CompilerServices.AsyncTaskMethodBuilder`1.AsyncStateMachineBox`1.ExecutionContextCallback(Object s)
   at System.Threading.ExecutionContext.RunInternal(ExecutionContext executionContext, ContextCallback callback, Object state)
   at System.Runtime.CompilerServices.AsyncTaskMethodBuilder`1.AsyncStateMachineBox`1.MoveNext(Thread threadPoolThread)
   at System.Runtime.CompilerServices.AsyncTaskMethodBuilder`1.AsyncStateMachineBox`1.MoveNext()
   at System.Threading.Tasks.AwaitTaskContinuation.RunOrScheduleAction(IAsyncStateMachineBox box, Boolean allowInlining)
   at System.Threading.Tasks.Task.RunContinuations(Object continuationObject)
   at System.Threading.Tasks.Task`1.TrySetResult(TResult result)
   at System.Runtime.CompilerServices.AsyncTaskMethodBuilder`1.SetExistingTaskResult(Task`1 task, TResult result)
   at System.Runtime.CompilerServices.AsyncValueTaskMethodBuilder`1.SetResult(TResult result)
   at Polly.ResiliencePipeline.<>c__10`1.<<ExecuteAsync>b__10_0>d.MoveNext()
   at System.Runtime.CompilerServices.AsyncTaskMethodBuilder`1.AsyncStateMachineBox`1.ExecutionContextCallback(Object s)
   at System.Threading.ExecutionContext.RunInternal(ExecutionContext executionContext, ContextCallback callback, Object state)
   at System.Runtime.CompilerServices.AsyncTaskMethodBuilder`1.AsyncStateMachineBox`1.MoveNext(Thread threadPoolThread)
   at System.Runtime.CompilerServices.AsyncTaskMethodBuilder`1.AsyncStateMachineBox`1.MoveNext()
   at System.Threading.Tasks.AwaitTaskContinuation.RunOrScheduleAction(IAsyncStateMachineBox box, Boolean allowInlining)
   at System.Threading.Tasks.Task.RunContinuations(Object continuationObject)
   at System.Threading.Tasks.Task.TrySetCanceled(CancellationToken tokenToRecord, Object cancellationException)
   at System.Runtime.CompilerServices.AsyncTaskMethodBuilder`1.SetException(Exception exception, Task`1& taskField)
   at Aspire.Hosting.Dcp.KubernetesService.<>c__DisplayClass29_0`1.<<ExecuteWithRetry>b__1>d.MoveNext() in /_/src/Aspire.Hosting/Dcp/KubernetesService.cs:line 485
   at System.Runtime.CompilerServices.AsyncTaskMethodBuilder`1.AsyncStateMachineBox`1.ExecutionContextCallback(Object s)
   at System.Threading.ExecutionContext.RunInternal(ExecutionContext executionContext, ContextCallback callback, Object state)
   at System.Runtime.CompilerServices.AsyncTaskMethodBuilder`1.AsyncStateMachineBox`1.MoveNext(Thread threadPoolThread)
   at System.Runtime.CompilerServices.AsyncTaskMethodBuilder`1.AsyncStateMachineBox`1.MoveNext()
   at System.Threading.Tasks.AwaitTaskContinuation.RunOrScheduleAction(IAsyncStateMachineBox box, Boolean allowInlining)
   at System.Threading.Tasks.Task.RunContinuations(Object continuationObject)
   at System.Threading.Tasks.Task.TrySetCanceled(CancellationToken tokenToRecord, Object cancellationException)
   at System.Runtime.CompilerServices.AsyncTaskMethodBuilder`1.SetException(Exception exception, Task`1& taskField)
   at System.Runtime.CompilerServices.AsyncTaskMethodBuilder`1.SetException(Exception exception)
   at Aspire.Hosting.Dcp.KubernetesService.EnsureKubernetesAsync(CancellationToken cancellationToken) in /_/src/Aspire.Hosting/Dcp/KubernetesService.cs:line 579
   at System.Runtime.CompilerServices.AsyncTaskMethodBuilder`1.AsyncStateMachineBox`1.ExecutionContextCallback(Object s)
   at System.Threading.ExecutionContext.RunInternal(ExecutionContext executionContext, ContextCallback callback, Object state)
   at System.Runtime.CompilerServices.AsyncTaskMethodBuilder`1.AsyncStateMachineBox`1.MoveNext(Thread threadPoolThread)
   at System.Runtime.CompilerServices.AsyncTaskMethodBuilder`1.AsyncStateMachineBox`1.MoveNext()
   at System.Threading.Tasks.AwaitTaskContinuation.RunOrScheduleAction(IAsyncStateMachineBox box, Boolean allowInlining)
   at System.Threading.Tasks.Task.RunContinuations(Object continuationObject)
   at System.Threading.Tasks.Task.TrySetCanceled(CancellationToken tokenToRecord, Object cancellationException)
   at System.Runtime.CompilerServices.AsyncTaskMethodBuilder`1.SetException(Exception exception, Task`1& taskField)
   at System.Threading.SemaphoreSlim.WaitUntilCountOrTimeoutAsync(TaskNode asyncWaiter, Int64 millisecondsTimeout, CancellationToken cancellationToken)
   at System.Threading.ExecutionContext.RunFromThreadPoolDispatchLoop(Thread threadPoolThread, ExecutionContext executionContext, ContextCallback callback, Object state)
   at System.Runtime.CompilerServices.AsyncTaskMethodBuilder`1.AsyncStateMachineBox`1.MoveNext(Thread threadPoolThread)
   at System.Threading.ThreadPoolWorkQueue.Dispatch()
   at System.Threading.PortableThreadPool.WorkerThread.WorkerThreadStart()
   at System.Threading.Thread.StartCallback()
--- End of stack trace from previous location ---
   at Polly.Outcome`1.GetResultOrRethrow()
   at Polly.ResiliencePipeline.ExecuteAsync[TResult](Func`2 callback, CancellationToken cancellationToken)
   at Aspire.Hosting.Dcp.KubernetesService.ExecuteWithRetry[TResult](DcpApiOperationType operationType, String resourceType, Func`2 operation, Func`2 isRetryable, CancellationToken cancellationToken) in /_/src/Aspire.Hosting/Dcp/KubernetesService.cs:line 481
   at Aspire.Hosting.Dcp.DcpExecutor.<>c__DisplayClass46_1`1.<<CreateDcpObjectsAsync>b__0>d.MoveNext() in /_/src/Aspire.Hosting/Dcp/DcpExecutor.cs:line 612
--- End of stack trace from previous location ---
   at Aspire.Hosting.Dcp.DcpExecutor.CreateDcpObjectsAsync[RT](IEnumerable`1 objects, CancellationToken cancellationToken) in /_/src/Aspire.Hosting/Dcp/DcpExecutor.cs:line 615
   at Aspire.Hosting.Dcp.DcpExecutor.<>c__DisplayClass33_1.<<RunApplicationAsync>b__5>d.MoveNext() in /_/src/Aspire.Hosting/Dcp/DcpExecutor.cs:line 227
--- End of stack trace from previous location ---
   at Aspire.Hosting.Dcp.DcpExecutor.RunApplicationAsync(CancellationToken ct) in /_/src/Aspire.Hosting/Dcp/DcpExecutor.cs:line 244
   at Aspire.Hosting.Orchestrator.ApplicationOrchestrator.RunApplicationAsync(CancellationToken cancellationToken) in /_/src/Aspire.Hosting/Orchestrator/ApplicationOrchestrator.cs:line 555
   at Aspire.Hosting.Orchestrator.OrchestratorHostService.StartAsync(CancellationToken cancellationToken) in /_/src/Aspire.Hosting/Orchestrator/OrchestratorHostService.cs:line 41
   at Microsoft.Extensions.Hosting.Internal.Host.<StartAsync>b__14_1(IHostedService service, CancellationToken token)
   at Microsoft.Extensions.Hosting.Internal.Host.ForeachService[T](IEnumerable`1 services, CancellationToken token, Boolean concurrent, Boolean abortOnFirstException, List`1 exceptions, Func`3 operation)
   at Microsoft.Extensions.Hosting.Internal.Host.StartAsync(CancellationToken cancellationToken)
   at Aspire.Hosting.Testing.DistributedApplicationFactory.ObservedHost.StartAsync(CancellationToken cancellationToken) in /_/src/Aspire.Hosting.Testing/DistributedApplicationFactory.cs:line 598
   at Aspire.Hosting.Testing.DistributedApplicationFactory.StartAsync(CancellationToken cancellationToken) in /_/src/Aspire.Hosting.Testing/DistributedApplicationFactory.cs:line 73
   at Aspire.Hosting.Testing.DistributedApplicationTestingBuilder.SuspendingDistributedApplicationFactory.DelegatedHost.StartAsync(CancellationToken cancellationToken) in /_/src/Aspire.Hosting.Testing/DistributedApplicationTestingBuilder.cs:line 314
   at Aspire.Hosting.Testing.DistributedApplicationTestingBuilder.SuspendingDistributedApplicationFactory.DelegatedDistributedApplication.StartAsync(CancellationToken cancellationToken) in /_/src/Aspire.Hosting.Testing/DistributedApplicationTestingBuilder.cs:line 289
   at AppHost.Tests.Infrastructure.ClearCommandAppFixture.InitializeAsync() in /home/teqs/github/MyBlog/tests/AppHost.Tests/Infrastructure/ClearCommandAppFixture.cs:line 53
----- Inner Stack Trace -----
   at System.Threading.CancellationToken.ThrowOperationCanceledException()
   at System.Threading.SemaphoreSlim.WaitUntilCountOrTimeoutAsync(TaskNode asyncWaiter, Int64 millisecondsTimeout, CancellationToken cancellationToken)
   at Aspire.Hosting.Dcp.KubernetesService.EnsureKubernetesAsync(CancellationToken cancellationToken) in /_/src/Aspire.Hosting/Dcp/KubernetesService.cs:line 579
   at Aspire.Hosting.Dcp.KubernetesService.<>c__DisplayClass29_0`1.<<ExecuteWithRetry>b__1>d.MoveNext() in /_/src/Aspire.Hosting/Dcp/KubernetesService.cs:line 485
--- End of stack trace from previous location ---
   at Polly.ResiliencePipeline.<>c__10`1.<<ExecuteAsync>b__10_0>d.MoveNext()
  Failed ShowMyBlogStats Empty Database Returns No Collections Found [1 ms]
  Error Message:
   Collection fixture type 'AppHost.Tests.Infrastructure.ClearCommandAppFixture' threw in InitializeAsync
---- Polly.Timeout.TimeoutRejectedException : The operation didn't complete within the allowed timeout of '00:00:20'.
-------- System.OperationCanceledException : The operation was canceled.
  Stack Trace:
  
----- Inner Stack Trace -----
   at Polly.Utils.ExceptionUtilities.TrySetStackTrace[T](T exception)
   at Polly.Timeout.TimeoutResilienceStrategy.ExecuteCore[TResult,TState](Func`3 callback, ResilienceContext context, TState state)
   at System.Runtime.CompilerServices.AsyncTaskMethodBuilder`1.AsyncStateMachineBox`1.ExecutionContextCallback(Object s)
   at System.Threading.ExecutionContext.RunInternal(ExecutionContext executionContext, ContextCallback callback, Object state)
   at System.Runtime.CompilerServices.AsyncTaskMethodBuilder`1.AsyncStateMachineBox`1.MoveNext(Thread threadPoolThread)
   at System.Runtime.CompilerServices.AsyncTaskMethodBuilder`1.AsyncStateMachineBox`1.MoveNext()
   at System.Threading.Tasks.AwaitTaskContinuation.RunOrScheduleAction(IAsyncStateMachineBox box, Boolean allowInlining)
   at System.Threading.Tasks.Task.RunContinuations(Object continuationObject)
   at System.Threading.Tasks.Task`1.TrySetResult(TResult result)
   at System.Runtime.CompilerServices.AsyncTaskMethodBuilder`1.SetExistingTaskResult(Task`1 task, TResult result)
   at System.Runtime.CompilerServices.AsyncValueTaskMethodBuilder`1.SetResult(TResult result)
   at Polly.Utils.Pipeline.BridgeComponent`1.<ExecuteCore>g__ConvertValueTaskAsync|4_0[TResult,TState](ValueTask`1 valueTask, ResilienceContext resilienceContext)
   at System.Runtime.CompilerServices.AsyncTaskMethodBuilder`1.AsyncStateMachineBox`1.ExecutionContextCallback(Object s)
   at System.Threading.ExecutionContext.RunInternal(ExecutionContext executionContext, ContextCallback callback, Object state)
   at System.Runtime.CompilerServices.AsyncTaskMethodBuilder`1.AsyncStateMachineBox`1.MoveNext(Thread threadPoolThread)
   at System.Runtime.CompilerServices.AsyncTaskMethodBuilder`1.AsyncStateMachineBox`1.MoveNext()
   at System.Threading.Tasks.AwaitTaskContinuation.RunOrScheduleAction(IAsyncStateMachineBox box, Boolean allowInlining)
   at System.Threading.Tasks.Task.RunContinuations(Object continuationObject)
   at System.Threading.Tasks.Task`1.TrySetResult(TResult result)
   at System.Runtime.CompilerServices.AsyncTaskMethodBuilder`1.SetExistingTaskResult(Task`1 task, TResult result)
   at System.Runtime.CompilerServices.AsyncValueTaskMethodBuilder`1.SetResult(TResult result)
   at Polly.Retry.RetryResilienceStrategy`1.ExecuteCore[TState](Func`3 callback, ResilienceContext context, TState state)
   at System.Runtime.CompilerServices.AsyncTaskMethodBuilder`1.AsyncStateMachineBox`1.ExecutionContextCallback(Object s)
   at System.Threading.ExecutionContext.RunInternal(ExecutionContext executionContext, ContextCallback callback, Object state)
   at System.Runtime.CompilerServices.AsyncTaskMethodBuilder`1.AsyncStateMachineBox`1.MoveNext(Thread threadPoolThread)
   at System.Runtime.CompilerServices.AsyncTaskMethodBuilder`1.AsyncStateMachineBox`1.MoveNext()
   at System.Threading.Tasks.AwaitTaskContinuation.RunOrScheduleAction(IAsyncStateMachineBox box, Boolean allowInlining)
   at System.Threading.Tasks.Task.RunContinuations(Object continuationObject)
   at System.Threading.Tasks.Task`1.TrySetResult(TResult result)
   at System.Runtime.CompilerServices.AsyncTaskMethodBuilder`1.SetExistingTaskResult(Task`1 task, TResult result)
   at System.Runtime.CompilerServices.AsyncValueTaskMethodBuilder`1.SetResult(TResult result)
   at Polly.Utils.Pipeline.BridgeComponent`1.<>c__4`2.<<ExecuteCore>b__4_1>d.MoveNext()
   at System.Runtime.CompilerServices.AsyncTaskMethodBuilder`1.AsyncStateMachineBox`1.ExecutionContextCallback(Object s)
   at System.Threading.ExecutionContext.RunInternal(ExecutionContext executionContext, ContextCallback callback, Object state)
   at System.Runtime.CompilerServices.AsyncTaskMethodBuilder`1.AsyncStateMachineBox`1.MoveNext(Thread threadPoolThread)
   at System.Runtime.CompilerServices.AsyncTaskMethodBuilder`1.AsyncStateMachineBox`1.MoveNext()
   at System.Threading.Tasks.AwaitTaskContinuation.RunOrScheduleAction(IAsyncStateMachineBox box, Boolean allowInlining)
   at System.Threading.Tasks.Task.RunContinuations(Object continuationObject)
   at System.Threading.Tasks.Task`1.TrySetResult(TResult result)
   at System.Runtime.CompilerServices.AsyncTaskMethodBuilder`1.SetExistingTaskResult(Task`1 task, TResult result)
   at System.Runtime.CompilerServices.AsyncValueTaskMethodBuilder`1.SetResult(TResult result)
   at Polly.ResiliencePipeline.<>c__10`1.<<ExecuteAsync>b__10_0>d.MoveNext()
   at System.Runtime.CompilerServices.AsyncTaskMethodBuilder`1.AsyncStateMachineBox`1.ExecutionContextCallback(Object s)
   at System.Threading.ExecutionContext.RunInternal(ExecutionContext executionContext, ContextCallback callback, Object state)
   at System.Runtime.CompilerServices.AsyncTaskMethodBuilder`1.AsyncStateMachineBox`1.MoveNext(Thread threadPoolThread)
   at System.Runtime.CompilerServices.AsyncTaskMethodBuilder`1.AsyncStateMachineBox`1.MoveNext()
   at System.Threading.Tasks.AwaitTaskContinuation.RunOrScheduleAction(IAsyncStateMachineBox box, Boolean allowInlining)
   at System.Threading.Tasks.Task.RunContinuations(Object continuationObject)
   at System.Threading.Tasks.Task.TrySetCanceled(CancellationToken tokenToRecord, Object cancellationException)
   at System.Runtime.CompilerServices.AsyncTaskMethodBuilder`1.SetException(Exception exception, Task`1& taskField)
   at Aspire.Hosting.Dcp.KubernetesService.<>c__DisplayClass29_0`1.<<ExecuteWithRetry>b__1>d.MoveNext() in /_/src/Aspire.Hosting/Dcp/KubernetesService.cs:line 485
   at System.Runtime.CompilerServices.AsyncTaskMethodBuilder`1.AsyncStateMachineBox`1.ExecutionContextCallback(Object s)
   at System.Threading.ExecutionContext.RunInternal(ExecutionContext executionContext, ContextCallback callback, Object state)
   at System.Runtime.CompilerServices.AsyncTaskMethodBuilder`1.AsyncStateMachineBox`1.MoveNext(Thread threadPoolThread)
   at System.Runtime.CompilerServices.AsyncTaskMethodBuilder`1.AsyncStateMachineBox`1.MoveNext()
   at System.Threading.Tasks.AwaitTaskContinuation.RunOrScheduleAction(IAsyncStateMachineBox box, Boolean allowInlining)
   at System.Threading.Tasks.Task.RunContinuations(Object continuationObject)
   at System.Threading.Tasks.Task.TrySetCanceled(CancellationToken tokenToRecord, Object cancellationException)
   at System.Runtime.CompilerServices.AsyncTaskMethodBuilder`1.SetException(Exception exception, Task`1& taskField)
   at System.Runtime.CompilerServices.AsyncTaskMethodBuilder`1.SetException(Exception exception)
   at Aspire.Hosting.Dcp.KubernetesService.EnsureKubernetesAsync(CancellationToken cancellationToken) in /_/src/Aspire.Hosting/Dcp/KubernetesService.cs:line 579
   at System.Runtime.CompilerServices.AsyncTaskMethodBuilder`1.AsyncStateMachineBox`1.ExecutionContextCallback(Object s)
   at System.Threading.ExecutionContext.RunInternal(ExecutionContext executionContext, ContextCallback callback, Object state)
   at System.Runtime.CompilerServices.AsyncTaskMethodBuilder`1.AsyncStateMachineBox`1.MoveNext(Thread threadPoolThread)
   at System.Runtime.CompilerServices.AsyncTaskMethodBuilder`1.AsyncStateMachineBox`1.MoveNext()
   at System.Threading.Tasks.AwaitTaskContinuation.RunOrScheduleAction(IAsyncStateMachineBox box, Boolean allowInlining)
   at System.Threading.Tasks.Task.RunContinuations(Object continuationObject)
   at System.Threading.Tasks.Task.TrySetCanceled(CancellationToken tokenToRecord, Object cancellationException)
   at System.Runtime.CompilerServices.AsyncTaskMethodBuilder`1.SetException(Exception exception, Task`1& taskField)
   at System.Threading.SemaphoreSlim.WaitUntilCountOrTimeoutAsync(TaskNode asyncWaiter, Int64 millisecondsTimeout, CancellationToken cancellationToken)
   at System.Threading.ExecutionContext.RunFromThreadPoolDispatchLoop(Thread threadPoolThread, ExecutionContext executionContext, ContextCallback callback, Object state)
   at System.Runtime.CompilerServices.AsyncTaskMethodBuilder`1.AsyncStateMachineBox`1.MoveNext(Thread threadPoolThread)
   at System.Threading.ThreadPoolWorkQueue.Dispatch()
   at System.Threading.PortableThreadPool.WorkerThread.WorkerThreadStart()
   at System.Threading.Thread.StartCallback()
--- End of stack trace from previous location ---
   at Polly.Outcome`1.GetResultOrRethrow()
   at Polly.ResiliencePipeline.ExecuteAsync[TResult](Func`2 callback, CancellationToken cancellationToken)
   at Aspire.Hosting.Dcp.KubernetesService.ExecuteWithRetry[TResult](DcpApiOperationType operationType, String resourceType, Func`2 operation, Func`2 isRetryable, CancellationToken cancellationToken) in /_/src/Aspire.Hosting/Dcp/KubernetesService.cs:line 481
   at Aspire.Hosting.Dcp.DcpExecutor.<>c__DisplayClass46_1`1.<<CreateDcpObjectsAsync>b__0>d.MoveNext() in /_/src/Aspire.Hosting/Dcp/DcpExecutor.cs:line 612
--- End of stack trace from previous location ---
   at Aspire.Hosting.Dcp.DcpExecutor.CreateDcpObjectsAsync[RT](IEnumerable`1 objects, CancellationToken cancellationToken) in /_/src/Aspire.Hosting/Dcp/DcpExecutor.cs:line 615
   at Aspire.Hosting.Dcp.DcpExecutor.<>c__DisplayClass33_1.<<RunApplicationAsync>b__5>d.MoveNext() in /_/src/Aspire.Hosting/Dcp/DcpExecutor.cs:line 227
--- End of stack trace from previous location ---
   at Aspire.Hosting.Dcp.DcpExecutor.RunApplicationAsync(CancellationToken ct) in /_/src/Aspire.Hosting/Dcp/DcpExecutor.cs:line 244
   at Aspire.Hosting.Orchestrator.ApplicationOrchestrator.RunApplicationAsync(CancellationToken cancellationToken) in /_/src/Aspire.Hosting/Orchestrator/ApplicationOrchestrator.cs:line 555
   at Aspire.Hosting.Orchestrator.OrchestratorHostService.StartAsync(CancellationToken cancellationToken) in /_/src/Aspire.Hosting/Orchestrator/OrchestratorHostService.cs:line 41
   at Microsoft.Extensions.Hosting.Internal.Host.<StartAsync>b__14_1(IHostedService service, CancellationToken token)
   at Microsoft.Extensions.Hosting.Internal.Host.ForeachService[T](IEnumerable`1 services, CancellationToken token, Boolean concurrent, Boolean abortOnFirstException, List`1 exceptions, Func`3 operation)
   at Microsoft.Extensions.Hosting.Internal.Host.StartAsync(CancellationToken cancellationToken)
   at Aspire.Hosting.Testing.DistributedApplicationFactory.ObservedHost.StartAsync(CancellationToken cancellationToken) in /_/src/Aspire.Hosting.Testing/DistributedApplicationFactory.cs:line 598
   at Aspire.Hosting.Testing.DistributedApplicationFactory.StartAsync(CancellationToken cancellationToken) in /_/src/Aspire.Hosting.Testing/DistributedApplicationFactory.cs:line 73
   at Aspire.Hosting.Testing.DistributedApplicationTestingBuilder.SuspendingDistributedApplicationFactory.DelegatedHost.StartAsync(CancellationToken cancellationToken) in /_/src/Aspire.Hosting.Testing/DistributedApplicationTestingBuilder.cs:line 314
   at Aspire.Hosting.Testing.DistributedApplicationTestingBuilder.SuspendingDistributedApplicationFactory.DelegatedDistributedApplication.StartAsync(CancellationToken cancellationToken) in /_/src/Aspire.Hosting.Testing/DistributedApplicationTestingBuilder.cs:line 289
   at AppHost.Tests.Infrastructure.ClearCommandAppFixture.InitializeAsync() in /home/teqs/github/MyBlog/tests/AppHost.Tests/Infrastructure/ClearCommandAppFixture.cs:line 53
----- Inner Stack Trace -----
   at System.Threading.CancellationToken.ThrowOperationCanceledException()
   at System.Threading.SemaphoreSlim.WaitUntilCountOrTimeoutAsync(TaskNode asyncWaiter, Int64 millisecondsTimeout, CancellationToken cancellationToken)
   at Aspire.Hosting.Dcp.KubernetesService.EnsureKubernetesAsync(CancellationToken cancellationToken) in /_/src/Aspire.Hosting/Dcp/KubernetesService.cs:line 579
   at Aspire.Hosting.Dcp.KubernetesService.<>c__DisplayClass29_0`1.<<ExecuteWithRetry>b__1>d.MoveNext() in /_/src/Aspire.Hosting/Dcp/KubernetesService.cs:line 485
--- End of stack trace from previous location ---
   at Polly.ResiliencePipeline.<>c__10`1.<<ExecuteAsync>b__10_0>d.MoveNext()
  Failed ShowMyBlogStats Returns Collection Names And Counts In Markdown [1 ms]
  Error Message:
   Collection fixture type 'AppHost.Tests.Infrastructure.ClearCommandAppFixture' threw in InitializeAsync
---- Polly.Timeout.TimeoutRejectedException : The operation didn't complete within the allowed timeout of '00:00:20'.
-------- System.OperationCanceledException : The operation was canceled.
  Stack Trace:
  
----- Inner Stack Trace -----
   at Polly.Utils.ExceptionUtilities.TrySetStackTrace[T](T exception)
   at Polly.Timeout.TimeoutResilienceStrategy.ExecuteCore[TResult,TState](Func`3 callback, ResilienceContext context, TState state)
   at System.Runtime.CompilerServices.AsyncTaskMethodBuilder`1.AsyncStateMachineBox`1.ExecutionContextCallback(Object s)
   at System.Threading.ExecutionContext.RunInternal(ExecutionContext executionContext, ContextCallback callback, Object state)
   at System.Runtime.CompilerServices.AsyncTaskMethodBuilder`1.AsyncStateMachineBox`1.MoveNext(Thread threadPoolThread)
   at System.Runtime.CompilerServices.AsyncTaskMethodBuilder`1.AsyncStateMachineBox`1.MoveNext()
   at System.Threading.Tasks.AwaitTaskContinuation.RunOrScheduleAction(IAsyncStateMachineBox box, Boolean allowInlining)
   at System.Threading.Tasks.Task.RunContinuations(Object continuationObject)
   at System.Threading.Tasks.Task`1.TrySetResult(TResult result)
   at System.Runtime.CompilerServices.AsyncTaskMethodBuilder`1.SetExistingTaskResult(Task`1 task, TResult result)
   at System.Runtime.CompilerServices.AsyncValueTaskMethodBuilder`1.SetResult(TResult result)
   at Polly.Utils.Pipeline.BridgeComponent`1.<ExecuteCore>g__ConvertValueTaskAsync|4_0[TResult,TState](ValueTask`1 valueTask, ResilienceContext resilienceContext)
   at System.Runtime.CompilerServices.AsyncTaskMethodBuilder`1.AsyncStateMachineBox`1.ExecutionContextCallback(Object s)
   at System.Threading.ExecutionContext.RunInternal(ExecutionContext executionContext, ContextCallback callback, Object state)
   at System.Runtime.CompilerServices.AsyncTaskMethodBuilder`1.AsyncStateMachineBox`1.MoveNext(Thread threadPoolThread)
   at System.Runtime.CompilerServices.AsyncTaskMethodBuilder`1.AsyncStateMachineBox`1.MoveNext()
   at System.Threading.Tasks.AwaitTaskContinuation.RunOrScheduleAction(IAsyncStateMachineBox box, Boolean allowInlining)
   at System.Threading.Tasks.Task.RunContinuations(Object continuationObject)
   at System.Threading.Tasks.Task`1.TrySetResult(TResult result)
   at System.Runtime.CompilerServices.AsyncTaskMethodBuilder`1.SetExistingTaskResult(Task`1 task, TResult result)
   at System.Runtime.CompilerServices.AsyncValueTaskMethodBuilder`1.SetResult(TResult result)
   at Polly.Retry.RetryResilienceStrategy`1.ExecuteCore[TState](Func`3 callback, ResilienceContext context, TState state)
   at System.Runtime.CompilerServices.AsyncTaskMethodBuilder`1.AsyncStateMachineBox`1.ExecutionContextCallback(Object s)
   at System.Threading.ExecutionContext.RunInternal(ExecutionContext executionContext, ContextCallback callback, Object state)
   at System.Runtime.CompilerServices.AsyncTaskMethodBuilder`1.AsyncStateMachineBox`1.MoveNext(Thread threadPoolThread)
   at System.Runtime.CompilerServices.AsyncTaskMethodBuilder`1.AsyncStateMachineBox`1.MoveNext()
   at System.Threading.Tasks.AwaitTaskContinuation.RunOrScheduleAction(IAsyncStateMachineBox box, Boolean allowInlining)
   at System.Threading.Tasks.Task.RunContinuations(Object continuationObject)
   at System.Threading.Tasks.Task`1.TrySetResult(TResult result)
   at System.Runtime.CompilerServices.AsyncTaskMethodBuilder`1.SetExistingTaskResult(Task`1 task, TResult result)
   at System.Runtime.CompilerServices.AsyncValueTaskMethodBuilder`1.SetResult(TResult result)
   at Polly.Utils.Pipeline.BridgeComponent`1.<>c__4`2.<<ExecuteCore>b__4_1>d.MoveNext()
   at System.Runtime.CompilerServices.AsyncTaskMethodBuilder`1.AsyncStateMachineBox`1.ExecutionContextCallback(Object s)
   at System.Threading.ExecutionContext.RunInternal(ExecutionContext executionContext, ContextCallback callback, Object state)
   at System.Runtime.CompilerServices.AsyncTaskMethodBuilder`1.AsyncStateMachineBox`1.MoveNext(Thread threadPoolThread)
   at System.Runtime.CompilerServices.AsyncTaskMethodBuilder`1.AsyncStateMachineBox`1.MoveNext()
   at System.Threading.Tasks.AwaitTaskContinuation.RunOrScheduleAction(IAsyncStateMachineBox box, Boolean allowInlining)
   at System.Threading.Tasks.Task.RunContinuations(Object continuationObject)
   at System.Threading.Tasks.Task`1.TrySetResult(TResult result)
   at System.Runtime.CompilerServices.AsyncTaskMethodBuilder`1.SetExistingTaskResult(Task`1 task, TResult result)
   at System.Runtime.CompilerServices.AsyncValueTaskMethodBuilder`1.SetResult(TResult result)
   at Polly.ResiliencePipeline.<>c__10`1.<<ExecuteAsync>b__10_0>d.MoveNext()
   at System.Runtime.CompilerServices.AsyncTaskMethodBuilder`1.AsyncStateMachineBox`1.ExecutionContextCallback(Object s)
   at System.Threading.ExecutionContext.RunInternal(ExecutionContext executionContext, ContextCallback callback, Object state)
   at System.Runtime.CompilerServices.AsyncTaskMethodBuilder`1.AsyncStateMachineBox`1.MoveNext(Thread threadPoolThread)
   at System.Runtime.CompilerServices.AsyncTaskMethodBuilder`1.AsyncStateMachineBox`1.MoveNext()
   at System.Threading.Tasks.AwaitTaskContinuation.RunOrScheduleAction(IAsyncStateMachineBox box, Boolean allowInlining)
   at System.Threading.Tasks.Task.RunContinuations(Object continuationObject)
   at System.Threading.Tasks.Task.TrySetCanceled(CancellationToken tokenToRecord, Object cancellationException)
   at System.Runtime.CompilerServices.AsyncTaskMethodBuilder`1.SetException(Exception exception, Task`1& taskField)
   at Aspire.Hosting.Dcp.KubernetesService.<>c__DisplayClass29_0`1.<<ExecuteWithRetry>b__1>d.MoveNext() in /_/src/Aspire.Hosting/Dcp/KubernetesService.cs:line 485
   at System.Runtime.CompilerServices.AsyncTaskMethodBuilder`1.AsyncStateMachineBox`1.ExecutionContextCallback(Object s)
   at System.Threading.ExecutionContext.RunInternal(ExecutionContext executionContext, ContextCallback callback, Object state)
   at System.Runtime.CompilerServices.AsyncTaskMethodBuilder`1.AsyncStateMachineBox`1.MoveNext(Thread threadPoolThread)
   at System.Runtime.CompilerServices.AsyncTaskMethodBuilder`1.AsyncStateMachineBox`1.MoveNext()
   at System.Threading.Tasks.AwaitTaskContinuation.RunOrScheduleAction(IAsyncStateMachineBox box, Boolean allowInlining)
   at System.Threading.Tasks.Task.RunContinuations(Object continuationObject)
   at System.Threading.Tasks.Task.TrySetCanceled(CancellationToken tokenToRecord, Object cancellationException)
   at System.Runtime.CompilerServices.AsyncTaskMethodBuilder`1.SetException(Exception exception, Task`1& taskField)
   at System.Runtime.CompilerServices.AsyncTaskMethodBuilder`1.SetException(Exception exception)
   at Aspire.Hosting.Dcp.KubernetesService.EnsureKubernetesAsync(CancellationToken cancellationToken) in /_/src/Aspire.Hosting/Dcp/KubernetesService.cs:line 579
   at System.Runtime.CompilerServices.AsyncTaskMethodBuilder`1.AsyncStateMachineBox`1.ExecutionContextCallback(Object s)
   at System.Threading.ExecutionContext.RunInternal(ExecutionContext executionContext, ContextCallback callback, Object state)
   at System.Runtime.CompilerServices.AsyncTaskMethodBuilder`1.AsyncStateMachineBox`1.MoveNext(Thread threadPoolThread)
   at System.Runtime.CompilerServices.AsyncTaskMethodBuilder`1.AsyncStateMachineBox`1.MoveNext()
   at System.Threading.Tasks.AwaitTaskContinuation.RunOrScheduleAction(IAsyncStateMachineBox box, Boolean allowInlining)
   at System.Threading.Tasks.Task.RunContinuations(Object continuationObject)
   at System.Threading.Tasks.Task.TrySetCanceled(CancellationToken tokenToRecord, Object cancellationException)
   at System.Runtime.CompilerServices.AsyncTaskMethodBuilder`1.SetException(Exception exception, Task`1& taskField)
   at System.Threading.SemaphoreSlim.WaitUntilCountOrTimeoutAsync(TaskNode asyncWaiter, Int64 millisecondsTimeout, CancellationToken cancellationToken)
   at System.Threading.ExecutionContext.RunFromThreadPoolDispatchLoop(Thread threadPoolThread, ExecutionContext executionContext, ContextCallback callback, Object state)
   at System.Runtime.CompilerServices.AsyncTaskMethodBuilder`1.AsyncStateMachineBox`1.MoveNext(Thread threadPoolThread)
   at System.Threading.ThreadPoolWorkQueue.Dispatch()
   at System.Threading.PortableThreadPool.WorkerThread.WorkerThreadStart()
   at System.Threading.Thread.StartCallback()
--- End of stack trace from previous location ---
   at Polly.Outcome`1.GetResultOrRethrow()
   at Polly.ResiliencePipeline.ExecuteAsync[TResult](Func`2 callback, CancellationToken cancellationToken)
   at Aspire.Hosting.Dcp.KubernetesService.ExecuteWithRetry[TResult](DcpApiOperationType operationType, String resourceType, Func`2 operation, Func`2 isRetryable, CancellationToken cancellationToken) in /_/src/Aspire.Hosting/Dcp/KubernetesService.cs:line 481
   at Aspire.Hosting.Dcp.DcpExecutor.<>c__DisplayClass46_1`1.<<CreateDcpObjectsAsync>b__0>d.MoveNext() in /_/src/Aspire.Hosting/Dcp/DcpExecutor.cs:line 612
--- End of stack trace from previous location ---
   at Aspire.Hosting.Dcp.DcpExecutor.CreateDcpObjectsAsync[RT](IEnumerable`1 objects, CancellationToken cancellationToken) in /_/src/Aspire.Hosting/Dcp/DcpExecutor.cs:line 615
   at Aspire.Hosting.Dcp.DcpExecutor.<>c__DisplayClass33_1.<<RunApplicationAsync>b__5>d.MoveNext() in /_/src/Aspire.Hosting/Dcp/DcpExecutor.cs:line 227
--- End of stack trace from previous location ---
   at Aspire.Hosting.Dcp.DcpExecutor.RunApplicationAsync(CancellationToken ct) in /_/src/Aspire.Hosting/Dcp/DcpExecutor.cs:line 244
   at Aspire.Hosting.Orchestrator.ApplicationOrchestrator.RunApplicationAsync(CancellationToken cancellationToken) in /_/src/Aspire.Hosting/Orchestrator/ApplicationOrchestrator.cs:line 555
   at Aspire.Hosting.Orchestrator.OrchestratorHostService.StartAsync(CancellationToken cancellationToken) in /_/src/Aspire.Hosting/Orchestrator/OrchestratorHostService.cs:line 41
   at Microsoft.Extensions.Hosting.Internal.Host.<StartAsync>b__14_1(IHostedService service, CancellationToken token)
   at Microsoft.Extensions.Hosting.Internal.Host.ForeachService[T](IEnumerable`1 services, CancellationToken token, Boolean concurrent, Boolean abortOnFirstException, List`1 exceptions, Func`3 operation)
   at Microsoft.Extensions.Hosting.Internal.Host.StartAsync(CancellationToken cancellationToken)
   at Aspire.Hosting.Testing.DistributedApplicationFactory.ObservedHost.StartAsync(CancellationToken cancellationToken) in /_/src/Aspire.Hosting.Testing/DistributedApplicationFactory.cs:line 598
   at Aspire.Hosting.Testing.DistributedApplicationFactory.StartAsync(CancellationToken cancellationToken) in /_/src/Aspire.Hosting.Testing/DistributedApplicationFactory.cs:line 73
   at Aspire.Hosting.Testing.DistributedApplicationTestingBuilder.SuspendingDistributedApplicationFactory.DelegatedHost.StartAsync(CancellationToken cancellationToken) in /_/src/Aspire.Hosting.Testing/DistributedApplicationTestingBuilder.cs:line 314
   at Aspire.Hosting.Testing.DistributedApplicationTestingBuilder.SuspendingDistributedApplicationFactory.DelegatedDistributedApplication.StartAsync(CancellationToken cancellationToken) in /_/src/Aspire.Hosting.Testing/DistributedApplicationTestingBuilder.cs:line 289
   at AppHost.Tests.Infrastructure.ClearCommandAppFixture.InitializeAsync() in /home/teqs/github/MyBlog/tests/AppHost.Tests/Infrastructure/ClearCommandAppFixture.cs:line 53
----- Inner Stack Trace -----
   at System.Threading.CancellationToken.ThrowOperationCanceledException()
   at System.Threading.SemaphoreSlim.WaitUntilCountOrTimeoutAsync(TaskNode asyncWaiter, Int64 millisecondsTimeout, CancellationToken cancellationToken)
   at Aspire.Hosting.Dcp.KubernetesService.EnsureKubernetesAsync(CancellationToken cancellationToken) in /_/src/Aspire.Hosting/Dcp/KubernetesService.cs:line 579
   at Aspire.Hosting.Dcp.KubernetesService.<>c__DisplayClass29_0`1.<<ExecuteWithRetry>b__1>d.MoveNext() in /_/src/Aspire.Hosting/Dcp/KubernetesService.cs:line 485
--- End of stack trace from previous location ---
   at Polly.ResiliencePipeline.<>c__10`1.<<ExecuteAsync>b__10_0>d.MoveNext()
  Passed MongoDb Resource Exposes SeedMyBlogData Command Annotation [32 ms]
  Passed SeedMyBlogData UpdateState Returns Disabled When MongoDB Is Unhealthy [21 ms]
  Passed SeedMyBlogData Command Is Not Highlighted [4 ms]
  Passed SeedMyBlogData UpdateState Returns Enabled When MongoDB Is Healthy [5 ms]
  Passed SeedMyBlogData Command Has No ConfirmationMessage [4 ms]
  Passed SeedMyBlogData Command Has DatabaseArrowUp Icon [4 ms]
[xUnit.net 00:01:01.70]     AppHost Starts Web And Resolves MongoDb Connection String [FAIL]
[xUnit.net 00:01:01.70]       Collection fixture type 'AppHost.Tests.Infrastructure.ClearCommandAppFixture' threw in InitializeAsync
[xUnit.net 00:01:01.70]       ---- Polly.Timeout.TimeoutRejectedException : The operation didn't complete within the allowed timeout of '00:00:20'.
[xUnit.net 00:01:01.70]       -------- System.OperationCanceledException : The operation was canceled.
[xUnit.net 00:01:01.70]       Stack Trace:
[xUnit.net 00:01:01.70]         
[xUnit.net 00:01:01.70]         ----- Inner Stack Trace -----
[xUnit.net 00:01:01.70]            at Polly.Utils.ExceptionUtilities.TrySetStackTrace[T](T exception)
[xUnit.net 00:01:01.70]            at Polly.Timeout.TimeoutResilienceStrategy.ExecuteCore[TResult,TState](Func`3 callback, ResilienceContext context, TState state)
[xUnit.net 00:01:01.70]            at System.Runtime.CompilerServices.AsyncTaskMethodBuilder`1.AsyncStateMachineBox`1.ExecutionContextCallback(Object s)
[xUnit.net 00:01:01.70]            at System.Threading.ExecutionContext.RunInternal(ExecutionContext executionContext, ContextCallback callback, Object state)
[xUnit.net 00:01:01.70]            at System.Runtime.CompilerServices.AsyncTaskMethodBuilder`1.AsyncStateMachineBox`1.MoveNext(Thread threadPoolThread)
[xUnit.net 00:01:01.70]            at System.Runtime.CompilerServices.AsyncTaskMethodBuilder`1.AsyncStateMachineBox`1.MoveNext()
[xUnit.net 00:01:01.70]            at System.Threading.Tasks.AwaitTaskContinuation.RunOrScheduleAction(IAsyncStateMachineBox box, Boolean allowInlining)
[xUnit.net 00:01:01.70]            at System.Threading.Tasks.Task.RunContinuations(Object continuationObject)
[xUnit.net 00:01:01.70]            at System.Threading.Tasks.Task`1.TrySetResult(TResult result)
[xUnit.net 00:01:01.70]            at System.Runtime.CompilerServices.AsyncTaskMethodBuilder`1.SetExistingTaskResult(Task`1 task, TResult result)
[xUnit.net 00:01:01.70]            at System.Runtime.CompilerServices.AsyncValueTaskMethodBuilder`1.SetResult(TResult result)
[xUnit.net 00:01:01.70]            at Polly.Utils.Pipeline.BridgeComponent`1.<ExecuteCore>g__ConvertValueTaskAsync|4_0[TResult,TState](ValueTask`1 valueTask, ResilienceContext resilienceContext)
[xUnit.net 00:01:01.70]            at System.Runtime.CompilerServices.AsyncTaskMethodBuilder`1.AsyncStateMachineBox`1.ExecutionContextCallback(Object s)
[xUnit.net 00:01:01.70]            at System.Threading.ExecutionContext.RunInternal(ExecutionContext executionContext, ContextCallback callback, Object state)
[xUnit.net 00:01:01.70]            at System.Runtime.CompilerServices.AsyncTaskMethodBuilder`1.AsyncStateMachineBox`1.MoveNext(Thread threadPoolThread)
[xUnit.net 00:01:01.70]            at System.Runtime.CompilerServices.AsyncTaskMethodBuilder`1.AsyncStateMachineBox`1.MoveNext()
[xUnit.net 00:01:01.70]            at System.Threading.Tasks.AwaitTaskContinuation.RunOrScheduleAction(IAsyncStateMachineBox box, Boolean allowInlining)
[xUnit.net 00:01:01.70]            at System.Threading.Tasks.Task.RunContinuations(Object continuationObject)
[xUnit.net 00:01:01.70]            at System.Threading.Tasks.Task`1.TrySetResult(TResult result)
[xUnit.net 00:01:01.70]            at System.Runtime.CompilerServices.AsyncTaskMethodBuilder`1.SetExistingTaskResult(Task`1 task, TResult result)
[xUnit.net 00:01:01.70]            at System.Runtime.CompilerServices.AsyncValueTaskMethodBuilder`1.SetResult(TResult result)
[xUnit.net 00:01:01.70]            at Polly.Retry.RetryResilienceStrategy`1.ExecuteCore[TState](Func`3 callback, ResilienceContext context, TState state)
[xUnit.net 00:01:01.70]            at System.Runtime.CompilerServices.AsyncTaskMethodBuilder`1.AsyncStateMachineBox`1.ExecutionContextCallback(Object s)
[xUnit.net 00:01:01.70]            at System.Threading.ExecutionContext.RunInternal(ExecutionContext executionContext, ContextCallback callback, Object state)
[xUnit.net 00:01:01.70]            at System.Runtime.CompilerServices.AsyncTaskMethodBuilder`1.AsyncStateMachineBox`1.MoveNext(Thread threadPoolThread)
[xUnit.net 00:01:01.70]            at System.Runtime.CompilerServices.AsyncTaskMethodBuilder`1.AsyncStateMachineBox`1.MoveNext()
[xUnit.net 00:01:01.70]            at System.Threading.Tasks.AwaitTaskContinuation.RunOrScheduleAction(IAsyncStateMachineBox box, Boolean allowInlining)
[xUnit.net 00:01:01.70]            at System.Threading.Tasks.Task.RunContinuations(Object continuationObject)
[xUnit.net 00:01:01.70]            at System.Threading.Tasks.Task`1.TrySetResult(TResult result)
[xUnit.net 00:01:01.70]            at System.Runtime.CompilerServices.AsyncTaskMethodBuilder`1.SetExistingTaskResult(Task`1 task, TResult result)
[xUnit.net 00:01:01.70]            at System.Runtime.CompilerServices.AsyncValueTaskMethodBuilder`1.SetResult(TResult result)
[xUnit.net 00:01:01.70]            at Polly.Utils.Pipeline.BridgeComponent`1.<>c__4`2.<<ExecuteCore>b__4_1>d.MoveNext()
[xUnit.net 00:01:01.70]            at System.Runtime.CompilerServices.AsyncTaskMethodBuilder`1.AsyncStateMachineBox`1.ExecutionContextCallback(Object s)
[xUnit.net 00:01:01.70]            at System.Threading.ExecutionContext.RunInternal(ExecutionContext executionContext, ContextCallback callback, Object state)
[xUnit.net 00:01:01.70]            at System.Runtime.CompilerServices.AsyncTaskMethodBuilder`1.AsyncStateMachineBox`1.MoveNext(Thread threadPoolThread)
[xUnit.net 00:01:01.70]            at System.Runtime.CompilerServices.AsyncTaskMethodBuilder`1.AsyncStateMachineBox`1.MoveNext()
[xUnit.net 00:01:01.70]            at System.Threading.Tasks.AwaitTaskContinuation.RunOrScheduleAction(IAsyncStateMachineBox box, Boolean allowInlining)
[xUnit.net 00:01:01.70]            at System.Threading.Tasks.Task.RunContinuations(Object continuationObject)
[xUnit.net 00:01:01.70]            at System.Threading.Tasks.Task`1.TrySetResult(TResult result)
[xUnit.net 00:01:01.70]            at System.Runtime.CompilerServices.AsyncTaskMethodBuilder`1.SetExistingTaskResult(Task`1 task, TResult result)
[xUnit.net 00:01:01.70]            at System.Runtime.CompilerServices.AsyncValueTaskMethodBuilder`1.SetResult(TResult result)
[xUnit.net 00:01:01.70]            at Polly.ResiliencePipeline.<>c__10`1.<<ExecuteAsync>b__10_0>d.MoveNext()
[xUnit.net 00:01:01.70]            at System.Runtime.CompilerServices.AsyncTaskMethodBuilder`1.AsyncStateMachineBox`1.ExecutionContextCallback(Object s)
[xUnit.net 00:01:01.70]            at System.Threading.ExecutionContext.RunInternal(ExecutionContext executionContext, ContextCallback callback, Object state)
[xUnit.net 00:01:01.70]            at System.Runtime.CompilerServices.AsyncTaskMethodBuilder`1.AsyncStateMachineBox`1.MoveNext(Thread threadPoolThread)
[xUnit.net 00:01:01.70]            at System.Runtime.CompilerServices.AsyncTaskMethodBuilder`1.AsyncStateMachineBox`1.MoveNext()
[xUnit.net 00:01:01.70]            at System.Threading.Tasks.AwaitTaskContinuation.RunOrScheduleAction(IAsyncStateMachineBox box, Boolean allowInlining)
[xUnit.net 00:01:01.70]            at System.Threading.Tasks.Task.RunContinuations(Object continuationObject)
[xUnit.net 00:01:01.70]            at System.Threading.Tasks.Task.TrySetCanceled(CancellationToken tokenToRecord, Object cancellationException)
[xUnit.net 00:01:01.70]            at System.Runtime.CompilerServices.AsyncTaskMethodBuilder`1.SetException(Exception exception, Task`1& taskField)
[xUnit.net 00:01:01.70]         /_/src/Aspire.Hosting/Dcp/KubernetesService.cs(485,0): at Aspire.Hosting.Dcp.KubernetesService.<>c__DisplayClass29_0`1.<<ExecuteWithRetry>b__1>d.MoveNext()
[xUnit.net 00:01:01.70]            at System.Runtime.CompilerServices.AsyncTaskMethodBuilder`1.AsyncStateMachineBox`1.ExecutionContextCallback(Object s)
[xUnit.net 00:01:01.70]            at System.Threading.ExecutionContext.RunInternal(ExecutionContext executionContext, ContextCallback callback, Object state)
[xUnit.net 00:01:01.70]            at System.Runtime.CompilerServices.AsyncTaskMethodBuilder`1.AsyncStateMachineBox`1.MoveNext(Thread threadPoolThread)
[xUnit.net 00:01:01.70]            at System.Runtime.CompilerServices.AsyncTaskMethodBuilder`1.AsyncStateMachineBox`1.MoveNext()
[xUnit.net 00:01:01.70]            at System.Threading.Tasks.AwaitTaskContinuation.RunOrScheduleAction(IAsyncStateMachineBox box, Boolean allowInlining)
[xUnit.net 00:01:01.70]            at System.Threading.Tasks.Task.RunContinuations(Object continuationObject)
[xUnit.net 00:01:01.70]            at System.Threading.Tasks.Task.TrySetCanceled(CancellationToken tokenToRecord, Object cancellationException)
[xUnit.net 00:01:01.70]            at System.Runtime.CompilerServices.AsyncTaskMethodBuilder`1.SetException(Exception exception, Task`1& taskField)
[xUnit.net 00:01:01.70]            at System.Runtime.CompilerServices.AsyncTaskMethodBuilder`1.SetException(Exception exception)
[xUnit.net 00:01:01.70]         /_/src/Aspire.Hosting/Dcp/KubernetesService.cs(579,0): at Aspire.Hosting.Dcp.KubernetesService.EnsureKubernetesAsync(CancellationToken cancellationToken)
[xUnit.net 00:01:01.70]            at System.Runtime.CompilerServices.AsyncTaskMethodBuilder`1.AsyncStateMachineBox`1.ExecutionContextCallback(Object s)
[xUnit.net 00:01:01.70]            at System.Threading.ExecutionContext.RunInternal(ExecutionContext executionContext, ContextCallback callback, Object state)
[xUnit.net 00:01:01.70]            at System.Runtime.CompilerServices.AsyncTaskMethodBuilder`1.AsyncStateMachineBox`1.MoveNext(Thread threadPoolThread)
[xUnit.net 00:01:01.70]            at System.Runtime.CompilerServices.AsyncTaskMethodBuilder`1.AsyncStateMachineBox`1.MoveNext()
[xUnit.net 00:01:01.70]            at System.Threading.Tasks.AwaitTaskContinuation.RunOrScheduleAction(IAsyncStateMachineBox box, Boolean allowInlining)
[xUnit.net 00:01:01.70]            at System.Threading.Tasks.Task.RunContinuations(Object continuationObject)
[xUnit.net 00:01:01.70]            at System.Threading.Tasks.Task.TrySetCanceled(CancellationToken tokenToRecord, Object cancellationException)
[xUnit.net 00:01:01.70]            at System.Runtime.CompilerServices.AsyncTaskMethodBuilder`1.SetException(Exception exception, Task`1& taskField)
[xUnit.net 00:01:01.70]            at System.Threading.SemaphoreSlim.WaitUntilCountOrTimeoutAsync(TaskNode asyncWaiter, Int64 millisecondsTimeout, CancellationToken cancellationToken)
[xUnit.net 00:01:01.70]            at System.Threading.ExecutionContext.RunFromThreadPoolDispatchLoop(Thread threadPoolThread, ExecutionContext executionContext, ContextCallback callback, Object state)
[xUnit.net 00:01:01.70]            at System.Runtime.CompilerServices.AsyncTaskMethodBuilder`1.AsyncStateMachineBox`1.MoveNext(Thread threadPoolThread)
[xUnit.net 00:01:01.70]            at System.Threading.ThreadPoolWorkQueue.Dispatch()
[xUnit.net 00:01:01.70]            at System.Threading.PortableThreadPool.WorkerThread.WorkerThreadStart()
[xUnit.net 00:01:01.70]            at System.Threading.Thread.StartCallback()
[xUnit.net 00:01:01.70]         --- End of stack trace from previous location ---
[xUnit.net 00:01:01.70]            at Polly.Outcome`1.GetResultOrRethrow()
[xUnit.net 00:01:01.70]            at Polly.ResiliencePipeline.ExecuteAsync[TResult](Func`2 callback, CancellationToken cancellationToken)
[xUnit.net 00:01:01.70]         /_/src/Aspire.Hosting/Dcp/KubernetesService.cs(481,0): at Aspire.Hosting.Dcp.KubernetesService.ExecuteWithRetry[TResult](DcpApiOperationType operationType, String resourceType, Func`2 operation, Func`2 isRetryable, CancellationToken cancellationToken)
[xUnit.net 00:01:01.70]         /_/src/Aspire.Hosting/Dcp/DcpExecutor.cs(612,0): at Aspire.Hosting.Dcp.DcpExecutor.<>c__DisplayClass46_1`1.<<CreateDcpObjectsAsync>b__0>d.MoveNext()
[xUnit.net 00:01:01.70]         --- End of stack trace from previous location ---
[xUnit.net 00:01:01.70]         /_/src/Aspire.Hosting/Dcp/DcpExecutor.cs(615,0): at Aspire.Hosting.Dcp.DcpExecutor.CreateDcpObjectsAsync[RT](IEnumerable`1 objects, CancellationToken cancellationToken)
[xUnit.net 00:01:01.70]         /_/src/Aspire.Hosting/Dcp/DcpExecutor.cs(227,0): at Aspire.Hosting.Dcp.DcpExecutor.<>c__DisplayClass33_1.<<RunApplicationAsync>b__5>d.MoveNext()
[xUnit.net 00:01:01.70]         --- End of stack trace from previous location ---
[xUnit.net 00:01:01.70]         /_/src/Aspire.Hosting/Dcp/DcpExecutor.cs(244,0): at Aspire.Hosting.Dcp.DcpExecutor.RunApplicationAsync(CancellationToken ct)
[xUnit.net 00:01:01.70]         /_/src/Aspire.Hosting/Orchestrator/ApplicationOrchestrator.cs(555,0): at Aspire.Hosting.Orchestrator.ApplicationOrchestrator.RunApplicationAsync(CancellationToken cancellationToken)
[xUnit.net 00:01:01.70]         /_/src/Aspire.Hosting/Orchestrator/OrchestratorHostService.cs(41,0): at Aspire.Hosting.Orchestrator.OrchestratorHostService.StartAsync(CancellationToken cancellationToken)
[xUnit.net 00:01:01.70]            at Microsoft.Extensions.Hosting.Internal.Host.<StartAsync>b__14_1(IHostedService service, CancellationToken token)
[xUnit.net 00:01:01.70]            at Microsoft.Extensions.Hosting.Internal.Host.ForeachService[T](IEnumerable`1 services, CancellationToken token, Boolean concurrent, Boolean abortOnFirstException, List`1 exceptions, Func`3 operation)
[xUnit.net 00:01:01.70]            at Microsoft.Extensions.Hosting.Internal.Host.StartAsync(CancellationToken cancellationToken)
[xUnit.net 00:01:01.70]         /_/src/Aspire.Hosting.Testing/DistributedApplicationFactory.cs(598,0): at Aspire.Hosting.Testing.DistributedApplicationFactory.ObservedHost.StartAsync(CancellationToken cancellationToken)
[xUnit.net 00:01:01.70]         /_/src/Aspire.Hosting.Testing/DistributedApplicationFactory.cs(73,0): at Aspire.Hosting.Testing.DistributedApplicationFactory.StartAsync(CancellationToken cancellationToken)
[xUnit.net 00:01:01.70]         /_/src/Aspire.Hosting.Testing/DistributedApplicationTestingBuilder.cs(314,0): at Aspire.Hosting.Testing.DistributedApplicationTestingBuilder.SuspendingDistributedApplicationFactory.DelegatedHost.StartAsync(CancellationToken cancellationToken)
[xUnit.net 00:01:01.70]         /_/src/Aspire.Hosting.Testing/DistributedApplicationTestingBuilder.cs(289,0): at Aspire.Hosting.Testing.DistributedApplicationTestingBuilder.SuspendingDistributedApplicationFactory.DelegatedDistributedApplication.StartAsync(CancellationToken cancellationToken)
[xUnit.net 00:01:01.70]         /home/teqs/github/MyBlog/tests/AppHost.Tests/Infrastructure/ClearCommandAppFixture.cs(53,0): at AppHost.Tests.Infrastructure.ClearCommandAppFixture.InitializeAsync()
[xUnit.net 00:01:01.70]         ----- Inner Stack Trace -----
[xUnit.net 00:01:01.70]            at System.Threading.CancellationToken.ThrowOperationCanceledException()
[xUnit.net 00:01:01.70]            at System.Threading.SemaphoreSlim.WaitUntilCountOrTimeoutAsync(TaskNode asyncWaiter, Int64 millisecondsTimeout, CancellationToken cancellationToken)
[xUnit.net 00:01:01.70]         /_/src/Aspire.Hosting/Dcp/KubernetesService.cs(579,0): at Aspire.Hosting.Dcp.KubernetesService.EnsureKubernetesAsync(CancellationToken cancellationToken)
[xUnit.net 00:01:01.70]         /_/src/Aspire.Hosting/Dcp/KubernetesService.cs(485,0): at Aspire.Hosting.Dcp.KubernetesService.<>c__DisplayClass29_0`1.<<ExecuteWithRetry>b__1>d.MoveNext()
[xUnit.net 00:01:01.70]         --- End of stack trace from previous location ---
[xUnit.net 00:01:01.70]            at Polly.ResiliencePipeline.<>c__10`1.<<ExecuteAsync>b__10_0>d.MoveNext()
[xUnit.net 00:01:01.71]     ClearMyBlogData Collection Failure Is Reported As Warning And Other Collections Continue [FAIL]
[xUnit.net 00:01:01.71]       Collection fixture type 'AppHost.Tests.Infrastructure.ClearCommandAppFixture' threw in InitializeAsync
[xUnit.net 00:01:01.71]       ---- Polly.Timeout.TimeoutRejectedException : The operation didn't complete within the allowed timeout of '00:00:20'.
[xUnit.net 00:01:01.71]       -------- System.OperationCanceledException : The operation was canceled.
[xUnit.net 00:01:01.71]       Stack Trace:
[xUnit.net 00:01:01.71]         
[xUnit.net 00:01:01.71]         ----- Inner Stack Trace -----
[xUnit.net 00:01:01.71]            at Polly.Utils.ExceptionUtilities.TrySetStackTrace[T](T exception)
[xUnit.net 00:01:01.71]            at Polly.Timeout.TimeoutResilienceStrategy.ExecuteCore[TResult,TState](Func`3 callback, ResilienceContext context, TState state)
[xUnit.net 00:01:01.71]            at System.Runtime.CompilerServices.AsyncTaskMethodBuilder`1.AsyncStateMachineBox`1.ExecutionContextCallback(Object s)
[xUnit.net 00:01:01.71]            at System.Threading.ExecutionContext.RunInternal(ExecutionContext executionContext, ContextCallback callback, Object state)
[xUnit.net 00:01:01.71]            at System.Runtime.CompilerServices.AsyncTaskMethodBuilder`1.AsyncStateMachineBox`1.MoveNext(Thread threadPoolThread)
[xUnit.net 00:01:01.71]            at System.Runtime.CompilerServices.AsyncTaskMethodBuilder`1.AsyncStateMachineBox`1.MoveNext()
[xUnit.net 00:01:01.71]            at System.Threading.Tasks.AwaitTaskContinuation.RunOrScheduleAction(IAsyncStateMachineBox box, Boolean allowInlining)
[xUnit.net 00:01:01.71]            at System.Threading.Tasks.Task.RunContinuations(Object continuationObject)
[xUnit.net 00:01:01.71]            at System.Threading.Tasks.Task`1.TrySetResult(TResult result)
[xUnit.net 00:01:01.71]            at System.Runtime.CompilerServices.AsyncTaskMethodBuilder`1.SetExistingTaskResult(Task`1 task, TResult result)
[xUnit.net 00:01:01.71]            at System.Runtime.CompilerServices.AsyncValueTaskMethodBuilder`1.SetResult(TResult result)
[xUnit.net 00:01:01.71]            at Polly.Utils.Pipeline.BridgeComponent`1.<ExecuteCore>g__ConvertValueTaskAsync|4_0[TResult,TState](ValueTask`1 valueTask, ResilienceContext resilienceContext)
[xUnit.net 00:01:01.71]            at System.Runtime.CompilerServices.AsyncTaskMethodBuilder`1.AsyncStateMachineBox`1.ExecutionContextCallback(Object s)
[xUnit.net 00:01:01.71]            at System.Threading.ExecutionContext.RunInternal(ExecutionContext executionContext, ContextCallback callback, Object state)
[xUnit.net 00:01:01.71]            at System.Runtime.CompilerServices.AsyncTaskMethodBuilder`1.AsyncStateMachineBox`1.MoveNext(Thread threadPoolThread)
[xUnit.net 00:01:01.71]            at System.Runtime.CompilerServices.AsyncTaskMethodBuilder`1.AsyncStateMachineBox`1.MoveNext()
[xUnit.net 00:01:01.71]            at System.Threading.Tasks.AwaitTaskContinuation.RunOrScheduleAction(IAsyncStateMachineBox box, Boolean allowInlining)
[xUnit.net 00:01:01.71]            at System.Threading.Tasks.Task.RunContinuations(Object continuationObject)
[xUnit.net 00:01:01.71]            at System.Threading.Tasks.Task`1.TrySetResult(TResult result)
[xUnit.net 00:01:01.71]            at System.Runtime.CompilerServices.AsyncTaskMethodBuilder`1.SetExistingTaskResult(Task`1 task, TResult result)
[xUnit.net 00:01:01.71]            at System.Runtime.CompilerServices.AsyncValueTaskMethodBuilder`1.SetResult(TResult result)
[xUnit.net 00:01:01.71]            at Polly.Retry.RetryResilienceStrategy`1.ExecuteCore[TState](Func`3 callback, ResilienceContext context, TState state)
[xUnit.net 00:01:01.71]            at System.Runtime.CompilerServices.AsyncTaskMethodBuilder`1.AsyncStateMachineBox`1.ExecutionContextCallback(Object s)
[xUnit.net 00:01:01.71]            at System.Threading.ExecutionContext.RunInternal(ExecutionContext executionContext, ContextCallback callback, Object state)
[xUnit.net 00:01:01.71]            at System.Runtime.CompilerServices.AsyncTaskMethodBuilder`1.AsyncStateMachineBox`1.MoveNext(Thread threadPoolThread)
[xUnit.net 00:01:01.71]            at System.Runtime.CompilerServices.AsyncTaskMethodBuilder`1.AsyncStateMachineBox`1.MoveNext()
[xUnit.net 00:01:01.71]            at System.Threading.Tasks.AwaitTaskContinuation.RunOrScheduleAction(IAsyncStateMachineBox box, Boolean allowInlining)
[xUnit.net 00:01:01.71]            at System.Threading.Tasks.Task.RunContinuations(Object continuationObject)
[xUnit.net 00:01:01.71]            at System.Threading.Tasks.Task`1.TrySetResult(TResult result)
[xUnit.net 00:01:01.71]            at System.Runtime.CompilerServices.AsyncTaskMethodBuilder`1.SetExistingTaskResult(Task`1 task, TResult result)
[xUnit.net 00:01:01.71]            at System.Runtime.CompilerServices.AsyncValueTaskMethodBuilder`1.SetResult(TResult result)
[xUnit.net 00:01:01.71]            at Polly.Utils.Pipeline.BridgeComponent`1.<>c__4`2.<<ExecuteCore>b__4_1>d.MoveNext()
[xUnit.net 00:01:01.71]            at System.Runtime.CompilerServices.AsyncTaskMethodBuilder`1.AsyncStateMachineBox`1.ExecutionContextCallback(Object s)
[xUnit.net 00:01:01.71]            at System.Threading.ExecutionContext.RunInternal(ExecutionContext executionContext, ContextCallback callback, Object state)
[xUnit.net 00:01:01.71]            at System.Runtime.CompilerServices.AsyncTaskMethodBuilder`1.AsyncStateMachineBox`1.MoveNext(Thread threadPoolThread)
[xUnit.net 00:01:01.71]            at System.Runtime.CompilerServices.AsyncTaskMethodBuilder`1.AsyncStateMachineBox`1.MoveNext()
[xUnit.net 00:01:01.71]            at System.Threading.Tasks.AwaitTaskContinuation.RunOrScheduleAction(IAsyncStateMachineBox box, Boolean allowInlining)
[xUnit.net 00:01:01.71]            at System.Threading.Tasks.Task.RunContinuations(Object continuationObject)
[xUnit.net 00:01:01.71]            at System.Threading.Tasks.Task`1.TrySetResult(TResult result)
[xUnit.net 00:01:01.71]            at System.Runtime.CompilerServices.AsyncTaskMethodBuilder`1.SetExistingTaskResult(Task`1 task, TResult result)
[xUnit.net 00:01:01.71]            at System.Runtime.CompilerServices.AsyncValueTaskMethodBuilder`1.SetResult(TResult result)
[xUnit.net 00:01:01.71]            at Polly.ResiliencePipeline.<>c__10`1.<<ExecuteAsync>b__10_0>d.MoveNext()
[xUnit.net 00:01:01.71]            at System.Runtime.CompilerServices.AsyncTaskMethodBuilder`1.AsyncStateMachineBox`1.ExecutionContextCallback(Object s)
[xUnit.net 00:01:01.71]            at System.Threading.ExecutionContext.RunInternal(ExecutionContext executionContext, ContextCallback callback, Object state)
[xUnit.net 00:01:01.71]            at System.Runtime.CompilerServices.AsyncTaskMethodBuilder`1.AsyncStateMachineBox`1.MoveNext(Thread threadPoolThread)
[xUnit.net 00:01:01.71]            at System.Runtime.CompilerServices.AsyncTaskMethodBuilder`1.AsyncStateMachineBox`1.MoveNext()
[xUnit.net 00:01:01.71]            at System.Threading.Tasks.AwaitTaskContinuation.RunOrScheduleAction(IAsyncStateMachineBox box, Boolean allowInlining)
[xUnit.net 00:01:01.71]            at System.Threading.Tasks.Task.RunContinuations(Object continuationObject)
[xUnit.net 00:01:01.71]            at System.Threading.Tasks.Task.TrySetCanceled(CancellationToken tokenToRecord, Object cancellationException)
[xUnit.net 00:01:01.71]            at System.Runtime.CompilerServices.AsyncTaskMethodBuilder`1.SetException(Exception exception, Task`1& taskField)
[xUnit.net 00:01:01.71]         /_/src/Aspire.Hosting/Dcp/KubernetesService.cs(485,0): at Aspire.Hosting.Dcp.KubernetesService.<>c__DisplayClass29_0`1.<<ExecuteWithRetry>b__1>d.MoveNext()
[xUnit.net 00:01:01.71]            at System.Runtime.CompilerServices.AsyncTaskMethodBuilder`1.AsyncStateMachineBox`1.ExecutionContextCallback(Object s)
[xUnit.net 00:01:01.71]            at System.Threading.ExecutionContext.RunInternal(ExecutionContext executionContext, ContextCallback callback, Object state)
[xUnit.net 00:01:01.71]            at System.Runtime.CompilerServices.AsyncTaskMethodBuilder`1.AsyncStateMachineBox`1.MoveNext(Thread threadPoolThread)
[xUnit.net 00:01:01.71]            at System.Runtime.CompilerServices.AsyncTaskMethodBuilder`1.AsyncStateMachineBox`1.MoveNext()
[xUnit.net 00:01:01.71]            at System.Threading.Tasks.AwaitTaskContinuation.RunOrScheduleAction(IAsyncStateMachineBox box, Boolean allowInlining)
[xUnit.net 00:01:01.71]            at System.Threading.Tasks.Task.RunContinuations(Object continuationObject)
[xUnit.net 00:01:01.71]            at System.Threading.Tasks.Task.TrySetCanceled(CancellationToken tokenToRecord, Object cancellationException)
[xUnit.net 00:01:01.71]            at System.Runtime.CompilerServices.AsyncTaskMethodBuilder`1.SetException(Exception exception, Task`1& taskField)
[xUnit.net 00:01:01.71]            at System.Runtime.CompilerServices.AsyncTaskMethodBuilder`1.SetException(Exception exception)
[xUnit.net 00:01:01.71]         /_/src/Aspire.Hosting/Dcp/KubernetesService.cs(579,0): at Aspire.Hosting.Dcp.KubernetesService.EnsureKubernetesAsync(CancellationToken cancellationToken)
[xUnit.net 00:01:01.71]            at System.Runtime.CompilerServices.AsyncTaskMethodBuilder`1.AsyncStateMachineBox`1.ExecutionContextCallback(Object s)
[xUnit.net 00:01:01.71]            at System.Threading.ExecutionContext.RunInternal(ExecutionContext executionContext, ContextCallback callback, Object state)
[xUnit.net 00:01:01.71]            at System.Runtime.CompilerServices.AsyncTaskMethodBuilder`1.AsyncStateMachineBox`1.MoveNext(Thread threadPoolThread)
[xUnit.net 00:01:01.71]            at System.Runtime.CompilerServices.AsyncTaskMethodBuilder`1.AsyncStateMachineBox`1.MoveNext()
[xUnit.net 00:01:01.71]            at System.Threading.Tasks.AwaitTaskContinuation.RunOrScheduleAction(IAsyncStateMachineBox box, Boolean allowInlining)
[xUnit.net 00:01:01.71]            at System.Threading.Tasks.Task.RunContinuations(Object continuationObject)
[xUnit.net 00:01:01.71]            at System.Threading.Tasks.Task.TrySetCanceled(CancellationToken tokenToRecord, Object cancellationException)
[xUnit.net 00:01:01.71]            at System.Runtime.CompilerServices.AsyncTaskMethodBuilder`1.SetException(Exception exception, Task`1& taskField)
[xUnit.net 00:01:01.71]            at System.Threading.SemaphoreSlim.WaitUntilCountOrTimeoutAsync(TaskNode asyncWaiter, Int64 millisecondsTimeout, CancellationToken cancellationToken)
[xUnit.net 00:01:01.71]            at System.Threading.ExecutionContext.RunFromThreadPoolDispatchLoop(Thread threadPoolThread, ExecutionContext executionContext, ContextCallback callback, Object state)
[xUnit.net 00:01:01.71]            at System.Runtime.CompilerServices.AsyncTaskMethodBuilder`1.AsyncStateMachineBox`1.MoveNext(Thread threadPoolThread)
[xUnit.net 00:01:01.71]            at System.Threading.ThreadPoolWorkQueue.Dispatch()
[xUnit.net 00:01:01.71]            at System.Threading.PortableThreadPool.WorkerThread.WorkerThreadStart()
[xUnit.net 00:01:01.71]            at System.Threading.Thread.StartCallback()
[xUnit.net 00:01:01.71]         --- End of stack trace from previous location ---
[xUnit.net 00:01:01.71]            at Polly.Outcome`1.GetResultOrRethrow()
[xUnit.net 00:01:01.71]            at Polly.ResiliencePipeline.ExecuteAsync[TResult](Func`2 callback, CancellationToken cancellationToken)
[xUnit.net 00:01:01.71]         /_/src/Aspire.Hosting/Dcp/KubernetesService.cs(481,0): at Aspire.Hosting.Dcp.KubernetesService.ExecuteWithRetry[TResult](DcpApiOperationType operationType, String resourceType, Func`2 operation, Func`2 isRetryable, CancellationToken cancellationToken)
[xUnit.net 00:01:01.71]         /_/src/Aspire.Hosting/Dcp/DcpExecutor.cs(612,0): at Aspire.Hosting.Dcp.DcpExecutor.<>c__DisplayClass46_1`1.<<CreateDcpObjectsAsync>b__0>d.MoveNext()
[xUnit.net 00:01:01.71]         --- End of stack trace from previous location ---
[xUnit.net 00:01:01.71]         /_/src/Aspire.Hosting/Dcp/DcpExecutor.cs(615,0): at Aspire.Hosting.Dcp.DcpExecutor.CreateDcpObjectsAsync[RT](IEnumerable`1 objects, CancellationToken cancellationToken)
[xUnit.net 00:01:01.71]         /_/src/Aspire.Hosting/Dcp/DcpExecutor.cs(227,0): at Aspire.Hosting.Dcp.DcpExecutor.<>c__DisplayClass33_1.<<RunApplicationAsync>b__5>d.MoveNext()
[xUnit.net 00:01:01.71]         --- End of stack trace from previous location ---
[xUnit.net 00:01:01.71]         /_/src/Aspire.Hosting/Dcp/DcpExecutor.cs(244,0): at Aspire.Hosting.Dcp.DcpExecutor.RunApplicationAsync(CancellationToken ct)
[xUnit.net 00:01:01.71]         /_/src/Aspire.Hosting/Orchestrator/ApplicationOrchestrator.cs(555,0): at Aspire.Hosting.Orchestrator.ApplicationOrchestrator.RunApplicationAsync(CancellationToken cancellationToken)
[xUnit.net 00:01:01.71]         /_/src/Aspire.Hosting/Orchestrator/OrchestratorHostService.cs(41,0): at Aspire.Hosting.Orchestrator.OrchestratorHostService.StartAsync(CancellationToken cancellationToken)
[xUnit.net 00:01:01.71]            at Microsoft.Extensions.Hosting.Internal.Host.<StartAsync>b__14_1(IHostedService service, CancellationToken token)
[xUnit.net 00:01:01.71]            at Microsoft.Extensions.Hosting.Internal.Host.ForeachService[T](IEnumerable`1 services, CancellationToken token, Boolean concurrent, Boolean abortOnFirstException, List`1 exceptions, Func`3 operation)
[xUnit.net 00:01:01.71]            at Microsoft.Extensions.Hosting.Internal.Host.StartAsync(CancellationToken cancellationToken)
[xUnit.net 00:01:01.71]         /_/src/Aspire.Hosting.Testing/DistributedApplicationFactory.cs(598,0): at Aspire.Hosting.Testing.DistributedApplicationFactory.ObservedHost.StartAsync(CancellationToken cancellationToken)
[xUnit.net 00:01:01.71]         /_/src/Aspire.Hosting.Testing/DistributedApplicationFactory.cs(73,0): at Aspire.Hosting.Testing.DistributedApplicationFactory.StartAsync(CancellationToken cancellationToken)
[xUnit.net 00:01:01.71]         /_/src/Aspire.Hosting.Testing/DistributedApplicationTestingBuilder.cs(314,0): at Aspire.Hosting.Testing.DistributedApplicationTestingBuilder.SuspendingDistributedApplicationFactory.DelegatedHost.StartAsync(CancellationToken cancellationToken)
[xUnit.net 00:01:01.71]         /_/src/Aspire.Hosting.Testing/DistributedApplicationTestingBuilder.cs(289,0): at Aspire.Hosting.Testing.DistributedApplicationTestingBuilder.SuspendingDistributedApplicationFactory.DelegatedDistributedApplication.StartAsync(CancellationToken cancellationToken)
[xUnit.net 00:01:01.71]         /home/teqs/github/MyBlog/tests/AppHost.Tests/Infrastructure/ClearCommandAppFixture.cs(53,0): at AppHost.Tests.Infrastructure.ClearCommandAppFixture.InitializeAsync()
[xUnit.net 00:01:01.71]         ----- Inner Stack Trace -----
[xUnit.net 00:01:01.71]            at System.Threading.CancellationToken.ThrowOperationCanceledException()
[xUnit.net 00:01:01.71]            at System.Threading.SemaphoreSlim.WaitUntilCountOrTimeoutAsync(TaskNode asyncWaiter, Int64 millisecondsTimeout, CancellationToken cancellationToken)
[xUnit.net 00:01:01.71]         /_/src/Aspire.Hosting/Dcp/KubernetesService.cs(579,0): at Aspire.Hosting.Dcp.KubernetesService.EnsureKubernetesAsync(CancellationToken cancellationToken)
[xUnit.net 00:01:01.71]         /_/src/Aspire.Hosting/Dcp/KubernetesService.cs(485,0): at Aspire.Hosting.Dcp.KubernetesService.<>c__DisplayClass29_0`1.<<ExecuteWithRetry>b__1>d.MoveNext()
[xUnit.net 00:01:01.71]         --- End of stack trace from previous location ---
[xUnit.net 00:01:01.71]            at Polly.ResiliencePipeline.<>c__10`1.<<ExecuteAsync>b__10_0>d.MoveNext()
[xUnit.net 00:01:01.71]     ClearMyBlogData Concurrent Invocations Allow Only One Run [FAIL]
[xUnit.net 00:01:01.71]       Collection fixture type 'AppHost.Tests.Infrastructure.ClearCommandAppFixture' threw in InitializeAsync
[xUnit.net 00:01:01.71]       ---- Polly.Timeout.TimeoutRejectedException : The operation didn't complete within the allowed timeout of '00:00:20'.
[xUnit.net 00:01:01.71]       -------- System.OperationCanceledException : The operation was canceled.
[xUnit.net 00:01:01.71]       Stack Trace:
[xUnit.net 00:01:01.71]         
[xUnit.net 00:01:01.71]         ----- Inner Stack Trace -----
[xUnit.net 00:01:01.71]            at Polly.Utils.ExceptionUtilities.TrySetStackTrace[T](T exception)
[xUnit.net 00:01:01.71]            at Polly.Timeout.TimeoutResilienceStrategy.ExecuteCore[TResult,TState](Func`3 callback, ResilienceContext context, TState state)
[xUnit.net 00:01:01.71]            at System.Runtime.CompilerServices.AsyncTaskMethodBuilder`1.AsyncStateMachineBox`1.ExecutionContextCallback(Object s)
[xUnit.net 00:01:01.71]            at System.Threading.ExecutionContext.RunInternal(ExecutionContext executionContext, ContextCallback callback, Object state)
[xUnit.net 00:01:01.71]            at System.Runtime.CompilerServices.AsyncTaskMethodBuilder`1.AsyncStateMachineBox`1.MoveNext(Thread threadPoolThread)
[xUnit.net 00:01:01.71]            at System.Runtime.CompilerServices.AsyncTaskMethodBuilder`1.AsyncStateMachineBox`1.MoveNext()
[xUnit.net 00:01:01.71]            at System.Threading.Tasks.AwaitTaskContinuation.RunOrScheduleAction(IAsyncStateMachineBox box, Boolean allowInlining)
[xUnit.net 00:01:01.71]            at System.Threading.Tasks.Task.RunContinuations(Object continuationObject)
[xUnit.net 00:01:01.71]            at System.Threading.Tasks.Task`1.TrySetResult(TResult result)
[xUnit.net 00:01:01.71]            at System.Runtime.CompilerServices.AsyncTaskMethodBuilder`1.SetExistingTaskResult(Task`1 task, TResult result)
[xUnit.net 00:01:01.71]            at System.Runtime.CompilerServices.AsyncValueTaskMethodBuilder`1.SetResult(TResult result)
[xUnit.net 00:01:01.71]            at Polly.Utils.Pipeline.BridgeComponent`1.<ExecuteCore>g__ConvertValueTaskAsync|4_0[TResult,TState](ValueTask`1 valueTask, ResilienceContext resilienceContext)
[xUnit.net 00:01:01.71]            at System.Runtime.CompilerServices.AsyncTaskMethodBuilder`1.AsyncStateMachineBox`1.ExecutionContextCallback(Object s)
[xUnit.net 00:01:01.71]            at System.Threading.ExecutionContext.RunInternal(ExecutionContext executionContext, ContextCallback callback, Object state)
[xUnit.net 00:01:01.71]            at System.Runtime.CompilerServices.AsyncTaskMethodBuilder`1.AsyncStateMachineBox`1.MoveNext(Thread threadPoolThread)
[xUnit.net 00:01:01.71]            at System.Runtime.CompilerServices.AsyncTaskMethodBuilder`1.AsyncStateMachineBox`1.MoveNext()
[xUnit.net 00:01:01.71]            at System.Threading.Tasks.AwaitTaskContinuation.RunOrScheduleAction(IAsyncStateMachineBox box, Boolean allowInlining)
[xUnit.net 00:01:01.71]            at System.Threading.Tasks.Task.RunContinuations(Object continuationObject)
[xUnit.net 00:01:01.71]            at System.Threading.Tasks.Task`1.TrySetResult(TResult result)
[xUnit.net 00:01:01.71]            at System.Runtime.CompilerServices.AsyncTaskMethodBuilder`1.SetExistingTaskResult(Task`1 task, TResult result)
[xUnit.net 00:01:01.71]            at System.Runtime.CompilerServices.AsyncValueTaskMethodBuilder`1.SetResult(TResult result)
[xUnit.net 00:01:01.71]            at Polly.Retry.RetryResilienceStrategy`1.ExecuteCore[TState](Func`3 callback, ResilienceContext context, TState state)
[xUnit.net 00:01:01.71]            at System.Runtime.CompilerServices.AsyncTaskMethodBuilder`1.AsyncStateMachineBox`1.ExecutionContextCallback(Object s)
[xUnit.net 00:01:01.71]            at System.Threading.ExecutionContext.RunInternal(ExecutionContext executionContext, ContextCallback callback, Object state)
[xUnit.net 00:01:01.71]            at System.Runtime.CompilerServices.AsyncTaskMethodBuilder`1.AsyncStateMachineBox`1.MoveNext(Thread threadPoolThread)
[xUnit.net 00:01:01.71]            at System.Runtime.CompilerServices.AsyncTaskMethodBuilder`1.AsyncStateMachineBox`1.MoveNext()
[xUnit.net 00:01:01.71]            at System.Threading.Tasks.AwaitTaskContinuation.RunOrScheduleAction(IAsyncStateMachineBox box, Boolean allowInlining)
[xUnit.net 00:01:01.71]            at System.Threading.Tasks.Task.RunContinuations(Object continuationObject)
[xUnit.net 00:01:01.71]            at System.Threading.Tasks.Task`1.TrySetResult(TResult result)
[xUnit.net 00:01:01.71]            at System.Runtime.CompilerServices.AsyncTaskMethodBuilder`1.SetExistingTaskResult(Task`1 task, TResult result)
[xUnit.net 00:01:01.71]            at System.Runtime.CompilerServices.AsyncValueTaskMethodBuilder`1.SetResult(TResult result)
[xUnit.net 00:01:01.71]            at Polly.Utils.Pipeline.BridgeComponent`1.<>c__4`2.<<ExecuteCore>b__4_1>d.MoveNext()
[xUnit.net 00:01:01.71]            at System.Runtime.CompilerServices.AsyncTaskMethodBuilder`1.AsyncStateMachineBox`1.ExecutionContextCallback(Object s)
[xUnit.net 00:01:01.71]            at System.Threading.ExecutionContext.RunInternal(ExecutionContext executionContext, ContextCallback callback, Object state)
[xUnit.net 00:01:01.71]            at System.Runtime.CompilerServices.AsyncTaskMethodBuilder`1.AsyncStateMachineBox`1.MoveNext(Thread threadPoolThread)
[xUnit.net 00:01:01.71]            at System.Runtime.CompilerServices.AsyncTaskMethodBuilder`1.AsyncStateMachineBox`1.MoveNext()
[xUnit.net 00:01:01.71]            at System.Threading.Tasks.AwaitTaskContinuation.RunOrScheduleAction(IAsyncStateMachineBox box, Boolean allowInlining)
[xUnit.net 00:01:01.71]            at System.Threading.Tasks.Task.RunContinuations(Object continuationObject)
[xUnit.net 00:01:01.71]            at System.Threading.Tasks.Task`1.TrySetResult(TResult result)
[xUnit.net 00:01:01.71]            at System.Runtime.CompilerServices.AsyncTaskMethodBuilder`1.SetExistingTaskResult(Task`1 task, TResult result)
[xUnit.net 00:01:01.71]            at System.Runtime.CompilerServices.AsyncValueTaskMethodBuilder`1.SetResult(TResult result)
[xUnit.net 00:01:01.71]            at Polly.ResiliencePipeline.<>c__10`1.<<ExecuteAsync>b__10_0>d.MoveNext()
[xUnit.net 00:01:01.71]            at System.Runtime.CompilerServices.AsyncTaskMethodBuilder`1.AsyncStateMachineBox`1.ExecutionContextCallback(Object s)
[xUnit.net 00:01:01.71]            at System.Threading.ExecutionContext.RunInternal(ExecutionContext executionContext, ContextCallback callback, Object state)
[xUnit.net 00:01:01.71]            at System.Runtime.CompilerServices.AsyncTaskMethodBuilder`1.AsyncStateMachineBox`1.MoveNext(Thread threadPoolThread)
[xUnit.net 00:01:01.71]            at System.Runtime.CompilerServices.AsyncTaskMethodBuilder`1.AsyncStateMachineBox`1.MoveNext()
[xUnit.net 00:01:01.71]            at System.Threading.Tasks.AwaitTaskContinuation.RunOrScheduleAction(IAsyncStateMachineBox box, Boolean allowInlining)
[xUnit.net 00:01:01.71]            at System.Threading.Tasks.Task.RunContinuations(Object continuationObject)
[xUnit.net 00:01:01.71]            at System.Threading.Tasks.Task.TrySetCanceled(CancellationToken tokenToRecord, Object cancellationException)
[xUnit.net 00:01:01.71]            at System.Runtime.CompilerServices.AsyncTaskMethodBuilder`1.SetException(Exception exception, Task`1& taskField)
[xUnit.net 00:01:01.71]         /_/src/Aspire.Hosting/Dcp/KubernetesService.cs(485,0): at Aspire.Hosting.Dcp.KubernetesService.<>c__DisplayClass29_0`1.<<ExecuteWithRetry>b__1>d.MoveNext()
[xUnit.net 00:01:01.71]            at System.Runtime.CompilerServices.AsyncTaskMethodBuilder`1.AsyncStateMachineBox`1.ExecutionContextCallback(Object s)
[xUnit.net 00:01:01.71]            at System.Threading.ExecutionContext.RunInternal(ExecutionContext executionContext, ContextCallback callback, Object state)
[xUnit.net 00:01:01.71]            at System.Runtime.CompilerServices.AsyncTaskMethodBuilder`1.AsyncStateMachineBox`1.MoveNext(Thread threadPoolThread)
[xUnit.net 00:01:01.71]            at System.Runtime.CompilerServices.AsyncTaskMethodBuilder`1.AsyncStateMachineBox`1.MoveNext()
[xUnit.net 00:01:01.71]            at System.Threading.Tasks.AwaitTaskContinuation.RunOrScheduleAction(IAsyncStateMachineBox box, Boolean allowInlining)
[xUnit.net 00:01:01.71]            at System.Threading.Tasks.Task.RunContinuations(Object continuationObject)
[xUnit.net 00:01:01.71]            at System.Threading.Tasks.Task.TrySetCanceled(CancellationToken tokenToRecord, Object cancellationException)
[xUnit.net 00:01:01.71]            at System.Runtime.CompilerServices.AsyncTaskMethodBuilder`1.SetException(Exception exception, Task`1& taskField)
[xUnit.net 00:01:01.71]            at System.Runtime.CompilerServices.AsyncTaskMethodBuilder`1.SetException(Exception exception)
[xUnit.net 00:01:01.71]         /_/src/Aspire.Hosting/Dcp/KubernetesService.cs(579,0): at Aspire.Hosting.Dcp.KubernetesService.EnsureKubernetesAsync(CancellationToken cancellationToken)
[xUnit.net 00:01:01.71]            at System.Runtime.CompilerServices.AsyncTaskMethodBuilder`1.AsyncStateMachineBox`1.ExecutionContextCallback(Object s)
[xUnit.net 00:01:01.71]            at System.Threading.ExecutionContext.RunInternal(ExecutionContext executionContext, ContextCallback callback, Object state)
[xUnit.net 00:01:01.71]            at System.Runtime.CompilerServices.AsyncTaskMethodBuilder`1.AsyncStateMachineBox`1.MoveNext(Thread threadPoolThread)
[xUnit.net 00:01:01.71]            at System.Runtime.CompilerServices.AsyncTaskMethodBuilder`1.AsyncStateMachineBox`1.MoveNext()
[xUnit.net 00:01:01.71]            at System.Threading.Tasks.AwaitTaskContinuation.RunOrScheduleAction(IAsyncStateMachineBox box, Boolean allowInlining)
[xUnit.net 00:01:01.71]            at System.Threading.Tasks.Task.RunContinuations(Object continuationObject)
[xUnit.net 00:01:01.71]            at System.Threading.Tasks.Task.TrySetCanceled(CancellationToken tokenToRecord, Object cancellationException)
[xUnit.net 00:01:01.71]            at System.Runtime.CompilerServices.AsyncTaskMethodBuilder`1.SetException(Exception exception, Task`1& taskField)
[xUnit.net 00:01:01.71]            at System.Threading.SemaphoreSlim.WaitUntilCountOrTimeoutAsync(TaskNode asyncWaiter, Int64 millisecondsTimeout, CancellationToken cancellationToken)
[xUnit.net 00:01:01.71]            at System.Threading.ExecutionContext.RunFromThreadPoolDispatchLoop(Thread threadPoolThread, ExecutionContext executionContext, ContextCallback callback, Object state)
[xUnit.net 00:01:01.71]            at System.Runtime.CompilerServices.AsyncTaskMethodBuilder`1.AsyncStateMachineBox`1.MoveNext(Thread threadPoolThread)
[xUnit.net 00:01:01.71]            at System.Threading.ThreadPoolWorkQueue.Dispatch()
[xUnit.net 00:01:01.71]            at System.Threading.PortableThreadPool.WorkerThread.WorkerThreadStart()
[xUnit.net 00:01:01.71]            at System.Threading.Thread.StartCallback()
[xUnit.net 00:01:01.71]         --- End of stack trace from previous location ---
[xUnit.net 00:01:01.71]            at Polly.Outcome`1.GetResultOrRethrow()
[xUnit.net 00:01:01.71]            at Polly.ResiliencePipeline.ExecuteAsync[TResult](Func`2 callback, CancellationToken cancellationToken)
[xUnit.net 00:01:01.71]         /_/src/Aspire.Hosting/Dcp/KubernetesService.cs(481,0): at Aspire.Hosting.Dcp.KubernetesService.ExecuteWithRetry[TResult](DcpApiOperationType operationType, String resourceType, Func`2 operation, Func`2 isRetryable, CancellationToken cancellationToken)
[xUnit.net 00:01:01.71]         /_/src/Aspire.Hosting/Dcp/DcpExecutor.cs(612,0): at Aspire.Hosting.Dcp.DcpExecutor.<>c__DisplayClass46_1`1.<<CreateDcpObjectsAsync>b__0>d.MoveNext()
[xUnit.net 00:01:01.71]         --- End of stack trace from previous location ---
[xUnit.net 00:01:01.71]         /_/src/Aspire.Hosting/Dcp/DcpExecutor.cs(615,0): at Aspire.Hosting.Dcp.DcpExecutor.CreateDcpObjectsAsync[RT](IEnumerable`1 objects, CancellationToken cancellationToken)
[xUnit.net 00:01:01.71]         /_/src/Aspire.Hosting/Dcp/DcpExecutor.cs(227,0): at Aspire.Hosting.Dcp.DcpExecutor.<>c__DisplayClass33_1.<<RunApplicationAsync>b__5>d.MoveNext()
[xUnit.net 00:01:01.71]         --- End of stack trace from previous location ---
[xUnit.net 00:01:01.71]         /_/src/Aspire.Hosting/Dcp/DcpExecutor.cs(244,0): at Aspire.Hosting.Dcp.DcpExecutor.RunApplicationAsync(CancellationToken ct)
[xUnit.net 00:01:01.71]         /_/src/Aspire.Hosting/Orchestrator/ApplicationOrchestrator.cs(555,0): at Aspire.Hosting.Orchestrator.ApplicationOrchestrator.RunApplicationAsync(CancellationToken cancellationToken)
[xUnit.net 00:01:01.71]         /_/src/Aspire.Hosting/Orchestrator/OrchestratorHostService.cs(41,0): at Aspire.Hosting.Orchestrator.OrchestratorHostService.StartAsync(CancellationToken cancellationToken)
[xUnit.net 00:01:01.71]            at Microsoft.Extensions.Hosting.Internal.Host.<StartAsync>b__14_1(IHostedService service, CancellationToken token)
[xUnit.net 00:01:01.71]            at Microsoft.Extensions.Hosting.Internal.Host.ForeachService[T](IEnumerable`1 services, CancellationToken token, Boolean concurrent, Boolean abortOnFirstException, List`1 exceptions, Func`3 operation)
[xUnit.net 00:01:01.71]            at Microsoft.Extensions.Hosting.Internal.Host.StartAsync(CancellationToken cancellationToken)
[xUnit.net 00:01:01.71]         /_/src/Aspire.Hosting.Testing/DistributedApplicationFactory.cs(598,0): at Aspire.Hosting.Testing.DistributedApplicationFactory.ObservedHost.StartAsync(CancellationToken cancellationToken)
[xUnit.net 00:01:01.71]         /_/src/Aspire.Hosting.Testing/DistributedApplicationFactory.cs(73,0): at Aspire.Hosting.Testing.DistributedApplicationFactory.StartAsync(CancellationToken cancellationToken)
[xUnit.net 00:01:01.71]         /_/src/Aspire.Hosting.Testing/DistributedApplicationTestingBuilder.cs(314,0): at Aspire.Hosting.Testing.DistributedApplicationTestingBuilder.SuspendingDistributedApplicationFactory.DelegatedHost.StartAsync(CancellationToken cancellationToken)
[xUnit.net 00:01:01.71]         /_/src/Aspire.Hosting.Testing/DistributedApplicationTestingBuilder.cs(289,0): at Aspire.Hosting.Testing.DistributedApplicationTestingBuilder.SuspendingDistributedApplicationFactory.DelegatedDistributedApplication.StartAsync(CancellationToken cancellationToken)
[xUnit.net 00:01:01.71]         /home/teqs/github/MyBlog/tests/AppHost.Tests/Infrastructure/ClearCommandAppFixture.cs(53,0): at AppHost.Tests.Infrastructure.ClearCommandAppFixture.InitializeAsync()
[xUnit.net 00:01:01.71]         ----- Inner Stack Trace -----
[xUnit.net 00:01:01.71]            at System.Threading.CancellationToken.ThrowOperationCanceledException()
[xUnit.net 00:01:01.71]            at System.Threading.SemaphoreSlim.WaitUntilCountOrTimeoutAsync(TaskNode asyncWaiter, Int64 millisecondsTimeout, CancellationToken cancellationToken)
[xUnit.net 00:01:01.71]         /_/src/Aspire.Hosting/Dcp/KubernetesService.cs(579,0): at Aspire.Hosting.Dcp.KubernetesService.EnsureKubernetesAsync(CancellationToken cancellationToken)
[xUnit.net 00:01:01.71]         /_/src/Aspire.Hosting/Dcp/KubernetesService.cs(485,0): at Aspire.Hosting.Dcp.KubernetesService.<>c__DisplayClass29_0`1.<<ExecuteWithRetry>b__1>d.MoveNext()
[xUnit.net 00:01:01.71]         --- End of stack trace from previous location ---
[xUnit.net 00:01:01.71]            at Polly.ResiliencePipeline.<>c__10`1.<<ExecuteAsync>b__10_0>d.MoveNext()
[xUnit.net 00:01:01.72]     ClearMyBlogData Empty Collections Appear In Result With Zero Count [FAIL]
[xUnit.net 00:01:01.72]       Collection fixture type 'AppHost.Tests.Infrastructure.ClearCommandAppFixture' threw in InitializeAsync
[xUnit.net 00:01:01.72]       ---- Polly.Timeout.TimeoutRejectedException : The operation didn't complete within the allowed timeout of '00:00:20'.
[xUnit.net 00:01:01.72]       -------- System.OperationCanceledException : The operation was canceled.
[xUnit.net 00:01:01.72]       Stack Trace:
[xUnit.net 00:01:01.72]         
[xUnit.net 00:01:01.72]         ----- Inner Stack Trace -----
[xUnit.net 00:01:01.72]            at Polly.Utils.ExceptionUtilities.TrySetStackTrace[T](T exception)
[xUnit.net 00:01:01.72]            at Polly.Timeout.TimeoutResilienceStrategy.ExecuteCore[TResult,TState](Func`3 callback, ResilienceContext context, TState state)
[xUnit.net 00:01:01.72]            at System.Runtime.CompilerServices.AsyncTaskMethodBuilder`1.AsyncStateMachineBox`1.ExecutionContextCallback(Object s)
[xUnit.net 00:01:01.72]            at System.Threading.ExecutionContext.RunInternal(ExecutionContext executionContext, ContextCallback callback, Object state)
[xUnit.net 00:01:01.72]            at System.Runtime.CompilerServices.AsyncTaskMethodBuilder`1.AsyncStateMachineBox`1.MoveNext(Thread threadPoolThread)
[xUnit.net 00:01:01.72]            at System.Runtime.CompilerServices.AsyncTaskMethodBuilder`1.AsyncStateMachineBox`1.MoveNext()
[xUnit.net 00:01:01.72]            at System.Threading.Tasks.AwaitTaskContinuation.RunOrScheduleAction(IAsyncStateMachineBox box, Boolean allowInlining)
[xUnit.net 00:01:01.72]            at System.Threading.Tasks.Task.RunContinuations(Object continuationObject)
[xUnit.net 00:01:01.72]            at System.Threading.Tasks.Task`1.TrySetResult(TResult result)
[xUnit.net 00:01:01.72]            at System.Runtime.CompilerServices.AsyncTaskMethodBuilder`1.SetExistingTaskResult(Task`1 task, TResult result)
[xUnit.net 00:01:01.72]            at System.Runtime.CompilerServices.AsyncValueTaskMethodBuilder`1.SetResult(TResult result)
[xUnit.net 00:01:01.72]            at Polly.Utils.Pipeline.BridgeComponent`1.<ExecuteCore>g__ConvertValueTaskAsync|4_0[TResult,TState](ValueTask`1 valueTask, ResilienceContext resilienceContext)
[xUnit.net 00:01:01.72]            at System.Runtime.CompilerServices.AsyncTaskMethodBuilder`1.AsyncStateMachineBox`1.ExecutionContextCallback(Object s)
[xUnit.net 00:01:01.72]            at System.Threading.ExecutionContext.RunInternal(ExecutionContext executionContext, ContextCallback callback, Object state)
[xUnit.net 00:01:01.72]            at System.Runtime.CompilerServices.AsyncTaskMethodBuilder`1.AsyncStateMachineBox`1.MoveNext(Thread threadPoolThread)
[xUnit.net 00:01:01.72]            at System.Runtime.CompilerServices.AsyncTaskMethodBuilder`1.AsyncStateMachineBox`1.MoveNext()
[xUnit.net 00:01:01.72]            at System.Threading.Tasks.AwaitTaskContinuation.RunOrScheduleAction(IAsyncStateMachineBox box, Boolean allowInlining)
[xUnit.net 00:01:01.72]            at System.Threading.Tasks.Task.RunContinuations(Object continuationObject)
[xUnit.net 00:01:01.72]            at System.Threading.Tasks.Task`1.TrySetResult(TResult result)
[xUnit.net 00:01:01.72]            at System.Runtime.CompilerServices.AsyncTaskMethodBuilder`1.SetExistingTaskResult(Task`1 task, TResult result)
[xUnit.net 00:01:01.72]            at System.Runtime.CompilerServices.AsyncValueTaskMethodBuilder`1.SetResult(TResult result)
[xUnit.net 00:01:01.72]            at Polly.Retry.RetryResilienceStrategy`1.ExecuteCore[TState](Func`3 callback, ResilienceContext context, TState state)
[xUnit.net 00:01:01.72]            at System.Runtime.CompilerServices.AsyncTaskMethodBuilder`1.AsyncStateMachineBox`1.ExecutionContextCallback(Object s)
[xUnit.net 00:01:01.72]            at System.Threading.ExecutionContext.RunInternal(ExecutionContext executionContext, ContextCallback callback, Object state)
[xUnit.net 00:01:01.72]            at System.Runtime.CompilerServices.AsyncTaskMethodBuilder`1.AsyncStateMachineBox`1.MoveNext(Thread threadPoolThread)
[xUnit.net 00:01:01.72]            at System.Runtime.CompilerServices.AsyncTaskMethodBuilder`1.AsyncStateMachineBox`1.MoveNext()
[xUnit.net 00:01:01.72]            at System.Threading.Tasks.AwaitTaskContinuation.RunOrScheduleAction(IAsyncStateMachineBox box, Boolean allowInlining)
[xUnit.net 00:01:01.72]            at System.Threading.Tasks.Task.RunContinuations(Object continuationObject)
[xUnit.net 00:01:01.72]            at System.Threading.Tasks.Task`1.TrySetResult(TResult result)
[xUnit.net 00:01:01.72]            at System.Runtime.CompilerServices.AsyncTaskMethodBuilder`1.SetExistingTaskResult(Task`1 task, TResult result)
[xUnit.net 00:01:01.72]            at System.Runtime.CompilerServices.AsyncValueTaskMethodBuilder`1.SetResult(TResult result)
[xUnit.net 00:01:01.72]            at Polly.Utils.Pipeline.BridgeComponent`1.<>c__4`2.<<ExecuteCore>b__4_1>d.MoveNext()
[xUnit.net 00:01:01.72]            at System.Runtime.CompilerServices.AsyncTaskMethodBuilder`1.AsyncStateMachineBox`1.ExecutionContextCallback(Object s)
[xUnit.net 00:01:01.72]            at System.Threading.ExecutionContext.RunInternal(ExecutionContext executionContext, ContextCallback callback, Object state)
[xUnit.net 00:01:01.72]            at System.Runtime.CompilerServices.AsyncTaskMethodBuilder`1.AsyncStateMachineBox`1.MoveNext(Thread threadPoolThread)
[xUnit.net 00:01:01.72]            at System.Runtime.CompilerServices.AsyncTaskMethodBuilder`1.AsyncStateMachineBox`1.MoveNext()
[xUnit.net 00:01:01.72]            at System.Threading.Tasks.AwaitTaskContinuation.RunOrScheduleAction(IAsyncStateMachineBox box, Boolean allowInlining)
[xUnit.net 00:01:01.72]            at System.Threading.Tasks.Task.RunContinuations(Object continuationObject)
[xUnit.net 00:01:01.72]            at System.Threading.Tasks.Task`1.TrySetResult(TResult result)
[xUnit.net 00:01:01.72]            at System.Runtime.CompilerServices.AsyncTaskMethodBuilder`1.SetExistingTaskResult(Task`1 task, TResult result)
[xUnit.net 00:01:01.72]            at System.Runtime.CompilerServices.AsyncValueTaskMethodBuilder`1.SetResult(TResult result)
[xUnit.net 00:01:01.72]            at Polly.ResiliencePipeline.<>c__10`1.<<ExecuteAsync>b__10_0>d.MoveNext()
[xUnit.net 00:01:01.72]            at System.Runtime.CompilerServices.AsyncTaskMethodBuilder`1.AsyncStateMachineBox`1.ExecutionContextCallback(Object s)
[xUnit.net 00:01:01.72]            at System.Threading.ExecutionContext.RunInternal(ExecutionContext executionContext, ContextCallback callback, Object state)
[xUnit.net 00:01:01.72]            at System.Runtime.CompilerServices.AsyncTaskMethodBuilder`1.AsyncStateMachineBox`1.MoveNext(Thread threadPoolThread)
[xUnit.net 00:01:01.72]            at System.Runtime.CompilerServices.AsyncTaskMethodBuilder`1.AsyncStateMachineBox`1.MoveNext()
[xUnit.net 00:01:01.72]            at System.Threading.Tasks.AwaitTaskContinuation.RunOrScheduleAction(IAsyncStateMachineBox box, Boolean allowInlining)
[xUnit.net 00:01:01.72]            at System.Threading.Tasks.Task.RunContinuations(Object continuationObject)
[xUnit.net 00:01:01.72]            at System.Threading.Tasks.Task.TrySetCanceled(CancellationToken tokenToRecord, Object cancellationException)
[xUnit.net 00:01:01.72]            at System.Runtime.CompilerServices.AsyncTaskMethodBuilder`1.SetException(Exception exception, Task`1& taskField)
[xUnit.net 00:01:01.72]         /_/src/Aspire.Hosting/Dcp/KubernetesService.cs(485,0): at Aspire.Hosting.Dcp.KubernetesService.<>c__DisplayClass29_0`1.<<ExecuteWithRetry>b__1>d.MoveNext()
[xUnit.net 00:01:01.72]            at System.Runtime.CompilerServices.AsyncTaskMethodBuilder`1.AsyncStateMachineBox`1.ExecutionContextCallback(Object s)
[xUnit.net 00:01:01.72]            at System.Threading.ExecutionContext.RunInternal(ExecutionContext executionContext, ContextCallback callback, Object state)
[xUnit.net 00:01:01.72]            at System.Runtime.CompilerServices.AsyncTaskMethodBuilder`1.AsyncStateMachineBox`1.MoveNext(Thread threadPoolThread)
[xUnit.net 00:01:01.72]            at System.Runtime.CompilerServices.AsyncTaskMethodBuilder`1.AsyncStateMachineBox`1.MoveNext()
[xUnit.net 00:01:01.72]            at System.Threading.Tasks.AwaitTaskContinuation.RunOrScheduleAction(IAsyncStateMachineBox box, Boolean allowInlining)
[xUnit.net 00:01:01.72]            at System.Threading.Tasks.Task.RunContinuations(Object continuationObject)
[xUnit.net 00:01:01.72]            at System.Threading.Tasks.Task.TrySetCanceled(CancellationToken tokenToRecord, Object cancellationException)
[xUnit.net 00:01:01.72]            at System.Runtime.CompilerServices.AsyncTaskMethodBuilder`1.SetException(Exception exception, Task`1& taskField)
[xUnit.net 00:01:01.72]            at System.Runtime.CompilerServices.AsyncTaskMethodBuilder`1.SetException(Exception exception)
[xUnit.net 00:01:01.72]         /_/src/Aspire.Hosting/Dcp/KubernetesService.cs(579,0): at Aspire.Hosting.Dcp.KubernetesService.EnsureKubernetesAsync(CancellationToken cancellationToken)
[xUnit.net 00:01:01.72]            at System.Runtime.CompilerServices.AsyncTaskMethodBuilder`1.AsyncStateMachineBox`1.ExecutionContextCallback(Object s)
[xUnit.net 00:01:01.72]            at System.Threading.ExecutionContext.RunInternal(ExecutionContext executionContext, ContextCallback callback, Object state)
[xUnit.net 00:01:01.72]            at System.Runtime.CompilerServices.AsyncTaskMethodBuilder`1.AsyncStateMachineBox`1.MoveNext(Thread threadPoolThread)
[xUnit.net 00:01:01.72]            at System.Runtime.CompilerServices.AsyncTaskMethodBuilder`1.AsyncStateMachineBox`1.MoveNext()
[xUnit.net 00:01:01.72]            at System.Threading.Tasks.AwaitTaskContinuation.RunOrScheduleAction(IAsyncStateMachineBox box, Boolean allowInlining)
[xUnit.net 00:01:01.72]            at System.Threading.Tasks.Task.RunContinuations(Object continuationObject)
[xUnit.net 00:01:01.72]            at System.Threading.Tasks.Task.TrySetCanceled(CancellationToken tokenToRecord, Object cancellationException)
[xUnit.net 00:01:01.72]            at System.Runtime.CompilerServices.AsyncTaskMethodBuilder`1.SetException(Exception exception, Task`1& taskField)
[xUnit.net 00:01:01.72]            at System.Threading.SemaphoreSlim.WaitUntilCountOrTimeoutAsync(TaskNode asyncWaiter, Int64 millisecondsTimeout, CancellationToken cancellationToken)
[xUnit.net 00:01:01.72]            at System.Threading.ExecutionContext.RunFromThreadPoolDispatchLoop(Thread threadPoolThread, ExecutionContext executionContext, ContextCallback callback, Object state)
[xUnit.net 00:01:01.72]            at System.Runtime.CompilerServices.AsyncTaskMethodBuilder`1.AsyncStateMachineBox`1.MoveNext(Thread threadPoolThread)
[xUnit.net 00:01:01.72]            at System.Threading.ThreadPoolWorkQueue.Dispatch()
[xUnit.net 00:01:01.72]            at System.Threading.PortableThreadPool.WorkerThread.WorkerThreadStart()
[xUnit.net 00:01:01.72]            at System.Threading.Thread.StartCallback()
[xUnit.net 00:01:01.72]         --- End of stack trace from previous location ---
[xUnit.net 00:01:01.72]            at Polly.Outcome`1.GetResultOrRethrow()
[xUnit.net 00:01:01.72]            at Polly.ResiliencePipeline.ExecuteAsync[TResult](Func`2 callback, CancellationToken cancellationToken)
[xUnit.net 00:01:01.72]         /_/src/Aspire.Hosting/Dcp/KubernetesService.cs(481,0): at Aspire.Hosting.Dcp.KubernetesService.ExecuteWithRetry[TResult](DcpApiOperationType operationType, String resourceType, Func`2 operation, Func`2 isRetryable, CancellationToken cancellationToken)
[xUnit.net 00:01:01.72]         /_/src/Aspire.Hosting/Dcp/DcpExecutor.cs(612,0): at Aspire.Hosting.Dcp.DcpExecutor.<>c__DisplayClass46_1`1.<<CreateDcpObjectsAsync>b__0>d.MoveNext()
[xUnit.net 00:01:01.72]         --- End of stack trace from previous location ---
[xUnit.net 00:01:01.72]         /_/src/Aspire.Hosting/Dcp/DcpExecutor.cs(615,0): at Aspire.Hosting.Dcp.DcpExecutor.CreateDcpObjectsAsync[RT](IEnumerable`1 objects, CancellationToken cancellationToken)
[xUnit.net 00:01:01.72]         /_/src/Aspire.Hosting/Dcp/DcpExecutor.cs(227,0): at Aspire.Hosting.Dcp.DcpExecutor.<>c__DisplayClass33_1.<<RunApplicationAsync>b__5>d.MoveNext()
[xUnit.net 00:01:01.72]         --- End of stack trace from previous location ---
[xUnit.net 00:01:01.72]         /_/src/Aspire.Hosting/Dcp/DcpExecutor.cs(244,0): at Aspire.Hosting.Dcp.DcpExecutor.RunApplicationAsync(CancellationToken ct)
[xUnit.net 00:01:01.72]         /_/src/Aspire.Hosting/Orchestrator/ApplicationOrchestrator.cs(555,0): at Aspire.Hosting.Orchestrator.ApplicationOrchestrator.RunApplicationAsync(CancellationToken cancellationToken)
[xUnit.net 00:01:01.72]         /_/src/Aspire.Hosting/Orchestrator/OrchestratorHostService.cs(41,0): at Aspire.Hosting.Orchestrator.OrchestratorHostService.StartAsync(CancellationToken cancellationToken)
[xUnit.net 00:01:01.72]            at Microsoft.Extensions.Hosting.Internal.Host.<StartAsync>b__14_1(IHostedService service, CancellationToken token)
[xUnit.net 00:01:01.72]            at Microsoft.Extensions.Hosting.Internal.Host.ForeachService[T](IEnumerable`1 services, CancellationToken token, Boolean concurrent, Boolean abortOnFirstException, List`1 exceptions, Func`3 operation)
[xUnit.net 00:01:01.72]            at Microsoft.Extensions.Hosting.Internal.Host.StartAsync(CancellationToken cancellationToken)
[xUnit.net 00:01:01.72]         /_/src/Aspire.Hosting.Testing/DistributedApplicationFactory.cs(598,0): at Aspire.Hosting.Testing.DistributedApplicationFactory.ObservedHost.StartAsync(CancellationToken cancellationToken)
[xUnit.net 00:01:01.72]         /_/src/Aspire.Hosting.Testing/DistributedApplicationFactory.cs(73,0): at Aspire.Hosting.Testing.DistributedApplicationFactory.StartAsync(CancellationToken cancellationToken)
[xUnit.net 00:01:01.72]         /_/src/Aspire.Hosting.Testing/DistributedApplicationTestingBuilder.cs(314,0): at Aspire.Hosting.Testing.DistributedApplicationTestingBuilder.SuspendingDistributedApplicationFactory.DelegatedHost.StartAsync(CancellationToken cancellationToken)
[xUnit.net 00:01:01.72]         /_/src/Aspire.Hosting.Testing/DistributedApplicationTestingBuilder.cs(289,0): at Aspire.Hosting.Testing.DistributedApplicationTestingBuilder.SuspendingDistributedApplicationFactory.DelegatedDistributedApplication.StartAsync(CancellationToken cancellationToken)
[xUnit.net 00:01:01.72]         /home/teqs/github/MyBlog/tests/AppHost.Tests/Infrastructure/ClearCommandAppFixture.cs(53,0): at AppHost.Tests.Infrastructure.ClearCommandAppFixture.InitializeAsync()
[xUnit.net 00:01:01.72]         ----- Inner Stack Trace -----
[xUnit.net 00:01:01.72]            at System.Threading.CancellationToken.ThrowOperationCanceledException()
[xUnit.net 00:01:01.72]            at System.Threading.SemaphoreSlim.WaitUntilCountOrTimeoutAsync(TaskNode asyncWaiter, Int64 millisecondsTimeout, CancellationToken cancellationToken)
[xUnit.net 00:01:01.72]         /_/src/Aspire.Hosting/Dcp/KubernetesService.cs(579,0): at Aspire.Hosting.Dcp.KubernetesService.EnsureKubernetesAsync(CancellationToken cancellationToken)
[xUnit.net 00:01:01.72]         /_/src/Aspire.Hosting/Dcp/KubernetesService.cs(485,0): at Aspire.Hosting.Dcp.KubernetesService.<>c__DisplayClass29_0`1.<<ExecuteWithRetry>b__1>d.MoveNext()
[xUnit.net 00:01:01.72]         --- End of stack trace from previous location ---
[xUnit.net 00:01:01.72]            at Polly.ResiliencePipeline.<>c__10`1.<<ExecuteAsync>b__10_0>d.MoveNext()
[xUnit.net 00:01:01.72]     ClearMyBlogData Result Message Includes Per Collection Deleted Counts [FAIL]
[xUnit.net 00:01:01.72]       Collection fixture type 'AppHost.Tests.Infrastructure.ClearCommandAppFixture' threw in InitializeAsync
[xUnit.net 00:01:01.72]       ---- Polly.Timeout.TimeoutRejectedException : The operation didn't complete within the allowed timeout of '00:00:20'.
[xUnit.net 00:01:01.72]       -------- System.OperationCanceledException : The operation was canceled.
[xUnit.net 00:01:01.72]       Stack Trace:
[xUnit.net 00:01:01.72]         
[xUnit.net 00:01:01.72]         ----- Inner Stack Trace -----
[xUnit.net 00:01:01.72]            at Polly.Utils.ExceptionUtilities.TrySetStackTrace[T](T exception)
[xUnit.net 00:01:01.72]            at Polly.Timeout.TimeoutResilienceStrategy.ExecuteCore[TResult,TState](Func`3 callback, ResilienceContext context, TState state)
[xUnit.net 00:01:01.72]            at System.Runtime.CompilerServices.AsyncTaskMethodBuilder`1.AsyncStateMachineBox`1.ExecutionContextCallback(Object s)
[xUnit.net 00:01:01.72]            at System.Threading.ExecutionContext.RunInternal(ExecutionContext executionContext, ContextCallback callback, Object state)
[xUnit.net 00:01:01.72]            at System.Runtime.CompilerServices.AsyncTaskMethodBuilder`1.AsyncStateMachineBox`1.MoveNext(Thread threadPoolThread)
[xUnit.net 00:01:01.72]            at System.Runtime.CompilerServices.AsyncTaskMethodBuilder`1.AsyncStateMachineBox`1.MoveNext()
[xUnit.net 00:01:01.72]            at System.Threading.Tasks.AwaitTaskContinuation.RunOrScheduleAction(IAsyncStateMachineBox box, Boolean allowInlining)
[xUnit.net 00:01:01.72]            at System.Threading.Tasks.Task.RunContinuations(Object continuationObject)
[xUnit.net 00:01:01.72]            at System.Threading.Tasks.Task`1.TrySetResult(TResult result)
[xUnit.net 00:01:01.72]            at System.Runtime.CompilerServices.AsyncTaskMethodBuilder`1.SetExistingTaskResult(Task`1 task, TResult result)
[xUnit.net 00:01:01.72]            at System.Runtime.CompilerServices.AsyncValueTaskMethodBuilder`1.SetResult(TResult result)
[xUnit.net 00:01:01.72]            at Polly.Utils.Pipeline.BridgeComponent`1.<ExecuteCore>g__ConvertValueTaskAsync|4_0[TResult,TState](ValueTask`1 valueTask, ResilienceContext resilienceContext)
[xUnit.net 00:01:01.72]            at System.Runtime.CompilerServices.AsyncTaskMethodBuilder`1.AsyncStateMachineBox`1.ExecutionContextCallback(Object s)
[xUnit.net 00:01:01.72]            at System.Threading.ExecutionContext.RunInternal(ExecutionContext executionContext, ContextCallback callback, Object state)
[xUnit.net 00:01:01.72]            at System.Runtime.CompilerServices.AsyncTaskMethodBuilder`1.AsyncStateMachineBox`1.MoveNext(Thread threadPoolThread)
[xUnit.net 00:01:01.72]            at System.Runtime.CompilerServices.AsyncTaskMethodBuilder`1.AsyncStateMachineBox`1.MoveNext()
[xUnit.net 00:01:01.72]            at System.Threading.Tasks.AwaitTaskContinuation.RunOrScheduleAction(IAsyncStateMachineBox box, Boolean allowInlining)
[xUnit.net 00:01:01.72]            at System.Threading.Tasks.Task.RunContinuations(Object continuationObject)
[xUnit.net 00:01:01.72]            at System.Threading.Tasks.Task`1.TrySetResult(TResult result)
[xUnit.net 00:01:01.72]            at System.Runtime.CompilerServices.AsyncTaskMethodBuilder`1.SetExistingTaskResult(Task`1 task, TResult result)
[xUnit.net 00:01:01.72]            at System.Runtime.CompilerServices.AsyncValueTaskMethodBuilder`1.SetResult(TResult result)
[xUnit.net 00:01:01.72]            at Polly.Retry.RetryResilienceStrategy`1.ExecuteCore[TState](Func`3 callback, ResilienceContext context, TState state)
[xUnit.net 00:01:01.72]            at System.Runtime.CompilerServices.AsyncTaskMethodBuilder`1.AsyncStateMachineBox`1.ExecutionContextCallback(Object s)
[xUnit.net 00:01:01.72]            at System.Threading.ExecutionContext.RunInternal(ExecutionContext executionContext, ContextCallback callback, Object state)
[xUnit.net 00:01:01.72]            at System.Runtime.CompilerServices.AsyncTaskMethodBuilder`1.AsyncStateMachineBox`1.MoveNext(Thread threadPoolThread)
[xUnit.net 00:01:01.72]            at System.Runtime.CompilerServices.AsyncTaskMethodBuilder`1.AsyncStateMachineBox`1.MoveNext()
[xUnit.net 00:01:01.72]            at System.Threading.Tasks.AwaitTaskContinuation.RunOrScheduleAction(IAsyncStateMachineBox box, Boolean allowInlining)
[xUnit.net 00:01:01.72]            at System.Threading.Tasks.Task.RunContinuations(Object continuationObject)
[xUnit.net 00:01:01.72]            at System.Threading.Tasks.Task`1.TrySetResult(TResult result)
[xUnit.net 00:01:01.72]            at System.Runtime.CompilerServices.AsyncTaskMethodBuilder`1.SetExistingTaskResult(Task`1 task, TResult result)
[xUnit.net 00:01:01.72]            at System.Runtime.CompilerServices.AsyncValueTaskMethodBuilder`1.SetResult(TResult result)
[xUnit.net 00:01:01.72]            at Polly.Utils.Pipeline.BridgeComponent`1.<>c__4`2.<<ExecuteCore>b__4_1>d.MoveNext()
[xUnit.net 00:01:01.72]            at System.Runtime.CompilerServices.AsyncTaskMethodBuilder`1.AsyncStateMachineBox`1.ExecutionContextCallback(Object s)
[xUnit.net 00:01:01.72]            at System.Threading.ExecutionContext.RunInternal(ExecutionContext executionContext, ContextCallback callback, Object state)
[xUnit.net 00:01:01.72]            at System.Runtime.CompilerServices.AsyncTaskMethodBuilder`1.AsyncStateMachineBox`1.MoveNext(Thread threadPoolThread)
[xUnit.net 00:01:01.72]            at System.Runtime.CompilerServices.AsyncTaskMethodBuilder`1.AsyncStateMachineBox`1.MoveNext()
[xUnit.net 00:01:01.72]            at System.Threading.Tasks.AwaitTaskContinuation.RunOrScheduleAction(IAsyncStateMachineBox box, Boolean allowInlining)
[xUnit.net 00:01:01.72]            at System.Threading.Tasks.Task.RunContinuations(Object continuationObject)
[xUnit.net 00:01:01.72]            at System.Threading.Tasks.Task`1.TrySetResult(TResult result)
[xUnit.net 00:01:01.72]            at System.Runtime.CompilerServices.AsyncTaskMethodBuilder`1.SetExistingTaskResult(Task`1 task, TResult result)
[xUnit.net 00:01:01.72]            at System.Runtime.CompilerServices.AsyncValueTaskMethodBuilder`1.SetResult(TResult result)
[xUnit.net 00:01:01.72]            at Polly.ResiliencePipeline.<>c__10`1.<<ExecuteAsync>b__10_0>d.MoveNext()
[xUnit.net 00:01:01.72]            at System.Runtime.CompilerServices.AsyncTaskMethodBuilder`1.AsyncStateMachineBox`1.ExecutionContextCallback(Object s)
[xUnit.net 00:01:01.72]            at System.Threading.ExecutionContext.RunInternal(ExecutionContext executionContext, ContextCallback callback, Object state)
[xUnit.net 00:01:01.72]            at System.Runtime.CompilerServices.AsyncTaskMethodBuilder`1.AsyncStateMachineBox`1.MoveNext(Thread threadPoolThread)
[xUnit.net 00:01:01.72]            at System.Runtime.CompilerServices.AsyncTaskMethodBuilder`1.AsyncStateMachineBox`1.MoveNext()
[xUnit.net 00:01:01.72]            at System.Threading.Tasks.AwaitTaskContinuation.RunOrScheduleAction(IAsyncStateMachineBox box, Boolean allowInlining)
[xUnit.net 00:01:01.72]            at System.Threading.Tasks.Task.RunContinuations(Object continuationObject)
[xUnit.net 00:01:01.72]            at System.Threading.Tasks.Task.TrySetCanceled(CancellationToken tokenToRecord, Object cancellationException)
[xUnit.net 00:01:01.72]            at System.Runtime.CompilerServices.AsyncTaskMethodBuilder`1.SetException(Exception exception, Task`1& taskField)
[xUnit.net 00:01:01.72]         /_/src/Aspire.Hosting/Dcp/KubernetesService.cs(485,0): at Aspire.Hosting.Dcp.KubernetesService.<>c__DisplayClass29_0`1.<<ExecuteWithRetry>b__1>d.MoveNext()
[xUnit.net 00:01:01.72]            at System.Runtime.CompilerServices.AsyncTaskMethodBuilder`1.AsyncStateMachineBox`1.ExecutionContextCallback(Object s)
[xUnit.net 00:01:01.72]            at System.Threading.ExecutionContext.RunInternal(ExecutionContext executionContext, ContextCallback callback, Object state)
[xUnit.net 00:01:01.72]            at System.Runtime.CompilerServices.AsyncTaskMethodBuilder`1.AsyncStateMachineBox`1.MoveNext(Thread threadPoolThread)
[xUnit.net 00:01:01.72]            at System.Runtime.CompilerServices.AsyncTaskMethodBuilder`1.AsyncStateMachineBox`1.MoveNext()
[xUnit.net 00:01:01.72]            at System.Threading.Tasks.AwaitTaskContinuation.RunOrScheduleAction(IAsyncStateMachineBox box, Boolean allowInlining)
[xUnit.net 00:01:01.72]            at System.Threading.Tasks.Task.RunContinuations(Object continuationObject)
[xUnit.net 00:01:01.72]            at System.Threading.Tasks.Task.TrySetCanceled(CancellationToken tokenToRecord, Object cancellationException)
[xUnit.net 00:01:01.72]            at System.Runtime.CompilerServices.AsyncTaskMethodBuilder`1.SetException(Exception exception, Task`1& taskField)
[xUnit.net 00:01:01.72]            at System.Runtime.CompilerServices.AsyncTaskMethodBuilder`1.SetException(Exception exception)
[xUnit.net 00:01:01.72]         /_/src/Aspire.Hosting/Dcp/KubernetesService.cs(579,0): at Aspire.Hosting.Dcp.KubernetesService.EnsureKubernetesAsync(CancellationToken cancellationToken)
[xUnit.net 00:01:01.72]            at System.Runtime.CompilerServices.AsyncTaskMethodBuilder`1.AsyncStateMachineBox`1.ExecutionContextCallback(Object s)
[xUnit.net 00:01:01.72]            at System.Threading.ExecutionContext.RunInternal(ExecutionContext executionContext, ContextCallback callback, Object state)
[xUnit.net 00:01:01.72]            at System.Runtime.CompilerServices.AsyncTaskMethodBuilder`1.AsyncStateMachineBox`1.MoveNext(Thread threadPoolThread)
[xUnit.net 00:01:01.72]            at System.Runtime.CompilerServices.AsyncTaskMethodBuilder`1.AsyncStateMachineBox`1.MoveNext()
[xUnit.net 00:01:01.72]            at System.Threading.Tasks.AwaitTaskContinuation.RunOrScheduleAction(IAsyncStateMachineBox box, Boolean allowInlining)
[xUnit.net 00:01:01.72]            at System.Threading.Tasks.Task.RunContinuations(Object continuationObject)
[xUnit.net 00:01:01.72]            at System.Threading.Tasks.Task.TrySetCanceled(CancellationToken tokenToRecord, Object cancellationException)
[xUnit.net 00:01:01.72]            at System.Runtime.CompilerServices.AsyncTaskMethodBuilder`1.SetException(Exception exception, Task`1& taskField)
[xUnit.net 00:01:01.72]            at System.Threading.SemaphoreSlim.WaitUntilCountOrTimeoutAsync(TaskNode asyncWaiter, Int64 millisecondsTimeout, CancellationToken cancellationToken)
[xUnit.net 00:01:01.72]            at System.Threading.ExecutionContext.RunFromThreadPoolDispatchLoop(Thread threadPoolThread, ExecutionContext executionContext, ContextCallback callback, Object state)
[xUnit.net 00:01:01.72]            at System.Runtime.CompilerServices.AsyncTaskMethodBuilder`1.AsyncStateMachineBox`1.MoveNext(Thread threadPoolThread)
[xUnit.net 00:01:01.72]            at System.Threading.ThreadPoolWorkQueue.Dispatch()
[xUnit.net 00:01:01.72]            at System.Threading.PortableThreadPool.WorkerThread.WorkerThreadStart()
[xUnit.net 00:01:01.72]            at System.Threading.Thread.StartCallback()
[xUnit.net 00:01:01.72]         --- End of stack trace from previous location ---
[xUnit.net 00:01:01.72]            at Polly.Outcome`1.GetResultOrRethrow()
[xUnit.net 00:01:01.72]            at Polly.ResiliencePipeline.ExecuteAsync[TResult](Func`2 callback, CancellationToken cancellationToken)
[xUnit.net 00:01:01.72]         /_/src/Aspire.Hosting/Dcp/KubernetesService.cs(481,0): at Aspire.Hosting.Dcp.KubernetesService.ExecuteWithRetry[TResult](DcpApiOperationType operationType, String resourceType, Func`2 operation, Func`2 isRetryable, CancellationToken cancellationToken)
[xUnit.net 00:01:01.72]         /_/src/Aspire.Hosting/Dcp/DcpExecutor.cs(612,0): at Aspire.Hosting.Dcp.DcpExecutor.<>c__DisplayClass46_1`1.<<CreateDcpObjectsAsync>b__0>d.MoveNext()
[xUnit.net 00:01:01.72]         --- End of stack trace from previous location ---
[xUnit.net 00:01:01.72]         /_/src/Aspire.Hosting/Dcp/DcpExecutor.cs(615,0): at Aspire.Hosting.Dcp.DcpExecutor.CreateDcpObjectsAsync[RT](IEnumerable`1 objects, CancellationToken cancellationToken)
[xUnit.net 00:01:01.72]         /_/src/Aspire.Hosting/Dcp/DcpExecutor.cs(227,0): at Aspire.Hosting.Dcp.DcpExecutor.<>c__DisplayClass33_1.<<RunApplicationAsync>b__5>d.MoveNext()
[xUnit.net 00:01:01.72]         --- End of stack trace from previous location ---
[xUnit.net 00:01:01.72]         /_/src/Aspire.Hosting/Dcp/DcpExecutor.cs(244,0): at Aspire.Hosting.Dcp.DcpExecutor.RunApplicationAsync(CancellationToken ct)
[xUnit.net 00:01:01.72]         /_/src/Aspire.Hosting/Orchestrator/ApplicationOrchestrator.cs(555,0): at Aspire.Hosting.Orchestrator.ApplicationOrchestrator.RunApplicationAsync(CancellationToken cancellationToken)
[xUnit.net 00:01:01.72]         /_/src/Aspire.Hosting/Orchestrator/OrchestratorHostService.cs(41,0): at Aspire.Hosting.Orchestrator.OrchestratorHostService.StartAsync(CancellationToken cancellationToken)
[xUnit.net 00:01:01.72]            at Microsoft.Extensions.Hosting.Internal.Host.<StartAsync>b__14_1(IHostedService service, CancellationToken token)
[xUnit.net 00:01:01.72]            at Microsoft.Extensions.Hosting.Internal.Host.ForeachService[T](IEnumerable`1 services, CancellationToken token, Boolean concurrent, Boolean abortOnFirstException, List`1 exceptions, Func`3 operation)
[xUnit.net 00:01:01.72]            at Microsoft.Extensions.Hosting.Internal.Host.StartAsync(CancellationToken cancellationToken)
[xUnit.net 00:01:01.72]         /_/src/Aspire.Hosting.Testing/DistributedApplicationFactory.cs(598,0): at Aspire.Hosting.Testing.DistributedApplicationFactory.ObservedHost.StartAsync(CancellationToken cancellationToken)
[xUnit.net 00:01:01.72]         /_/src/Aspire.Hosting.Testing/DistributedApplicationFactory.cs(73,0): at Aspire.Hosting.Testing.DistributedApplicationFactory.StartAsync(CancellationToken cancellationToken)
[xUnit.net 00:01:01.72]         /_/src/Aspire.Hosting.Testing/DistributedApplicationTestingBuilder.cs(314,0): at Aspire.Hosting.Testing.DistributedApplicationTestingBuilder.SuspendingDistributedApplicationFactory.DelegatedHost.StartAsync(CancellationToken cancellationToken)
[xUnit.net 00:01:01.72]         /_/src/Aspire.Hosting.Testing/DistributedApplicationTestingBuilder.cs(289,0): at Aspire.Hosting.Testing.DistributedApplicationTestingBuilder.SuspendingDistributedApplicationFactory.DelegatedDistributedApplication.StartAsync(CancellationToken cancellationToken)
[xUnit.net 00:01:01.72]         /home/teqs/github/MyBlog/tests/AppHost.Tests/Infrastructure/ClearCommandAppFixture.cs(53,0): at AppHost.Tests.Infrastructure.ClearCommandAppFixture.InitializeAsync()
[xUnit.net 00:01:01.72]         ----- Inner Stack Trace -----
[xUnit.net 00:01:01.72]            at System.Threading.CancellationToken.ThrowOperationCanceledException()
[xUnit.net 00:01:01.72]            at System.Threading.SemaphoreSlim.WaitUntilCountOrTimeoutAsync(TaskNode asyncWaiter, Int64 millisecondsTimeout, CancellationToken cancellationToken)
[xUnit.net 00:01:01.72]         /_/src/Aspire.Hosting/Dcp/KubernetesService.cs(579,0): at Aspire.Hosting.Dcp.KubernetesService.EnsureKubernetesAsync(CancellationToken cancellationToken)
[xUnit.net 00:01:01.72]         /_/src/Aspire.Hosting/Dcp/KubernetesService.cs(485,0): at Aspire.Hosting.Dcp.KubernetesService.<>c__DisplayClass29_0`1.<<ExecuteWithRetry>b__1>d.MoveNext()
[xUnit.net 00:01:01.72]         --- End of stack trace from previous location ---
[xUnit.net 00:01:01.72]            at Polly.ResiliencePipeline.<>c__10`1.<<ExecuteAsync>b__10_0>d.MoveNext()
[xUnit.net 00:01:01.72]     ClearMyBlogData Removes All Documents And Preserves Collection Shells [FAIL]
[xUnit.net 00:01:01.72]       Collection fixture type 'AppHost.Tests.Infrastructure.ClearCommandAppFixture' threw in InitializeAsync
[xUnit.net 00:01:01.72]       ---- Polly.Timeout.TimeoutRejectedException : The operation didn't complete within the allowed timeout of '00:00:20'.
[xUnit.net 00:01:01.72]       -------- System.OperationCanceledException : The operation was canceled.
[xUnit.net 00:01:01.72]       Stack Trace:
[xUnit.net 00:01:01.72]         
[xUnit.net 00:01:01.72]         ----- Inner Stack Trace -----
[xUnit.net 00:01:01.72]            at Polly.Utils.ExceptionUtilities.TrySetStackTrace[T](T exception)
[xUnit.net 00:01:01.72]            at Polly.Timeout.TimeoutResilienceStrategy.ExecuteCore[TResult,TState](Func`3 callback, ResilienceContext context, TState state)
[xUnit.net 00:01:01.72]            at System.Runtime.CompilerServices.AsyncTaskMethodBuilder`1.AsyncStateMachineBox`1.ExecutionContextCallback(Object s)
[xUnit.net 00:01:01.72]            at System.Threading.ExecutionContext.RunInternal(ExecutionContext executionContext, ContextCallback callback, Object state)
[xUnit.net 00:01:01.72]            at System.Runtime.CompilerServices.AsyncTaskMethodBuilder`1.AsyncStateMachineBox`1.MoveNext(Thread threadPoolThread)
[xUnit.net 00:01:01.72]            at System.Runtime.CompilerServices.AsyncTaskMethodBuilder`1.AsyncStateMachineBox`1.MoveNext()
[xUnit.net 00:01:01.72]            at System.Threading.Tasks.AwaitTaskContinuation.RunOrScheduleAction(IAsyncStateMachineBox box, Boolean allowInlining)
[xUnit.net 00:01:01.72]            at System.Threading.Tasks.Task.RunContinuations(Object continuationObject)
[xUnit.net 00:01:01.72]            at System.Threading.Tasks.Task`1.TrySetResult(TResult result)
[xUnit.net 00:01:01.72]            at System.Runtime.CompilerServices.AsyncTaskMethodBuilder`1.SetExistingTaskResult(Task`1 task, TResult result)
[xUnit.net 00:01:01.72]            at System.Runtime.CompilerServices.AsyncValueTaskMethodBuilder`1.SetResult(TResult result)
[xUnit.net 00:01:01.72]            at Polly.Utils.Pipeline.BridgeComponent`1.<ExecuteCore>g__ConvertValueTaskAsync|4_0[TResult,TState](ValueTask`1 valueTask, ResilienceContext resilienceContext)
[xUnit.net 00:01:01.72]            at System.Runtime.CompilerServices.AsyncTaskMethodBuilder`1.AsyncStateMachineBox`1.ExecutionContextCallback(Object s)
[xUnit.net 00:01:01.72]            at System.Threading.ExecutionContext.RunInternal(ExecutionContext executionContext, ContextCallback callback, Object state)
[xUnit.net 00:01:01.72]            at System.Runtime.CompilerServices.AsyncTaskMethodBuilder`1.AsyncStateMachineBox`1.MoveNext(Thread threadPoolThread)
[xUnit.net 00:01:01.72]            at System.Runtime.CompilerServices.AsyncTaskMethodBuilder`1.AsyncStateMachineBox`1.MoveNext()
[xUnit.net 00:01:01.72]            at System.Threading.Tasks.AwaitTaskContinuation.RunOrScheduleAction(IAsyncStateMachineBox box, Boolean allowInlining)
[xUnit.net 00:01:01.72]            at System.Threading.Tasks.Task.RunContinuations(Object continuationObject)
[xUnit.net 00:01:01.72]            at System.Threading.Tasks.Task`1.TrySetResult(TResult result)
[xUnit.net 00:01:01.72]            at System.Runtime.CompilerServices.AsyncTaskMethodBuilder`1.SetExistingTaskResult(Task`1 task, TResult result)
[xUnit.net 00:01:01.72]            at System.Runtime.CompilerServices.AsyncValueTaskMethodBuilder`1.SetResult(TResult result)
[xUnit.net 00:01:01.72]            at Polly.Retry.RetryResilienceStrategy`1.ExecuteCore[TState](Func`3 callback, ResilienceContext context, TState state)
[xUnit.net 00:01:01.72]            at System.Runtime.CompilerServices.AsyncTaskMethodBuilder`1.AsyncStateMachineBox`1.ExecutionContextCallback(Object s)
[xUnit.net 00:01:01.72]            at System.Threading.ExecutionContext.RunInternal(ExecutionContext executionContext, ContextCallback callback, Object state)
[xUnit.net 00:01:01.72]            at System.Runtime.CompilerServices.AsyncTaskMethodBuilder`1.AsyncStateMachineBox`1.MoveNext(Thread threadPoolThread)
[xUnit.net 00:01:01.72]            at System.Runtime.CompilerServices.AsyncTaskMethodBuilder`1.AsyncStateMachineBox`1.MoveNext()
[xUnit.net 00:01:01.72]            at System.Threading.Tasks.AwaitTaskContinuation.RunOrScheduleAction(IAsyncStateMachineBox box, Boolean allowInlining)
[xUnit.net 00:01:01.72]            at System.Threading.Tasks.Task.RunContinuations(Object continuationObject)
[xUnit.net 00:01:01.72]            at System.Threading.Tasks.Task`1.TrySetResult(TResult result)
[xUnit.net 00:01:01.72]            at System.Runtime.CompilerServices.AsyncTaskMethodBuilder`1.SetExistingTaskResult(Task`1 task, TResult result)
[xUnit.net 00:01:01.72]            at System.Runtime.CompilerServices.AsyncValueTaskMethodBuilder`1.SetResult(TResult result)
[xUnit.net 00:01:01.72]            at Polly.Utils.Pipeline.BridgeComponent`1.<>c__4`2.<<ExecuteCore>b__4_1>d.MoveNext()
[xUnit.net 00:01:01.72]            at System.Runtime.CompilerServices.AsyncTaskMethodBuilder`1.AsyncStateMachineBox`1.ExecutionContextCallback(Object s)
[xUnit.net 00:01:01.72]            at System.Threading.ExecutionContext.RunInternal(ExecutionContext executionContext, ContextCallback callback, Object state)
[xUnit.net 00:01:01.72]            at System.Runtime.CompilerServices.AsyncTaskMethodBuilder`1.AsyncStateMachineBox`1.MoveNext(Thread threadPoolThread)
[xUnit.net 00:01:01.72]            at System.Runtime.CompilerServices.AsyncTaskMethodBuilder`1.AsyncStateMachineBox`1.MoveNext()
[xUnit.net 00:01:01.72]            at System.Threading.Tasks.AwaitTaskContinuation.RunOrScheduleAction(IAsyncStateMachineBox box, Boolean allowInlining)
[xUnit.net 00:01:01.72]            at System.Threading.Tasks.Task.RunContinuations(Object continuationObject)
[xUnit.net 00:01:01.72]            at System.Threading.Tasks.Task`1.TrySetResult(TResult result)
[xUnit.net 00:01:01.72]            at System.Runtime.CompilerServices.AsyncTaskMethodBuilder`1.SetExistingTaskResult(Task`1 task, TResult result)
[xUnit.net 00:01:01.72]            at System.Runtime.CompilerServices.AsyncValueTaskMethodBuilder`1.SetResult(TResult result)
[xUnit.net 00:01:01.72]            at Polly.ResiliencePipeline.<>c__10`1.<<ExecuteAsync>b__10_0>d.MoveNext()
[xUnit.net 00:01:01.72]            at System.Runtime.CompilerServices.AsyncTaskMethodBuilder`1.AsyncStateMachineBox`1.ExecutionContextCallback(Object s)
[xUnit.net 00:01:01.72]            at System.Threading.ExecutionContext.RunInternal(ExecutionContext executionContext, ContextCallback callback, Object state)
[xUnit.net 00:01:01.72]            at System.Runtime.CompilerServices.AsyncTaskMethodBuilder`1.AsyncStateMachineBox`1.MoveNext(Thread threadPoolThread)
[xUnit.net 00:01:01.72]            at System.Runtime.CompilerServices.AsyncTaskMethodBuilder`1.AsyncStateMachineBox`1.MoveNext()
[xUnit.net 00:01:01.72]            at System.Threading.Tasks.AwaitTaskContinuation.RunOrScheduleAction(IAsyncStateMachineBox box, Boolean allowInlining)
[xUnit.net 00:01:01.72]            at System.Threading.Tasks.Task.RunContinuations(Object continuationObject)
[xUnit.net 00:01:01.72]            at System.Threading.Tasks.Task.TrySetCanceled(CancellationToken tokenToRecord, Object cancellationException)
[xUnit.net 00:01:01.72]            at System.Runtime.CompilerServices.AsyncTaskMethodBuilder`1.SetException(Exception exception, Task`1& taskField)
[xUnit.net 00:01:01.72]         /_/src/Aspire.Hosting/Dcp/KubernetesService.cs(485,0): at Aspire.Hosting.Dcp.KubernetesService.<>c__DisplayClass29_0`1.<<ExecuteWithRetry>b__1>d.MoveNext()
[xUnit.net 00:01:01.72]            at System.Runtime.CompilerServices.AsyncTaskMethodBuilder`1.AsyncStateMachineBox`1.ExecutionContextCallback(Object s)
[xUnit.net 00:01:01.72]            at System.Threading.ExecutionContext.RunInternal(ExecutionContext executionContext, ContextCallback callback, Object state)
[xUnit.net 00:01:01.72]            at System.Runtime.CompilerServices.AsyncTaskMethodBuilder`1.AsyncStateMachineBox`1.MoveNext(Thread threadPoolThread)
[xUnit.net 00:01:01.72]            at System.Runtime.CompilerServices.AsyncTaskMethodBuilder`1.AsyncStateMachineBox`1.MoveNext()
[xUnit.net 00:01:01.72]            at System.Threading.Tasks.AwaitTaskContinuation.RunOrScheduleAction(IAsyncStateMachineBox box, Boolean allowInlining)
[xUnit.net 00:01:01.72]            at System.Threading.Tasks.Task.RunContinuations(Object continuationObject)
[xUnit.net 00:01:01.72]            at System.Threading.Tasks.Task.TrySetCanceled(CancellationToken tokenToRecord, Object cancellationException)
[xUnit.net 00:01:01.72]            at System.Runtime.CompilerServices.AsyncTaskMethodBuilder`1.SetException(Exception exception, Task`1& taskField)
[xUnit.net 00:01:01.72]            at System.Runtime.CompilerServices.AsyncTaskMethodBuilder`1.SetException(Exception exception)
[xUnit.net 00:01:01.72]         /_/src/Aspire.Hosting/Dcp/KubernetesService.cs(579,0): at Aspire.Hosting.Dcp.KubernetesService.EnsureKubernetesAsync(CancellationToken cancellationToken)
[xUnit.net 00:01:01.72]            at System.Runtime.CompilerServices.AsyncTaskMethodBuilder`1.AsyncStateMachineBox`1.ExecutionContextCallback(Object s)
[xUnit.net 00:01:01.72]            at System.Threading.ExecutionContext.RunInternal(ExecutionContext executionContext, ContextCallback callback, Object state)
[xUnit.net 00:01:01.72]            at System.Runtime.CompilerServices.AsyncTaskMethodBuilder`1.AsyncStateMachineBox`1.MoveNext(Thread threadPoolThread)
[xUnit.net 00:01:01.72]            at System.Runtime.CompilerServices.AsyncTaskMethodBuilder`1.AsyncStateMachineBox`1.MoveNext()
[xUnit.net 00:01:01.72]            at System.Threading.Tasks.AwaitTaskContinuation.RunOrScheduleAction(IAsyncStateMachineBox box, Boolean allowInlining)
[xUnit.net 00:01:01.72]            at System.Threading.Tasks.Task.RunContinuations(Object continuationObject)
[xUnit.net 00:01:01.72]            at System.Threading.Tasks.Task.TrySetCanceled(CancellationToken tokenToRecord, Object cancellationException)
[xUnit.net 00:01:01.72]            at System.Runtime.CompilerServices.AsyncTaskMethodBuilder`1.SetException(Exception exception, Task`1& taskField)
[xUnit.net 00:01:01.72]            at System.Threading.SemaphoreSlim.WaitUntilCountOrTimeoutAsync(TaskNode asyncWaiter, Int64 millisecondsTimeout, CancellationToken cancellationToken)
[xUnit.net 00:01:01.72]            at System.Threading.ExecutionContext.RunFromThreadPoolDispatchLoop(Thread threadPoolThread, ExecutionContext executionContext, ContextCallback callback, Object state)
[xUnit.net 00:01:01.72]            at System.Runtime.CompilerServices.AsyncTaskMethodBuilder`1.AsyncStateMachineBox`1.MoveNext(Thread threadPoolThread)
[xUnit.net 00:01:01.72]            at System.Threading.ThreadPoolWorkQueue.Dispatch()
[xUnit.net 00:01:01.72]            at System.Threading.PortableThreadPool.WorkerThread.WorkerThreadStart()
[xUnit.net 00:01:01.72]            at System.Threading.Thread.StartCallback()
[xUnit.net 00:01:01.72]         --- End of stack trace from previous location ---
[xUnit.net 00:01:01.72]            at Polly.Outcome`1.GetResultOrRethrow()
[xUnit.net 00:01:01.72]            at Polly.ResiliencePipeline.ExecuteAsync[TResult](Func`2 callback, CancellationToken cancellationToken)
[xUnit.net 00:01:01.72]         /_/src/Aspire.Hosting/Dcp/KubernetesService.cs(481,0): at Aspire.Hosting.Dcp.KubernetesService.ExecuteWithRetry[TResult](DcpApiOperationType operationType, String resourceType, Func`2 operation, Func`2 isRetryable, CancellationToken cancellationToken)
[xUnit.net 00:01:01.72]         /_/src/Aspire.Hosting/Dcp/DcpExecutor.cs(612,0): at Aspire.Hosting.Dcp.DcpExecutor.<>c__DisplayClass46_1`1.<<CreateDcpObjectsAsync>b__0>d.MoveNext()
[xUnit.net 00:01:01.72]         --- End of stack trace from previous location ---
[xUnit.net 00:01:01.72]         /_/src/Aspire.Hosting/Dcp/DcpExecutor.cs(615,0): at Aspire.Hosting.Dcp.DcpExecutor.CreateDcpObjectsAsync[RT](IEnumerable`1 objects, CancellationToken cancellationToken)
[xUnit.net 00:01:01.72]         /_/src/Aspire.Hosting/Dcp/DcpExecutor.cs(227,0): at Aspire.Hosting.Dcp.DcpExecutor.<>c__DisplayClass33_1.<<RunApplicationAsync>b__5>d.MoveNext()
[xUnit.net 00:01:01.72]         --- End of stack trace from previous location ---
[xUnit.net 00:01:01.72]         /_/src/Aspire.Hosting/Dcp/DcpExecutor.cs(244,0): at Aspire.Hosting.Dcp.DcpExecutor.RunApplicationAsync(CancellationToken ct)
[xUnit.net 00:01:01.72]         /_/src/Aspire.Hosting/Orchestrator/ApplicationOrchestrator.cs(555,0): at Aspire.Hosting.Orchestrator.ApplicationOrchestrator.RunApplicationAsync(CancellationToken cancellationToken)
[xUnit.net 00:01:01.72]         /_/src/Aspire.Hosting/Orchestrator/OrchestratorHostService.cs(41,0): at Aspire.Hosting.Orchestrator.OrchestratorHostService.StartAsync(CancellationToken cancellationToken)
[xUnit.net 00:01:01.72]            at Microsoft.Extensions.Hosting.Internal.Host.<StartAsync>b__14_1(IHostedService service, CancellationToken token)
[xUnit.net 00:01:01.72]            at Microsoft.Extensions.Hosting.Internal.Host.ForeachService[T](IEnumerable`1 services, CancellationToken token, Boolean concurrent, Boolean abortOnFirstException, List`1 exceptions, Func`3 operation)
[xUnit.net 00:01:01.72]            at Microsoft.Extensions.Hosting.Internal.Host.StartAsync(CancellationToken cancellationToken)
[xUnit.net 00:01:01.72]         /_/src/Aspire.Hosting.Testing/DistributedApplicationFactory.cs(598,0): at Aspire.Hosting.Testing.DistributedApplicationFactory.ObservedHost.StartAsync(CancellationToken cancellationToken)
[xUnit.net 00:01:01.72]         /_/src/Aspire.Hosting.Testing/DistributedApplicationFactory.cs(73,0): at Aspire.Hosting.Testing.DistributedApplicationFactory.StartAsync(CancellationToken cancellationToken)
[xUnit.net 00:01:01.72]         /_/src/Aspire.Hosting.Testing/DistributedApplicationTestingBuilder.cs(314,0): at Aspire.Hosting.Testing.DistributedApplicationTestingBuilder.SuspendingDistributedApplicationFactory.DelegatedHost.StartAsync(CancellationToken cancellationToken)
[xUnit.net 00:01:01.72]         /_/src/Aspire.Hosting.Testing/DistributedApplicationTestingBuilder.cs(289,0): at Aspire.Hosting.Testing.DistributedApplicationTestingBuilder.SuspendingDistributedApplicationFactory.DelegatedDistributedApplication.StartAsync(CancellationToken cancellationToken)
[xUnit.net 00:01:01.72]         /home/teqs/github/MyBlog/tests/AppHost.Tests/Infrastructure/ClearCommandAppFixture.cs(53,0): at AppHost.Tests.Infrastructure.ClearCommandAppFixture.InitializeAsync()
[xUnit.net 00:01:01.72]         ----- Inner Stack Trace -----
[xUnit.net 00:01:01.72]            at System.Threading.CancellationToken.ThrowOperationCanceledException()
[xUnit.net 00:01:01.72]            at System.Threading.SemaphoreSlim.WaitUntilCountOrTimeoutAsync(TaskNode asyncWaiter, Int64 millisecondsTimeout, CancellationToken cancellationToken)
[xUnit.net 00:01:01.72]         /_/src/Aspire.Hosting/Dcp/KubernetesService.cs(579,0): at Aspire.Hosting.Dcp.KubernetesService.EnsureKubernetesAsync(CancellationToken cancellationToken)
[xUnit.net 00:01:01.72]         /_/src/Aspire.Hosting/Dcp/KubernetesService.cs(485,0): at Aspire.Hosting.Dcp.KubernetesService.<>c__DisplayClass29_0`1.<<ExecuteWithRetry>b__1>d.MoveNext()
[xUnit.net 00:01:01.72]         --- End of stack trace from previous location ---
[xUnit.net 00:01:01.72]            at Polly.ResiliencePipeline.<>c__10`1.<<ExecuteAsync>b__10_0>d.MoveNext()
  Failed AppHost Starts Web And Resolves MongoDb Connection String [1 ms]
  Error Message:
   Collection fixture type 'AppHost.Tests.Infrastructure.ClearCommandAppFixture' threw in InitializeAsync
---- Polly.Timeout.TimeoutRejectedException : The operation didn't complete within the allowed timeout of '00:00:20'.
-------- System.OperationCanceledException : The operation was canceled.
  Stack Trace:
  
----- Inner Stack Trace -----
   at Polly.Utils.ExceptionUtilities.TrySetStackTrace[T](T exception)
   at Polly.Timeout.TimeoutResilienceStrategy.ExecuteCore[TResult,TState](Func`3 callback, ResilienceContext context, TState state)
   at System.Runtime.CompilerServices.AsyncTaskMethodBuilder`1.AsyncStateMachineBox`1.ExecutionContextCallback(Object s)
   at System.Threading.ExecutionContext.RunInternal(ExecutionContext executionContext, ContextCallback callback, Object state)
   at System.Runtime.CompilerServices.AsyncTaskMethodBuilder`1.AsyncStateMachineBox`1.MoveNext(Thread threadPoolThread)
   at System.Runtime.CompilerServices.AsyncTaskMethodBuilder`1.AsyncStateMachineBox`1.MoveNext()
   at System.Threading.Tasks.AwaitTaskContinuation.RunOrScheduleAction(IAsyncStateMachineBox box, Boolean allowInlining)
   at System.Threading.Tasks.Task.RunContinuations(Object continuationObject)
   at System.Threading.Tasks.Task`1.TrySetResult(TResult result)
   at System.Runtime.CompilerServices.AsyncTaskMethodBuilder`1.SetExistingTaskResult(Task`1 task, TResult result)
   at System.Runtime.CompilerServices.AsyncValueTaskMethodBuilder`1.SetResult(TResult result)
   at Polly.Utils.Pipeline.BridgeComponent`1.<ExecuteCore>g__ConvertValueTaskAsync|4_0[TResult,TState](ValueTask`1 valueTask, ResilienceContext resilienceContext)
   at System.Runtime.CompilerServices.AsyncTaskMethodBuilder`1.AsyncStateMachineBox`1.ExecutionContextCallback(Object s)
   at System.Threading.ExecutionContext.RunInternal(ExecutionContext executionContext, ContextCallback callback, Object state)
   at System.Runtime.CompilerServices.AsyncTaskMethodBuilder`1.AsyncStateMachineBox`1.MoveNext(Thread threadPoolThread)
   at System.Runtime.CompilerServices.AsyncTaskMethodBuilder`1.AsyncStateMachineBox`1.MoveNext()
   at System.Threading.Tasks.AwaitTaskContinuation.RunOrScheduleAction(IAsyncStateMachineBox box, Boolean allowInlining)
   at System.Threading.Tasks.Task.RunContinuations(Object continuationObject)
   at System.Threading.Tasks.Task`1.TrySetResult(TResult result)
   at System.Runtime.CompilerServices.AsyncTaskMethodBuilder`1.SetExistingTaskResult(Task`1 task, TResult result)
   at System.Runtime.CompilerServices.AsyncValueTaskMethodBuilder`1.SetResult(TResult result)
   at Polly.Retry.RetryResilienceStrategy`1.ExecuteCore[TState](Func`3 callback, ResilienceContext context, TState state)
   at System.Runtime.CompilerServices.AsyncTaskMethodBuilder`1.AsyncStateMachineBox`1.ExecutionContextCallback(Object s)
   at System.Threading.ExecutionContext.RunInternal(ExecutionContext executionContext, ContextCallback callback, Object state)
   at System.Runtime.CompilerServices.AsyncTaskMethodBuilder`1.AsyncStateMachineBox`1.MoveNext(Thread threadPoolThread)
   at System.Runtime.CompilerServices.AsyncTaskMethodBuilder`1.AsyncStateMachineBox`1.MoveNext()
   at System.Threading.Tasks.AwaitTaskContinuation.RunOrScheduleAction(IAsyncStateMachineBox box, Boolean allowInlining)
   at System.Threading.Tasks.Task.RunContinuations(Object continuationObject)
   at System.Threading.Tasks.Task`1.TrySetResult(TResult result)
   at System.Runtime.CompilerServices.AsyncTaskMethodBuilder`1.SetExistingTaskResult(Task`1 task, TResult result)
   at System.Runtime.CompilerServices.AsyncValueTaskMethodBuilder`1.SetResult(TResult result)
   at Polly.Utils.Pipeline.BridgeComponent`1.<>c__4`2.<<ExecuteCore>b__4_1>d.MoveNext()
   at System.Runtime.CompilerServices.AsyncTaskMethodBuilder`1.AsyncStateMachineBox`1.ExecutionContextCallback(Object s)
   at System.Threading.ExecutionContext.RunInternal(ExecutionContext executionContext, ContextCallback callback, Object state)
   at System.Runtime.CompilerServices.AsyncTaskMethodBuilder`1.AsyncStateMachineBox`1.MoveNext(Thread threadPoolThread)
   at System.Runtime.CompilerServices.AsyncTaskMethodBuilder`1.AsyncStateMachineBox`1.MoveNext()
   at System.Threading.Tasks.AwaitTaskContinuation.RunOrScheduleAction(IAsyncStateMachineBox box, Boolean allowInlining)
   at System.Threading.Tasks.Task.RunContinuations(Object continuationObject)
   at System.Threading.Tasks.Task`1.TrySetResult(TResult result)
   at System.Runtime.CompilerServices.AsyncTaskMethodBuilder`1.SetExistingTaskResult(Task`1 task, TResult result)
   at System.Runtime.CompilerServices.AsyncValueTaskMethodBuilder`1.SetResult(TResult result)
   at Polly.ResiliencePipeline.<>c__10`1.<<ExecuteAsync>b__10_0>d.MoveNext()
   at System.Runtime.CompilerServices.AsyncTaskMethodBuilder`1.AsyncStateMachineBox`1.ExecutionContextCallback(Object s)
   at System.Threading.ExecutionContext.RunInternal(ExecutionContext executionContext, ContextCallback callback, Object state)
   at System.Runtime.CompilerServices.AsyncTaskMethodBuilder`1.AsyncStateMachineBox`1.MoveNext(Thread threadPoolThread)
   at System.Runtime.CompilerServices.AsyncTaskMethodBuilder`1.AsyncStateMachineBox`1.MoveNext()
   at System.Threading.Tasks.AwaitTaskContinuation.RunOrScheduleAction(IAsyncStateMachineBox box, Boolean allowInlining)
   at System.Threading.Tasks.Task.RunContinuations(Object continuationObject)
   at System.Threading.Tasks.Task.TrySetCanceled(CancellationToken tokenToRecord, Object cancellationException)
   at System.Runtime.CompilerServices.AsyncTaskMethodBuilder`1.SetException(Exception exception, Task`1& taskField)
   at Aspire.Hosting.Dcp.KubernetesService.<>c__DisplayClass29_0`1.<<ExecuteWithRetry>b__1>d.MoveNext() in /_/src/Aspire.Hosting/Dcp/KubernetesService.cs:line 485
   at System.Runtime.CompilerServices.AsyncTaskMethodBuilder`1.AsyncStateMachineBox`1.ExecutionContextCallback(Object s)
   at System.Threading.ExecutionContext.RunInternal(ExecutionContext executionContext, ContextCallback callback, Object state)
   at System.Runtime.CompilerServices.AsyncTaskMethodBuilder`1.AsyncStateMachineBox`1.MoveNext(Thread threadPoolThread)
   at System.Runtime.CompilerServices.AsyncTaskMethodBuilder`1.AsyncStateMachineBox`1.MoveNext()
   at System.Threading.Tasks.AwaitTaskContinuation.RunOrScheduleAction(IAsyncStateMachineBox box, Boolean allowInlining)
   at System.Threading.Tasks.Task.RunContinuations(Object continuationObject)
   at System.Threading.Tasks.Task.TrySetCanceled(CancellationToken tokenToRecord, Object cancellationException)
   at System.Runtime.CompilerServices.AsyncTaskMethodBuilder`1.SetException(Exception exception, Task`1& taskField)
   at System.Runtime.CompilerServices.AsyncTaskMethodBuilder`1.SetException(Exception exception)
   at Aspire.Hosting.Dcp.KubernetesService.EnsureKubernetesAsync(CancellationToken cancellationToken) in /_/src/Aspire.Hosting/Dcp/KubernetesService.cs:line 579
   at System.Runtime.CompilerServices.AsyncTaskMethodBuilder`1.AsyncStateMachineBox`1.ExecutionContextCallback(Object s)
   at System.Threading.ExecutionContext.RunInternal(ExecutionContext executionContext, ContextCallback callback, Object state)
   at System.Runtime.CompilerServices.AsyncTaskMethodBuilder`1.AsyncStateMachineBox`1.MoveNext(Thread threadPoolThread)
   at System.Runtime.CompilerServices.AsyncTaskMethodBuilder`1.AsyncStateMachineBox`1.MoveNext()
   at System.Threading.Tasks.AwaitTaskContinuation.RunOrScheduleAction(IAsyncStateMachineBox box, Boolean allowInlining)
   at System.Threading.Tasks.Task.RunContinuations(Object continuationObject)
   at System.Threading.Tasks.Task.TrySetCanceled(CancellationToken tokenToRecord, Object cancellationException)
   at System.Runtime.CompilerServices.AsyncTaskMethodBuilder`1.SetException(Exception exception, Task`1& taskField)
   at System.Threading.SemaphoreSlim.WaitUntilCountOrTimeoutAsync(TaskNode asyncWaiter, Int64 millisecondsTimeout, CancellationToken cancellationToken)
   at System.Threading.ExecutionContext.RunFromThreadPoolDispatchLoop(Thread threadPoolThread, ExecutionContext executionContext, ContextCallback callback, Object state)
   at System.Runtime.CompilerServices.AsyncTaskMethodBuilder`1.AsyncStateMachineBox`1.MoveNext(Thread threadPoolThread)
   at System.Threading.ThreadPoolWorkQueue.Dispatch()
   at System.Threading.PortableThreadPool.WorkerThread.WorkerThreadStart()
   at System.Threading.Thread.StartCallback()
--- End of stack trace from previous location ---
   at Polly.Outcome`1.GetResultOrRethrow()
   at Polly.ResiliencePipeline.ExecuteAsync[TResult](Func`2 callback, CancellationToken cancellationToken)
   at Aspire.Hosting.Dcp.KubernetesService.ExecuteWithRetry[TResult](DcpApiOperationType operationType, String resourceType, Func`2 operation, Func`2 isRetryable, CancellationToken cancellationToken) in /_/src/Aspire.Hosting/Dcp/KubernetesService.cs:line 481
   at Aspire.Hosting.Dcp.DcpExecutor.<>c__DisplayClass46_1`1.<<CreateDcpObjectsAsync>b__0>d.MoveNext() in /_/src/Aspire.Hosting/Dcp/DcpExecutor.cs:line 612
--- End of stack trace from previous location ---
   at Aspire.Hosting.Dcp.DcpExecutor.CreateDcpObjectsAsync[RT](IEnumerable`1 objects, CancellationToken cancellationToken) in /_/src/Aspire.Hosting/Dcp/DcpExecutor.cs:line 615
   at Aspire.Hosting.Dcp.DcpExecutor.<>c__DisplayClass33_1.<<RunApplicationAsync>b__5>d.MoveNext() in /_/src/Aspire.Hosting/Dcp/DcpExecutor.cs:line 227
--- End of stack trace from previous location ---
   at Aspire.Hosting.Dcp.DcpExecutor.RunApplicationAsync(CancellationToken ct) in /_/src/Aspire.Hosting/Dcp/DcpExecutor.cs:line 244
   at Aspire.Hosting.Orchestrator.ApplicationOrchestrator.RunApplicationAsync(CancellationToken cancellationToken) in /_/src/Aspire.Hosting/Orchestrator/ApplicationOrchestrator.cs:line 555
   at Aspire.Hosting.Orchestrator.OrchestratorHostService.StartAsync(CancellationToken cancellationToken) in /_/src/Aspire.Hosting/Orchestrator/OrchestratorHostService.cs:line 41
   at Microsoft.Extensions.Hosting.Internal.Host.<StartAsync>b__14_1(IHostedService service, CancellationToken token)
   at Microsoft.Extensions.Hosting.Internal.Host.ForeachService[T](IEnumerable`1 services, CancellationToken token, Boolean concurrent, Boolean abortOnFirstException, List`1 exceptions, Func`3 operation)
   at Microsoft.Extensions.Hosting.Internal.Host.StartAsync(CancellationToken cancellationToken)
   at Aspire.Hosting.Testing.DistributedApplicationFactory.ObservedHost.StartAsync(CancellationToken cancellationToken) in /_/src/Aspire.Hosting.Testing/DistributedApplicationFactory.cs:line 598
   at Aspire.Hosting.Testing.DistributedApplicationFactory.StartAsync(CancellationToken cancellationToken) in /_/src/Aspire.Hosting.Testing/DistributedApplicationFactory.cs:line 73
   at Aspire.Hosting.Testing.DistributedApplicationTestingBuilder.SuspendingDistributedApplicationFactory.DelegatedHost.StartAsync(CancellationToken cancellationToken) in /_/src/Aspire.Hosting.Testing/DistributedApplicationTestingBuilder.cs:line 314
   at Aspire.Hosting.Testing.DistributedApplicationTestingBuilder.SuspendingDistributedApplicationFactory.DelegatedDistributedApplication.StartAsync(CancellationToken cancellationToken) in /_/src/Aspire.Hosting.Testing/DistributedApplicationTestingBuilder.cs:line 289
   at AppHost.Tests.Infrastructure.ClearCommandAppFixture.InitializeAsync() in /home/teqs/github/MyBlog/tests/AppHost.Tests/Infrastructure/ClearCommandAppFixture.cs:line 53
----- Inner Stack Trace -----
   at System.Threading.CancellationToken.ThrowOperationCanceledException()
   at System.Threading.SemaphoreSlim.WaitUntilCountOrTimeoutAsync(TaskNode asyncWaiter, Int64 millisecondsTimeout, CancellationToken cancellationToken)
   at Aspire.Hosting.Dcp.KubernetesService.EnsureKubernetesAsync(CancellationToken cancellationToken) in /_/src/Aspire.Hosting/Dcp/KubernetesService.cs:line 579
   at Aspire.Hosting.Dcp.KubernetesService.<>c__DisplayClass29_0`1.<<ExecuteWithRetry>b__1>d.MoveNext() in /_/src/Aspire.Hosting/Dcp/KubernetesService.cs:line 485
--- End of stack trace from previous location ---
   at Polly.ResiliencePipeline.<>c__10`1.<<ExecuteAsync>b__10_0>d.MoveNext()
  Failed ClearMyBlogData Collection Failure Is Reported As Warning And Other Collections Continue [1 ms]
  Error Message:
   Collection fixture type 'AppHost.Tests.Infrastructure.ClearCommandAppFixture' threw in InitializeAsync
---- Polly.Timeout.TimeoutRejectedException : The operation didn't complete within the allowed timeout of '00:00:20'.
-------- System.OperationCanceledException : The operation was canceled.
  Stack Trace:
  
----- Inner Stack Trace -----
   at Polly.Utils.ExceptionUtilities.TrySetStackTrace[T](T exception)
   at Polly.Timeout.TimeoutResilienceStrategy.ExecuteCore[TResult,TState](Func`3 callback, ResilienceContext context, TState state)
   at System.Runtime.CompilerServices.AsyncTaskMethodBuilder`1.AsyncStateMachineBox`1.ExecutionContextCallback(Object s)
   at System.Threading.ExecutionContext.RunInternal(ExecutionContext executionContext, ContextCallback callback, Object state)
   at System.Runtime.CompilerServices.AsyncTaskMethodBuilder`1.AsyncStateMachineBox`1.MoveNext(Thread threadPoolThread)
   at System.Runtime.CompilerServices.AsyncTaskMethodBuilder`1.AsyncStateMachineBox`1.MoveNext()
   at System.Threading.Tasks.AwaitTaskContinuation.RunOrScheduleAction(IAsyncStateMachineBox box, Boolean allowInlining)
   at System.Threading.Tasks.Task.RunContinuations(Object continuationObject)
   at System.Threading.Tasks.Task`1.TrySetResult(TResult result)
   at System.Runtime.CompilerServices.AsyncTaskMethodBuilder`1.SetExistingTaskResult(Task`1 task, TResult result)
   at System.Runtime.CompilerServices.AsyncValueTaskMethodBuilder`1.SetResult(TResult result)
   at Polly.Utils.Pipeline.BridgeComponent`1.<ExecuteCore>g__ConvertValueTaskAsync|4_0[TResult,TState](ValueTask`1 valueTask, ResilienceContext resilienceContext)
   at System.Runtime.CompilerServices.AsyncTaskMethodBuilder`1.AsyncStateMachineBox`1.ExecutionContextCallback(Object s)
   at System.Threading.ExecutionContext.RunInternal(ExecutionContext executionContext, ContextCallback callback, Object state)
   at System.Runtime.CompilerServices.AsyncTaskMethodBuilder`1.AsyncStateMachineBox`1.MoveNext(Thread threadPoolThread)
   at System.Runtime.CompilerServices.AsyncTaskMethodBuilder`1.AsyncStateMachineBox`1.MoveNext()
   at System.Threading.Tasks.AwaitTaskContinuation.RunOrScheduleAction(IAsyncStateMachineBox box, Boolean allowInlining)
   at System.Threading.Tasks.Task.RunContinuations(Object continuationObject)
   at System.Threading.Tasks.Task`1.TrySetResult(TResult result)
   at System.Runtime.CompilerServices.AsyncTaskMethodBuilder`1.SetExistingTaskResult(Task`1 task, TResult result)
   at System.Runtime.CompilerServices.AsyncValueTaskMethodBuilder`1.SetResult(TResult result)
   at Polly.Retry.RetryResilienceStrategy`1.ExecuteCore[TState](Func`3 callback, ResilienceContext context, TState state)
   at System.Runtime.CompilerServices.AsyncTaskMethodBuilder`1.AsyncStateMachineBox`1.ExecutionContextCallback(Object s)
   at System.Threading.ExecutionContext.RunInternal(ExecutionContext executionContext, ContextCallback callback, Object state)
   at System.Runtime.CompilerServices.AsyncTaskMethodBuilder`1.AsyncStateMachineBox`1.MoveNext(Thread threadPoolThread)
   at System.Runtime.CompilerServices.AsyncTaskMethodBuilder`1.AsyncStateMachineBox`1.MoveNext()
   at System.Threading.Tasks.AwaitTaskContinuation.RunOrScheduleAction(IAsyncStateMachineBox box, Boolean allowInlining)
   at System.Threading.Tasks.Task.RunContinuations(Object continuationObject)
   at System.Threading.Tasks.Task`1.TrySetResult(TResult result)
   at System.Runtime.CompilerServices.AsyncTaskMethodBuilder`1.SetExistingTaskResult(Task`1 task, TResult result)
   at System.Runtime.CompilerServices.AsyncValueTaskMethodBuilder`1.SetResult(TResult result)
   at Polly.Utils.Pipeline.BridgeComponent`1.<>c__4`2.<<ExecuteCore>b__4_1>d.MoveNext()
   at System.Runtime.CompilerServices.AsyncTaskMethodBuilder`1.AsyncStateMachineBox`1.ExecutionContextCallback(Object s)
   at System.Threading.ExecutionContext.RunInternal(ExecutionContext executionContext, ContextCallback callback, Object state)
   at System.Runtime.CompilerServices.AsyncTaskMethodBuilder`1.AsyncStateMachineBox`1.MoveNext(Thread threadPoolThread)
   at System.Runtime.CompilerServices.AsyncTaskMethodBuilder`1.AsyncStateMachineBox`1.MoveNext()
   at System.Threading.Tasks.AwaitTaskContinuation.RunOrScheduleAction(IAsyncStateMachineBox box, Boolean allowInlining)
   at System.Threading.Tasks.Task.RunContinuations(Object continuationObject)
   at System.Threading.Tasks.Task`1.TrySetResult(TResult result)
   at System.Runtime.CompilerServices.AsyncTaskMethodBuilder`1.SetExistingTaskResult(Task`1 task, TResult result)
   at System.Runtime.CompilerServices.AsyncValueTaskMethodBuilder`1.SetResult(TResult result)
   at Polly.ResiliencePipeline.<>c__10`1.<<ExecuteAsync>b__10_0>d.MoveNext()
   at System.Runtime.CompilerServices.AsyncTaskMethodBuilder`1.AsyncStateMachineBox`1.ExecutionContextCallback(Object s)
   at System.Threading.ExecutionContext.RunInternal(ExecutionContext executionContext, ContextCallback callback, Object state)
   at System.Runtime.CompilerServices.AsyncTaskMethodBuilder`1.AsyncStateMachineBox`1.MoveNext(Thread threadPoolThread)
   at System.Runtime.CompilerServices.AsyncTaskMethodBuilder`1.AsyncStateMachineBox`1.MoveNext()
   at System.Threading.Tasks.AwaitTaskContinuation.RunOrScheduleAction(IAsyncStateMachineBox box, Boolean allowInlining)
   at System.Threading.Tasks.Task.RunContinuations(Object continuationObject)
   at System.Threading.Tasks.Task.TrySetCanceled(CancellationToken tokenToRecord, Object cancellationException)
   at System.Runtime.CompilerServices.AsyncTaskMethodBuilder`1.SetException(Exception exception, Task`1& taskField)
   at Aspire.Hosting.Dcp.KubernetesService.<>c__DisplayClass29_0`1.<<ExecuteWithRetry>b__1>d.MoveNext() in /_/src/Aspire.Hosting/Dcp/KubernetesService.cs:line 485
   at System.Runtime.CompilerServices.AsyncTaskMethodBuilder`1.AsyncStateMachineBox`1.ExecutionContextCallback(Object s)
   at System.Threading.ExecutionContext.RunInternal(ExecutionContext executionContext, ContextCallback callback, Object state)
   at System.Runtime.CompilerServices.AsyncTaskMethodBuilder`1.AsyncStateMachineBox`1.MoveNext(Thread threadPoolThread)
   at System.Runtime.CompilerServices.AsyncTaskMethodBuilder`1.AsyncStateMachineBox`1.MoveNext()
   at System.Threading.Tasks.AwaitTaskContinuation.RunOrScheduleAction(IAsyncStateMachineBox box, Boolean allowInlining)
   at System.Threading.Tasks.Task.RunContinuations(Object continuationObject)
   at System.Threading.Tasks.Task.TrySetCanceled(CancellationToken tokenToRecord, Object cancellationException)
   at System.Runtime.CompilerServices.AsyncTaskMethodBuilder`1.SetException(Exception exception, Task`1& taskField)
   at System.Runtime.CompilerServices.AsyncTaskMethodBuilder`1.SetException(Exception exception)
   at Aspire.Hosting.Dcp.KubernetesService.EnsureKubernetesAsync(CancellationToken cancellationToken) in /_/src/Aspire.Hosting/Dcp/KubernetesService.cs:line 579
   at System.Runtime.CompilerServices.AsyncTaskMethodBuilder`1.AsyncStateMachineBox`1.ExecutionContextCallback(Object s)
   at System.Threading.ExecutionContext.RunInternal(ExecutionContext executionContext, ContextCallback callback, Object state)
   at System.Runtime.CompilerServices.AsyncTaskMethodBuilder`1.AsyncStateMachineBox`1.MoveNext(Thread threadPoolThread)
   at System.Runtime.CompilerServices.AsyncTaskMethodBuilder`1.AsyncStateMachineBox`1.MoveNext()
   at System.Threading.Tasks.AwaitTaskContinuation.RunOrScheduleAction(IAsyncStateMachineBox box, Boolean allowInlining)
   at System.Threading.Tasks.Task.RunContinuations(Object continuationObject)
   at System.Threading.Tasks.Task.TrySetCanceled(CancellationToken tokenToRecord, Object cancellationException)
   at System.Runtime.CompilerServices.AsyncTaskMethodBuilder`1.SetException(Exception exception, Task`1& taskField)
   at System.Threading.SemaphoreSlim.WaitUntilCountOrTimeoutAsync(TaskNode asyncWaiter, Int64 millisecondsTimeout, CancellationToken cancellationToken)
   at System.Threading.ExecutionContext.RunFromThreadPoolDispatchLoop(Thread threadPoolThread, ExecutionContext executionContext, ContextCallback callback, Object state)
   at System.Runtime.CompilerServices.AsyncTaskMethodBuilder`1.AsyncStateMachineBox`1.MoveNext(Thread threadPoolThread)
   at System.Threading.ThreadPoolWorkQueue.Dispatch()
   at System.Threading.PortableThreadPool.WorkerThread.WorkerThreadStart()
   at System.Threading.Thread.StartCallback()
--- End of stack trace from previous location ---
   at Polly.Outcome`1.GetResultOrRethrow()
   at Polly.ResiliencePipeline.ExecuteAsync[TResult](Func`2 callback, CancellationToken cancellationToken)
   at Aspire.Hosting.Dcp.KubernetesService.ExecuteWithRetry[TResult](DcpApiOperationType operationType, String resourceType, Func`2 operation, Func`2 isRetryable, CancellationToken cancellationToken) in /_/src/Aspire.Hosting/Dcp/KubernetesService.cs:line 481
   at Aspire.Hosting.Dcp.DcpExecutor.<>c__DisplayClass46_1`1.<<CreateDcpObjectsAsync>b__0>d.MoveNext() in /_/src/Aspire.Hosting/Dcp/DcpExecutor.cs:line 612
--- End of stack trace from previous location ---
   at Aspire.Hosting.Dcp.DcpExecutor.CreateDcpObjectsAsync[RT](IEnumerable`1 objects, CancellationToken cancellationToken) in /_/src/Aspire.Hosting/Dcp/DcpExecutor.cs:line 615
   at Aspire.Hosting.Dcp.DcpExecutor.<>c__DisplayClass33_1.<<RunApplicationAsync>b__5>d.MoveNext() in /_/src/Aspire.Hosting/Dcp/DcpExecutor.cs:line 227
--- End of stack trace from previous location ---
   at Aspire.Hosting.Dcp.DcpExecutor.RunApplicationAsync(CancellationToken ct) in /_/src/Aspire.Hosting/Dcp/DcpExecutor.cs:line 244
   at Aspire.Hosting.Orchestrator.ApplicationOrchestrator.RunApplicationAsync(CancellationToken cancellationToken) in /_/src/Aspire.Hosting/Orchestrator/ApplicationOrchestrator.cs:line 555
   at Aspire.Hosting.Orchestrator.OrchestratorHostService.StartAsync(CancellationToken cancellationToken) in /_/src/Aspire.Hosting/Orchestrator/OrchestratorHostService.cs:line 41
   at Microsoft.Extensions.Hosting.Internal.Host.<StartAsync>b__14_1(IHostedService service, CancellationToken token)
   at Microsoft.Extensions.Hosting.Internal.Host.ForeachService[T](IEnumerable`1 services, CancellationToken token, Boolean concurrent, Boolean abortOnFirstException, List`1 exceptions, Func`3 operation)
   at Microsoft.Extensions.Hosting.Internal.Host.StartAsync(CancellationToken cancellationToken)
   at Aspire.Hosting.Testing.DistributedApplicationFactory.ObservedHost.StartAsync(CancellationToken cancellationToken) in /_/src/Aspire.Hosting.Testing/DistributedApplicationFactory.cs:line 598
   at Aspire.Hosting.Testing.DistributedApplicationFactory.StartAsync(CancellationToken cancellationToken) in /_/src/Aspire.Hosting.Testing/DistributedApplicationFactory.cs:line 73
   at Aspire.Hosting.Testing.DistributedApplicationTestingBuilder.SuspendingDistributedApplicationFactory.DelegatedHost.StartAsync(CancellationToken cancellationToken) in /_/src/Aspire.Hosting.Testing/DistributedApplicationTestingBuilder.cs:line 314
   at Aspire.Hosting.Testing.DistributedApplicationTestingBuilder.SuspendingDistributedApplicationFactory.DelegatedDistributedApplication.StartAsync(CancellationToken cancellationToken) in /_/src/Aspire.Hosting.Testing/DistributedApplicationTestingBuilder.cs:line 289
   at AppHost.Tests.Infrastructure.ClearCommandAppFixture.InitializeAsync() in /home/teqs/github/MyBlog/tests/AppHost.Tests/Infrastructure/ClearCommandAppFixture.cs:line 53
----- Inner Stack Trace -----
   at System.Threading.CancellationToken.ThrowOperationCanceledException()
   at System.Threading.SemaphoreSlim.WaitUntilCountOrTimeoutAsync(TaskNode asyncWaiter, Int64 millisecondsTimeout, CancellationToken cancellationToken)
   at Aspire.Hosting.Dcp.KubernetesService.EnsureKubernetesAsync(CancellationToken cancellationToken) in /_/src/Aspire.Hosting/Dcp/KubernetesService.cs:line 579
   at Aspire.Hosting.Dcp.KubernetesService.<>c__DisplayClass29_0`1.<<ExecuteWithRetry>b__1>d.MoveNext() in /_/src/Aspire.Hosting/Dcp/KubernetesService.cs:line 485
--- End of stack trace from previous location ---
   at Polly.ResiliencePipeline.<>c__10`1.<<ExecuteAsync>b__10_0>d.MoveNext()
  Failed ClearMyBlogData Concurrent Invocations Allow Only One Run [1 ms]
  Error Message:
   Collection fixture type 'AppHost.Tests.Infrastructure.ClearCommandAppFixture' threw in InitializeAsync
---- Polly.Timeout.TimeoutRejectedException : The operation didn't complete within the allowed timeout of '00:00:20'.
-------- System.OperationCanceledException : The operation was canceled.
  Stack Trace:
  
----- Inner Stack Trace -----
   at Polly.Utils.ExceptionUtilities.TrySetStackTrace[T](T exception)
   at Polly.Timeout.TimeoutResilienceStrategy.ExecuteCore[TResult,TState](Func`3 callback, ResilienceContext context, TState state)
   at System.Runtime.CompilerServices.AsyncTaskMethodBuilder`1.AsyncStateMachineBox`1.ExecutionContextCallback(Object s)
   at System.Threading.ExecutionContext.RunInternal(ExecutionContext executionContext, ContextCallback callback, Object state)
   at System.Runtime.CompilerServices.AsyncTaskMethodBuilder`1.AsyncStateMachineBox`1.MoveNext(Thread threadPoolThread)
   at System.Runtime.CompilerServices.AsyncTaskMethodBuilder`1.AsyncStateMachineBox`1.MoveNext()
   at System.Threading.Tasks.AwaitTaskContinuation.RunOrScheduleAction(IAsyncStateMachineBox box, Boolean allowInlining)
   at System.Threading.Tasks.Task.RunContinuations(Object continuationObject)
   at System.Threading.Tasks.Task`1.TrySetResult(TResult result)
   at System.Runtime.CompilerServices.AsyncTaskMethodBuilder`1.SetExistingTaskResult(Task`1 task, TResult result)
   at System.Runtime.CompilerServices.AsyncValueTaskMethodBuilder`1.SetResult(TResult result)
   at Polly.Utils.Pipeline.BridgeComponent`1.<ExecuteCore>g__ConvertValueTaskAsync|4_0[TResult,TState](ValueTask`1 valueTask, ResilienceContext resilienceContext)
   at System.Runtime.CompilerServices.AsyncTaskMethodBuilder`1.AsyncStateMachineBox`1.ExecutionContextCallback(Object s)
   at System.Threading.ExecutionContext.RunInternal(ExecutionContext executionContext, ContextCallback callback, Object state)
   at System.Runtime.CompilerServices.AsyncTaskMethodBuilder`1.AsyncStateMachineBox`1.MoveNext(Thread threadPoolThread)
   at System.Runtime.CompilerServices.AsyncTaskMethodBuilder`1.AsyncStateMachineBox`1.MoveNext()
   at System.Threading.Tasks.AwaitTaskContinuation.RunOrScheduleAction(IAsyncStateMachineBox box, Boolean allowInlining)
   at System.Threading.Tasks.Task.RunContinuations(Object continuationObject)
   at System.Threading.Tasks.Task`1.TrySetResult(TResult result)
   at System.Runtime.CompilerServices.AsyncTaskMethodBuilder`1.SetExistingTaskResult(Task`1 task, TResult result)
   at System.Runtime.CompilerServices.AsyncValueTaskMethodBuilder`1.SetResult(TResult result)
   at Polly.Retry.RetryResilienceStrategy`1.ExecuteCore[TState](Func`3 callback, ResilienceContext context, TState state)
   at System.Runtime.CompilerServices.AsyncTaskMethodBuilder`1.AsyncStateMachineBox`1.ExecutionContextCallback(Object s)
   at System.Threading.ExecutionContext.RunInternal(ExecutionContext executionContext, ContextCallback callback, Object state)
   at System.Runtime.CompilerServices.AsyncTaskMethodBuilder`1.AsyncStateMachineBox`1.MoveNext(Thread threadPoolThread)
   at System.Runtime.CompilerServices.AsyncTaskMethodBuilder`1.AsyncStateMachineBox`1.MoveNext()
   at System.Threading.Tasks.AwaitTaskContinuation.RunOrScheduleAction(IAsyncStateMachineBox box, Boolean allowInlining)
   at System.Threading.Tasks.Task.RunContinuations(Object continuationObject)
   at System.Threading.Tasks.Task`1.TrySetResult(TResult result)
   at System.Runtime.CompilerServices.AsyncTaskMethodBuilder`1.SetExistingTaskResult(Task`1 task, TResult result)
   at System.Runtime.CompilerServices.AsyncValueTaskMethodBuilder`1.SetResult(TResult result)
   at Polly.Utils.Pipeline.BridgeComponent`1.<>c__4`2.<<ExecuteCore>b__4_1>d.MoveNext()
   at System.Runtime.CompilerServices.AsyncTaskMethodBuilder`1.AsyncStateMachineBox`1.ExecutionContextCallback(Object s)
   at System.Threading.ExecutionContext.RunInternal(ExecutionContext executionContext, ContextCallback callback, Object state)
   at System.Runtime.CompilerServices.AsyncTaskMethodBuilder`1.AsyncStateMachineBox`1.MoveNext(Thread threadPoolThread)
   at System.Runtime.CompilerServices.AsyncTaskMethodBuilder`1.AsyncStateMachineBox`1.MoveNext()
   at System.Threading.Tasks.AwaitTaskContinuation.RunOrScheduleAction(IAsyncStateMachineBox box, Boolean allowInlining)
   at System.Threading.Tasks.Task.RunContinuations(Object continuationObject)
   at System.Threading.Tasks.Task`1.TrySetResult(TResult result)
   at System.Runtime.CompilerServices.AsyncTaskMethodBuilder`1.SetExistingTaskResult(Task`1 task, TResult result)
   at System.Runtime.CompilerServices.AsyncValueTaskMethodBuilder`1.SetResult(TResult result)
   at Polly.ResiliencePipeline.<>c__10`1.<<ExecuteAsync>b__10_0>d.MoveNext()
   at System.Runtime.CompilerServices.AsyncTaskMethodBuilder`1.AsyncStateMachineBox`1.ExecutionContextCallback(Object s)
   at System.Threading.ExecutionContext.RunInternal(ExecutionContext executionContext, ContextCallback callback, Object state)
   at System.Runtime.CompilerServices.AsyncTaskMethodBuilder`1.AsyncStateMachineBox`1.MoveNext(Thread threadPoolThread)
   at System.Runtime.CompilerServices.AsyncTaskMethodBuilder`1.AsyncStateMachineBox`1.MoveNext()
   at System.Threading.Tasks.AwaitTaskContinuation.RunOrScheduleAction(IAsyncStateMachineBox box, Boolean allowInlining)
   at System.Threading.Tasks.Task.RunContinuations(Object continuationObject)
   at System.Threading.Tasks.Task.TrySetCanceled(CancellationToken tokenToRecord, Object cancellationException)
   at System.Runtime.CompilerServices.AsyncTaskMethodBuilder`1.SetException(Exception exception, Task`1& taskField)
   at Aspire.Hosting.Dcp.KubernetesService.<>c__DisplayClass29_0`1.<<ExecuteWithRetry>b__1>d.MoveNext() in /_/src/Aspire.Hosting/Dcp/KubernetesService.cs:line 485
   at System.Runtime.CompilerServices.AsyncTaskMethodBuilder`1.AsyncStateMachineBox`1.ExecutionContextCallback(Object s)
   at System.Threading.ExecutionContext.RunInternal(ExecutionContext executionContext, ContextCallback callback, Object state)
   at System.Runtime.CompilerServices.AsyncTaskMethodBuilder`1.AsyncStateMachineBox`1.MoveNext(Thread threadPoolThread)
   at System.Runtime.CompilerServices.AsyncTaskMethodBuilder`1.AsyncStateMachineBox`1.MoveNext()
   at System.Threading.Tasks.AwaitTaskContinuation.RunOrScheduleAction(IAsyncStateMachineBox box, Boolean allowInlining)
   at System.Threading.Tasks.Task.RunContinuations(Object continuationObject)
   at System.Threading.Tasks.Task.TrySetCanceled(CancellationToken tokenToRecord, Object cancellationException)
   at System.Runtime.CompilerServices.AsyncTaskMethodBuilder`1.SetException(Exception exception, Task`1& taskField)
   at System.Runtime.CompilerServices.AsyncTaskMethodBuilder`1.SetException(Exception exception)
   at Aspire.Hosting.Dcp.KubernetesService.EnsureKubernetesAsync(CancellationToken cancellationToken) in /_/src/Aspire.Hosting/Dcp/KubernetesService.cs:line 579
   at System.Runtime.CompilerServices.AsyncTaskMethodBuilder`1.AsyncStateMachineBox`1.ExecutionContextCallback(Object s)
   at System.Threading.ExecutionContext.RunInternal(ExecutionContext executionContext, ContextCallback callback, Object state)
   at System.Runtime.CompilerServices.AsyncTaskMethodBuilder`1.AsyncStateMachineBox`1.MoveNext(Thread threadPoolThread)
   at System.Runtime.CompilerServices.AsyncTaskMethodBuilder`1.AsyncStateMachineBox`1.MoveNext()
   at System.Threading.Tasks.AwaitTaskContinuation.RunOrScheduleAction(IAsyncStateMachineBox box, Boolean allowInlining)
   at System.Threading.Tasks.Task.RunContinuations(Object continuationObject)
   at System.Threading.Tasks.Task.TrySetCanceled(CancellationToken tokenToRecord, Object cancellationException)
   at System.Runtime.CompilerServices.AsyncTaskMethodBuilder`1.SetException(Exception exception, Task`1& taskField)
   at System.Threading.SemaphoreSlim.WaitUntilCountOrTimeoutAsync(TaskNode asyncWaiter, Int64 millisecondsTimeout, CancellationToken cancellationToken)
   at System.Threading.ExecutionContext.RunFromThreadPoolDispatchLoop(Thread threadPoolThread, ExecutionContext executionContext, ContextCallback callback, Object state)
   at System.Runtime.CompilerServices.AsyncTaskMethodBuilder`1.AsyncStateMachineBox`1.MoveNext(Thread threadPoolThread)
   at System.Threading.ThreadPoolWorkQueue.Dispatch()
   at System.Threading.PortableThreadPool.WorkerThread.WorkerThreadStart()
   at System.Threading.Thread.StartCallback()
--- End of stack trace from previous location ---
   at Polly.Outcome`1.GetResultOrRethrow()
   at Polly.ResiliencePipeline.ExecuteAsync[TResult](Func`2 callback, CancellationToken cancellationToken)
   at Aspire.Hosting.Dcp.KubernetesService.ExecuteWithRetry[TResult](DcpApiOperationType operationType, String resourceType, Func`2 operation, Func`2 isRetryable, CancellationToken cancellationToken) in /_/src/Aspire.Hosting/Dcp/KubernetesService.cs:line 481
   at Aspire.Hosting.Dcp.DcpExecutor.<>c__DisplayClass46_1`1.<<CreateDcpObjectsAsync>b__0>d.MoveNext() in /_/src/Aspire.Hosting/Dcp/DcpExecutor.cs:line 612
--- End of stack trace from previous location ---
   at Aspire.Hosting.Dcp.DcpExecutor.CreateDcpObjectsAsync[RT](IEnumerable`1 objects, CancellationToken cancellationToken) in /_/src/Aspire.Hosting/Dcp/DcpExecutor.cs:line 615
   at Aspire.Hosting.Dcp.DcpExecutor.<>c__DisplayClass33_1.<<RunApplicationAsync>b__5>d.MoveNext() in /_/src/Aspire.Hosting/Dcp/DcpExecutor.cs:line 227
--- End of stack trace from previous location ---
   at Aspire.Hosting.Dcp.DcpExecutor.RunApplicationAsync(CancellationToken ct) in /_/src/Aspire.Hosting/Dcp/DcpExecutor.cs:line 244
   at Aspire.Hosting.Orchestrator.ApplicationOrchestrator.RunApplicationAsync(CancellationToken cancellationToken) in /_/src/Aspire.Hosting/Orchestrator/ApplicationOrchestrator.cs:line 555
   at Aspire.Hosting.Orchestrator.OrchestratorHostService.StartAsync(CancellationToken cancellationToken) in /_/src/Aspire.Hosting/Orchestrator/OrchestratorHostService.cs:line 41
   at Microsoft.Extensions.Hosting.Internal.Host.<StartAsync>b__14_1(IHostedService service, CancellationToken token)
   at Microsoft.Extensions.Hosting.Internal.Host.ForeachService[T](IEnumerable`1 services, CancellationToken token, Boolean concurrent, Boolean abortOnFirstException, List`1 exceptions, Func`3 operation)
   at Microsoft.Extensions.Hosting.Internal.Host.StartAsync(CancellationToken cancellationToken)
   at Aspire.Hosting.Testing.DistributedApplicationFactory.ObservedHost.StartAsync(CancellationToken cancellationToken) in /_/src/Aspire.Hosting.Testing/DistributedApplicationFactory.cs:line 598
   at Aspire.Hosting.Testing.DistributedApplicationFactory.StartAsync(CancellationToken cancellationToken) in /_/src/Aspire.Hosting.Testing/DistributedApplicationFactory.cs:line 73
   at Aspire.Hosting.Testing.DistributedApplicationTestingBuilder.SuspendingDistributedApplicationFactory.DelegatedHost.StartAsync(CancellationToken cancellationToken) in /_/src/Aspire.Hosting.Testing/DistributedApplicationTestingBuilder.cs:line 314
   at Aspire.Hosting.Testing.DistributedApplicationTestingBuilder.SuspendingDistributedApplicationFactory.DelegatedDistributedApplication.StartAsync(CancellationToken cancellationToken) in /_/src/Aspire.Hosting.Testing/DistributedApplicationTestingBuilder.cs:line 289
   at AppHost.Tests.Infrastructure.ClearCommandAppFixture.InitializeAsync() in /home/teqs/github/MyBlog/tests/AppHost.Tests/Infrastructure/ClearCommandAppFixture.cs:line 53
----- Inner Stack Trace -----
   at System.Threading.CancellationToken.ThrowOperationCanceledException()
   at System.Threading.SemaphoreSlim.WaitUntilCountOrTimeoutAsync(TaskNode asyncWaiter, Int64 millisecondsTimeout, CancellationToken cancellationToken)
   at Aspire.Hosting.Dcp.KubernetesService.EnsureKubernetesAsync(CancellationToken cancellationToken) in /_/src/Aspire.Hosting/Dcp/KubernetesService.cs:line 579
   at Aspire.Hosting.Dcp.KubernetesService.<>c__DisplayClass29_0`1.<<ExecuteWithRetry>b__1>d.MoveNext() in /_/src/Aspire.Hosting/Dcp/KubernetesService.cs:line 485
--- End of stack trace from previous location ---
   at Polly.ResiliencePipeline.<>c__10`1.<<ExecuteAsync>b__10_0>d.MoveNext()
  Failed ClearMyBlogData Empty Collections Appear In Result With Zero Count [1 ms]
  Error Message:
   Collection fixture type 'AppHost.Tests.Infrastructure.ClearCommandAppFixture' threw in InitializeAsync
---- Polly.Timeout.TimeoutRejectedException : The operation didn't complete within the allowed timeout of '00:00:20'.
-------- System.OperationCanceledException : The operation was canceled.
  Stack Trace:
  
----- Inner Stack Trace -----
   at Polly.Utils.ExceptionUtilities.TrySetStackTrace[T](T exception)
   at Polly.Timeout.TimeoutResilienceStrategy.ExecuteCore[TResult,TState](Func`3 callback, ResilienceContext context, TState state)
   at System.Runtime.CompilerServices.AsyncTaskMethodBuilder`1.AsyncStateMachineBox`1.ExecutionContextCallback(Object s)
   at System.Threading.ExecutionContext.RunInternal(ExecutionContext executionContext, ContextCallback callback, Object state)
   at System.Runtime.CompilerServices.AsyncTaskMethodBuilder`1.AsyncStateMachineBox`1.MoveNext(Thread threadPoolThread)
   at System.Runtime.CompilerServices.AsyncTaskMethodBuilder`1.AsyncStateMachineBox`1.MoveNext()
   at System.Threading.Tasks.AwaitTaskContinuation.RunOrScheduleAction(IAsyncStateMachineBox box, Boolean allowInlining)
   at System.Threading.Tasks.Task.RunContinuations(Object continuationObject)
   at System.Threading.Tasks.Task`1.TrySetResult(TResult result)
   at System.Runtime.CompilerServices.AsyncTaskMethodBuilder`1.SetExistingTaskResult(Task`1 task, TResult result)
   at System.Runtime.CompilerServices.AsyncValueTaskMethodBuilder`1.SetResult(TResult result)
   at Polly.Utils.Pipeline.BridgeComponent`1.<ExecuteCore>g__ConvertValueTaskAsync|4_0[TResult,TState](ValueTask`1 valueTask, ResilienceContext resilienceContext)
   at System.Runtime.CompilerServices.AsyncTaskMethodBuilder`1.AsyncStateMachineBox`1.ExecutionContextCallback(Object s)
   at System.Threading.ExecutionContext.RunInternal(ExecutionContext executionContext, ContextCallback callback, Object state)
   at System.Runtime.CompilerServices.AsyncTaskMethodBuilder`1.AsyncStateMachineBox`1.MoveNext(Thread threadPoolThread)
   at System.Runtime.CompilerServices.AsyncTaskMethodBuilder`1.AsyncStateMachineBox`1.MoveNext()
   at System.Threading.Tasks.AwaitTaskContinuation.RunOrScheduleAction(IAsyncStateMachineBox box, Boolean allowInlining)
   at System.Threading.Tasks.Task.RunContinuations(Object continuationObject)
   at System.Threading.Tasks.Task`1.TrySetResult(TResult result)
   at System.Runtime.CompilerServices.AsyncTaskMethodBuilder`1.SetExistingTaskResult(Task`1 task, TResult result)
   at System.Runtime.CompilerServices.AsyncValueTaskMethodBuilder`1.SetResult(TResult result)
   at Polly.Retry.RetryResilienceStrategy`1.ExecuteCore[TState](Func`3 callback, ResilienceContext context, TState state)
   at System.Runtime.CompilerServices.AsyncTaskMethodBuilder`1.AsyncStateMachineBox`1.ExecutionContextCallback(Object s)
   at System.Threading.ExecutionContext.RunInternal(ExecutionContext executionContext, ContextCallback callback, Object state)
   at System.Runtime.CompilerServices.AsyncTaskMethodBuilder`1.AsyncStateMachineBox`1.MoveNext(Thread threadPoolThread)
   at System.Runtime.CompilerServices.AsyncTaskMethodBuilder`1.AsyncStateMachineBox`1.MoveNext()
   at System.Threading.Tasks.AwaitTaskContinuation.RunOrScheduleAction(IAsyncStateMachineBox box, Boolean allowInlining)
   at System.Threading.Tasks.Task.RunContinuations(Object continuationObject)
   at System.Threading.Tasks.Task`1.TrySetResult(TResult result)
   at System.Runtime.CompilerServices.AsyncTaskMethodBuilder`1.SetExistingTaskResult(Task`1 task, TResult result)
   at System.Runtime.CompilerServices.AsyncValueTaskMethodBuilder`1.SetResult(TResult result)
   at Polly.Utils.Pipeline.BridgeComponent`1.<>c__4`2.<<ExecuteCore>b__4_1>d.MoveNext()
   at System.Runtime.CompilerServices.AsyncTaskMethodBuilder`1.AsyncStateMachineBox`1.ExecutionContextCallback(Object s)
   at System.Threading.ExecutionContext.RunInternal(ExecutionContext executionContext, ContextCallback callback, Object state)
   at System.Runtime.CompilerServices.AsyncTaskMethodBuilder`1.AsyncStateMachineBox`1.MoveNext(Thread threadPoolThread)
   at System.Runtime.CompilerServices.AsyncTaskMethodBuilder`1.AsyncStateMachineBox`1.MoveNext()
   at System.Threading.Tasks.AwaitTaskContinuation.RunOrScheduleAction(IAsyncStateMachineBox box, Boolean allowInlining)
   at System.Threading.Tasks.Task.RunContinuations(Object continuationObject)
   at System.Threading.Tasks.Task`1.TrySetResult(TResult result)
   at System.Runtime.CompilerServices.AsyncTaskMethodBuilder`1.SetExistingTaskResult(Task`1 task, TResult result)
   at System.Runtime.CompilerServices.AsyncValueTaskMethodBuilder`1.SetResult(TResult result)
   at Polly.ResiliencePipeline.<>c__10`1.<<ExecuteAsync>b__10_0>d.MoveNext()
   at System.Runtime.CompilerServices.AsyncTaskMethodBuilder`1.AsyncStateMachineBox`1.ExecutionContextCallback(Object s)
   at System.Threading.ExecutionContext.RunInternal(ExecutionContext executionContext, ContextCallback callback, Object state)
   at System.Runtime.CompilerServices.AsyncTaskMethodBuilder`1.AsyncStateMachineBox`1.MoveNext(Thread threadPoolThread)
   at System.Runtime.CompilerServices.AsyncTaskMethodBuilder`1.AsyncStateMachineBox`1.MoveNext()
   at System.Threading.Tasks.AwaitTaskContinuation.RunOrScheduleAction(IAsyncStateMachineBox box, Boolean allowInlining)
   at System.Threading.Tasks.Task.RunContinuations(Object continuationObject)
   at System.Threading.Tasks.Task.TrySetCanceled(CancellationToken tokenToRecord, Object cancellationException)
   at System.Runtime.CompilerServices.AsyncTaskMethodBuilder`1.SetException(Exception exception, Task`1& taskField)
   at Aspire.Hosting.Dcp.KubernetesService.<>c__DisplayClass29_0`1.<<ExecuteWithRetry>b__1>d.MoveNext() in /_/src/Aspire.Hosting/Dcp/KubernetesService.cs:line 485
   at System.Runtime.CompilerServices.AsyncTaskMethodBuilder`1.AsyncStateMachineBox`1.ExecutionContextCallback(Object s)
   at System.Threading.ExecutionContext.RunInternal(ExecutionContext executionContext, ContextCallback callback, Object state)
   at System.Runtime.CompilerServices.AsyncTaskMethodBuilder`1.AsyncStateMachineBox`1.MoveNext(Thread threadPoolThread)
   at System.Runtime.CompilerServices.AsyncTaskMethodBuilder`1.AsyncStateMachineBox`1.MoveNext()
   at System.Threading.Tasks.AwaitTaskContinuation.RunOrScheduleAction(IAsyncStateMachineBox box, Boolean allowInlining)
   at System.Threading.Tasks.Task.RunContinuations(Object continuationObject)
   at System.Threading.Tasks.Task.TrySetCanceled(CancellationToken tokenToRecord, Object cancellationException)
   at System.Runtime.CompilerServices.AsyncTaskMethodBuilder`1.SetException(Exception exception, Task`1& taskField)
   at System.Runtime.CompilerServices.AsyncTaskMethodBuilder`1.SetException(Exception exception)
   at Aspire.Hosting.Dcp.KubernetesService.EnsureKubernetesAsync(CancellationToken cancellationToken) in /_/src/Aspire.Hosting/Dcp/KubernetesService.cs:line 579
   at System.Runtime.CompilerServices.AsyncTaskMethodBuilder`1.AsyncStateMachineBox`1.ExecutionContextCallback(Object s)
   at System.Threading.ExecutionContext.RunInternal(ExecutionContext executionContext, ContextCallback callback, Object state)
   at System.Runtime.CompilerServices.AsyncTaskMethodBuilder`1.AsyncStateMachineBox`1.MoveNext(Thread threadPoolThread)
   at System.Runtime.CompilerServices.AsyncTaskMethodBuilder`1.AsyncStateMachineBox`1.MoveNext()
   at System.Threading.Tasks.AwaitTaskContinuation.RunOrScheduleAction(IAsyncStateMachineBox box, Boolean allowInlining)
   at System.Threading.Tasks.Task.RunContinuations(Object continuationObject)
   at System.Threading.Tasks.Task.TrySetCanceled(CancellationToken tokenToRecord, Object cancellationException)
   at System.Runtime.CompilerServices.AsyncTaskMethodBuilder`1.SetException(Exception exception, Task`1& taskField)
   at System.Threading.SemaphoreSlim.WaitUntilCountOrTimeoutAsync(TaskNode asyncWaiter, Int64 millisecondsTimeout, CancellationToken cancellationToken)
   at System.Threading.ExecutionContext.RunFromThreadPoolDispatchLoop(Thread threadPoolThread, ExecutionContext executionContext, ContextCallback callback, Object state)
   at System.Runtime.CompilerServices.AsyncTaskMethodBuilder`1.AsyncStateMachineBox`1.MoveNext(Thread threadPoolThread)
   at System.Threading.ThreadPoolWorkQueue.Dispatch()
   at System.Threading.PortableThreadPool.WorkerThread.WorkerThreadStart()
   at System.Threading.Thread.StartCallback()
--- End of stack trace from previous location ---
   at Polly.Outcome`1.GetResultOrRethrow()
   at Polly.ResiliencePipeline.ExecuteAsync[TResult](Func`2 callback, CancellationToken cancellationToken)
   at Aspire.Hosting.Dcp.KubernetesService.ExecuteWithRetry[TResult](DcpApiOperationType operationType, String resourceType, Func`2 operation, Func`2 isRetryable, CancellationToken cancellationToken) in /_/src/Aspire.Hosting/Dcp/KubernetesService.cs:line 481
   at Aspire.Hosting.Dcp.DcpExecutor.<>c__DisplayClass46_1`1.<<CreateDcpObjectsAsync>b__0>d.MoveNext() in /_/src/Aspire.Hosting/Dcp/DcpExecutor.cs:line 612
--- End of stack trace from previous location ---
   at Aspire.Hosting.Dcp.DcpExecutor.CreateDcpObjectsAsync[RT](IEnumerable`1 objects, CancellationToken cancellationToken) in /_/src/Aspire.Hosting/Dcp/DcpExecutor.cs:line 615
   at Aspire.Hosting.Dcp.DcpExecutor.<>c__DisplayClass33_1.<<RunApplicationAsync>b__5>d.MoveNext() in /_/src/Aspire.Hosting/Dcp/DcpExecutor.cs:line 227
--- End of stack trace from previous location ---
   at Aspire.Hosting.Dcp.DcpExecutor.RunApplicationAsync(CancellationToken ct) in /_/src/Aspire.Hosting/Dcp/DcpExecutor.cs:line 244
   at Aspire.Hosting.Orchestrator.ApplicationOrchestrator.RunApplicationAsync(CancellationToken cancellationToken) in /_/src/Aspire.Hosting/Orchestrator/ApplicationOrchestrator.cs:line 555
   at Aspire.Hosting.Orchestrator.OrchestratorHostService.StartAsync(CancellationToken cancellationToken) in /_/src/Aspire.Hosting/Orchestrator/OrchestratorHostService.cs:line 41
   at Microsoft.Extensions.Hosting.Internal.Host.<StartAsync>b__14_1(IHostedService service, CancellationToken token)
   at Microsoft.Extensions.Hosting.Internal.Host.ForeachService[T](IEnumerable`1 services, CancellationToken token, Boolean concurrent, Boolean abortOnFirstException, List`1 exceptions, Func`3 operation)
   at Microsoft.Extensions.Hosting.Internal.Host.StartAsync(CancellationToken cancellationToken)
   at Aspire.Hosting.Testing.DistributedApplicationFactory.ObservedHost.StartAsync(CancellationToken cancellationToken) in /_/src/Aspire.Hosting.Testing/DistributedApplicationFactory.cs:line 598
   at Aspire.Hosting.Testing.DistributedApplicationFactory.StartAsync(CancellationToken cancellationToken) in /_/src/Aspire.Hosting.Testing/DistributedApplicationFactory.cs:line 73
   at Aspire.Hosting.Testing.DistributedApplicationTestingBuilder.SuspendingDistributedApplicationFactory.DelegatedHost.StartAsync(CancellationToken cancellationToken) in /_/src/Aspire.Hosting.Testing/DistributedApplicationTestingBuilder.cs:line 314
   at Aspire.Hosting.Testing.DistributedApplicationTestingBuilder.SuspendingDistributedApplicationFactory.DelegatedDistributedApplication.StartAsync(CancellationToken cancellationToken) in /_/src/Aspire.Hosting.Testing/DistributedApplicationTestingBuilder.cs:line 289
   at AppHost.Tests.Infrastructure.ClearCommandAppFixture.InitializeAsync() in /home/teqs/github/MyBlog/tests/AppHost.Tests/Infrastructure/ClearCommandAppFixture.cs:line 53
----- Inner Stack Trace -----
   at System.Threading.CancellationToken.ThrowOperationCanceledException()
   at System.Threading.SemaphoreSlim.WaitUntilCountOrTimeoutAsync(TaskNode asyncWaiter, Int64 millisecondsTimeout, CancellationToken cancellationToken)
   at Aspire.Hosting.Dcp.KubernetesService.EnsureKubernetesAsync(CancellationToken cancellationToken) in /_/src/Aspire.Hosting/Dcp/KubernetesService.cs:line 579
   at Aspire.Hosting.Dcp.KubernetesService.<>c__DisplayClass29_0`1.<<ExecuteWithRetry>b__1>d.MoveNext() in /_/src/Aspire.Hosting/Dcp/KubernetesService.cs:line 485
--- End of stack trace from previous location ---
   at Polly.ResiliencePipeline.<>c__10`1.<<ExecuteAsync>b__10_0>d.MoveNext()
  Failed ClearMyBlogData Result Message Includes Per Collection Deleted Counts [1 ms]
  Error Message:
   Collection fixture type 'AppHost.Tests.Infrastructure.ClearCommandAppFixture' threw in InitializeAsync
---- Polly.Timeout.TimeoutRejectedException : The operation didn't complete within the allowed timeout of '00:00:20'.
-------- System.OperationCanceledException : The operation was canceled.
  Stack Trace:
  
----- Inner Stack Trace -----
   at Polly.Utils.ExceptionUtilities.TrySetStackTrace[T](T exception)
   at Polly.Timeout.TimeoutResilienceStrategy.ExecuteCore[TResult,TState](Func`3 callback, ResilienceContext context, TState state)
   at System.Runtime.CompilerServices.AsyncTaskMethodBuilder`1.AsyncStateMachineBox`1.ExecutionContextCallback(Object s)
   at System.Threading.ExecutionContext.RunInternal(ExecutionContext executionContext, ContextCallback callback, Object state)
   at System.Runtime.CompilerServices.AsyncTaskMethodBuilder`1.AsyncStateMachineBox`1.MoveNext(Thread threadPoolThread)
   at System.Runtime.CompilerServices.AsyncTaskMethodBuilder`1.AsyncStateMachineBox`1.MoveNext()
   at System.Threading.Tasks.AwaitTaskContinuation.RunOrScheduleAction(IAsyncStateMachineBox box, Boolean allowInlining)
   at System.Threading.Tasks.Task.RunContinuations(Object continuationObject)
   at System.Threading.Tasks.Task`1.TrySetResult(TResult result)
   at System.Runtime.CompilerServices.AsyncTaskMethodBuilder`1.SetExistingTaskResult(Task`1 task, TResult result)
   at System.Runtime.CompilerServices.AsyncValueTaskMethodBuilder`1.SetResult(TResult result)
   at Polly.Utils.Pipeline.BridgeComponent`1.<ExecuteCore>g__ConvertValueTaskAsync|4_0[TResult,TState](ValueTask`1 valueTask, ResilienceContext resilienceContext)
   at System.Runtime.CompilerServices.AsyncTaskMethodBuilder`1.AsyncStateMachineBox`1.ExecutionContextCallback(Object s)
   at System.Threading.ExecutionContext.RunInternal(ExecutionContext executionContext, ContextCallback callback, Object state)
   at System.Runtime.CompilerServices.AsyncTaskMethodBuilder`1.AsyncStateMachineBox`1.MoveNext(Thread threadPoolThread)
   at System.Runtime.CompilerServices.AsyncTaskMethodBuilder`1.AsyncStateMachineBox`1.MoveNext()
   at System.Threading.Tasks.AwaitTaskContinuation.RunOrScheduleAction(IAsyncStateMachineBox box, Boolean allowInlining)
   at System.Threading.Tasks.Task.RunContinuations(Object continuationObject)
   at System.Threading.Tasks.Task`1.TrySetResult(TResult result)
   at System.Runtime.CompilerServices.AsyncTaskMethodBuilder`1.SetExistingTaskResult(Task`1 task, TResult result)
   at System.Runtime.CompilerServices.AsyncValueTaskMethodBuilder`1.SetResult(TResult result)
   at Polly.Retry.RetryResilienceStrategy`1.ExecuteCore[TState](Func`3 callback, ResilienceContext context, TState state)
   at System.Runtime.CompilerServices.AsyncTaskMethodBuilder`1.AsyncStateMachineBox`1.ExecutionContextCallback(Object s)
   at System.Threading.ExecutionContext.RunInternal(ExecutionContext executionContext, ContextCallback callback, Object state)
   at System.Runtime.CompilerServices.AsyncTaskMethodBuilder`1.AsyncStateMachineBox`1.MoveNext(Thread threadPoolThread)
   at System.Runtime.CompilerServices.AsyncTaskMethodBuilder`1.AsyncStateMachineBox`1.MoveNext()
   at System.Threading.Tasks.AwaitTaskContinuation.RunOrScheduleAction(IAsyncStateMachineBox box, Boolean allowInlining)
   at System.Threading.Tasks.Task.RunContinuations(Object continuationObject)
   at System.Threading.Tasks.Task`1.TrySetResult(TResult result)
   at System.Runtime.CompilerServices.AsyncTaskMethodBuilder`1.SetExistingTaskResult(Task`1 task, TResult result)
   at System.Runtime.CompilerServices.AsyncValueTaskMethodBuilder`1.SetResult(TResult result)
   at Polly.Utils.Pipeline.BridgeComponent`1.<>c__4`2.<<ExecuteCore>b__4_1>d.MoveNext()
   at System.Runtime.CompilerServices.AsyncTaskMethodBuilder`1.AsyncStateMachineBox`1.ExecutionContextCallback(Object s)
   at System.Threading.ExecutionContext.RunInternal(ExecutionContext executionContext, ContextCallback callback, Object state)
   at System.Runtime.CompilerServices.AsyncTaskMethodBuilder`1.AsyncStateMachineBox`1.MoveNext(Thread threadPoolThread)
   at System.Runtime.CompilerServices.AsyncTaskMethodBuilder`1.AsyncStateMachineBox`1.MoveNext()
   at System.Threading.Tasks.AwaitTaskContinuation.RunOrScheduleAction(IAsyncStateMachineBox box, Boolean allowInlining)
   at System.Threading.Tasks.Task.RunContinuations(Object continuationObject)
   at System.Threading.Tasks.Task`1.TrySetResult(TResult result)
   at System.Runtime.CompilerServices.AsyncTaskMethodBuilder`1.SetExistingTaskResult(Task`1 task, TResult result)
   at System.Runtime.CompilerServices.AsyncValueTaskMethodBuilder`1.SetResult(TResult result)
   at Polly.ResiliencePipeline.<>c__10`1.<<ExecuteAsync>b__10_0>d.MoveNext()
   at System.Runtime.CompilerServices.AsyncTaskMethodBuilder`1.AsyncStateMachineBox`1.ExecutionContextCallback(Object s)
   at System.Threading.ExecutionContext.RunInternal(ExecutionContext executionContext, ContextCallback callback, Object state)
   at System.Runtime.CompilerServices.AsyncTaskMethodBuilder`1.AsyncStateMachineBox`1.MoveNext(Thread threadPoolThread)
   at System.Runtime.CompilerServices.AsyncTaskMethodBuilder`1.AsyncStateMachineBox`1.MoveNext()
   at System.Threading.Tasks.AwaitTaskContinuation.RunOrScheduleAction(IAsyncStateMachineBox box, Boolean allowInlining)
   at System.Threading.Tasks.Task.RunContinuations(Object continuationObject)
   at System.Threading.Tasks.Task.TrySetCanceled(CancellationToken tokenToRecord, Object cancellationException)
   at System.Runtime.CompilerServices.AsyncTaskMethodBuilder`1.SetException(Exception exception, Task`1& taskField)
   at Aspire.Hosting.Dcp.KubernetesService.<>c__DisplayClass29_0`1.<<ExecuteWithRetry>b__1>d.MoveNext() in /_/src/Aspire.Hosting/Dcp/KubernetesService.cs:line 485
   at System.Runtime.CompilerServices.AsyncTaskMethodBuilder`1.AsyncStateMachineBox`1.ExecutionContextCallback(Object s)
   at System.Threading.ExecutionContext.RunInternal(ExecutionContext executionContext, ContextCallback callback, Object state)
   at System.Runtime.CompilerServices.AsyncTaskMethodBuilder`1.AsyncStateMachineBox`1.MoveNext(Thread threadPoolThread)
   at System.Runtime.CompilerServices.AsyncTaskMethodBuilder`1.AsyncStateMachineBox`1.MoveNext()
   at System.Threading.Tasks.AwaitTaskContinuation.RunOrScheduleAction(IAsyncStateMachineBox box, Boolean allowInlining)
   at System.Threading.Tasks.Task.RunContinuations(Object continuationObject)
   at System.Threading.Tasks.Task.TrySetCanceled(CancellationToken tokenToRecord, Object cancellationException)
   at System.Runtime.CompilerServices.AsyncTaskMethodBuilder`1.SetException(Exception exception, Task`1& taskField)
   at System.Runtime.CompilerServices.AsyncTaskMethodBuilder`1.SetException(Exception exception)
   at Aspire.Hosting.Dcp.KubernetesService.EnsureKubernetesAsync(CancellationToken cancellationToken) in /_/src/Aspire.Hosting/Dcp/KubernetesService.cs:line 579
   at System.Runtime.CompilerServices.AsyncTaskMethodBuilder`1.AsyncStateMachineBox`1.ExecutionContextCallback(Object s)
   at System.Threading.ExecutionContext.RunInternal(ExecutionContext executionContext, ContextCallback callback, Object state)
   at System.Runtime.CompilerServices.AsyncTaskMethodBuilder`1.AsyncStateMachineBox`1.MoveNext(Thread threadPoolThread)
   at System.Runtime.CompilerServices.AsyncTaskMethodBuilder`1.AsyncStateMachineBox`1.MoveNext()
   at System.Threading.Tasks.AwaitTaskContinuation.RunOrScheduleAction(IAsyncStateMachineBox box, Boolean allowInlining)
   at System.Threading.Tasks.Task.RunContinuations(Object continuationObject)
   at System.Threading.Tasks.Task.TrySetCanceled(CancellationToken tokenToRecord, Object cancellationException)
   at System.Runtime.CompilerServices.AsyncTaskMethodBuilder`1.SetException(Exception exception, Task`1& taskField)
   at System.Threading.SemaphoreSlim.WaitUntilCountOrTimeoutAsync(TaskNode asyncWaiter, Int64 millisecondsTimeout, CancellationToken cancellationToken)
   at System.Threading.ExecutionContext.RunFromThreadPoolDispatchLoop(Thread threadPoolThread, ExecutionContext executionContext, ContextCallback callback, Object state)
   at System.Runtime.CompilerServices.AsyncTaskMethodBuilder`1.AsyncStateMachineBox`1.MoveNext(Thread threadPoolThread)
   at System.Threading.ThreadPoolWorkQueue.Dispatch()
   at System.Threading.PortableThreadPool.WorkerThread.WorkerThreadStart()
   at System.Threading.Thread.StartCallback()
--- End of stack trace from previous location ---
   at Polly.Outcome`1.GetResultOrRethrow()
   at Polly.ResiliencePipeline.ExecuteAsync[TResult](Func`2 callback, CancellationToken cancellationToken)
   at Aspire.Hosting.Dcp.KubernetesService.ExecuteWithRetry[TResult](DcpApiOperationType operationType, String resourceType, Func`2 operation, Func`2 isRetryable, CancellationToken cancellationToken) in /_/src/Aspire.Hosting/Dcp/KubernetesService.cs:line 481
   at Aspire.Hosting.Dcp.DcpExecutor.<>c__DisplayClass46_1`1.<<CreateDcpObjectsAsync>b__0>d.MoveNext() in /_/src/Aspire.Hosting/Dcp/DcpExecutor.cs:line 612
--- End of stack trace from previous location ---
   at Aspire.Hosting.Dcp.DcpExecutor.CreateDcpObjectsAsync[RT](IEnumerable`1 objects, CancellationToken cancellationToken) in /_/src/Aspire.Hosting/Dcp/DcpExecutor.cs:line 615
   at Aspire.Hosting.Dcp.DcpExecutor.<>c__DisplayClass33_1.<<RunApplicationAsync>b__5>d.MoveNext() in /_/src/Aspire.Hosting/Dcp/DcpExecutor.cs:line 227
--- End of stack trace from previous location ---
   at Aspire.Hosting.Dcp.DcpExecutor.RunApplicationAsync(CancellationToken ct) in /_/src/Aspire.Hosting/Dcp/DcpExecutor.cs:line 244
   at Aspire.Hosting.Orchestrator.ApplicationOrchestrator.RunApplicationAsync(CancellationToken cancellationToken) in /_/src/Aspire.Hosting/Orchestrator/ApplicationOrchestrator.cs:line 555
   at Aspire.Hosting.Orchestrator.OrchestratorHostService.StartAsync(CancellationToken cancellationToken) in /_/src/Aspire.Hosting/Orchestrator/OrchestratorHostService.cs:line 41
   at Microsoft.Extensions.Hosting.Internal.Host.<StartAsync>b__14_1(IHostedService service, CancellationToken token)
   at Microsoft.Extensions.Hosting.Internal.Host.ForeachService[T](IEnumerable`1 services, CancellationToken token, Boolean concurrent, Boolean abortOnFirstException, List`1 exceptions, Func`3 operation)
   at Microsoft.Extensions.Hosting.Internal.Host.StartAsync(CancellationToken cancellationToken)
   at Aspire.Hosting.Testing.DistributedApplicationFactory.ObservedHost.StartAsync(CancellationToken cancellationToken) in /_/src/Aspire.Hosting.Testing/DistributedApplicationFactory.cs:line 598
   at Aspire.Hosting.Testing.DistributedApplicationFactory.StartAsync(CancellationToken cancellationToken) in /_/src/Aspire.Hosting.Testing/DistributedApplicationFactory.cs:line 73
   at Aspire.Hosting.Testing.DistributedApplicationTestingBuilder.SuspendingDistributedApplicationFactory.DelegatedHost.StartAsync(CancellationToken cancellationToken) in /_/src/Aspire.Hosting.Testing/DistributedApplicationTestingBuilder.cs:line 314
   at Aspire.Hosting.Testing.DistributedApplicationTestingBuilder.SuspendingDistributedApplicationFactory.DelegatedDistributedApplication.StartAsync(CancellationToken cancellationToken) in /_/src/Aspire.Hosting.Testing/DistributedApplicationTestingBuilder.cs:line 289
   at AppHost.Tests.Infrastructure.ClearCommandAppFixture.InitializeAsync() in /home/teqs/github/MyBlog/tests/AppHost.Tests/Infrastructure/ClearCommandAppFixture.cs:line 53
----- Inner Stack Trace -----
   at System.Threading.CancellationToken.ThrowOperationCanceledException()
   at System.Threading.SemaphoreSlim.WaitUntilCountOrTimeoutAsync(TaskNode asyncWaiter, Int64 millisecondsTimeout, CancellationToken cancellationToken)
   at Aspire.Hosting.Dcp.KubernetesService.EnsureKubernetesAsync(CancellationToken cancellationToken) in /_/src/Aspire.Hosting/Dcp/KubernetesService.cs:line 579
   at Aspire.Hosting.Dcp.KubernetesService.<>c__DisplayClass29_0`1.<<ExecuteWithRetry>b__1>d.MoveNext() in /_/src/Aspire.Hosting/Dcp/KubernetesService.cs:line 485
--- End of stack trace from previous location ---
   at Polly.ResiliencePipeline.<>c__10`1.<<ExecuteAsync>b__10_0>d.MoveNext()
  Failed ClearMyBlogData Removes All Documents And Preserves Collection Shells [1 ms]
  Error Message:
   Collection fixture type 'AppHost.Tests.Infrastructure.ClearCommandAppFixture' threw in InitializeAsync
---- Polly.Timeout.TimeoutRejectedException : The operation didn't complete within the allowed timeout of '00:00:20'.
-------- System.OperationCanceledException : The operation was canceled.
  Stack Trace:
  
----- Inner Stack Trace -----
   at Polly.Utils.ExceptionUtilities.TrySetStackTrace[T](T exception)
   at Polly.Timeout.TimeoutResilienceStrategy.ExecuteCore[TResult,TState](Func`3 callback, ResilienceContext context, TState state)
   at System.Runtime.CompilerServices.AsyncTaskMethodBuilder`1.AsyncStateMachineBox`1.ExecutionContextCallback(Object s)
   at System.Threading.ExecutionContext.RunInternal(ExecutionContext executionContext, ContextCallback callback, Object state)
   at System.Runtime.CompilerServices.AsyncTaskMethodBuilder`1.AsyncStateMachineBox`1.MoveNext(Thread threadPoolThread)
   at System.Runtime.CompilerServices.AsyncTaskMethodBuilder`1.AsyncStateMachineBox`1.MoveNext()
   at System.Threading.Tasks.AwaitTaskContinuation.RunOrScheduleAction(IAsyncStateMachineBox box, Boolean allowInlining)
   at System.Threading.Tasks.Task.RunContinuations(Object continuationObject)
   at System.Threading.Tasks.Task`1.TrySetResult(TResult result)
   at System.Runtime.CompilerServices.AsyncTaskMethodBuilder`1.SetExistingTaskResult(Task`1 task, TResult result)
   at System.Runtime.CompilerServices.AsyncValueTaskMethodBuilder`1.SetResult(TResult result)
   at Polly.Utils.Pipeline.BridgeComponent`1.<ExecuteCore>g__ConvertValueTaskAsync|4_0[TResult,TState](ValueTask`1 valueTask, ResilienceContext resilienceContext)
   at System.Runtime.CompilerServices.AsyncTaskMethodBuilder`1.AsyncStateMachineBox`1.ExecutionContextCallback(Object s)
   at System.Threading.ExecutionContext.RunInternal(ExecutionContext executionContext, ContextCallback callback, Object state)
   at System.Runtime.CompilerServices.AsyncTaskMethodBuilder`1.AsyncStateMachineBox`1.MoveNext(Thread threadPoolThread)
   at System.Runtime.CompilerServices.AsyncTaskMethodBuilder`1.AsyncStateMachineBox`1.MoveNext()
   at System.Threading.Tasks.AwaitTaskContinuation.RunOrScheduleAction(IAsyncStateMachineBox box, Boolean allowInlining)
   at System.Threading.Tasks.Task.RunContinuations(Object continuationObject)
   at System.Threading.Tasks.Task`1.TrySetResult(TResult result)
   at System.Runtime.CompilerServices.AsyncTaskMethodBuilder`1.SetExistingTaskResult(Task`1 task, TResult result)
   at System.Runtime.CompilerServices.AsyncValueTaskMethodBuilder`1.SetResult(TResult result)
   at Polly.Retry.RetryResilienceStrategy`1.ExecuteCore[TState](Func`3 callback, ResilienceContext context, TState state)
   at System.Runtime.CompilerServices.AsyncTaskMethodBuilder`1.AsyncStateMachineBox`1.ExecutionContextCallback(Object s)
   at System.Threading.ExecutionContext.RunInternal(ExecutionContext executionContext, ContextCallback callback, Object state)
   at System.Runtime.CompilerServices.AsyncTaskMethodBuilder`1.AsyncStateMachineBox`1.MoveNext(Thread threadPoolThread)
   at System.Runtime.CompilerServices.AsyncTaskMethodBuilder`1.AsyncStateMachineBox`1.MoveNext()
   at System.Threading.Tasks.AwaitTaskContinuation.RunOrScheduleAction(IAsyncStateMachineBox box, Boolean allowInlining)
   at System.Threading.Tasks.Task.RunContinuations(Object continuationObject)
   at System.Threading.Tasks.Task`1.TrySetResult(TResult result)
   at System.Runtime.CompilerServices.AsyncTaskMethodBuilder`1.SetExistingTaskResult(Task`1 task, TResult result)
   at System.Runtime.CompilerServices.AsyncValueTaskMethodBuilder`1.SetResult(TResult result)
   at Polly.Utils.Pipeline.BridgeComponent`1.<>c__4`2.<<ExecuteCore>b__4_1>d.MoveNext()
   at System.Runtime.CompilerServices.AsyncTaskMethodBuilder`1.AsyncStateMachineBox`1.ExecutionContextCallback(Object s)
   at System.Threading.ExecutionContext.RunInternal(ExecutionContext executionContext, ContextCallback callback, Object state)
   at System.Runtime.CompilerServices.AsyncTaskMethodBuilder`1.AsyncStateMachineBox`1.MoveNext(Thread threadPoolThread)
   at System.Runtime.CompilerServices.AsyncTaskMethodBuilder`1.AsyncStateMachineBox`1.MoveNext()
   at System.Threading.Tasks.AwaitTaskContinuation.RunOrScheduleAction(IAsyncStateMachineBox box, Boolean allowInlining)
   at System.Threading.Tasks.Task.RunContinuations(Object continuationObject)
   at System.Threading.Tasks.Task`1.TrySetResult(TResult result)
   at System.Runtime.CompilerServices.AsyncTaskMethodBuilder`1.SetExistingTaskResult(Task`1 task, TResult result)
   at System.Runtime.CompilerServices.AsyncValueTaskMethodBuilder`1.SetResult(TResult result)
   at Polly.ResiliencePipeline.<>c__10`1.<<ExecuteAsync>b__10_0>d.MoveNext()
   at System.Runtime.CompilerServices.AsyncTaskMethodBuilder`1.AsyncStateMachineBox`1.ExecutionContextCallback(Object s)
   at System.Threading.ExecutionContext.RunInternal(ExecutionContext executionContext, ContextCallback callback, Object state)
   at System.Runtime.CompilerServices.AsyncTaskMethodBuilder`1.AsyncStateMachineBox`1.MoveNext(Thread threadPoolThread)
   at System.Runtime.CompilerServices.AsyncTaskMethodBuilder`1.AsyncStateMachineBox`1.MoveNext()
   at System.Threading.Tasks.AwaitTaskContinuation.RunOrScheduleAction(IAsyncStateMachineBox box, Boolean allowInlining)
   at System.Threading.Tasks.Task.RunContinuations(Object continuationObject)
   at System.Threading.Tasks.Task.TrySetCanceled(CancellationToken tokenToRecord, Object cancellationException)
   at System.Runtime.CompilerServices.AsyncTaskMethodBuilder`1.SetException(Exception exception, Task`1& taskField)
   at Aspire.Hosting.Dcp.KubernetesService.<>c__DisplayClass29_0`1.<<ExecuteWithRetry>b__1>d.MoveNext() in /_/src/Aspire.Hosting/Dcp/KubernetesService.cs:line 485
   at System.Runtime.CompilerServices.AsyncTaskMethodBuilder`1.AsyncStateMachineBox`1.ExecutionContextCallback(Object s)
   at System.Threading.ExecutionContext.RunInternal(ExecutionContext executionContext, ContextCallback callback, Object state)
   at System.Runtime.CompilerServices.AsyncTaskMethodBuilder`1.AsyncStateMachineBox`1.MoveNext(Thread threadPoolThread)
   at System.Runtime.CompilerServices.AsyncTaskMethodBuilder`1.AsyncStateMachineBox`1.MoveNext()
   at System.Threading.Tasks.AwaitTaskContinuation.RunOrScheduleAction(IAsyncStateMachineBox box, Boolean allowInlining)
   at System.Threading.Tasks.Task.RunContinuations(Object continuationObject)
   at System.Threading.Tasks.Task.TrySetCanceled(CancellationToken tokenToRecord, Object cancellationException)
   at System.Runtime.CompilerServices.AsyncTaskMethodBuilder`1.SetException(Exception exception, Task`1& taskField)
   at System.Runtime.CompilerServices.AsyncTaskMethodBuilder`1.SetException(Exception exception)
   at Aspire.Hosting.Dcp.KubernetesService.EnsureKubernetesAsync(CancellationToken cancellationToken) in /_/src/Aspire.Hosting/Dcp/KubernetesService.cs:line 579
   at System.Runtime.CompilerServices.AsyncTaskMethodBuilder`1.AsyncStateMachineBox`1.ExecutionContextCallback(Object s)
   at System.Threading.ExecutionContext.RunInternal(ExecutionContext executionContext, ContextCallback callback, Object state)
   at System.Runtime.CompilerServices.AsyncTaskMethodBuilder`1.AsyncStateMachineBox`1.MoveNext(Thread threadPoolThread)
   at System.Runtime.CompilerServices.AsyncTaskMethodBuilder`1.AsyncStateMachineBox`1.MoveNext()
   at System.Threading.Tasks.AwaitTaskContinuation.RunOrScheduleAction(IAsyncStateMachineBox box, Boolean allowInlining)
   at System.Threading.Tasks.Task.RunContinuations(Object continuationObject)
   at System.Threading.Tasks.Task.TrySetCanceled(CancellationToken tokenToRecord, Object cancellationException)
   at System.Runtime.CompilerServices.AsyncTaskMethodBuilder`1.SetException(Exception exception, Task`1& taskField)
   at System.Threading.SemaphoreSlim.WaitUntilCountOrTimeoutAsync(TaskNode asyncWaiter, Int64 millisecondsTimeout, CancellationToken cancellationToken)
   at System.Threading.ExecutionContext.RunFromThreadPoolDispatchLoop(Thread threadPoolThread, ExecutionContext executionContext, ContextCallback callback, Object state)
   at System.Runtime.CompilerServices.AsyncTaskMethodBuilder`1.AsyncStateMachineBox`1.MoveNext(Thread threadPoolThread)
   at System.Threading.ThreadPoolWorkQueue.Dispatch()
   at System.Threading.PortableThreadPool.WorkerThread.WorkerThreadStart()
   at System.Threading.Thread.StartCallback()
--- End of stack trace from previous location ---
   at Polly.Outcome`1.GetResultOrRethrow()
   at Polly.ResiliencePipeline.ExecuteAsync[TResult](Func`2 callback, CancellationToken cancellationToken)
   at Aspire.Hosting.Dcp.KubernetesService.ExecuteWithRetry[TResult](DcpApiOperationType operationType, String resourceType, Func`2 operation, Func`2 isRetryable, CancellationToken cancellationToken) in /_/src/Aspire.Hosting/Dcp/KubernetesService.cs:line 481
   at Aspire.Hosting.Dcp.DcpExecutor.<>c__DisplayClass46_1`1.<<CreateDcpObjectsAsync>b__0>d.MoveNext() in /_/src/Aspire.Hosting/Dcp/DcpExecutor.cs:line 612
--- End of stack trace from previous location ---
   at Aspire.Hosting.Dcp.DcpExecutor.CreateDcpObjectsAsync[RT](IEnumerable`1 objects, CancellationToken cancellationToken) in /_/src/Aspire.Hosting/Dcp/DcpExecutor.cs:line 615
   at Aspire.Hosting.Dcp.DcpExecutor.<>c__DisplayClass33_1.<<RunApplicationAsync>b__5>d.MoveNext() in /_/src/Aspire.Hosting/Dcp/DcpExecutor.cs:line 227
--- End of stack trace from previous location ---
   at Aspire.Hosting.Dcp.DcpExecutor.RunApplicationAsync(CancellationToken ct) in /_/src/Aspire.Hosting/Dcp/DcpExecutor.cs:line 244
   at Aspire.Hosting.Orchestrator.ApplicationOrchestrator.RunApplicationAsync(CancellationToken cancellationToken) in /_/src/Aspire.Hosting/Orchestrator/ApplicationOrchestrator.cs:line 555
   at Aspire.Hosting.Orchestrator.OrchestratorHostService.StartAsync(CancellationToken cancellationToken) in /_/src/Aspire.Hosting/Orchestrator/OrchestratorHostService.cs:line 41
   at Microsoft.Extensions.Hosting.Internal.Host.<StartAsync>b__14_1(IHostedService service, CancellationToken token)
   at Microsoft.Extensions.Hosting.Internal.Host.ForeachService[T](IEnumerable`1 services, CancellationToken token, Boolean concurrent, Boolean abortOnFirstException, List`1 exceptions, Func`3 operation)
   at Microsoft.Extensions.Hosting.Internal.Host.StartAsync(CancellationToken cancellationToken)
   at Aspire.Hosting.Testing.DistributedApplicationFactory.ObservedHost.StartAsync(CancellationToken cancellationToken) in /_/src/Aspire.Hosting.Testing/DistributedApplicationFactory.cs:line 598
   at Aspire.Hosting.Testing.DistributedApplicationFactory.StartAsync(CancellationToken cancellationToken) in /_/src/Aspire.Hosting.Testing/DistributedApplicationFactory.cs:line 73
   at Aspire.Hosting.Testing.DistributedApplicationTestingBuilder.SuspendingDistributedApplicationFactory.DelegatedHost.StartAsync(CancellationToken cancellationToken) in /_/src/Aspire.Hosting.Testing/DistributedApplicationTestingBuilder.cs:line 314
   at Aspire.Hosting.Testing.DistributedApplicationTestingBuilder.SuspendingDistributedApplicationFactory.DelegatedDistributedApplication.StartAsync(CancellationToken cancellationToken) in /_/src/Aspire.Hosting.Testing/DistributedApplicationTestingBuilder.cs:line 289
   at AppHost.Tests.Infrastructure.ClearCommandAppFixture.InitializeAsync() in /home/teqs/github/MyBlog/tests/AppHost.Tests/Infrastructure/ClearCommandAppFixture.cs:line 53
----- Inner Stack Trace -----
   at System.Threading.CancellationToken.ThrowOperationCanceledException()
   at System.Threading.SemaphoreSlim.WaitUntilCountOrTimeoutAsync(TaskNode asyncWaiter, Int64 millisecondsTimeout, CancellationToken cancellationToken)
   at Aspire.Hosting.Dcp.KubernetesService.EnsureKubernetesAsync(CancellationToken cancellationToken) in /_/src/Aspire.Hosting/Dcp/KubernetesService.cs:line 579
   at Aspire.Hosting.Dcp.KubernetesService.<>c__DisplayClass29_0`1.<<ExecuteWithRetry>b__1>d.MoveNext() in /_/src/Aspire.Hosting/Dcp/KubernetesService.cs:line 485
--- End of stack trace from previous location ---
   at Polly.ResiliencePipeline.<>c__10`1.<<ExecuteAsync>b__10_0>d.MoveNext()
  Passed WebResourceHasMongoDbConnectionString [22 ms]
  Passed WebResourceHasRedisConnectionString [5 ms]
  Passed ClearMyBlogData Command IsHighlighted Marks It As Destructive [5 ms]
  Passed ClearMyBlogData UpdateState Returns Enabled When MongoDB Is Healthy [3 ms]
  Passed MongoDb Resource Exposes ClearMyBlogData Command Annotation [3 ms]
  Passed ClearMyBlogData UpdateState Returns Disabled When MongoDB Is Unhealthy [4 ms]
  Passed ClearMyBlogData Command Has ConfirmationMessage Enabling Yn Prompt [4 ms]
[xUnit.net 00:01:41.85]     SeedMyBlogData Makes Seeded Posts Visible On The Blog Page [FAIL]
[xUnit.net 00:01:41.85]       Collection fixture type 'AppHost.Tests.Infrastructure.ClearCommandAppFixture' threw in InitializeAsync
[xUnit.net 00:01:41.85]       ---- Polly.Timeout.TimeoutRejectedException : The operation didn't complete within the allowed timeout of '00:00:20'.
[xUnit.net 00:01:41.85]       -------- System.OperationCanceledException : The operation was canceled.
[xUnit.net 00:01:41.85]       Stack Trace:
[xUnit.net 00:01:41.85]         
[xUnit.net 00:01:41.85]         ----- Inner Stack Trace -----
[xUnit.net 00:01:41.85]            at Polly.Utils.ExceptionUtilities.TrySetStackTrace[T](T exception)
[xUnit.net 00:01:41.85]            at Polly.Timeout.TimeoutResilienceStrategy.ExecuteCore[TResult,TState](Func`3 callback, ResilienceContext context, TState state)
[xUnit.net 00:01:41.85]            at System.Runtime.CompilerServices.AsyncTaskMethodBuilder`1.AsyncStateMachineBox`1.ExecutionContextCallback(Object s)
[xUnit.net 00:01:41.85]            at System.Threading.ExecutionContext.RunInternal(ExecutionContext executionContext, ContextCallback callback, Object state)
[xUnit.net 00:01:41.85]            at System.Runtime.CompilerServices.AsyncTaskMethodBuilder`1.AsyncStateMachineBox`1.MoveNext(Thread threadPoolThread)
[xUnit.net 00:01:41.85]            at System.Runtime.CompilerServices.AsyncTaskMethodBuilder`1.AsyncStateMachineBox`1.MoveNext()
[xUnit.net 00:01:41.85]            at System.Threading.Tasks.AwaitTaskContinuation.RunOrScheduleAction(IAsyncStateMachineBox box, Boolean allowInlining)
[xUnit.net 00:01:41.85]            at System.Threading.Tasks.Task.RunContinuations(Object continuationObject)
[xUnit.net 00:01:41.85]            at Polly.Utils.Pipeline.BridgeComponent`1.<ExecuteCore>g__ConvertValueTaskAsync|4_0[TResult,TState](ValueTask`1 valueTask, ResilienceContext resilienceContext)
[xUnit.net 00:01:41.85]            at System.Runtime.CompilerServices.AsyncTaskMethodBuilder`1.AsyncStateMachineBox`1.ExecutionContextCallback(Object s)
[xUnit.net 00:01:41.85]            at System.Threading.ExecutionContext.RunInternal(ExecutionContext executionContext, ContextCallback callback, Object state)
[xUnit.net 00:01:41.85]            at System.Runtime.CompilerServices.AsyncTaskMethodBuilder`1.AsyncStateMachineBox`1.MoveNext(Thread threadPoolThread)
[xUnit.net 00:01:41.85]            at System.Runtime.CompilerServices.AsyncTaskMethodBuilder`1.AsyncStateMachineBox`1.MoveNext()
[xUnit.net 00:01:41.85]            at System.Threading.Tasks.AwaitTaskContinuation.RunOrScheduleAction(IAsyncStateMachineBox box, Boolean allowInlining)
[xUnit.net 00:01:41.85]            at System.Threading.Tasks.Task.RunContinuations(Object continuationObject)
[xUnit.net 00:01:41.85]            at Polly.Retry.RetryResilienceStrategy`1.ExecuteCore[TState](Func`3 callback, ResilienceContext context, TState state)
[xUnit.net 00:01:41.85]            at System.Runtime.CompilerServices.AsyncTaskMethodBuilder`1.AsyncStateMachineBox`1.ExecutionContextCallback(Object s)
[xUnit.net 00:01:41.85]            at System.Threading.ExecutionContext.RunInternal(ExecutionContext executionContext, ContextCallback callback, Object state)
[xUnit.net 00:01:41.85]            at System.Runtime.CompilerServices.AsyncTaskMethodBuilder`1.AsyncStateMachineBox`1.MoveNext(Thread threadPoolThread)
[xUnit.net 00:01:41.85]            at System.Runtime.CompilerServices.AsyncTaskMethodBuilder`1.AsyncStateMachineBox`1.MoveNext()
[xUnit.net 00:01:41.85]            at System.Threading.Tasks.AwaitTaskContinuation.RunOrScheduleAction(IAsyncStateMachineBox box, Boolean allowInlining)
[xUnit.net 00:01:41.85]            at System.Threading.Tasks.Task.RunContinuations(Object continuationObject)
[xUnit.net 00:01:41.85]            at Polly.Utils.Pipeline.BridgeComponent`1.<>c__4`2.<<ExecuteCore>b__4_1>d.MoveNext()
[xUnit.net 00:01:41.85]            at System.Runtime.CompilerServices.AsyncTaskMethodBuilder`1.AsyncStateMachineBox`1.ExecutionContextCallback(Object s)
[xUnit.net 00:01:41.85]            at System.Threading.ExecutionContext.RunInternal(ExecutionContext executionContext, ContextCallback callback, Object state)
[xUnit.net 00:01:41.85]            at System.Runtime.CompilerServices.AsyncTaskMethodBuilder`1.AsyncStateMachineBox`1.MoveNext(Thread threadPoolThread)
[xUnit.net 00:01:41.85]            at System.Runtime.CompilerServices.AsyncTaskMethodBuilder`1.AsyncStateMachineBox`1.MoveNext()
[xUnit.net 00:01:41.85]            at System.Threading.Tasks.AwaitTaskContinuation.RunOrScheduleAction(IAsyncStateMachineBox box, Boolean allowInlining)
[xUnit.net 00:01:41.85]            at System.Threading.Tasks.Task.RunContinuations(Object continuationObject)
[xUnit.net 00:01:41.85]            at Polly.ResiliencePipeline.<>c__10`1.<<ExecuteAsync>b__10_0>d.MoveNext()
[xUnit.net 00:01:41.85]            at System.Runtime.CompilerServices.AsyncTaskMethodBuilder`1.AsyncStateMachineBox`1.ExecutionContextCallback(Object s)
[xUnit.net 00:01:41.85]            at System.Threading.ExecutionContext.RunInternal(ExecutionContext executionContext, ContextCallback callback, Object state)
[xUnit.net 00:01:41.85]            at System.Runtime.CompilerServices.AsyncTaskMethodBuilder`1.AsyncStateMachineBox`1.MoveNext(Thread threadPoolThread)
[xUnit.net 00:01:41.85]            at System.Runtime.CompilerServices.AsyncTaskMethodBuilder`1.AsyncStateMachineBox`1.MoveNext()
[xUnit.net 00:01:41.85]            at System.Threading.Tasks.AwaitTaskContinuation.RunOrScheduleAction(IAsyncStateMachineBox box, Boolean allowInlining)
[xUnit.net 00:01:41.85]            at System.Threading.Tasks.Task.RunContinuations(Object continuationObject)
[xUnit.net 00:01:41.85]            at System.Runtime.CompilerServices.AsyncValueTaskMethodBuilder`1.SetException(Exception exception)
[xUnit.net 00:01:41.85]         /_/src/Aspire.Hosting/Dcp/KubernetesService.cs(485,0): at Aspire.Hosting.Dcp.KubernetesService.<>c__DisplayClass29_0`1.<<ExecuteWithRetry>b__1>d.MoveNext()
[xUnit.net 00:01:41.85]            at System.Runtime.CompilerServices.AsyncTaskMethodBuilder`1.AsyncStateMachineBox`1.ExecutionContextCallback(Object s)
[xUnit.net 00:01:41.85]            at System.Threading.ExecutionContext.RunInternal(ExecutionContext executionContext, ContextCallback callback, Object state)
[xUnit.net 00:01:41.85]            at System.Runtime.CompilerServices.AsyncTaskMethodBuilder`1.AsyncStateMachineBox`1.MoveNext(Thread threadPoolThread)
[xUnit.net 00:01:41.85]            at System.Runtime.CompilerServices.AsyncTaskMethodBuilder`1.AsyncStateMachineBox`1.MoveNext()
[xUnit.net 00:01:41.85]            at System.Threading.Tasks.AwaitTaskContinuation.RunOrScheduleAction(IAsyncStateMachineBox box, Boolean allowInlining)
[xUnit.net 00:01:41.85]            at System.Threading.Tasks.Task.RunContinuations(Object continuationObject)
[xUnit.net 00:01:41.85]            at System.Threading.Tasks.Task.TrySetCanceled(CancellationToken tokenToRecord, Object cancellationException)
[xUnit.net 00:01:41.85]            at System.Runtime.CompilerServices.AsyncTaskMethodBuilder`1.SetException(Exception exception, Task`1& taskField)
[xUnit.net 00:01:41.85]            at System.Runtime.CompilerServices.AsyncTaskMethodBuilder`1.SetException(Exception exception)
[xUnit.net 00:01:41.85]         /_/src/Aspire.Hosting/Dcp/KubernetesService.cs(579,0): at Aspire.Hosting.Dcp.KubernetesService.EnsureKubernetesAsync(CancellationToken cancellationToken)
[xUnit.net 00:01:41.85]            at System.Runtime.CompilerServices.AsyncTaskMethodBuilder`1.AsyncStateMachineBox`1.ExecutionContextCallback(Object s)
[xUnit.net 00:01:41.85]            at System.Threading.ExecutionContext.RunInternal(ExecutionContext executionContext, ContextCallback callback, Object state)
[xUnit.net 00:01:41.85]            at System.Runtime.CompilerServices.AsyncTaskMethodBuilder`1.AsyncStateMachineBox`1.MoveNext(Thread threadPoolThread)
[xUnit.net 00:01:41.85]            at System.Runtime.CompilerServices.AsyncTaskMethodBuilder`1.AsyncStateMachineBox`1.MoveNext()
[xUnit.net 00:01:41.85]            at System.Threading.Tasks.AwaitTaskContinuation.RunOrScheduleAction(IAsyncStateMachineBox box, Boolean allowInlining)
[xUnit.net 00:01:41.85]            at System.Threading.Tasks.Task.RunContinuations(Object continuationObject)
[xUnit.net 00:01:41.85]            at System.Threading.Tasks.Task.TrySetCanceled(CancellationToken tokenToRecord, Object cancellationException)
[xUnit.net 00:01:41.85]            at System.Runtime.CompilerServices.AsyncTaskMethodBuilder`1.SetException(Exception exception, Task`1& taskField)
[xUnit.net 00:01:41.85]            at System.Threading.SemaphoreSlim.WaitUntilCountOrTimeoutAsync(TaskNode asyncWaiter, Int64 millisecondsTimeout, CancellationToken cancellationToken)
[xUnit.net 00:01:41.85]            at System.Threading.ExecutionContext.RunFromThreadPoolDispatchLoop(Thread threadPoolThread, ExecutionContext executionContext, ContextCallback callback, Object state)
[xUnit.net 00:01:41.85]            at System.Runtime.CompilerServices.AsyncTaskMethodBuilder`1.AsyncStateMachineBox`1.MoveNext(Thread threadPoolThread)
[xUnit.net 00:01:41.85]            at System.Threading.ThreadPoolWorkQueue.Dispatch()
[xUnit.net 00:01:41.85]            at System.Threading.PortableThreadPool.WorkerThread.WorkerThreadStart()
[xUnit.net 00:01:41.85]            at System.Threading.Thread.StartCallback()
[xUnit.net 00:01:41.85]         --- End of stack trace from previous location ---
[xUnit.net 00:01:41.85]            at Polly.Outcome`1.GetResultOrRethrow()
[xUnit.net 00:01:41.85]            at Polly.ResiliencePipeline.ExecuteAsync[TResult](Func`2 callback, CancellationToken cancellationToken)
[xUnit.net 00:01:41.85]         /_/src/Aspire.Hosting/Dcp/KubernetesService.cs(481,0): at Aspire.Hosting.Dcp.KubernetesService.ExecuteWithRetry[TResult](DcpApiOperationType operationType, String resourceType, Func`2 operation, Func`2 isRetryable, CancellationToken cancellationToken)
[xUnit.net 00:01:41.85]         /_/src/Aspire.Hosting/Dcp/DcpExecutor.cs(612,0): at Aspire.Hosting.Dcp.DcpExecutor.<>c__DisplayClass46_1`1.<<CreateDcpObjectsAsync>b__0>d.MoveNext()
[xUnit.net 00:01:41.85]         --- End of stack trace from previous location ---
[xUnit.net 00:01:41.85]         /_/src/Aspire.Hosting/Dcp/DcpExecutor.cs(615,0): at Aspire.Hosting.Dcp.DcpExecutor.CreateDcpObjectsAsync[RT](IEnumerable`1 objects, CancellationToken cancellationToken)
[xUnit.net 00:01:41.85]         /_/src/Aspire.Hosting/Dcp/DcpExecutor.cs(188,0): at Aspire.Hosting.Dcp.DcpExecutor.<>c__DisplayClass33_1.<<RunApplicationAsync>b__1>d.MoveNext()
[xUnit.net 00:01:41.85]         --- End of stack trace from previous location ---
[xUnit.net 00:01:41.85]         /_/src/Aspire.Hosting/Dcp/DcpExecutor.cs(200,0): at Aspire.Hosting.Dcp.DcpExecutor.<>c__DisplayClass33_1.<<RunApplicationAsync>b__3>d.MoveNext()
[xUnit.net 00:01:41.85]         --- End of stack trace from previous location ---
[xUnit.net 00:01:41.85]         /_/src/Aspire.Hosting/Dcp/DcpExecutor.cs(216,0): at Aspire.Hosting.Dcp.DcpExecutor.<>c__DisplayClass33_1.<<RunApplicationAsync>b__4>d.MoveNext()
[xUnit.net 00:01:41.85]         --- End of stack trace from previous location ---
[xUnit.net 00:01:41.85]         /_/src/Aspire.Hosting/Dcp/DcpExecutor.cs(244,0): at Aspire.Hosting.Dcp.DcpExecutor.RunApplicationAsync(CancellationToken ct)
[xUnit.net 00:01:41.85]         /_/src/Aspire.Hosting/Orchestrator/ApplicationOrchestrator.cs(555,0): at Aspire.Hosting.Orchestrator.ApplicationOrchestrator.RunApplicationAsync(CancellationToken cancellationToken)
[xUnit.net 00:01:41.85]         /_/src/Aspire.Hosting/Orchestrator/OrchestratorHostService.cs(41,0): at Aspire.Hosting.Orchestrator.OrchestratorHostService.StartAsync(CancellationToken cancellationToken)
[xUnit.net 00:01:41.86]            at Microsoft.Extensions.Hosting.Internal.Host.<StartAsync>b__14_1(IHostedService service, CancellationToken token)
[xUnit.net 00:01:41.86]            at Microsoft.Extensions.Hosting.Internal.Host.ForeachService[T](IEnumerable`1 services, CancellationToken token, Boolean concurrent, Boolean abortOnFirstException, List`1 exceptions, Func`3 operation)
[xUnit.net 00:01:41.86]            at Microsoft.Extensions.Hosting.Internal.Host.StartAsync(CancellationToken cancellationToken)
[xUnit.net 00:01:41.86]         /_/src/Aspire.Hosting.Testing/DistributedApplicationFactory.cs(598,0): at Aspire.Hosting.Testing.DistributedApplicationFactory.ObservedHost.StartAsync(CancellationToken cancellationToken)
[xUnit.net 00:01:41.86]         /_/src/Aspire.Hosting.Testing/DistributedApplicationFactory.cs(73,0): at Aspire.Hosting.Testing.DistributedApplicationFactory.StartAsync(CancellationToken cancellationToken)
[xUnit.net 00:01:41.86]         /_/src/Aspire.Hosting.Testing/DistributedApplicationTestingBuilder.cs(314,0): at Aspire.Hosting.Testing.DistributedApplicationTestingBuilder.SuspendingDistributedApplicationFactory.DelegatedHost.StartAsync(CancellationToken cancellationToken)
[xUnit.net 00:01:41.86]         /_/src/Aspire.Hosting.Testing/DistributedApplicationTestingBuilder.cs(289,0): at Aspire.Hosting.Testing.DistributedApplicationTestingBuilder.SuspendingDistributedApplicationFactory.DelegatedDistributedApplication.StartAsync(CancellationToken cancellationToken)
[xUnit.net 00:01:41.86]         /home/teqs/github/MyBlog/tests/AppHost.Tests/Infrastructure/ClearCommandAppFixture.cs(53,0): at AppHost.Tests.Infrastructure.ClearCommandAppFixture.InitializeAsync()
[xUnit.net 00:01:41.86]         ----- Inner Stack Trace -----
[xUnit.net 00:01:41.86]            at System.Threading.CancellationToken.ThrowOperationCanceledException()
[xUnit.net 00:01:41.86]            at System.Threading.SemaphoreSlim.WaitUntilCountOrTimeoutAsync(TaskNode asyncWaiter, Int64 millisecondsTimeout, CancellationToken cancellationToken)
[xUnit.net 00:01:41.86]         /_/src/Aspire.Hosting/Dcp/KubernetesService.cs(579,0): at Aspire.Hosting.Dcp.KubernetesService.EnsureKubernetesAsync(CancellationToken cancellationToken)
[xUnit.net 00:01:41.86]         /_/src/Aspire.Hosting/Dcp/KubernetesService.cs(485,0): at Aspire.Hosting.Dcp.KubernetesService.<>c__DisplayClass29_0`1.<<ExecuteWithRetry>b__1>d.MoveNext()
[xUnit.net 00:01:41.86]         --- End of stack trace from previous location ---
[xUnit.net 00:01:41.86]            at Polly.ResiliencePipeline.<>c__10`1.<<ExecuteAsync>b__10_0>d.MoveNext()
[xUnit.net 00:01:41.86]     SeedMyBlogData Assigns BlogPosts To Expected Canonical Categories [FAIL]
[xUnit.net 00:01:41.86]       Collection fixture type 'AppHost.Tests.Infrastructure.ClearCommandAppFixture' threw in InitializeAsync
[xUnit.net 00:01:41.86]       ---- Polly.Timeout.TimeoutRejectedException : The operation didn't complete within the allowed timeout of '00:00:20'.
[xUnit.net 00:01:41.86]       -------- System.OperationCanceledException : The operation was canceled.
[xUnit.net 00:01:41.86]       Stack Trace:
[xUnit.net 00:01:41.86]         
[xUnit.net 00:01:41.86]         ----- Inner Stack Trace -----
[xUnit.net 00:01:41.86]            at Polly.Utils.ExceptionUtilities.TrySetStackTrace[T](T exception)
[xUnit.net 00:01:41.86]            at Polly.Timeout.TimeoutResilienceStrategy.ExecuteCore[TResult,TState](Func`3 callback, ResilienceContext context, TState state)
[xUnit.net 00:01:41.86]            at System.Runtime.CompilerServices.AsyncTaskMethodBuilder`1.AsyncStateMachineBox`1.ExecutionContextCallback(Object s)
[xUnit.net 00:01:41.86]            at System.Threading.ExecutionContext.RunInternal(ExecutionContext executionContext, ContextCallback callback, Object state)
[xUnit.net 00:01:41.86]            at System.Runtime.CompilerServices.AsyncTaskMethodBuilder`1.AsyncStateMachineBox`1.MoveNext(Thread threadPoolThread)
[xUnit.net 00:01:41.86]            at System.Runtime.CompilerServices.AsyncTaskMethodBuilder`1.AsyncStateMachineBox`1.MoveNext()
[xUnit.net 00:01:41.86]            at System.Threading.Tasks.AwaitTaskContinuation.RunOrScheduleAction(IAsyncStateMachineBox box, Boolean allowInlining)
[xUnit.net 00:01:41.86]            at System.Threading.Tasks.Task.RunContinuations(Object continuationObject)
[xUnit.net 00:01:41.86]            at Polly.Utils.Pipeline.BridgeComponent`1.<ExecuteCore>g__ConvertValueTaskAsync|4_0[TResult,TState](ValueTask`1 valueTask, ResilienceContext resilienceContext)
[xUnit.net 00:01:41.86]            at System.Runtime.CompilerServices.AsyncTaskMethodBuilder`1.AsyncStateMachineBox`1.ExecutionContextCallback(Object s)
[xUnit.net 00:01:41.86]            at System.Threading.ExecutionContext.RunInternal(ExecutionContext executionContext, ContextCallback callback, Object state)
[xUnit.net 00:01:41.86]            at System.Runtime.CompilerServices.AsyncTaskMethodBuilder`1.AsyncStateMachineBox`1.MoveNext(Thread threadPoolThread)
[xUnit.net 00:01:41.86]            at System.Runtime.CompilerServices.AsyncTaskMethodBuilder`1.AsyncStateMachineBox`1.MoveNext()
[xUnit.net 00:01:41.86]            at System.Threading.Tasks.AwaitTaskContinuation.RunOrScheduleAction(IAsyncStateMachineBox box, Boolean allowInlining)
[xUnit.net 00:01:41.86]            at System.Threading.Tasks.Task.RunContinuations(Object continuationObject)
[xUnit.net 00:01:41.86]            at Polly.Retry.RetryResilienceStrategy`1.ExecuteCore[TState](Func`3 callback, ResilienceContext context, TState state)
[xUnit.net 00:01:41.86]            at System.Runtime.CompilerServices.AsyncTaskMethodBuilder`1.AsyncStateMachineBox`1.ExecutionContextCallback(Object s)
[xUnit.net 00:01:41.86]            at System.Threading.ExecutionContext.RunInternal(ExecutionContext executionContext, ContextCallback callback, Object state)
[xUnit.net 00:01:41.86]            at System.Runtime.CompilerServices.AsyncTaskMethodBuilder`1.AsyncStateMachineBox`1.MoveNext(Thread threadPoolThread)
[xUnit.net 00:01:41.86]            at System.Runtime.CompilerServices.AsyncTaskMethodBuilder`1.AsyncStateMachineBox`1.MoveNext()
[xUnit.net 00:01:41.86]            at System.Threading.Tasks.AwaitTaskContinuation.RunOrScheduleAction(IAsyncStateMachineBox box, Boolean allowInlining)
[xUnit.net 00:01:41.86]            at System.Threading.Tasks.Task.RunContinuations(Object continuationObject)
[xUnit.net 00:01:41.86]            at Polly.Utils.Pipeline.BridgeComponent`1.<>c__4`2.<<ExecuteCore>b__4_1>d.MoveNext()
[xUnit.net 00:01:41.86]            at System.Runtime.CompilerServices.AsyncTaskMethodBuilder`1.AsyncStateMachineBox`1.ExecutionContextCallback(Object s)
[xUnit.net 00:01:41.86]            at System.Threading.ExecutionContext.RunInternal(ExecutionContext executionContext, ContextCallback callback, Object state)
[xUnit.net 00:01:41.86]            at System.Runtime.CompilerServices.AsyncTaskMethodBuilder`1.AsyncStateMachineBox`1.MoveNext(Thread threadPoolThread)
[xUnit.net 00:01:41.86]            at System.Runtime.CompilerServices.AsyncTaskMethodBuilder`1.AsyncStateMachineBox`1.MoveNext()
[xUnit.net 00:01:41.86]            at System.Threading.Tasks.AwaitTaskContinuation.RunOrScheduleAction(IAsyncStateMachineBox box, Boolean allowInlining)
[xUnit.net 00:01:41.86]            at System.Threading.Tasks.Task.RunContinuations(Object continuationObject)
[xUnit.net 00:01:41.86]            at Polly.ResiliencePipeline.<>c__10`1.<<ExecuteAsync>b__10_0>d.MoveNext()
[xUnit.net 00:01:41.86]            at System.Runtime.CompilerServices.AsyncTaskMethodBuilder`1.AsyncStateMachineBox`1.ExecutionContextCallback(Object s)
[xUnit.net 00:01:41.86]            at System.Threading.ExecutionContext.RunInternal(ExecutionContext executionContext, ContextCallback callback, Object state)
[xUnit.net 00:01:41.86]            at System.Runtime.CompilerServices.AsyncTaskMethodBuilder`1.AsyncStateMachineBox`1.MoveNext(Thread threadPoolThread)
[xUnit.net 00:01:41.86]            at System.Runtime.CompilerServices.AsyncTaskMethodBuilder`1.AsyncStateMachineBox`1.MoveNext()
[xUnit.net 00:01:41.86]            at System.Threading.Tasks.AwaitTaskContinuation.RunOrScheduleAction(IAsyncStateMachineBox box, Boolean allowInlining)
[xUnit.net 00:01:41.86]            at System.Threading.Tasks.Task.RunContinuations(Object continuationObject)
[xUnit.net 00:01:41.86]            at System.Runtime.CompilerServices.AsyncValueTaskMethodBuilder`1.SetException(Exception exception)
[xUnit.net 00:01:41.86]         /_/src/Aspire.Hosting/Dcp/KubernetesService.cs(485,0): at Aspire.Hosting.Dcp.KubernetesService.<>c__DisplayClass29_0`1.<<ExecuteWithRetry>b__1>d.MoveNext()
[xUnit.net 00:01:41.86]            at System.Runtime.CompilerServices.AsyncTaskMethodBuilder`1.AsyncStateMachineBox`1.ExecutionContextCallback(Object s)
[xUnit.net 00:01:41.86]            at System.Threading.ExecutionContext.RunInternal(ExecutionContext executionContext, ContextCallback callback, Object state)
[xUnit.net 00:01:41.86]            at System.Runtime.CompilerServices.AsyncTaskMethodBuilder`1.AsyncStateMachineBox`1.MoveNext(Thread threadPoolThread)
[xUnit.net 00:01:41.86]            at System.Runtime.CompilerServices.AsyncTaskMethodBuilder`1.AsyncStateMachineBox`1.MoveNext()
[xUnit.net 00:01:41.86]            at System.Threading.Tasks.AwaitTaskContinuation.RunOrScheduleAction(IAsyncStateMachineBox box, Boolean allowInlining)
[xUnit.net 00:01:41.86]            at System.Threading.Tasks.Task.RunContinuations(Object continuationObject)
[xUnit.net 00:01:41.86]            at System.Threading.Tasks.Task.TrySetCanceled(CancellationToken tokenToRecord, Object cancellationException)
[xUnit.net 00:01:41.86]            at System.Runtime.CompilerServices.AsyncTaskMethodBuilder`1.SetException(Exception exception, Task`1& taskField)
[xUnit.net 00:01:41.86]            at System.Runtime.CompilerServices.AsyncTaskMethodBuilder`1.SetException(Exception exception)
[xUnit.net 00:01:41.86]         /_/src/Aspire.Hosting/Dcp/KubernetesService.cs(579,0): at Aspire.Hosting.Dcp.KubernetesService.EnsureKubernetesAsync(CancellationToken cancellationToken)
[xUnit.net 00:01:41.86]            at System.Runtime.CompilerServices.AsyncTaskMethodBuilder`1.AsyncStateMachineBox`1.ExecutionContextCallback(Object s)
[xUnit.net 00:01:41.86]            at System.Threading.ExecutionContext.RunInternal(ExecutionContext executionContext, ContextCallback callback, Object state)
[xUnit.net 00:01:41.86]            at System.Runtime.CompilerServices.AsyncTaskMethodBuilder`1.AsyncStateMachineBox`1.MoveNext(Thread threadPoolThread)
[xUnit.net 00:01:41.86]            at System.Runtime.CompilerServices.AsyncTaskMethodBuilder`1.AsyncStateMachineBox`1.MoveNext()
[xUnit.net 00:01:41.86]            at System.Threading.Tasks.AwaitTaskContinuation.RunOrScheduleAction(IAsyncStateMachineBox box, Boolean allowInlining)
[xUnit.net 00:01:41.86]            at System.Threading.Tasks.Task.RunContinuations(Object continuationObject)
[xUnit.net 00:01:41.86]            at System.Threading.Tasks.Task.TrySetCanceled(CancellationToken tokenToRecord, Object cancellationException)
[xUnit.net 00:01:41.86]            at System.Runtime.CompilerServices.AsyncTaskMethodBuilder`1.SetException(Exception exception, Task`1& taskField)
[xUnit.net 00:01:41.86]            at System.Threading.SemaphoreSlim.WaitUntilCountOrTimeoutAsync(TaskNode asyncWaiter, Int64 millisecondsTimeout, CancellationToken cancellationToken)
[xUnit.net 00:01:41.86]            at System.Threading.ExecutionContext.RunFromThreadPoolDispatchLoop(Thread threadPoolThread, ExecutionContext executionContext, ContextCallback callback, Object state)
[xUnit.net 00:01:41.86]            at System.Runtime.CompilerServices.AsyncTaskMethodBuilder`1.AsyncStateMachineBox`1.MoveNext(Thread threadPoolThread)
[xUnit.net 00:01:41.86]            at System.Threading.ThreadPoolWorkQueue.Dispatch()
[xUnit.net 00:01:41.86]            at System.Threading.PortableThreadPool.WorkerThread.WorkerThreadStart()
[xUnit.net 00:01:41.86]            at System.Threading.Thread.StartCallback()
[xUnit.net 00:01:41.86]         --- End of stack trace from previous location ---
[xUnit.net 00:01:41.86]            at Polly.Outcome`1.GetResultOrRethrow()
[xUnit.net 00:01:41.86]            at Polly.ResiliencePipeline.ExecuteAsync[TResult](Func`2 callback, CancellationToken cancellationToken)
[xUnit.net 00:01:41.86]         /_/src/Aspire.Hosting/Dcp/KubernetesService.cs(481,0): at Aspire.Hosting.Dcp.KubernetesService.ExecuteWithRetry[TResult](DcpApiOperationType operationType, String resourceType, Func`2 operation, Func`2 isRetryable, CancellationToken cancellationToken)
[xUnit.net 00:01:41.86]         /_/src/Aspire.Hosting/Dcp/DcpExecutor.cs(612,0): at Aspire.Hosting.Dcp.DcpExecutor.<>c__DisplayClass46_1`1.<<CreateDcpObjectsAsync>b__0>d.MoveNext()
[xUnit.net 00:01:41.86]         --- End of stack trace from previous location ---
[xUnit.net 00:01:41.86]         /_/src/Aspire.Hosting/Dcp/DcpExecutor.cs(615,0): at Aspire.Hosting.Dcp.DcpExecutor.CreateDcpObjectsAsync[RT](IEnumerable`1 objects, CancellationToken cancellationToken)
[xUnit.net 00:01:41.86]         /_/src/Aspire.Hosting/Dcp/DcpExecutor.cs(188,0): at Aspire.Hosting.Dcp.DcpExecutor.<>c__DisplayClass33_1.<<RunApplicationAsync>b__1>d.MoveNext()
[xUnit.net 00:01:41.86]         --- End of stack trace from previous location ---
[xUnit.net 00:01:41.86]         /_/src/Aspire.Hosting/Dcp/DcpExecutor.cs(200,0): at Aspire.Hosting.Dcp.DcpExecutor.<>c__DisplayClass33_1.<<RunApplicationAsync>b__3>d.MoveNext()
[xUnit.net 00:01:41.86]         --- End of stack trace from previous location ---
[xUnit.net 00:01:41.86]         /_/src/Aspire.Hosting/Dcp/DcpExecutor.cs(216,0): at Aspire.Hosting.Dcp.DcpExecutor.<>c__DisplayClass33_1.<<RunApplicationAsync>b__4>d.MoveNext()
[xUnit.net 00:01:41.86]         --- End of stack trace from previous location ---
[xUnit.net 00:01:41.86]         /_/src/Aspire.Hosting/Dcp/DcpExecutor.cs(244,0): at Aspire.Hosting.Dcp.DcpExecutor.RunApplicationAsync(CancellationToken ct)
[xUnit.net 00:01:41.86]         /_/src/Aspire.Hosting/Orchestrator/ApplicationOrchestrator.cs(555,0): at Aspire.Hosting.Orchestrator.ApplicationOrchestrator.RunApplicationAsync(CancellationToken cancellationToken)
[xUnit.net 00:01:41.86]         /_/src/Aspire.Hosting/Orchestrator/OrchestratorHostService.cs(41,0): at Aspire.Hosting.Orchestrator.OrchestratorHostService.StartAsync(CancellationToken cancellationToken)
[xUnit.net 00:01:41.86]            at Microsoft.Extensions.Hosting.Internal.Host.<StartAsync>b__14_1(IHostedService service, CancellationToken token)
[xUnit.net 00:01:41.86]            at Microsoft.Extensions.Hosting.Internal.Host.ForeachService[T](IEnumerable`1 services, CancellationToken token, Boolean concurrent, Boolean abortOnFirstException, List`1 exceptions, Func`3 operation)
[xUnit.net 00:01:41.86]            at Microsoft.Extensions.Hosting.Internal.Host.StartAsync(CancellationToken cancellationToken)
[xUnit.net 00:01:41.86]         /_/src/Aspire.Hosting.Testing/DistributedApplicationFactory.cs(598,0): at Aspire.Hosting.Testing.DistributedApplicationFactory.ObservedHost.StartAsync(CancellationToken cancellationToken)
[xUnit.net 00:01:41.86]         /_/src/Aspire.Hosting.Testing/DistributedApplicationFactory.cs(73,0): at Aspire.Hosting.Testing.DistributedApplicationFactory.StartAsync(CancellationToken cancellationToken)
[xUnit.net 00:01:41.86]         /_/src/Aspire.Hosting.Testing/DistributedApplicationTestingBuilder.cs(314,0): at Aspire.Hosting.Testing.DistributedApplicationTestingBuilder.SuspendingDistributedApplicationFactory.DelegatedHost.StartAsync(CancellationToken cancellationToken)
[xUnit.net 00:01:41.86]         /_/src/Aspire.Hosting.Testing/DistributedApplicationTestingBuilder.cs(289,0): at Aspire.Hosting.Testing.DistributedApplicationTestingBuilder.SuspendingDistributedApplicationFactory.DelegatedDistributedApplication.StartAsync(CancellationToken cancellationToken)
[xUnit.net 00:01:41.86]         /home/teqs/github/MyBlog/tests/AppHost.Tests/Infrastructure/ClearCommandAppFixture.cs(53,0): at AppHost.Tests.Infrastructure.ClearCommandAppFixture.InitializeAsync()
[xUnit.net 00:01:41.86]         ----- Inner Stack Trace -----
[xUnit.net 00:01:41.86]            at System.Threading.CancellationToken.ThrowOperationCanceledException()
[xUnit.net 00:01:41.86]            at System.Threading.SemaphoreSlim.WaitUntilCountOrTimeoutAsync(TaskNode asyncWaiter, Int64 millisecondsTimeout, CancellationToken cancellationToken)
[xUnit.net 00:01:41.86]         /_/src/Aspire.Hosting/Dcp/KubernetesService.cs(579,0): at Aspire.Hosting.Dcp.KubernetesService.EnsureKubernetesAsync(CancellationToken cancellationToken)
[xUnit.net 00:01:41.86]         /_/src/Aspire.Hosting/Dcp/KubernetesService.cs(485,0): at Aspire.Hosting.Dcp.KubernetesService.<>c__DisplayClass29_0`1.<<ExecuteWithRetry>b__1>d.MoveNext()
[xUnit.net 00:01:41.86]         --- End of stack trace from previous location ---
[xUnit.net 00:01:41.86]            at Polly.ResiliencePipeline.<>c__10`1.<<ExecuteAsync>b__10_0>d.MoveNext()
[xUnit.net 00:01:41.86]     SeedMyBlogData Upserts Seven Canonical Categories [FAIL]
[xUnit.net 00:01:41.86]       Collection fixture type 'AppHost.Tests.Infrastructure.ClearCommandAppFixture' threw in InitializeAsync
[xUnit.net 00:01:41.86]       ---- Polly.Timeout.TimeoutRejectedException : The operation didn't complete within the allowed timeout of '00:00:20'.
[xUnit.net 00:01:41.86]       -------- System.OperationCanceledException : The operation was canceled.
[xUnit.net 00:01:41.86]       Stack Trace:
[xUnit.net 00:01:41.86]         
[xUnit.net 00:01:41.86]         ----- Inner Stack Trace -----
[xUnit.net 00:01:41.86]            at Polly.Utils.ExceptionUtilities.TrySetStackTrace[T](T exception)
[xUnit.net 00:01:41.86]            at Polly.Timeout.TimeoutResilienceStrategy.ExecuteCore[TResult,TState](Func`3 callback, ResilienceContext context, TState state)
[xUnit.net 00:01:41.86]            at System.Runtime.CompilerServices.AsyncTaskMethodBuilder`1.AsyncStateMachineBox`1.ExecutionContextCallback(Object s)
[xUnit.net 00:01:41.86]            at System.Threading.ExecutionContext.RunInternal(ExecutionContext executionContext, ContextCallback callback, Object state)
[xUnit.net 00:01:41.86]            at System.Runtime.CompilerServices.AsyncTaskMethodBuilder`1.AsyncStateMachineBox`1.MoveNext(Thread threadPoolThread)
[xUnit.net 00:01:41.86]            at System.Runtime.CompilerServices.AsyncTaskMethodBuilder`1.AsyncStateMachineBox`1.MoveNext()
[xUnit.net 00:01:41.86]            at System.Threading.Tasks.AwaitTaskContinuation.RunOrScheduleAction(IAsyncStateMachineBox box, Boolean allowInlining)
[xUnit.net 00:01:41.86]            at System.Threading.Tasks.Task.RunContinuations(Object continuationObject)
[xUnit.net 00:01:41.86]            at Polly.Utils.Pipeline.BridgeComponent`1.<ExecuteCore>g__ConvertValueTaskAsync|4_0[TResult,TState](ValueTask`1 valueTask, ResilienceContext resilienceContext)
[xUnit.net 00:01:41.86]            at System.Runtime.CompilerServices.AsyncTaskMethodBuilder`1.AsyncStateMachineBox`1.ExecutionContextCallback(Object s)
[xUnit.net 00:01:41.86]            at System.Threading.ExecutionContext.RunInternal(ExecutionContext executionContext, ContextCallback callback, Object state)
[xUnit.net 00:01:41.86]            at System.Runtime.CompilerServices.AsyncTaskMethodBuilder`1.AsyncStateMachineBox`1.MoveNext(Thread threadPoolThread)
[xUnit.net 00:01:41.86]            at System.Runtime.CompilerServices.AsyncTaskMethodBuilder`1.AsyncStateMachineBox`1.MoveNext()
[xUnit.net 00:01:41.86]            at System.Threading.Tasks.AwaitTaskContinuation.RunOrScheduleAction(IAsyncStateMachineBox box, Boolean allowInlining)
[xUnit.net 00:01:41.86]            at System.Threading.Tasks.Task.RunContinuations(Object continuationObject)
[xUnit.net 00:01:41.86]            at Polly.Retry.RetryResilienceStrategy`1.ExecuteCore[TState](Func`3 callback, ResilienceContext context, TState state)
[xUnit.net 00:01:41.86]            at System.Runtime.CompilerServices.AsyncTaskMethodBuilder`1.AsyncStateMachineBox`1.ExecutionContextCallback(Object s)
[xUnit.net 00:01:41.86]            at System.Threading.ExecutionContext.RunInternal(ExecutionContext executionContext, ContextCallback callback, Object state)
[xUnit.net 00:01:41.86]            at System.Runtime.CompilerServices.AsyncTaskMethodBuilder`1.AsyncStateMachineBox`1.MoveNext(Thread threadPoolThread)
[xUnit.net 00:01:41.86]            at System.Runtime.CompilerServices.AsyncTaskMethodBuilder`1.AsyncStateMachineBox`1.MoveNext()
[xUnit.net 00:01:41.86]            at System.Threading.Tasks.AwaitTaskContinuation.RunOrScheduleAction(IAsyncStateMachineBox box, Boolean allowInlining)
[xUnit.net 00:01:41.86]            at System.Threading.Tasks.Task.RunContinuations(Object continuationObject)
[xUnit.net 00:01:41.86]            at Polly.Utils.Pipeline.BridgeComponent`1.<>c__4`2.<<ExecuteCore>b__4_1>d.MoveNext()
[xUnit.net 00:01:41.86]            at System.Runtime.CompilerServices.AsyncTaskMethodBuilder`1.AsyncStateMachineBox`1.ExecutionContextCallback(Object s)
[xUnit.net 00:01:41.86]            at System.Threading.ExecutionContext.RunInternal(ExecutionContext executionContext, ContextCallback callback, Object state)
[xUnit.net 00:01:41.86]            at System.Runtime.CompilerServices.AsyncTaskMethodBuilder`1.AsyncStateMachineBox`1.MoveNext(Thread threadPoolThread)
[xUnit.net 00:01:41.86]            at System.Runtime.CompilerServices.AsyncTaskMethodBuilder`1.AsyncStateMachineBox`1.MoveNext()
[xUnit.net 00:01:41.86]            at System.Threading.Tasks.AwaitTaskContinuation.RunOrScheduleAction(IAsyncStateMachineBox box, Boolean allowInlining)
[xUnit.net 00:01:41.86]            at System.Threading.Tasks.Task.RunContinuations(Object continuationObject)
[xUnit.net 00:01:41.86]            at Polly.ResiliencePipeline.<>c__10`1.<<ExecuteAsync>b__10_0>d.MoveNext()
[xUnit.net 00:01:41.86]            at System.Runtime.CompilerServices.AsyncTaskMethodBuilder`1.AsyncStateMachineBox`1.ExecutionContextCallback(Object s)
[xUnit.net 00:01:41.86]            at System.Threading.ExecutionContext.RunInternal(ExecutionContext executionContext, ContextCallback callback, Object state)
[xUnit.net 00:01:41.86]            at System.Runtime.CompilerServices.AsyncTaskMethodBuilder`1.AsyncStateMachineBox`1.MoveNext(Thread threadPoolThread)
[xUnit.net 00:01:41.86]            at System.Runtime.CompilerServices.AsyncTaskMethodBuilder`1.AsyncStateMachineBox`1.MoveNext()
[xUnit.net 00:01:41.86]            at System.Threading.Tasks.AwaitTaskContinuation.RunOrScheduleAction(IAsyncStateMachineBox box, Boolean allowInlining)
[xUnit.net 00:01:41.86]            at System.Threading.Tasks.Task.RunContinuations(Object continuationObject)
[xUnit.net 00:01:41.86]            at System.Runtime.CompilerServices.AsyncValueTaskMethodBuilder`1.SetException(Exception exception)
[xUnit.net 00:01:41.86]         /_/src/Aspire.Hosting/Dcp/KubernetesService.cs(485,0): at Aspire.Hosting.Dcp.KubernetesService.<>c__DisplayClass29_0`1.<<ExecuteWithRetry>b__1>d.MoveNext()
[xUnit.net 00:01:41.86]            at System.Runtime.CompilerServices.AsyncTaskMethodBuilder`1.AsyncStateMachineBox`1.ExecutionContextCallback(Object s)
[xUnit.net 00:01:41.86]            at System.Threading.ExecutionContext.RunInternal(ExecutionContext executionContext, ContextCallback callback, Object state)
[xUnit.net 00:01:41.86]            at System.Runtime.CompilerServices.AsyncTaskMethodBuilder`1.AsyncStateMachineBox`1.MoveNext(Thread threadPoolThread)
[xUnit.net 00:01:41.86]            at System.Runtime.CompilerServices.AsyncTaskMethodBuilder`1.AsyncStateMachineBox`1.MoveNext()
[xUnit.net 00:01:41.86]            at System.Threading.Tasks.AwaitTaskContinuation.RunOrScheduleAction(IAsyncStateMachineBox box, Boolean allowInlining)
[xUnit.net 00:01:41.86]            at System.Threading.Tasks.Task.RunContinuations(Object continuationObject)
[xUnit.net 00:01:41.86]            at System.Threading.Tasks.Task.TrySetCanceled(CancellationToken tokenToRecord, Object cancellationException)
[xUnit.net 00:01:41.86]            at System.Runtime.CompilerServices.AsyncTaskMethodBuilder`1.SetException(Exception exception, Task`1& taskField)
[xUnit.net 00:01:41.86]            at System.Runtime.CompilerServices.AsyncTaskMethodBuilder`1.SetException(Exception exception)
[xUnit.net 00:01:41.86]         /_/src/Aspire.Hosting/Dcp/KubernetesService.cs(579,0): at Aspire.Hosting.Dcp.KubernetesService.EnsureKubernetesAsync(CancellationToken cancellationToken)
[xUnit.net 00:01:41.86]            at System.Runtime.CompilerServices.AsyncTaskMethodBuilder`1.AsyncStateMachineBox`1.ExecutionContextCallback(Object s)
[xUnit.net 00:01:41.86]            at System.Threading.ExecutionContext.RunInternal(ExecutionContext executionContext, ContextCallback callback, Object state)
[xUnit.net 00:01:41.86]            at System.Runtime.CompilerServices.AsyncTaskMethodBuilder`1.AsyncStateMachineBox`1.MoveNext(Thread threadPoolThread)
[xUnit.net 00:01:41.86]            at System.Runtime.CompilerServices.AsyncTaskMethodBuilder`1.AsyncStateMachineBox`1.MoveNext()
[xUnit.net 00:01:41.86]            at System.Threading.Tasks.AwaitTaskContinuation.RunOrScheduleAction(IAsyncStateMachineBox box, Boolean allowInlining)
[xUnit.net 00:01:41.86]            at System.Threading.Tasks.Task.RunContinuations(Object continuationObject)
[xUnit.net 00:01:41.86]            at System.Threading.Tasks.Task.TrySetCanceled(CancellationToken tokenToRecord, Object cancellationException)
[xUnit.net 00:01:41.86]            at System.Runtime.CompilerServices.AsyncTaskMethodBuilder`1.SetException(Exception exception, Task`1& taskField)
[xUnit.net 00:01:41.86]            at System.Threading.SemaphoreSlim.WaitUntilCountOrTimeoutAsync(TaskNode asyncWaiter, Int64 millisecondsTimeout, CancellationToken cancellationToken)
[xUnit.net 00:01:41.86]            at System.Threading.ExecutionContext.RunFromThreadPoolDispatchLoop(Thread threadPoolThread, ExecutionContext executionContext, ContextCallback callback, Object state)
[xUnit.net 00:01:41.86]            at System.Runtime.CompilerServices.AsyncTaskMethodBuilder`1.AsyncStateMachineBox`1.MoveNext(Thread threadPoolThread)
[xUnit.net 00:01:41.86]            at System.Threading.ThreadPoolWorkQueue.Dispatch()
[xUnit.net 00:01:41.86]            at System.Threading.PortableThreadPool.WorkerThread.WorkerThreadStart()
[xUnit.net 00:01:41.86]            at System.Threading.Thread.StartCallback()
[xUnit.net 00:01:41.86]         --- End of stack trace from previous location ---
[xUnit.net 00:01:41.87]            at Polly.Outcome`1.GetResultOrRethrow()
[xUnit.net 00:01:41.87]            at Polly.ResiliencePipeline.ExecuteAsync[TResult](Func`2 callback, CancellationToken cancellationToken)
[xUnit.net 00:01:41.87]         /_/src/Aspire.Hosting/Dcp/KubernetesService.cs(481,0): at Aspire.Hosting.Dcp.KubernetesService.ExecuteWithRetry[TResult](DcpApiOperationType operationType, String resourceType, Func`2 operation, Func`2 isRetryable, CancellationToken cancellationToken)
[xUnit.net 00:01:41.87]         /_/src/Aspire.Hosting/Dcp/DcpExecutor.cs(612,0): at Aspire.Hosting.Dcp.DcpExecutor.<>c__DisplayClass46_1`1.<<CreateDcpObjectsAsync>b__0>d.MoveNext()
[xUnit.net 00:01:41.87]         --- End of stack trace from previous location ---
[xUnit.net 00:01:41.87]         /_/src/Aspire.Hosting/Dcp/DcpExecutor.cs(615,0): at Aspire.Hosting.Dcp.DcpExecutor.CreateDcpObjectsAsync[RT](IEnumerable`1 objects, CancellationToken cancellationToken)
[xUnit.net 00:01:41.87]         /_/src/Aspire.Hosting/Dcp/DcpExecutor.cs(188,0): at Aspire.Hosting.Dcp.DcpExecutor.<>c__DisplayClass33_1.<<RunApplicationAsync>b__1>d.MoveNext()
[xUnit.net 00:01:41.87]         --- End of stack trace from previous location ---
[xUnit.net 00:01:41.87]         /_/src/Aspire.Hosting/Dcp/DcpExecutor.cs(200,0): at Aspire.Hosting.Dcp.DcpExecutor.<>c__DisplayClass33_1.<<RunApplicationAsync>b__3>d.MoveNext()
[xUnit.net 00:01:41.87]         --- End of stack trace from previous location ---
[xUnit.net 00:01:41.87]         /_/src/Aspire.Hosting/Dcp/DcpExecutor.cs(216,0): at Aspire.Hosting.Dcp.DcpExecutor.<>c__DisplayClass33_1.<<RunApplicationAsync>b__4>d.MoveNext()
[xUnit.net 00:01:41.87]         --- End of stack trace from previous location ---
[xUnit.net 00:01:41.87]         /_/src/Aspire.Hosting/Dcp/DcpExecutor.cs(244,0): at Aspire.Hosting.Dcp.DcpExecutor.RunApplicationAsync(CancellationToken ct)
[xUnit.net 00:01:41.87]         /_/src/Aspire.Hosting/Orchestrator/ApplicationOrchestrator.cs(555,0): at Aspire.Hosting.Orchestrator.ApplicationOrchestrator.RunApplicationAsync(CancellationToken cancellationToken)
[xUnit.net 00:01:41.87]         /_/src/Aspire.Hosting/Orchestrator/OrchestratorHostService.cs(41,0): at Aspire.Hosting.Orchestrator.OrchestratorHostService.StartAsync(CancellationToken cancellationToken)
[xUnit.net 00:01:41.87]            at Microsoft.Extensions.Hosting.Internal.Host.<StartAsync>b__14_1(IHostedService service, CancellationToken token)
[xUnit.net 00:01:41.87]            at Microsoft.Extensions.Hosting.Internal.Host.ForeachService[T](IEnumerable`1 services, CancellationToken token, Boolean concurrent, Boolean abortOnFirstException, List`1 exceptions, Func`3 operation)
[xUnit.net 00:01:41.87]            at Microsoft.Extensions.Hosting.Internal.Host.StartAsync(CancellationToken cancellationToken)
[xUnit.net 00:01:41.87]         /_/src/Aspire.Hosting.Testing/DistributedApplicationFactory.cs(598,0): at Aspire.Hosting.Testing.DistributedApplicationFactory.ObservedHost.StartAsync(CancellationToken cancellationToken)
[xUnit.net 00:01:41.87]         /_/src/Aspire.Hosting.Testing/DistributedApplicationFactory.cs(73,0): at Aspire.Hosting.Testing.DistributedApplicationFactory.StartAsync(CancellationToken cancellationToken)
[xUnit.net 00:01:41.87]         /_/src/Aspire.Hosting.Testing/DistributedApplicationTestingBuilder.cs(314,0): at Aspire.Hosting.Testing.DistributedApplicationTestingBuilder.SuspendingDistributedApplicationFactory.DelegatedHost.StartAsync(CancellationToken cancellationToken)
[xUnit.net 00:01:41.87]         /_/src/Aspire.Hosting.Testing/DistributedApplicationTestingBuilder.cs(289,0): at Aspire.Hosting.Testing.DistributedApplicationTestingBuilder.SuspendingDistributedApplicationFactory.DelegatedDistributedApplication.StartAsync(CancellationToken cancellationToken)
[xUnit.net 00:01:41.87]         /home/teqs/github/MyBlog/tests/AppHost.Tests/Infrastructure/ClearCommandAppFixture.cs(53,0): at AppHost.Tests.Infrastructure.ClearCommandAppFixture.InitializeAsync()
[xUnit.net 00:01:41.87]         ----- Inner Stack Trace -----
[xUnit.net 00:01:41.87]            at System.Threading.CancellationToken.ThrowOperationCanceledException()
[xUnit.net 00:01:41.87]            at System.Threading.SemaphoreSlim.WaitUntilCountOrTimeoutAsync(TaskNode asyncWaiter, Int64 millisecondsTimeout, CancellationToken cancellationToken)
[xUnit.net 00:01:41.87]         /_/src/Aspire.Hosting/Dcp/KubernetesService.cs(579,0): at Aspire.Hosting.Dcp.KubernetesService.EnsureKubernetesAsync(CancellationToken cancellationToken)
[xUnit.net 00:01:41.87]         /_/src/Aspire.Hosting/Dcp/KubernetesService.cs(485,0): at Aspire.Hosting.Dcp.KubernetesService.<>c__DisplayClass29_0`1.<<ExecuteWithRetry>b__1>d.MoveNext()
[xUnit.net 00:01:41.87]         --- End of stack trace from previous location ---
[xUnit.net 00:01:41.87]            at Polly.ResiliencePipeline.<>c__10`1.<<ExecuteAsync>b__10_0>d.MoveNext()
[xUnit.net 00:01:41.87]     SeedMyBlogData Drops Legacy Posts And Tags Collections [FAIL]
[xUnit.net 00:01:41.87]       Collection fixture type 'AppHost.Tests.Infrastructure.ClearCommandAppFixture' threw in InitializeAsync
[xUnit.net 00:01:41.87]       ---- Polly.Timeout.TimeoutRejectedException : The operation didn't complete within the allowed timeout of '00:00:20'.
[xUnit.net 00:01:41.87]       -------- System.OperationCanceledException : The operation was canceled.
[xUnit.net 00:01:41.87]       Stack Trace:
[xUnit.net 00:01:41.87]         
[xUnit.net 00:01:41.87]         ----- Inner Stack Trace -----
[xUnit.net 00:01:41.87]            at Polly.Utils.ExceptionUtilities.TrySetStackTrace[T](T exception)
[xUnit.net 00:01:41.87]            at Polly.Timeout.TimeoutResilienceStrategy.ExecuteCore[TResult,TState](Func`3 callback, ResilienceContext context, TState state)
[xUnit.net 00:01:41.87]            at System.Runtime.CompilerServices.AsyncTaskMethodBuilder`1.AsyncStateMachineBox`1.ExecutionContextCallback(Object s)
[xUnit.net 00:01:41.87]            at System.Threading.ExecutionContext.RunInternal(ExecutionContext executionContext, ContextCallback callback, Object state)
[xUnit.net 00:01:41.87]            at System.Runtime.CompilerServices.AsyncTaskMethodBuilder`1.AsyncStateMachineBox`1.MoveNext(Thread threadPoolThread)
[xUnit.net 00:01:41.87]            at System.Runtime.CompilerServices.AsyncTaskMethodBuilder`1.AsyncStateMachineBox`1.MoveNext()
[xUnit.net 00:01:41.87]            at System.Threading.Tasks.AwaitTaskContinuation.RunOrScheduleAction(IAsyncStateMachineBox box, Boolean allowInlining)
[xUnit.net 00:01:41.87]            at System.Threading.Tasks.Task.RunContinuations(Object continuationObject)
[xUnit.net 00:01:41.87]            at Polly.Utils.Pipeline.BridgeComponent`1.<ExecuteCore>g__ConvertValueTaskAsync|4_0[TResult,TState](ValueTask`1 valueTask, ResilienceContext resilienceContext)
[xUnit.net 00:01:41.87]            at System.Runtime.CompilerServices.AsyncTaskMethodBuilder`1.AsyncStateMachineBox`1.ExecutionContextCallback(Object s)
[xUnit.net 00:01:41.87]            at System.Threading.ExecutionContext.RunInternal(ExecutionContext executionContext, ContextCallback callback, Object state)
[xUnit.net 00:01:41.87]            at System.Runtime.CompilerServices.AsyncTaskMethodBuilder`1.AsyncStateMachineBox`1.MoveNext(Thread threadPoolThread)
[xUnit.net 00:01:41.87]            at System.Runtime.CompilerServices.AsyncTaskMethodBuilder`1.AsyncStateMachineBox`1.MoveNext()
[xUnit.net 00:01:41.87]            at System.Threading.Tasks.AwaitTaskContinuation.RunOrScheduleAction(IAsyncStateMachineBox box, Boolean allowInlining)
[xUnit.net 00:01:41.87]            at System.Threading.Tasks.Task.RunContinuations(Object continuationObject)
[xUnit.net 00:01:41.87]            at Polly.Retry.RetryResilienceStrategy`1.ExecuteCore[TState](Func`3 callback, ResilienceContext context, TState state)
[xUnit.net 00:01:41.87]            at System.Runtime.CompilerServices.AsyncTaskMethodBuilder`1.AsyncStateMachineBox`1.ExecutionContextCallback(Object s)
[xUnit.net 00:01:41.87]            at System.Threading.ExecutionContext.RunInternal(ExecutionContext executionContext, ContextCallback callback, Object state)
[xUnit.net 00:01:41.87]            at System.Runtime.CompilerServices.AsyncTaskMethodBuilder`1.AsyncStateMachineBox`1.MoveNext(Thread threadPoolThread)
[xUnit.net 00:01:41.87]            at System.Runtime.CompilerServices.AsyncTaskMethodBuilder`1.AsyncStateMachineBox`1.MoveNext()
[xUnit.net 00:01:41.87]            at System.Threading.Tasks.AwaitTaskContinuation.RunOrScheduleAction(IAsyncStateMachineBox box, Boolean allowInlining)
[xUnit.net 00:01:41.87]            at System.Threading.Tasks.Task.RunContinuations(Object continuationObject)
[xUnit.net 00:01:41.87]            at Polly.Utils.Pipeline.BridgeComponent`1.<>c__4`2.<<ExecuteCore>b__4_1>d.MoveNext()
[xUnit.net 00:01:41.87]            at System.Runtime.CompilerServices.AsyncTaskMethodBuilder`1.AsyncStateMachineBox`1.ExecutionContextCallback(Object s)
[xUnit.net 00:01:41.87]            at System.Threading.ExecutionContext.RunInternal(ExecutionContext executionContext, ContextCallback callback, Object state)
[xUnit.net 00:01:41.87]            at System.Runtime.CompilerServices.AsyncTaskMethodBuilder`1.AsyncStateMachineBox`1.MoveNext(Thread threadPoolThread)
[xUnit.net 00:01:41.87]            at System.Runtime.CompilerServices.AsyncTaskMethodBuilder`1.AsyncStateMachineBox`1.MoveNext()
[xUnit.net 00:01:41.87]            at System.Threading.Tasks.AwaitTaskContinuation.RunOrScheduleAction(IAsyncStateMachineBox box, Boolean allowInlining)
[xUnit.net 00:01:41.87]            at System.Threading.Tasks.Task.RunContinuations(Object continuationObject)
[xUnit.net 00:01:41.87]            at Polly.ResiliencePipeline.<>c__10`1.<<ExecuteAsync>b__10_0>d.MoveNext()
[xUnit.net 00:01:41.87]            at System.Runtime.CompilerServices.AsyncTaskMethodBuilder`1.AsyncStateMachineBox`1.ExecutionContextCallback(Object s)
[xUnit.net 00:01:41.87]            at System.Threading.ExecutionContext.RunInternal(ExecutionContext executionContext, ContextCallback callback, Object state)
[xUnit.net 00:01:41.87]            at System.Runtime.CompilerServices.AsyncTaskMethodBuilder`1.AsyncStateMachineBox`1.MoveNext(Thread threadPoolThread)
[xUnit.net 00:01:41.87]            at System.Runtime.CompilerServices.AsyncTaskMethodBuilder`1.AsyncStateMachineBox`1.MoveNext()
[xUnit.net 00:01:41.87]            at System.Threading.Tasks.AwaitTaskContinuation.RunOrScheduleAction(IAsyncStateMachineBox box, Boolean allowInlining)
[xUnit.net 00:01:41.87]            at System.Threading.Tasks.Task.RunContinuations(Object continuationObject)
[xUnit.net 00:01:41.87]            at System.Runtime.CompilerServices.AsyncValueTaskMethodBuilder`1.SetException(Exception exception)
[xUnit.net 00:01:41.87]         /_/src/Aspire.Hosting/Dcp/KubernetesService.cs(485,0): at Aspire.Hosting.Dcp.KubernetesService.<>c__DisplayClass29_0`1.<<ExecuteWithRetry>b__1>d.MoveNext()
[xUnit.net 00:01:41.87]            at System.Runtime.CompilerServices.AsyncTaskMethodBuilder`1.AsyncStateMachineBox`1.ExecutionContextCallback(Object s)
[xUnit.net 00:01:41.87]            at System.Threading.ExecutionContext.RunInternal(ExecutionContext executionContext, ContextCallback callback, Object state)
[xUnit.net 00:01:41.87]            at System.Runtime.CompilerServices.AsyncTaskMethodBuilder`1.AsyncStateMachineBox`1.MoveNext(Thread threadPoolThread)
[xUnit.net 00:01:41.87]            at System.Runtime.CompilerServices.AsyncTaskMethodBuilder`1.AsyncStateMachineBox`1.MoveNext()
[xUnit.net 00:01:41.87]            at System.Threading.Tasks.AwaitTaskContinuation.RunOrScheduleAction(IAsyncStateMachineBox box, Boolean allowInlining)
[xUnit.net 00:01:41.87]            at System.Threading.Tasks.Task.RunContinuations(Object continuationObject)
[xUnit.net 00:01:41.87]            at System.Threading.Tasks.Task.TrySetCanceled(CancellationToken tokenToRecord, Object cancellationException)
[xUnit.net 00:01:41.87]            at System.Runtime.CompilerServices.AsyncTaskMethodBuilder`1.SetException(Exception exception, Task`1& taskField)
[xUnit.net 00:01:41.87]            at System.Runtime.CompilerServices.AsyncTaskMethodBuilder`1.SetException(Exception exception)
[xUnit.net 00:01:41.87]         /_/src/Aspire.Hosting/Dcp/KubernetesService.cs(579,0): at Aspire.Hosting.Dcp.KubernetesService.EnsureKubernetesAsync(CancellationToken cancellationToken)
[xUnit.net 00:01:41.87]            at System.Runtime.CompilerServices.AsyncTaskMethodBuilder`1.AsyncStateMachineBox`1.ExecutionContextCallback(Object s)
[xUnit.net 00:01:41.87]            at System.Threading.ExecutionContext.RunInternal(ExecutionContext executionContext, ContextCallback callback, Object state)
[xUnit.net 00:01:41.87]            at System.Runtime.CompilerServices.AsyncTaskMethodBuilder`1.AsyncStateMachineBox`1.MoveNext(Thread threadPoolThread)
[xUnit.net 00:01:41.87]            at System.Runtime.CompilerServices.AsyncTaskMethodBuilder`1.AsyncStateMachineBox`1.MoveNext()
[xUnit.net 00:01:41.87]            at System.Threading.Tasks.AwaitTaskContinuation.RunOrScheduleAction(IAsyncStateMachineBox box, Boolean allowInlining)
[xUnit.net 00:01:41.87]            at System.Threading.Tasks.Task.RunContinuations(Object continuationObject)
[xUnit.net 00:01:41.87]            at System.Threading.Tasks.Task.TrySetCanceled(CancellationToken tokenToRecord, Object cancellationException)
[xUnit.net 00:01:41.87]            at System.Runtime.CompilerServices.AsyncTaskMethodBuilder`1.SetException(Exception exception, Task`1& taskField)
[xUnit.net 00:01:41.87]            at System.Threading.SemaphoreSlim.WaitUntilCountOrTimeoutAsync(TaskNode asyncWaiter, Int64 millisecondsTimeout, CancellationToken cancellationToken)
[xUnit.net 00:01:41.87]            at System.Threading.ExecutionContext.RunFromThreadPoolDispatchLoop(Thread threadPoolThread, ExecutionContext executionContext, ContextCallback callback, Object state)
[xUnit.net 00:01:41.87]            at System.Runtime.CompilerServices.AsyncTaskMethodBuilder`1.AsyncStateMachineBox`1.MoveNext(Thread threadPoolThread)
[xUnit.net 00:01:41.87]            at System.Threading.ThreadPoolWorkQueue.Dispatch()
[xUnit.net 00:01:41.87]            at System.Threading.PortableThreadPool.WorkerThread.WorkerThreadStart()
[xUnit.net 00:01:41.87]            at System.Threading.Thread.StartCallback()
[xUnit.net 00:01:41.87]         --- End of stack trace from previous location ---
[xUnit.net 00:01:41.87]            at Polly.Outcome`1.GetResultOrRethrow()
[xUnit.net 00:01:41.87]            at Polly.ResiliencePipeline.ExecuteAsync[TResult](Func`2 callback, CancellationToken cancellationToken)
[xUnit.net 00:01:41.87]         /_/src/Aspire.Hosting/Dcp/KubernetesService.cs(481,0): at Aspire.Hosting.Dcp.KubernetesService.ExecuteWithRetry[TResult](DcpApiOperationType operationType, String resourceType, Func`2 operation, Func`2 isRetryable, CancellationToken cancellationToken)
[xUnit.net 00:01:41.87]         /_/src/Aspire.Hosting/Dcp/DcpExecutor.cs(612,0): at Aspire.Hosting.Dcp.DcpExecutor.<>c__DisplayClass46_1`1.<<CreateDcpObjectsAsync>b__0>d.MoveNext()
[xUnit.net 00:01:41.87]         --- End of stack trace from previous location ---
[xUnit.net 00:01:41.87]         /_/src/Aspire.Hosting/Dcp/DcpExecutor.cs(615,0): at Aspire.Hosting.Dcp.DcpExecutor.CreateDcpObjectsAsync[RT](IEnumerable`1 objects, CancellationToken cancellationToken)
[xUnit.net 00:01:41.87]         /_/src/Aspire.Hosting/Dcp/DcpExecutor.cs(188,0): at Aspire.Hosting.Dcp.DcpExecutor.<>c__DisplayClass33_1.<<RunApplicationAsync>b__1>d.MoveNext()
[xUnit.net 00:01:41.87]         --- End of stack trace from previous location ---
[xUnit.net 00:01:41.87]         /_/src/Aspire.Hosting/Dcp/DcpExecutor.cs(200,0): at Aspire.Hosting.Dcp.DcpExecutor.<>c__DisplayClass33_1.<<RunApplicationAsync>b__3>d.MoveNext()
[xUnit.net 00:01:41.87]         --- End of stack trace from previous location ---
[xUnit.net 00:01:41.87]         /_/src/Aspire.Hosting/Dcp/DcpExecutor.cs(216,0): at Aspire.Hosting.Dcp.DcpExecutor.<>c__DisplayClass33_1.<<RunApplicationAsync>b__4>d.MoveNext()
[xUnit.net 00:01:41.87]         --- End of stack trace from previous location ---
[xUnit.net 00:01:41.87]         /_/src/Aspire.Hosting/Dcp/DcpExecutor.cs(244,0): at Aspire.Hosting.Dcp.DcpExecutor.RunApplicationAsync(CancellationToken ct)
[xUnit.net 00:01:41.87]         /_/src/Aspire.Hosting/Orchestrator/ApplicationOrchestrator.cs(555,0): at Aspire.Hosting.Orchestrator.ApplicationOrchestrator.RunApplicationAsync(CancellationToken cancellationToken)
[xUnit.net 00:01:41.87]         /_/src/Aspire.Hosting/Orchestrator/OrchestratorHostService.cs(41,0): at Aspire.Hosting.Orchestrator.OrchestratorHostService.StartAsync(CancellationToken cancellationToken)
[xUnit.net 00:01:41.87]            at Microsoft.Extensions.Hosting.Internal.Host.<StartAsync>b__14_1(IHostedService service, CancellationToken token)
[xUnit.net 00:01:41.87]            at Microsoft.Extensions.Hosting.Internal.Host.ForeachService[T](IEnumerable`1 services, CancellationToken token, Boolean concurrent, Boolean abortOnFirstException, List`1 exceptions, Func`3 operation)
[xUnit.net 00:01:41.87]            at Microsoft.Extensions.Hosting.Internal.Host.StartAsync(CancellationToken cancellationToken)
[xUnit.net 00:01:41.87]         /_/src/Aspire.Hosting.Testing/DistributedApplicationFactory.cs(598,0): at Aspire.Hosting.Testing.DistributedApplicationFactory.ObservedHost.StartAsync(CancellationToken cancellationToken)
[xUnit.net 00:01:41.87]         /_/src/Aspire.Hosting.Testing/DistributedApplicationFactory.cs(73,0): at Aspire.Hosting.Testing.DistributedApplicationFactory.StartAsync(CancellationToken cancellationToken)
[xUnit.net 00:01:41.87]         /_/src/Aspire.Hosting.Testing/DistributedApplicationTestingBuilder.cs(314,0): at Aspire.Hosting.Testing.DistributedApplicationTestingBuilder.SuspendingDistributedApplicationFactory.DelegatedHost.StartAsync(CancellationToken cancellationToken)
[xUnit.net 00:01:41.87]         /_/src/Aspire.Hosting.Testing/DistributedApplicationTestingBuilder.cs(289,0): at Aspire.Hosting.Testing.DistributedApplicationTestingBuilder.SuspendingDistributedApplicationFactory.DelegatedDistributedApplication.StartAsync(CancellationToken cancellationToken)
[xUnit.net 00:01:41.87]         /home/teqs/github/MyBlog/tests/AppHost.Tests/Infrastructure/ClearCommandAppFixture.cs(53,0): at AppHost.Tests.Infrastructure.ClearCommandAppFixture.InitializeAsync()
[xUnit.net 00:01:41.87]         ----- Inner Stack Trace -----
[xUnit.net 00:01:41.87]            at System.Threading.CancellationToken.ThrowOperationCanceledException()
[xUnit.net 00:01:41.87]            at System.Threading.SemaphoreSlim.WaitUntilCountOrTimeoutAsync(TaskNode asyncWaiter, Int64 millisecondsTimeout, CancellationToken cancellationToken)
[xUnit.net 00:01:41.87]         /_/src/Aspire.Hosting/Dcp/KubernetesService.cs(579,0): at Aspire.Hosting.Dcp.KubernetesService.EnsureKubernetesAsync(CancellationToken cancellationToken)
[xUnit.net 00:01:41.87]         /_/src/Aspire.Hosting/Dcp/KubernetesService.cs(485,0): at Aspire.Hosting.Dcp.KubernetesService.<>c__DisplayClass29_0`1.<<ExecuteWithRetry>b__1>d.MoveNext()
[xUnit.net 00:01:41.87]         --- End of stack trace from previous location ---
[xUnit.net 00:01:41.87]            at Polly.ResiliencePipeline.<>c__10`1.<<ExecuteAsync>b__10_0>d.MoveNext()
[xUnit.net 00:01:41.88]     SeedMyBlogData Empty Database Results In BlogPosts After Seed [FAIL]
[xUnit.net 00:01:41.88]       Collection fixture type 'AppHost.Tests.Infrastructure.ClearCommandAppFixture' threw in InitializeAsync
[xUnit.net 00:01:41.88]       ---- Polly.Timeout.TimeoutRejectedException : The operation didn't complete within the allowed timeout of '00:00:20'.
[xUnit.net 00:01:41.88]       -------- System.OperationCanceledException : The operation was canceled.
[xUnit.net 00:01:41.88]       Stack Trace:
[xUnit.net 00:01:41.88]         
[xUnit.net 00:01:41.88]         ----- Inner Stack Trace -----
[xUnit.net 00:01:41.88]            at Polly.Utils.ExceptionUtilities.TrySetStackTrace[T](T exception)
[xUnit.net 00:01:41.88]            at Polly.Timeout.TimeoutResilienceStrategy.ExecuteCore[TResult,TState](Func`3 callback, ResilienceContext context, TState state)
[xUnit.net 00:01:41.88]            at System.Runtime.CompilerServices.AsyncTaskMethodBuilder`1.AsyncStateMachineBox`1.ExecutionContextCallback(Object s)
[xUnit.net 00:01:41.88]            at System.Threading.ExecutionContext.RunInternal(ExecutionContext executionContext, ContextCallback callback, Object state)
[xUnit.net 00:01:41.88]            at System.Runtime.CompilerServices.AsyncTaskMethodBuilder`1.AsyncStateMachineBox`1.MoveNext(Thread threadPoolThread)
[xUnit.net 00:01:41.88]            at System.Runtime.CompilerServices.AsyncTaskMethodBuilder`1.AsyncStateMachineBox`1.MoveNext()
[xUnit.net 00:01:41.88]            at System.Threading.Tasks.AwaitTaskContinuation.RunOrScheduleAction(IAsyncStateMachineBox box, Boolean allowInlining)
[xUnit.net 00:01:41.88]            at System.Threading.Tasks.Task.RunContinuations(Object continuationObject)
[xUnit.net 00:01:41.88]            at Polly.Utils.Pipeline.BridgeComponent`1.<ExecuteCore>g__ConvertValueTaskAsync|4_0[TResult,TState](ValueTask`1 valueTask, ResilienceContext resilienceContext)
[xUnit.net 00:01:41.88]            at System.Runtime.CompilerServices.AsyncTaskMethodBuilder`1.AsyncStateMachineBox`1.ExecutionContextCallback(Object s)
[xUnit.net 00:01:41.88]            at System.Threading.ExecutionContext.RunInternal(ExecutionContext executionContext, ContextCallback callback, Object state)
[xUnit.net 00:01:41.88]            at System.Runtime.CompilerServices.AsyncTaskMethodBuilder`1.AsyncStateMachineBox`1.MoveNext(Thread threadPoolThread)
[xUnit.net 00:01:41.88]            at System.Runtime.CompilerServices.AsyncTaskMethodBuilder`1.AsyncStateMachineBox`1.MoveNext()
[xUnit.net 00:01:41.88]            at System.Threading.Tasks.AwaitTaskContinuation.RunOrScheduleAction(IAsyncStateMachineBox box, Boolean allowInlining)
[xUnit.net 00:01:41.88]            at System.Threading.Tasks.Task.RunContinuations(Object continuationObject)
[xUnit.net 00:01:41.88]            at Polly.Retry.RetryResilienceStrategy`1.ExecuteCore[TState](Func`3 callback, ResilienceContext context, TState state)
[xUnit.net 00:01:41.88]            at System.Runtime.CompilerServices.AsyncTaskMethodBuilder`1.AsyncStateMachineBox`1.ExecutionContextCallback(Object s)
[xUnit.net 00:01:41.88]            at System.Threading.ExecutionContext.RunInternal(ExecutionContext executionContext, ContextCallback callback, Object state)
[xUnit.net 00:01:41.88]            at System.Runtime.CompilerServices.AsyncTaskMethodBuilder`1.AsyncStateMachineBox`1.MoveNext(Thread threadPoolThread)
[xUnit.net 00:01:41.88]            at System.Runtime.CompilerServices.AsyncTaskMethodBuilder`1.AsyncStateMachineBox`1.MoveNext()
[xUnit.net 00:01:41.88]            at System.Threading.Tasks.AwaitTaskContinuation.RunOrScheduleAction(IAsyncStateMachineBox box, Boolean allowInlining)
[xUnit.net 00:01:41.88]            at System.Threading.Tasks.Task.RunContinuations(Object continuationObject)
[xUnit.net 00:01:41.88]            at Polly.Utils.Pipeline.BridgeComponent`1.<>c__4`2.<<ExecuteCore>b__4_1>d.MoveNext()
[xUnit.net 00:01:41.88]            at System.Runtime.CompilerServices.AsyncTaskMethodBuilder`1.AsyncStateMachineBox`1.ExecutionContextCallback(Object s)
[xUnit.net 00:01:41.88]            at System.Threading.ExecutionContext.RunInternal(ExecutionContext executionContext, ContextCallback callback, Object state)
[xUnit.net 00:01:41.88]            at System.Runtime.CompilerServices.AsyncTaskMethodBuilder`1.AsyncStateMachineBox`1.MoveNext(Thread threadPoolThread)
[xUnit.net 00:01:41.88]            at System.Runtime.CompilerServices.AsyncTaskMethodBuilder`1.AsyncStateMachineBox`1.MoveNext()
[xUnit.net 00:01:41.88]            at System.Threading.Tasks.AwaitTaskContinuation.RunOrScheduleAction(IAsyncStateMachineBox box, Boolean allowInlining)
[xUnit.net 00:01:41.88]            at System.Threading.Tasks.Task.RunContinuations(Object continuationObject)
[xUnit.net 00:01:41.88]            at Polly.ResiliencePipeline.<>c__10`1.<<ExecuteAsync>b__10_0>d.MoveNext()
[xUnit.net 00:01:41.88]            at System.Runtime.CompilerServices.AsyncTaskMethodBuilder`1.AsyncStateMachineBox`1.ExecutionContextCallback(Object s)
[xUnit.net 00:01:41.88]            at System.Threading.ExecutionContext.RunInternal(ExecutionContext executionContext, ContextCallback callback, Object state)
[xUnit.net 00:01:41.88]            at System.Runtime.CompilerServices.AsyncTaskMethodBuilder`1.AsyncStateMachineBox`1.MoveNext(Thread threadPoolThread)
[xUnit.net 00:01:41.88]            at System.Runtime.CompilerServices.AsyncTaskMethodBuilder`1.AsyncStateMachineBox`1.MoveNext()
[xUnit.net 00:01:41.88]            at System.Threading.Tasks.AwaitTaskContinuation.RunOrScheduleAction(IAsyncStateMachineBox box, Boolean allowInlining)
[xUnit.net 00:01:41.88]            at System.Threading.Tasks.Task.RunContinuations(Object continuationObject)
[xUnit.net 00:01:41.88]            at System.Runtime.CompilerServices.AsyncValueTaskMethodBuilder`1.SetException(Exception exception)
[xUnit.net 00:01:41.88]         /_/src/Aspire.Hosting/Dcp/KubernetesService.cs(485,0): at Aspire.Hosting.Dcp.KubernetesService.<>c__DisplayClass29_0`1.<<ExecuteWithRetry>b__1>d.MoveNext()
[xUnit.net 00:01:41.88]            at System.Runtime.CompilerServices.AsyncTaskMethodBuilder`1.AsyncStateMachineBox`1.ExecutionContextCallback(Object s)
[xUnit.net 00:01:41.88]            at System.Threading.ExecutionContext.RunInternal(ExecutionContext executionContext, ContextCallback callback, Object state)
[xUnit.net 00:01:41.88]            at System.Runtime.CompilerServices.AsyncTaskMethodBuilder`1.AsyncStateMachineBox`1.MoveNext(Thread threadPoolThread)
[xUnit.net 00:01:41.88]            at System.Runtime.CompilerServices.AsyncTaskMethodBuilder`1.AsyncStateMachineBox`1.MoveNext()
[xUnit.net 00:01:41.88]            at System.Threading.Tasks.AwaitTaskContinuation.RunOrScheduleAction(IAsyncStateMachineBox box, Boolean allowInlining)
[xUnit.net 00:01:41.88]            at System.Threading.Tasks.Task.RunContinuations(Object continuationObject)
[xUnit.net 00:01:41.88]            at System.Threading.Tasks.Task.TrySetCanceled(CancellationToken tokenToRecord, Object cancellationException)
[xUnit.net 00:01:41.88]            at System.Runtime.CompilerServices.AsyncTaskMethodBuilder`1.SetException(Exception exception, Task`1& taskField)
[xUnit.net 00:01:41.88]            at System.Runtime.CompilerServices.AsyncTaskMethodBuilder`1.SetException(Exception exception)
[xUnit.net 00:01:41.88]         /_/src/Aspire.Hosting/Dcp/KubernetesService.cs(579,0): at Aspire.Hosting.Dcp.KubernetesService.EnsureKubernetesAsync(CancellationToken cancellationToken)
[xUnit.net 00:01:41.88]            at System.Runtime.CompilerServices.AsyncTaskMethodBuilder`1.AsyncStateMachineBox`1.ExecutionContextCallback(Object s)
[xUnit.net 00:01:41.88]            at System.Threading.ExecutionContext.RunInternal(ExecutionContext executionContext, ContextCallback callback, Object state)
[xUnit.net 00:01:41.88]            at System.Runtime.CompilerServices.AsyncTaskMethodBuilder`1.AsyncStateMachineBox`1.MoveNext(Thread threadPoolThread)
[xUnit.net 00:01:41.88]            at System.Runtime.CompilerServices.AsyncTaskMethodBuilder`1.AsyncStateMachineBox`1.MoveNext()
[xUnit.net 00:01:41.88]            at System.Threading.Tasks.AwaitTaskContinuation.RunOrScheduleAction(IAsyncStateMachineBox box, Boolean allowInlining)
[xUnit.net 00:01:41.88]            at System.Threading.Tasks.Task.RunContinuations(Object continuationObject)
[xUnit.net 00:01:41.88]            at System.Threading.Tasks.Task.TrySetCanceled(CancellationToken tokenToRecord, Object cancellationException)
[xUnit.net 00:01:41.88]            at System.Runtime.CompilerServices.AsyncTaskMethodBuilder`1.SetException(Exception exception, Task`1& taskField)
[xUnit.net 00:01:41.88]            at System.Threading.SemaphoreSlim.WaitUntilCountOrTimeoutAsync(TaskNode asyncWaiter, Int64 millisecondsTimeout, CancellationToken cancellationToken)
[xUnit.net 00:01:41.88]            at System.Threading.ExecutionContext.RunFromThreadPoolDispatchLoop(Thread threadPoolThread, ExecutionContext executionContext, ContextCallback callback, Object state)
[xUnit.net 00:01:41.88]            at System.Runtime.CompilerServices.AsyncTaskMethodBuilder`1.AsyncStateMachineBox`1.MoveNext(Thread threadPoolThread)
[xUnit.net 00:01:41.88]            at System.Threading.ThreadPoolWorkQueue.Dispatch()
[xUnit.net 00:01:41.88]            at System.Threading.PortableThreadPool.WorkerThread.WorkerThreadStart()
[xUnit.net 00:01:41.88]            at System.Threading.Thread.StartCallback()
[xUnit.net 00:01:41.88]         --- End of stack trace from previous location ---
[xUnit.net 00:01:41.88]            at Polly.Outcome`1.GetResultOrRethrow()
[xUnit.net 00:01:41.88]            at Polly.ResiliencePipeline.ExecuteAsync[TResult](Func`2 callback, CancellationToken cancellationToken)
[xUnit.net 00:01:41.88]         /_/src/Aspire.Hosting/Dcp/KubernetesService.cs(481,0): at Aspire.Hosting.Dcp.KubernetesService.ExecuteWithRetry[TResult](DcpApiOperationType operationType, String resourceType, Func`2 operation, Func`2 isRetryable, CancellationToken cancellationToken)
[xUnit.net 00:01:41.88]         /_/src/Aspire.Hosting/Dcp/DcpExecutor.cs(612,0): at Aspire.Hosting.Dcp.DcpExecutor.<>c__DisplayClass46_1`1.<<CreateDcpObjectsAsync>b__0>d.MoveNext()
[xUnit.net 00:01:41.88]         --- End of stack trace from previous location ---
[xUnit.net 00:01:41.88]         /_/src/Aspire.Hosting/Dcp/DcpExecutor.cs(615,0): at Aspire.Hosting.Dcp.DcpExecutor.CreateDcpObjectsAsync[RT](IEnumerable`1 objects, CancellationToken cancellationToken)
[xUnit.net 00:01:41.88]         /_/src/Aspire.Hosting/Dcp/DcpExecutor.cs(188,0): at Aspire.Hosting.Dcp.DcpExecutor.<>c__DisplayClass33_1.<<RunApplicationAsync>b__1>d.MoveNext()
[xUnit.net 00:01:41.88]         --- End of stack trace from previous location ---
[xUnit.net 00:01:41.88]         /_/src/Aspire.Hosting/Dcp/DcpExecutor.cs(200,0): at Aspire.Hosting.Dcp.DcpExecutor.<>c__DisplayClass33_1.<<RunApplicationAsync>b__3>d.MoveNext()
[xUnit.net 00:01:41.88]         --- End of stack trace from previous location ---
[xUnit.net 00:01:41.88]         /_/src/Aspire.Hosting/Dcp/DcpExecutor.cs(216,0): at Aspire.Hosting.Dcp.DcpExecutor.<>c__DisplayClass33_1.<<RunApplicationAsync>b__4>d.MoveNext()
[xUnit.net 00:01:41.88]         --- End of stack trace from previous location ---
[xUnit.net 00:01:41.88]         /_/src/Aspire.Hosting/Dcp/DcpExecutor.cs(244,0): at Aspire.Hosting.Dcp.DcpExecutor.RunApplicationAsync(CancellationToken ct)
[xUnit.net 00:01:41.88]         /_/src/Aspire.Hosting/Orchestrator/ApplicationOrchestrator.cs(555,0): at Aspire.Hosting.Orchestrator.ApplicationOrchestrator.RunApplicationAsync(CancellationToken cancellationToken)
[xUnit.net 00:01:41.88]         /_/src/Aspire.Hosting/Orchestrator/OrchestratorHostService.cs(41,0): at Aspire.Hosting.Orchestrator.OrchestratorHostService.StartAsync(CancellationToken cancellationToken)
[xUnit.net 00:01:41.88]            at Microsoft.Extensions.Hosting.Internal.Host.<StartAsync>b__14_1(IHostedService service, CancellationToken token)
[xUnit.net 00:01:41.88]            at Microsoft.Extensions.Hosting.Internal.Host.ForeachService[T](IEnumerable`1 services, CancellationToken token, Boolean concurrent, Boolean abortOnFirstException, List`1 exceptions, Func`3 operation)
[xUnit.net 00:01:41.88]            at Microsoft.Extensions.Hosting.Internal.Host.StartAsync(CancellationToken cancellationToken)
[xUnit.net 00:01:41.88]         /_/src/Aspire.Hosting.Testing/DistributedApplicationFactory.cs(598,0): at Aspire.Hosting.Testing.DistributedApplicationFactory.ObservedHost.StartAsync(CancellationToken cancellationToken)
[xUnit.net 00:01:41.88]         /_/src/Aspire.Hosting.Testing/DistributedApplicationFactory.cs(73,0): at Aspire.Hosting.Testing.DistributedApplicationFactory.StartAsync(CancellationToken cancellationToken)
[xUnit.net 00:01:41.88]         /_/src/Aspire.Hosting.Testing/DistributedApplicationTestingBuilder.cs(314,0): at Aspire.Hosting.Testing.DistributedApplicationTestingBuilder.SuspendingDistributedApplicationFactory.DelegatedHost.StartAsync(CancellationToken cancellationToken)
[xUnit.net 00:01:41.88]         /_/src/Aspire.Hosting.Testing/DistributedApplicationTestingBuilder.cs(289,0): at Aspire.Hosting.Testing.DistributedApplicationTestingBuilder.SuspendingDistributedApplicationFactory.DelegatedDistributedApplication.StartAsync(CancellationToken cancellationToken)
[xUnit.net 00:01:41.88]         /home/teqs/github/MyBlog/tests/AppHost.Tests/Infrastructure/ClearCommandAppFixture.cs(53,0): at AppHost.Tests.Infrastructure.ClearCommandAppFixture.InitializeAsync()
[xUnit.net 00:01:41.88]         ----- Inner Stack Trace -----
[xUnit.net 00:01:41.88]            at System.Threading.CancellationToken.ThrowOperationCanceledException()
[xUnit.net 00:01:41.88]            at System.Threading.SemaphoreSlim.WaitUntilCountOrTimeoutAsync(TaskNode asyncWaiter, Int64 millisecondsTimeout, CancellationToken cancellationToken)
[xUnit.net 00:01:41.88]         /_/src/Aspire.Hosting/Dcp/KubernetesService.cs(579,0): at Aspire.Hosting.Dcp.KubernetesService.EnsureKubernetesAsync(CancellationToken cancellationToken)
[xUnit.net 00:01:41.88]         /_/src/Aspire.Hosting/Dcp/KubernetesService.cs(485,0): at Aspire.Hosting.Dcp.KubernetesService.<>c__DisplayClass29_0`1.<<ExecuteWithRetry>b__1>d.MoveNext()
[xUnit.net 00:01:41.88]         --- End of stack trace from previous location ---
[xUnit.net 00:01:41.88]            at Polly.ResiliencePipeline.<>c__10`1.<<ExecuteAsync>b__10_0>d.MoveNext()
[xUnit.net 00:01:41.88]     SeedMyBlogData Concurrent Invocations Allow Only One Run [FAIL]
[xUnit.net 00:01:41.88]       Collection fixture type 'AppHost.Tests.Infrastructure.ClearCommandAppFixture' threw in InitializeAsync
[xUnit.net 00:01:41.88]       ---- Polly.Timeout.TimeoutRejectedException : The operation didn't complete within the allowed timeout of '00:00:20'.
[xUnit.net 00:01:41.88]       -------- System.OperationCanceledException : The operation was canceled.
[xUnit.net 00:01:41.88]       Stack Trace:
[xUnit.net 00:01:41.88]         
[xUnit.net 00:01:41.88]         ----- Inner Stack Trace -----
[xUnit.net 00:01:41.88]            at Polly.Utils.ExceptionUtilities.TrySetStackTrace[T](T exception)
[xUnit.net 00:01:41.88]            at Polly.Timeout.TimeoutResilienceStrategy.ExecuteCore[TResult,TState](Func`3 callback, ResilienceContext context, TState state)
[xUnit.net 00:01:41.88]            at System.Runtime.CompilerServices.AsyncTaskMethodBuilder`1.AsyncStateMachineBox`1.ExecutionContextCallback(Object s)
[xUnit.net 00:01:41.88]            at System.Threading.ExecutionContext.RunInternal(ExecutionContext executionContext, ContextCallback callback, Object state)
[xUnit.net 00:01:41.88]            at System.Runtime.CompilerServices.AsyncTaskMethodBuilder`1.AsyncStateMachineBox`1.MoveNext(Thread threadPoolThread)
[xUnit.net 00:01:41.88]            at System.Runtime.CompilerServices.AsyncTaskMethodBuilder`1.AsyncStateMachineBox`1.MoveNext()
[xUnit.net 00:01:41.88]            at System.Threading.Tasks.AwaitTaskContinuation.RunOrScheduleAction(IAsyncStateMachineBox box, Boolean allowInlining)
[xUnit.net 00:01:41.88]            at System.Threading.Tasks.Task.RunContinuations(Object continuationObject)
[xUnit.net 00:01:41.88]            at Polly.Utils.Pipeline.BridgeComponent`1.<ExecuteCore>g__ConvertValueTaskAsync|4_0[TResult,TState](ValueTask`1 valueTask, ResilienceContext resilienceContext)
[xUnit.net 00:01:41.88]            at System.Runtime.CompilerServices.AsyncTaskMethodBuilder`1.AsyncStateMachineBox`1.ExecutionContextCallback(Object s)
[xUnit.net 00:01:41.88]            at System.Threading.ExecutionContext.RunInternal(ExecutionContext executionContext, ContextCallback callback, Object state)
[xUnit.net 00:01:41.88]            at System.Runtime.CompilerServices.AsyncTaskMethodBuilder`1.AsyncStateMachineBox`1.MoveNext(Thread threadPoolThread)
[xUnit.net 00:01:41.88]            at System.Runtime.CompilerServices.AsyncTaskMethodBuilder`1.AsyncStateMachineBox`1.MoveNext()
[xUnit.net 00:01:41.88]            at System.Threading.Tasks.AwaitTaskContinuation.RunOrScheduleAction(IAsyncStateMachineBox box, Boolean allowInlining)
[xUnit.net 00:01:41.88]            at System.Threading.Tasks.Task.RunContinuations(Object continuationObject)
[xUnit.net 00:01:41.88]            at Polly.Retry.RetryResilienceStrategy`1.ExecuteCore[TState](Func`3 callback, ResilienceContext context, TState state)
[xUnit.net 00:01:41.88]            at System.Runtime.CompilerServices.AsyncTaskMethodBuilder`1.AsyncStateMachineBox`1.ExecutionContextCallback(Object s)
[xUnit.net 00:01:41.88]            at System.Threading.ExecutionContext.RunInternal(ExecutionContext executionContext, ContextCallback callback, Object state)
[xUnit.net 00:01:41.88]            at System.Runtime.CompilerServices.AsyncTaskMethodBuilder`1.AsyncStateMachineBox`1.MoveNext(Thread threadPoolThread)
[xUnit.net 00:01:41.88]            at System.Runtime.CompilerServices.AsyncTaskMethodBuilder`1.AsyncStateMachineBox`1.MoveNext()
[xUnit.net 00:01:41.88]            at System.Threading.Tasks.AwaitTaskContinuation.RunOrScheduleAction(IAsyncStateMachineBox box, Boolean allowInlining)
[xUnit.net 00:01:41.88]            at System.Threading.Tasks.Task.RunContinuations(Object continuationObject)
[xUnit.net 00:01:41.88]            at Polly.Utils.Pipeline.BridgeComponent`1.<>c__4`2.<<ExecuteCore>b__4_1>d.MoveNext()
[xUnit.net 00:01:41.88]            at System.Runtime.CompilerServices.AsyncTaskMethodBuilder`1.AsyncStateMachineBox`1.ExecutionContextCallback(Object s)
[xUnit.net 00:01:41.88]            at System.Threading.ExecutionContext.RunInternal(ExecutionContext executionContext, ContextCallback callback, Object state)
[xUnit.net 00:01:41.88]            at System.Runtime.CompilerServices.AsyncTaskMethodBuilder`1.AsyncStateMachineBox`1.MoveNext(Thread threadPoolThread)
[xUnit.net 00:01:41.88]            at System.Runtime.CompilerServices.AsyncTaskMethodBuilder`1.AsyncStateMachineBox`1.MoveNext()
[xUnit.net 00:01:41.88]            at System.Threading.Tasks.AwaitTaskContinuation.RunOrScheduleAction(IAsyncStateMachineBox box, Boolean allowInlining)
[xUnit.net 00:01:41.88]            at System.Threading.Tasks.Task.RunContinuations(Object continuationObject)
[xUnit.net 00:01:41.88]            at Polly.ResiliencePipeline.<>c__10`1.<<ExecuteAsync>b__10_0>d.MoveNext()
[xUnit.net 00:01:41.88]            at System.Runtime.CompilerServices.AsyncTaskMethodBuilder`1.AsyncStateMachineBox`1.ExecutionContextCallback(Object s)
[xUnit.net 00:01:41.88]            at System.Threading.ExecutionContext.RunInternal(ExecutionContext executionContext, ContextCallback callback, Object state)
[xUnit.net 00:01:41.88]            at System.Runtime.CompilerServices.AsyncTaskMethodBuilder`1.AsyncStateMachineBox`1.MoveNext(Thread threadPoolThread)
[xUnit.net 00:01:41.88]            at System.Runtime.CompilerServices.AsyncTaskMethodBuilder`1.AsyncStateMachineBox`1.MoveNext()
[xUnit.net 00:01:41.88]            at System.Threading.Tasks.AwaitTaskContinuation.RunOrScheduleAction(IAsyncStateMachineBox box, Boolean allowInlining)
[xUnit.net 00:01:41.88]            at System.Threading.Tasks.Task.RunContinuations(Object continuationObject)
[xUnit.net 00:01:41.88]            at System.Runtime.CompilerServices.AsyncValueTaskMethodBuilder`1.SetException(Exception exception)
[xUnit.net 00:01:41.88]         /_/src/Aspire.Hosting/Dcp/KubernetesService.cs(485,0): at Aspire.Hosting.Dcp.KubernetesService.<>c__DisplayClass29_0`1.<<ExecuteWithRetry>b__1>d.MoveNext()
[xUnit.net 00:01:41.88]            at System.Runtime.CompilerServices.AsyncTaskMethodBuilder`1.AsyncStateMachineBox`1.ExecutionContextCallback(Object s)
[xUnit.net 00:01:41.88]            at System.Threading.ExecutionContext.RunInternal(ExecutionContext executionContext, ContextCallback callback, Object state)
[xUnit.net 00:01:41.88]            at System.Runtime.CompilerServices.AsyncTaskMethodBuilder`1.AsyncStateMachineBox`1.MoveNext(Thread threadPoolThread)
[xUnit.net 00:01:41.88]            at System.Runtime.CompilerServices.AsyncTaskMethodBuilder`1.AsyncStateMachineBox`1.MoveNext()
[xUnit.net 00:01:41.88]            at System.Threading.Tasks.AwaitTaskContinuation.RunOrScheduleAction(IAsyncStateMachineBox box, Boolean allowInlining)
[xUnit.net 00:01:41.88]            at System.Threading.Tasks.Task.RunContinuations(Object continuationObject)
[xUnit.net 00:01:41.88]            at System.Threading.Tasks.Task.TrySetCanceled(CancellationToken tokenToRecord, Object cancellationException)
[xUnit.net 00:01:41.88]            at System.Runtime.CompilerServices.AsyncTaskMethodBuilder`1.SetException(Exception exception, Task`1& taskField)
[xUnit.net 00:01:41.88]            at System.Runtime.CompilerServices.AsyncTaskMethodBuilder`1.SetException(Exception exception)
[xUnit.net 00:01:41.88]         /_/src/Aspire.Hosting/Dcp/KubernetesService.cs(579,0): at Aspire.Hosting.Dcp.KubernetesService.EnsureKubernetesAsync(CancellationToken cancellationToken)
[xUnit.net 00:01:41.88]            at System.Runtime.CompilerServices.AsyncTaskMethodBuilder`1.AsyncStateMachineBox`1.ExecutionContextCallback(Object s)
[xUnit.net 00:01:41.88]            at System.Threading.ExecutionContext.RunInternal(ExecutionContext executionContext, ContextCallback callback, Object state)
[xUnit.net 00:01:41.88]            at System.Runtime.CompilerServices.AsyncTaskMethodBuilder`1.AsyncStateMachineBox`1.MoveNext(Thread threadPoolThread)
[xUnit.net 00:01:41.88]            at System.Runtime.CompilerServices.AsyncTaskMethodBuilder`1.AsyncStateMachineBox`1.MoveNext()
[xUnit.net 00:01:41.88]            at System.Threading.Tasks.AwaitTaskContinuation.RunOrScheduleAction(IAsyncStateMachineBox box, Boolean allowInlining)
[xUnit.net 00:01:41.88]            at System.Threading.Tasks.Task.RunContinuations(Object continuationObject)
[xUnit.net 00:01:41.88]            at System.Threading.Tasks.Task.TrySetCanceled(CancellationToken tokenToRecord, Object cancellationException)
[xUnit.net 00:01:41.88]            at System.Runtime.CompilerServices.AsyncTaskMethodBuilder`1.SetException(Exception exception, Task`1& taskField)
[xUnit.net 00:01:41.88]            at System.Threading.SemaphoreSlim.WaitUntilCountOrTimeoutAsync(TaskNode asyncWaiter, Int64 millisecondsTimeout, CancellationToken cancellationToken)
[xUnit.net 00:01:41.88]            at System.Threading.ExecutionContext.RunFromThreadPoolDispatchLoop(Thread threadPoolThread, ExecutionContext executionContext, ContextCallback callback, Object state)
[xUnit.net 00:01:41.88]            at System.Runtime.CompilerServices.AsyncTaskMethodBuilder`1.AsyncStateMachineBox`1.MoveNext(Thread threadPoolThread)
[xUnit.net 00:01:41.88]            at System.Threading.ThreadPoolWorkQueue.Dispatch()
[xUnit.net 00:01:41.88]            at System.Threading.PortableThreadPool.WorkerThread.WorkerThreadStart()
[xUnit.net 00:01:41.88]            at System.Threading.Thread.StartCallback()
[xUnit.net 00:01:41.88]         --- End of stack trace from previous location ---
[xUnit.net 00:01:41.88]            at Polly.Outcome`1.GetResultOrRethrow()
[xUnit.net 00:01:41.88]            at Polly.ResiliencePipeline.ExecuteAsync[TResult](Func`2 callback, CancellationToken cancellationToken)
[xUnit.net 00:01:41.88]         /_/src/Aspire.Hosting/Dcp/KubernetesService.cs(481,0): at Aspire.Hosting.Dcp.KubernetesService.ExecuteWithRetry[TResult](DcpApiOperationType operationType, String resourceType, Func`2 operation, Func`2 isRetryable, CancellationToken cancellationToken)
[xUnit.net 00:01:41.88]         /_/src/Aspire.Hosting/Dcp/DcpExecutor.cs(612,0): at Aspire.Hosting.Dcp.DcpExecutor.<>c__DisplayClass46_1`1.<<CreateDcpObjectsAsync>b__0>d.MoveNext()
[xUnit.net 00:01:41.88]         --- End of stack trace from previous location ---
[xUnit.net 00:01:41.88]         /_/src/Aspire.Hosting/Dcp/DcpExecutor.cs(615,0): at Aspire.Hosting.Dcp.DcpExecutor.CreateDcpObjectsAsync[RT](IEnumerable`1 objects, CancellationToken cancellationToken)
[xUnit.net 00:01:41.88]         /_/src/Aspire.Hosting/Dcp/DcpExecutor.cs(188,0): at Aspire.Hosting.Dcp.DcpExecutor.<>c__DisplayClass33_1.<<RunApplicationAsync>b__1>d.MoveNext()
[xUnit.net 00:01:41.88]         --- End of stack trace from previous location ---
[xUnit.net 00:01:41.88]         /_/src/Aspire.Hosting/Dcp/DcpExecutor.cs(200,0): at Aspire.Hosting.Dcp.DcpExecutor.<>c__DisplayClass33_1.<<RunApplicationAsync>b__3>d.MoveNext()
[xUnit.net 00:01:41.88]         --- End of stack trace from previous location ---
[xUnit.net 00:01:41.88]         /_/src/Aspire.Hosting/Dcp/DcpExecutor.cs(216,0): at Aspire.Hosting.Dcp.DcpExecutor.<>c__DisplayClass33_1.<<RunApplicationAsync>b__4>d.MoveNext()
[xUnit.net 00:01:41.88]         --- End of stack trace from previous location ---
[xUnit.net 00:01:41.88]         /_/src/Aspire.Hosting/Dcp/DcpExecutor.cs(244,0): at Aspire.Hosting.Dcp.DcpExecutor.RunApplicationAsync(CancellationToken ct)
[xUnit.net 00:01:41.88]         /_/src/Aspire.Hosting/Orchestrator/ApplicationOrchestrator.cs(555,0): at Aspire.Hosting.Orchestrator.ApplicationOrchestrator.RunApplicationAsync(CancellationToken cancellationToken)
[xUnit.net 00:01:41.88]         /_/src/Aspire.Hosting/Orchestrator/OrchestratorHostService.cs(41,0): at Aspire.Hosting.Orchestrator.OrchestratorHostService.StartAsync(CancellationToken cancellationToken)
[xUnit.net 00:01:41.88]            at Microsoft.Extensions.Hosting.Internal.Host.<StartAsync>b__14_1(IHostedService service, CancellationToken token)
[xUnit.net 00:01:41.88]            at Microsoft.Extensions.Hosting.Internal.Host.ForeachService[T](IEnumerable`1 services, CancellationToken token, Boolean concurrent, Boolean abortOnFirstException, List`1 exceptions, Func`3 operation)
[xUnit.net 00:01:41.88]            at Microsoft.Extensions.Hosting.Internal.Host.StartAsync(CancellationToken cancellationToken)
[xUnit.net 00:01:41.88]         /_/src/Aspire.Hosting.Testing/DistributedApplicationFactory.cs(598,0): at Aspire.Hosting.Testing.DistributedApplicationFactory.ObservedHost.StartAsync(CancellationToken cancellationToken)
[xUnit.net 00:01:41.88]         /_/src/Aspire.Hosting.Testing/DistributedApplicationFactory.cs(73,0): at Aspire.Hosting.Testing.DistributedApplicationFactory.StartAsync(CancellationToken cancellationToken)
[xUnit.net 00:01:41.88]         /_/src/Aspire.Hosting.Testing/DistributedApplicationTestingBuilder.cs(314,0): at Aspire.Hosting.Testing.DistributedApplicationTestingBuilder.SuspendingDistributedApplicationFactory.DelegatedHost.StartAsync(CancellationToken cancellationToken)
[xUnit.net 00:01:41.88]         /_/src/Aspire.Hosting.Testing/DistributedApplicationTestingBuilder.cs(289,0): at Aspire.Hosting.Testing.DistributedApplicationTestingBuilder.SuspendingDistributedApplicationFactory.DelegatedDistributedApplication.StartAsync(CancellationToken cancellationToken)
[xUnit.net 00:01:41.88]         /home/teqs/github/MyBlog/tests/AppHost.Tests/Infrastructure/ClearCommandAppFixture.cs(53,0): at AppHost.Tests.Infrastructure.ClearCommandAppFixture.InitializeAsync()
[xUnit.net 00:01:41.88]         ----- Inner Stack Trace -----
[xUnit.net 00:01:41.88]            at System.Threading.CancellationToken.ThrowOperationCanceledException()
[xUnit.net 00:01:41.88]            at System.Threading.SemaphoreSlim.WaitUntilCountOrTimeoutAsync(TaskNode asyncWaiter, Int64 millisecondsTimeout, CancellationToken cancellationToken)
[xUnit.net 00:01:41.88]         /_/src/Aspire.Hosting/Dcp/KubernetesService.cs(579,0): at Aspire.Hosting.Dcp.KubernetesService.EnsureKubernetesAsync(CancellationToken cancellationToken)
[xUnit.net 00:01:41.88]         /_/src/Aspire.Hosting/Dcp/KubernetesService.cs(485,0): at Aspire.Hosting.Dcp.KubernetesService.<>c__DisplayClass29_0`1.<<ExecuteWithRetry>b__1>d.MoveNext()
[xUnit.net 00:01:41.88]         --- End of stack trace from previous location ---
[xUnit.net 00:01:41.88]            at Polly.ResiliencePipeline.<>c__10`1.<<ExecuteAsync>b__10_0>d.MoveNext()
[xUnit.net 00:01:41.89]     SeedMyBlogData Inserts Expected Documents Into BlogPosts Collection [FAIL]
[xUnit.net 00:01:41.89]       Collection fixture type 'AppHost.Tests.Infrastructure.ClearCommandAppFixture' threw in InitializeAsync
[xUnit.net 00:01:41.89]       ---- Polly.Timeout.TimeoutRejectedException : The operation didn't complete within the allowed timeout of '00:00:20'.
[xUnit.net 00:01:41.89]       -------- System.OperationCanceledException : The operation was canceled.
[xUnit.net 00:01:41.89]       Stack Trace:
[xUnit.net 00:01:41.89]         
[xUnit.net 00:01:41.89]         ----- Inner Stack Trace -----
[xUnit.net 00:01:41.89]            at Polly.Utils.ExceptionUtilities.TrySetStackTrace[T](T exception)
[xUnit.net 00:01:41.89]            at Polly.Timeout.TimeoutResilienceStrategy.ExecuteCore[TResult,TState](Func`3 callback, ResilienceContext context, TState state)
[xUnit.net 00:01:41.89]            at System.Runtime.CompilerServices.AsyncTaskMethodBuilder`1.AsyncStateMachineBox`1.ExecutionContextCallback(Object s)
[xUnit.net 00:01:41.89]            at System.Threading.ExecutionContext.RunInternal(ExecutionContext executionContext, ContextCallback callback, Object state)
[xUnit.net 00:01:41.89]            at System.Runtime.CompilerServices.AsyncTaskMethodBuilder`1.AsyncStateMachineBox`1.MoveNext(Thread threadPoolThread)
[xUnit.net 00:01:41.89]            at System.Runtime.CompilerServices.AsyncTaskMethodBuilder`1.AsyncStateMachineBox`1.MoveNext()
[xUnit.net 00:01:41.89]            at System.Threading.Tasks.AwaitTaskContinuation.RunOrScheduleAction(IAsyncStateMachineBox box, Boolean allowInlining)
[xUnit.net 00:01:41.89]            at System.Threading.Tasks.Task.RunContinuations(Object continuationObject)
[xUnit.net 00:01:41.89]            at Polly.Utils.Pipeline.BridgeComponent`1.<ExecuteCore>g__ConvertValueTaskAsync|4_0[TResult,TState](ValueTask`1 valueTask, ResilienceContext resilienceContext)
[xUnit.net 00:01:41.89]            at System.Runtime.CompilerServices.AsyncTaskMethodBuilder`1.AsyncStateMachineBox`1.ExecutionContextCallback(Object s)
[xUnit.net 00:01:41.89]            at System.Threading.ExecutionContext.RunInternal(ExecutionContext executionContext, ContextCallback callback, Object state)
[xUnit.net 00:01:41.89]            at System.Runtime.CompilerServices.AsyncTaskMethodBuilder`1.AsyncStateMachineBox`1.MoveNext(Thread threadPoolThread)
[xUnit.net 00:01:41.89]            at System.Runtime.CompilerServices.AsyncTaskMethodBuilder`1.AsyncStateMachineBox`1.MoveNext()
[xUnit.net 00:01:41.89]            at System.Threading.Tasks.AwaitTaskContinuation.RunOrScheduleAction(IAsyncStateMachineBox box, Boolean allowInlining)
[xUnit.net 00:01:41.89]            at System.Threading.Tasks.Task.RunContinuations(Object continuationObject)
[xUnit.net 00:01:41.89]            at Polly.Retry.RetryResilienceStrategy`1.ExecuteCore[TState](Func`3 callback, ResilienceContext context, TState state)
[xUnit.net 00:01:41.89]            at System.Runtime.CompilerServices.AsyncTaskMethodBuilder`1.AsyncStateMachineBox`1.ExecutionContextCallback(Object s)
[xUnit.net 00:01:41.89]            at System.Threading.ExecutionContext.RunInternal(ExecutionContext executionContext, ContextCallback callback, Object state)
[xUnit.net 00:01:41.89]            at System.Runtime.CompilerServices.AsyncTaskMethodBuilder`1.AsyncStateMachineBox`1.MoveNext(Thread threadPoolThread)
[xUnit.net 00:01:41.89]            at System.Runtime.CompilerServices.AsyncTaskMethodBuilder`1.AsyncStateMachineBox`1.MoveNext()
[xUnit.net 00:01:41.89]            at System.Threading.Tasks.AwaitTaskContinuation.RunOrScheduleAction(IAsyncStateMachineBox box, Boolean allowInlining)
[xUnit.net 00:01:41.89]            at System.Threading.Tasks.Task.RunContinuations(Object continuationObject)
[xUnit.net 00:01:41.89]            at Polly.Utils.Pipeline.BridgeComponent`1.<>c__4`2.<<ExecuteCore>b__4_1>d.MoveNext()
[xUnit.net 00:01:41.89]            at System.Runtime.CompilerServices.AsyncTaskMethodBuilder`1.AsyncStateMachineBox`1.ExecutionContextCallback(Object s)
[xUnit.net 00:01:41.89]            at System.Threading.ExecutionContext.RunInternal(ExecutionContext executionContext, ContextCallback callback, Object state)
[xUnit.net 00:01:41.89]            at System.Runtime.CompilerServices.AsyncTaskMethodBuilder`1.AsyncStateMachineBox`1.MoveNext(Thread threadPoolThread)
[xUnit.net 00:01:41.89]            at System.Runtime.CompilerServices.AsyncTaskMethodBuilder`1.AsyncStateMachineBox`1.MoveNext()
[xUnit.net 00:01:41.89]            at System.Threading.Tasks.AwaitTaskContinuation.RunOrScheduleAction(IAsyncStateMachineBox box, Boolean allowInlining)
[xUnit.net 00:01:41.89]            at System.Threading.Tasks.Task.RunContinuations(Object continuationObject)
[xUnit.net 00:01:41.89]            at Polly.ResiliencePipeline.<>c__10`1.<<ExecuteAsync>b__10_0>d.MoveNext()
[xUnit.net 00:01:41.89]            at System.Runtime.CompilerServices.AsyncTaskMethodBuilder`1.AsyncStateMachineBox`1.ExecutionContextCallback(Object s)
[xUnit.net 00:01:41.89]            at System.Threading.ExecutionContext.RunInternal(ExecutionContext executionContext, ContextCallback callback, Object state)
[xUnit.net 00:01:41.89]            at System.Runtime.CompilerServices.AsyncTaskMethodBuilder`1.AsyncStateMachineBox`1.MoveNext(Thread threadPoolThread)
[xUnit.net 00:01:41.89]            at System.Runtime.CompilerServices.AsyncTaskMethodBuilder`1.AsyncStateMachineBox`1.MoveNext()
[xUnit.net 00:01:41.89]            at System.Threading.Tasks.AwaitTaskContinuation.RunOrScheduleAction(IAsyncStateMachineBox box, Boolean allowInlining)
[xUnit.net 00:01:41.89]            at System.Threading.Tasks.Task.RunContinuations(Object continuationObject)
[xUnit.net 00:01:41.89]            at System.Runtime.CompilerServices.AsyncValueTaskMethodBuilder`1.SetException(Exception exception)
[xUnit.net 00:01:41.89]         /_/src/Aspire.Hosting/Dcp/KubernetesService.cs(485,0): at Aspire.Hosting.Dcp.KubernetesService.<>c__DisplayClass29_0`1.<<ExecuteWithRetry>b__1>d.MoveNext()
[xUnit.net 00:01:41.89]            at System.Runtime.CompilerServices.AsyncTaskMethodBuilder`1.AsyncStateMachineBox`1.ExecutionContextCallback(Object s)
[xUnit.net 00:01:41.89]            at System.Threading.ExecutionContext.RunInternal(ExecutionContext executionContext, ContextCallback callback, Object state)
[xUnit.net 00:01:41.89]            at System.Runtime.CompilerServices.AsyncTaskMethodBuilder`1.AsyncStateMachineBox`1.MoveNext(Thread threadPoolThread)
[xUnit.net 00:01:41.89]            at System.Runtime.CompilerServices.AsyncTaskMethodBuilder`1.AsyncStateMachineBox`1.MoveNext()
[xUnit.net 00:01:41.89]            at System.Threading.Tasks.AwaitTaskContinuation.RunOrScheduleAction(IAsyncStateMachineBox box, Boolean allowInlining)
[xUnit.net 00:01:41.89]            at System.Threading.Tasks.Task.RunContinuations(Object continuationObject)
[xUnit.net 00:01:41.89]            at System.Threading.Tasks.Task.TrySetCanceled(CancellationToken tokenToRecord, Object cancellationException)
[xUnit.net 00:01:41.89]            at System.Runtime.CompilerServices.AsyncTaskMethodBuilder`1.SetException(Exception exception, Task`1& taskField)
[xUnit.net 00:01:41.89]            at System.Runtime.CompilerServices.AsyncTaskMethodBuilder`1.SetException(Exception exception)
[xUnit.net 00:01:41.89]         /_/src/Aspire.Hosting/Dcp/KubernetesService.cs(579,0): at Aspire.Hosting.Dcp.KubernetesService.EnsureKubernetesAsync(CancellationToken cancellationToken)
[xUnit.net 00:01:41.89]            at System.Runtime.CompilerServices.AsyncTaskMethodBuilder`1.AsyncStateMachineBox`1.ExecutionContextCallback(Object s)
[xUnit.net 00:01:41.89]            at System.Threading.ExecutionContext.RunInternal(ExecutionContext executionContext, ContextCallback callback, Object state)
[xUnit.net 00:01:41.89]            at System.Runtime.CompilerServices.AsyncTaskMethodBuilder`1.AsyncStateMachineBox`1.MoveNext(Thread threadPoolThread)
[xUnit.net 00:01:41.89]            at System.Runtime.CompilerServices.AsyncTaskMethodBuilder`1.AsyncStateMachineBox`1.MoveNext()
[xUnit.net 00:01:41.89]            at System.Threading.Tasks.AwaitTaskContinuation.RunOrScheduleAction(IAsyncStateMachineBox box, Boolean allowInlining)
[xUnit.net 00:01:41.89]            at System.Threading.Tasks.Task.RunContinuations(Object continuationObject)
[xUnit.net 00:01:41.89]            at System.Threading.Tasks.Task.TrySetCanceled(CancellationToken tokenToRecord, Object cancellationException)
[xUnit.net 00:01:41.89]            at System.Runtime.CompilerServices.AsyncTaskMethodBuilder`1.SetException(Exception exception, Task`1& taskField)
[xUnit.net 00:01:41.89]            at System.Threading.SemaphoreSlim.WaitUntilCountOrTimeoutAsync(TaskNode asyncWaiter, Int64 millisecondsTimeout, CancellationToken cancellationToken)
[xUnit.net 00:01:41.89]            at System.Threading.ExecutionContext.RunFromThreadPoolDispatchLoop(Thread threadPoolThread, ExecutionContext executionContext, ContextCallback callback, Object state)
[xUnit.net 00:01:41.89]            at System.Runtime.CompilerServices.AsyncTaskMethodBuilder`1.AsyncStateMachineBox`1.MoveNext(Thread threadPoolThread)
[xUnit.net 00:01:41.89]            at System.Threading.ThreadPoolWorkQueue.Dispatch()
[xUnit.net 00:01:41.89]            at System.Threading.PortableThreadPool.WorkerThread.WorkerThreadStart()
[xUnit.net 00:01:41.89]            at System.Threading.Thread.StartCallback()
[xUnit.net 00:01:41.89]         --- End of stack trace from previous location ---
[xUnit.net 00:01:41.89]            at Polly.Outcome`1.GetResultOrRethrow()
[xUnit.net 00:01:41.89]            at Polly.ResiliencePipeline.ExecuteAsync[TResult](Func`2 callback, CancellationToken cancellationToken)
[xUnit.net 00:01:41.89]         /_/src/Aspire.Hosting/Dcp/KubernetesService.cs(481,0): at Aspire.Hosting.Dcp.KubernetesService.ExecuteWithRetry[TResult](DcpApiOperationType operationType, String resourceType, Func`2 operation, Func`2 isRetryable, CancellationToken cancellationToken)
[xUnit.net 00:01:41.89]         /_/src/Aspire.Hosting/Dcp/DcpExecutor.cs(612,0): at Aspire.Hosting.Dcp.DcpExecutor.<>c__DisplayClass46_1`1.<<CreateDcpObjectsAsync>b__0>d.MoveNext()
[xUnit.net 00:01:41.89]         --- End of stack trace from previous location ---
[xUnit.net 00:01:41.89]         /_/src/Aspire.Hosting/Dcp/DcpExecutor.cs(615,0): at Aspire.Hosting.Dcp.DcpExecutor.CreateDcpObjectsAsync[RT](IEnumerable`1 objects, CancellationToken cancellationToken)
[xUnit.net 00:01:41.89]         /_/src/Aspire.Hosting/Dcp/DcpExecutor.cs(188,0): at Aspire.Hosting.Dcp.DcpExecutor.<>c__DisplayClass33_1.<<RunApplicationAsync>b__1>d.MoveNext()
[xUnit.net 00:01:41.89]         --- End of stack trace from previous location ---
[xUnit.net 00:01:41.89]         /_/src/Aspire.Hosting/Dcp/DcpExecutor.cs(200,0): at Aspire.Hosting.Dcp.DcpExecutor.<>c__DisplayClass33_1.<<RunApplicationAsync>b__3>d.MoveNext()
[xUnit.net 00:01:41.89]         --- End of stack trace from previous location ---
[xUnit.net 00:01:41.89]         /_/src/Aspire.Hosting/Dcp/DcpExecutor.cs(216,0): at Aspire.Hosting.Dcp.DcpExecutor.<>c__DisplayClass33_1.<<RunApplicationAsync>b__4>d.MoveNext()
[xUnit.net 00:01:41.89]         --- End of stack trace from previous location ---
[xUnit.net 00:01:41.89]         /_/src/Aspire.Hosting/Dcp/DcpExecutor.cs(244,0): at Aspire.Hosting.Dcp.DcpExecutor.RunApplicationAsync(CancellationToken ct)
[xUnit.net 00:01:41.89]         /_/src/Aspire.Hosting/Orchestrator/ApplicationOrchestrator.cs(555,0): at Aspire.Hosting.Orchestrator.ApplicationOrchestrator.RunApplicationAsync(CancellationToken cancellationToken)
[xUnit.net 00:01:41.89]         /_/src/Aspire.Hosting/Orchestrator/OrchestratorHostService.cs(41,0): at Aspire.Hosting.Orchestrator.OrchestratorHostService.StartAsync(CancellationToken cancellationToken)
[xUnit.net 00:01:41.89]            at Microsoft.Extensions.Hosting.Internal.Host.<StartAsync>b__14_1(IHostedService service, CancellationToken token)
[xUnit.net 00:01:41.89]            at Microsoft.Extensions.Hosting.Internal.Host.ForeachService[T](IEnumerable`1 services, CancellationToken token, Boolean concurrent, Boolean abortOnFirstException, List`1 exceptions, Func`3 operation)
[xUnit.net 00:01:41.89]            at Microsoft.Extensions.Hosting.Internal.Host.StartAsync(CancellationToken cancellationToken)
[xUnit.net 00:01:41.89]         /_/src/Aspire.Hosting.Testing/DistributedApplicationFactory.cs(598,0): at Aspire.Hosting.Testing.DistributedApplicationFactory.ObservedHost.StartAsync(CancellationToken cancellationToken)
[xUnit.net 00:01:41.89]         /_/src/Aspire.Hosting.Testing/DistributedApplicationFactory.cs(73,0): at Aspire.Hosting.Testing.DistributedApplicationFactory.StartAsync(CancellationToken cancellationToken)
[xUnit.net 00:01:41.89]         /_/src/Aspire.Hosting.Testing/DistributedApplicationTestingBuilder.cs(314,0): at Aspire.Hosting.Testing.DistributedApplicationTestingBuilder.SuspendingDistributedApplicationFactory.DelegatedHost.StartAsync(CancellationToken cancellationToken)
[xUnit.net 00:01:41.89]         /_/src/Aspire.Hosting.Testing/DistributedApplicationTestingBuilder.cs(289,0): at Aspire.Hosting.Testing.DistributedApplicationTestingBuilder.SuspendingDistributedApplicationFactory.DelegatedDistributedApplication.StartAsync(CancellationToken cancellationToken)
[xUnit.net 00:01:41.89]         /home/teqs/github/MyBlog/tests/AppHost.Tests/Infrastructure/ClearCommandAppFixture.cs(53,0): at AppHost.Tests.Infrastructure.ClearCommandAppFixture.InitializeAsync()
[xUnit.net 00:01:41.89]         ----- Inner Stack Trace -----
[xUnit.net 00:01:41.89]            at System.Threading.CancellationToken.ThrowOperationCanceledException()
[xUnit.net 00:01:41.89]            at System.Threading.SemaphoreSlim.WaitUntilCountOrTimeoutAsync(TaskNode asyncWaiter, Int64 millisecondsTimeout, CancellationToken cancellationToken)
[xUnit.net 00:01:41.89]         /_/src/Aspire.Hosting/Dcp/KubernetesService.cs(579,0): at Aspire.Hosting.Dcp.KubernetesService.EnsureKubernetesAsync(CancellationToken cancellationToken)
[xUnit.net 00:01:41.89]         /_/src/Aspire.Hosting/Dcp/KubernetesService.cs(485,0): at Aspire.Hosting.Dcp.KubernetesService.<>c__DisplayClass29_0`1.<<ExecuteWithRetry>b__1>d.MoveNext()
[xUnit.net 00:01:41.89]         --- End of stack trace from previous location ---
[xUnit.net 00:01:41.89]            at Polly.ResiliencePipeline.<>c__10`1.<<ExecuteAsync>b__10_0>d.MoveNext()
  Failed SeedMyBlogData Makes Seeded Posts Visible On The Blog Page [1 ms]
  Error Message:
   Collection fixture type 'AppHost.Tests.Infrastructure.ClearCommandAppFixture' threw in InitializeAsync
---- Polly.Timeout.TimeoutRejectedException : The operation didn't complete within the allowed timeout of '00:00:20'.
-------- System.OperationCanceledException : The operation was canceled.
  Stack Trace:
  
----- Inner Stack Trace -----
   at Polly.Utils.ExceptionUtilities.TrySetStackTrace[T](T exception)
   at Polly.Timeout.TimeoutResilienceStrategy.ExecuteCore[TResult,TState](Func`3 callback, ResilienceContext context, TState state)
   at System.Runtime.CompilerServices.AsyncTaskMethodBuilder`1.AsyncStateMachineBox`1.ExecutionContextCallback(Object s)
   at System.Threading.ExecutionContext.RunInternal(ExecutionContext executionContext, ContextCallback callback, Object state)
   at System.Runtime.CompilerServices.AsyncTaskMethodBuilder`1.AsyncStateMachineBox`1.MoveNext(Thread threadPoolThread)
   at System.Runtime.CompilerServices.AsyncTaskMethodBuilder`1.AsyncStateMachineBox`1.MoveNext()
   at System.Threading.Tasks.AwaitTaskContinuation.RunOrScheduleAction(IAsyncStateMachineBox box, Boolean allowInlining)
   at System.Threading.Tasks.Task.RunContinuations(Object continuationObject)
   at Polly.Utils.Pipeline.BridgeComponent`1.<ExecuteCore>g__ConvertValueTaskAsync|4_0[TResult,TState](ValueTask`1 valueTask, ResilienceContext resilienceContext)
   at System.Runtime.CompilerServices.AsyncTaskMethodBuilder`1.AsyncStateMachineBox`1.ExecutionContextCallback(Object s)
   at System.Threading.ExecutionContext.RunInternal(ExecutionContext executionContext, ContextCallback callback, Object state)
   at System.Runtime.CompilerServices.AsyncTaskMethodBuilder`1.AsyncStateMachineBox`1.MoveNext(Thread threadPoolThread)
   at System.Runtime.CompilerServices.AsyncTaskMethodBuilder`1.AsyncStateMachineBox`1.MoveNext()
   at System.Threading.Tasks.AwaitTaskContinuation.RunOrScheduleAction(IAsyncStateMachineBox box, Boolean allowInlining)
   at System.Threading.Tasks.Task.RunContinuations(Object continuationObject)
   at Polly.Retry.RetryResilienceStrategy`1.ExecuteCore[TState](Func`3 callback, ResilienceContext context, TState state)
   at System.Runtime.CompilerServices.AsyncTaskMethodBuilder`1.AsyncStateMachineBox`1.ExecutionContextCallback(Object s)
   at System.Threading.ExecutionContext.RunInternal(ExecutionContext executionContext, ContextCallback callback, Object state)
   at System.Runtime.CompilerServices.AsyncTaskMethodBuilder`1.AsyncStateMachineBox`1.MoveNext(Thread threadPoolThread)
   at System.Runtime.CompilerServices.AsyncTaskMethodBuilder`1.AsyncStateMachineBox`1.MoveNext()
   at System.Threading.Tasks.AwaitTaskContinuation.RunOrScheduleAction(IAsyncStateMachineBox box, Boolean allowInlining)
   at System.Threading.Tasks.Task.RunContinuations(Object continuationObject)
   at Polly.Utils.Pipeline.BridgeComponent`1.<>c__4`2.<<ExecuteCore>b__4_1>d.MoveNext()
   at System.Runtime.CompilerServices.AsyncTaskMethodBuilder`1.AsyncStateMachineBox`1.ExecutionContextCallback(Object s)
   at System.Threading.ExecutionContext.RunInternal(ExecutionContext executionContext, ContextCallback callback, Object state)
   at System.Runtime.CompilerServices.AsyncTaskMethodBuilder`1.AsyncStateMachineBox`1.MoveNext(Thread threadPoolThread)
   at System.Runtime.CompilerServices.AsyncTaskMethodBuilder`1.AsyncStateMachineBox`1.MoveNext()
   at System.Threading.Tasks.AwaitTaskContinuation.RunOrScheduleAction(IAsyncStateMachineBox box, Boolean allowInlining)
   at System.Threading.Tasks.Task.RunContinuations(Object continuationObject)
   at Polly.ResiliencePipeline.<>c__10`1.<<ExecuteAsync>b__10_0>d.MoveNext()
   at System.Runtime.CompilerServices.AsyncTaskMethodBuilder`1.AsyncStateMachineBox`1.ExecutionContextCallback(Object s)
   at System.Threading.ExecutionContext.RunInternal(ExecutionContext executionContext, ContextCallback callback, Object state)
   at System.Runtime.CompilerServices.AsyncTaskMethodBuilder`1.AsyncStateMachineBox`1.MoveNext(Thread threadPoolThread)
   at System.Runtime.CompilerServices.AsyncTaskMethodBuilder`1.AsyncStateMachineBox`1.MoveNext()
   at System.Threading.Tasks.AwaitTaskContinuation.RunOrScheduleAction(IAsyncStateMachineBox box, Boolean allowInlining)
   at System.Threading.Tasks.Task.RunContinuations(Object continuationObject)
   at System.Runtime.CompilerServices.AsyncValueTaskMethodBuilder`1.SetException(Exception exception)
   at Aspire.Hosting.Dcp.KubernetesService.<>c__DisplayClass29_0`1.<<ExecuteWithRetry>b__1>d.MoveNext() in /_/src/Aspire.Hosting/Dcp/KubernetesService.cs:line 485
   at System.Runtime.CompilerServices.AsyncTaskMethodBuilder`1.AsyncStateMachineBox`1.ExecutionContextCallback(Object s)
   at System.Threading.ExecutionContext.RunInternal(ExecutionContext executionContext, ContextCallback callback, Object state)
   at System.Runtime.CompilerServices.AsyncTaskMethodBuilder`1.AsyncStateMachineBox`1.MoveNext(Thread threadPoolThread)
   at System.Runtime.CompilerServices.AsyncTaskMethodBuilder`1.AsyncStateMachineBox`1.MoveNext()
   at System.Threading.Tasks.AwaitTaskContinuation.RunOrScheduleAction(IAsyncStateMachineBox box, Boolean allowInlining)
   at System.Threading.Tasks.Task.RunContinuations(Object continuationObject)
   at System.Threading.Tasks.Task.TrySetCanceled(CancellationToken tokenToRecord, Object cancellationException)
   at System.Runtime.CompilerServices.AsyncTaskMethodBuilder`1.SetException(Exception exception, Task`1& taskField)
   at System.Runtime.CompilerServices.AsyncTaskMethodBuilder`1.SetException(Exception exception)
   at Aspire.Hosting.Dcp.KubernetesService.EnsureKubernetesAsync(CancellationToken cancellationToken) in /_/src/Aspire.Hosting/Dcp/KubernetesService.cs:line 579
   at System.Runtime.CompilerServices.AsyncTaskMethodBuilder`1.AsyncStateMachineBox`1.ExecutionContextCallback(Object s)
   at System.Threading.ExecutionContext.RunInternal(ExecutionContext executionContext, ContextCallback callback, Object state)
   at System.Runtime.CompilerServices.AsyncTaskMethodBuilder`1.AsyncStateMachineBox`1.MoveNext(Thread threadPoolThread)
   at System.Runtime.CompilerServices.AsyncTaskMethodBuilder`1.AsyncStateMachineBox`1.MoveNext()
   at System.Threading.Tasks.AwaitTaskContinuation.RunOrScheduleAction(IAsyncStateMachineBox box, Boolean allowInlining)
   at System.Threading.Tasks.Task.RunContinuations(Object continuationObject)
   at System.Threading.Tasks.Task.TrySetCanceled(CancellationToken tokenToRecord, Object cancellationException)
   at System.Runtime.CompilerServices.AsyncTaskMethodBuilder`1.SetException(Exception exception, Task`1& taskField)
   at System.Threading.SemaphoreSlim.WaitUntilCountOrTimeoutAsync(TaskNode asyncWaiter, Int64 millisecondsTimeout, CancellationToken cancellationToken)
   at System.Threading.ExecutionContext.RunFromThreadPoolDispatchLoop(Thread threadPoolThread, ExecutionContext executionContext, ContextCallback callback, Object state)
   at System.Runtime.CompilerServices.AsyncTaskMethodBuilder`1.AsyncStateMachineBox`1.MoveNext(Thread threadPoolThread)
   at System.Threading.ThreadPoolWorkQueue.Dispatch()
   at System.Threading.PortableThreadPool.WorkerThread.WorkerThreadStart()
   at System.Threading.Thread.StartCallback()
--- End of stack trace from previous location ---
   at Polly.Outcome`1.GetResultOrRethrow()
   at Polly.ResiliencePipeline.ExecuteAsync[TResult](Func`2 callback, CancellationToken cancellationToken)
   at Aspire.Hosting.Dcp.KubernetesService.ExecuteWithRetry[TResult](DcpApiOperationType operationType, String resourceType, Func`2 operation, Func`2 isRetryable, CancellationToken cancellationToken) in /_/src/Aspire.Hosting/Dcp/KubernetesService.cs:line 481
   at Aspire.Hosting.Dcp.DcpExecutor.<>c__DisplayClass46_1`1.<<CreateDcpObjectsAsync>b__0>d.MoveNext() in /_/src/Aspire.Hosting/Dcp/DcpExecutor.cs:line 612
--- End of stack trace from previous location ---
   at Aspire.Hosting.Dcp.DcpExecutor.CreateDcpObjectsAsync[RT](IEnumerable`1 objects, CancellationToken cancellationToken) in /_/src/Aspire.Hosting/Dcp/DcpExecutor.cs:line 615
   at Aspire.Hosting.Dcp.DcpExecutor.<>c__DisplayClass33_1.<<RunApplicationAsync>b__1>d.MoveNext() in /_/src/Aspire.Hosting/Dcp/DcpExecutor.cs:line 188
--- End of stack trace from previous location ---
   at Aspire.Hosting.Dcp.DcpExecutor.<>c__DisplayClass33_1.<<RunApplicationAsync>b__3>d.MoveNext() in /_/src/Aspire.Hosting/Dcp/DcpExecutor.cs:line 200
--- End of stack trace from previous location ---
   at Aspire.Hosting.Dcp.DcpExecutor.<>c__DisplayClass33_1.<<RunApplicationAsync>b__4>d.MoveNext() in /_/src/Aspire.Hosting/Dcp/DcpExecutor.cs:line 216
--- End of stack trace from previous location ---
   at Aspire.Hosting.Dcp.DcpExecutor.RunApplicationAsync(CancellationToken ct) in /_/src/Aspire.Hosting/Dcp/DcpExecutor.cs:line 244
   at Aspire.Hosting.Orchestrator.ApplicationOrchestrator.RunApplicationAsync(CancellationToken cancellationToken) in /_/src/Aspire.Hosting/Orchestrator/ApplicationOrchestrator.cs:line 555
   at Aspire.Hosting.Orchestrator.OrchestratorHostService.StartAsync(CancellationToken cancellationToken) in /_/src/Aspire.Hosting/Orchestrator/OrchestratorHostService.cs:line 41
   at Microsoft.Extensions.Hosting.Internal.Host.<StartAsync>b__14_1(IHostedService service, CancellationToken token)
   at Microsoft.Extensions.Hosting.Internal.Host.ForeachService[T](IEnumerable`1 services, CancellationToken token, Boolean concurrent, Boolean abortOnFirstException, List`1 exceptions, Func`3 operation)
   at Microsoft.Extensions.Hosting.Internal.Host.StartAsync(CancellationToken cancellationToken)
   at Aspire.Hosting.Testing.DistributedApplicationFactory.ObservedHost.StartAsync(CancellationToken cancellationToken) in /_/src/Aspire.Hosting.Testing/DistributedApplicationFactory.cs:line 598
   at Aspire.Hosting.Testing.DistributedApplicationFactory.StartAsync(CancellationToken cancellationToken) in /_/src/Aspire.Hosting.Testing/DistributedApplicationFactory.cs:line 73
   at Aspire.Hosting.Testing.DistributedApplicationTestingBuilder.SuspendingDistributedApplicationFactory.DelegatedHost.StartAsync(CancellationToken cancellationToken) in /_/src/Aspire.Hosting.Testing/DistributedApplicationTestingBuilder.cs:line 314
   at Aspire.Hosting.Testing.DistributedApplicationTestingBuilder.SuspendingDistributedApplicationFactory.DelegatedDistributedApplication.StartAsync(CancellationToken cancellationToken) in /_/src/Aspire.Hosting.Testing/DistributedApplicationTestingBuilder.cs:line 289
   at AppHost.Tests.Infrastructure.ClearCommandAppFixture.InitializeAsync() in /home/teqs/github/MyBlog/tests/AppHost.Tests/Infrastructure/ClearCommandAppFixture.cs:line 53
----- Inner Stack Trace -----
   at System.Threading.CancellationToken.ThrowOperationCanceledException()
   at System.Threading.SemaphoreSlim.WaitUntilCountOrTimeoutAsync(TaskNode asyncWaiter, Int64 millisecondsTimeout, CancellationToken cancellationToken)
   at Aspire.Hosting.Dcp.KubernetesService.EnsureKubernetesAsync(CancellationToken cancellationToken) in /_/src/Aspire.Hosting/Dcp/KubernetesService.cs:line 579
   at Aspire.Hosting.Dcp.KubernetesService.<>c__DisplayClass29_0`1.<<ExecuteWithRetry>b__1>d.MoveNext() in /_/src/Aspire.Hosting/Dcp/KubernetesService.cs:line 485
--- End of stack trace from previous location ---
   at Polly.ResiliencePipeline.<>c__10`1.<<ExecuteAsync>b__10_0>d.MoveNext()
  Failed SeedMyBlogData Assigns BlogPosts To Expected Canonical Categories [1 ms]
  Error Message:
   Collection fixture type 'AppHost.Tests.Infrastructure.ClearCommandAppFixture' threw in InitializeAsync
---- Polly.Timeout.TimeoutRejectedException : The operation didn't complete within the allowed timeout of '00:00:20'.
-------- System.OperationCanceledException : The operation was canceled.
  Stack Trace:
  
----- Inner Stack Trace -----
   at Polly.Utils.ExceptionUtilities.TrySetStackTrace[T](T exception)
   at Polly.Timeout.TimeoutResilienceStrategy.ExecuteCore[TResult,TState](Func`3 callback, ResilienceContext context, TState state)
   at System.Runtime.CompilerServices.AsyncTaskMethodBuilder`1.AsyncStateMachineBox`1.ExecutionContextCallback(Object s)
   at System.Threading.ExecutionContext.RunInternal(ExecutionContext executionContext, ContextCallback callback, Object state)
   at System.Runtime.CompilerServices.AsyncTaskMethodBuilder`1.AsyncStateMachineBox`1.MoveNext(Thread threadPoolThread)
   at System.Runtime.CompilerServices.AsyncTaskMethodBuilder`1.AsyncStateMachineBox`1.MoveNext()
   at System.Threading.Tasks.AwaitTaskContinuation.RunOrScheduleAction(IAsyncStateMachineBox box, Boolean allowInlining)
   at System.Threading.Tasks.Task.RunContinuations(Object continuationObject)
   at Polly.Utils.Pipeline.BridgeComponent`1.<ExecuteCore>g__ConvertValueTaskAsync|4_0[TResult,TState](ValueTask`1 valueTask, ResilienceContext resilienceContext)
   at System.Runtime.CompilerServices.AsyncTaskMethodBuilder`1.AsyncStateMachineBox`1.ExecutionContextCallback(Object s)
   at System.Threading.ExecutionContext.RunInternal(ExecutionContext executionContext, ContextCallback callback, Object state)
   at System.Runtime.CompilerServices.AsyncTaskMethodBuilder`1.AsyncStateMachineBox`1.MoveNext(Thread threadPoolThread)
   at System.Runtime.CompilerServices.AsyncTaskMethodBuilder`1.AsyncStateMachineBox`1.MoveNext()
   at System.Threading.Tasks.AwaitTaskContinuation.RunOrScheduleAction(IAsyncStateMachineBox box, Boolean allowInlining)
   at System.Threading.Tasks.Task.RunContinuations(Object continuationObject)
   at Polly.Retry.RetryResilienceStrategy`1.ExecuteCore[TState](Func`3 callback, ResilienceContext context, TState state)
   at System.Runtime.CompilerServices.AsyncTaskMethodBuilder`1.AsyncStateMachineBox`1.ExecutionContextCallback(Object s)
   at System.Threading.ExecutionContext.RunInternal(ExecutionContext executionContext, ContextCallback callback, Object state)
   at System.Runtime.CompilerServices.AsyncTaskMethodBuilder`1.AsyncStateMachineBox`1.MoveNext(Thread threadPoolThread)
   at System.Runtime.CompilerServices.AsyncTaskMethodBuilder`1.AsyncStateMachineBox`1.MoveNext()
   at System.Threading.Tasks.AwaitTaskContinuation.RunOrScheduleAction(IAsyncStateMachineBox box, Boolean allowInlining)
   at System.Threading.Tasks.Task.RunContinuations(Object continuationObject)
   at Polly.Utils.Pipeline.BridgeComponent`1.<>c__4`2.<<ExecuteCore>b__4_1>d.MoveNext()
   at System.Runtime.CompilerServices.AsyncTaskMethodBuilder`1.AsyncStateMachineBox`1.ExecutionContextCallback(Object s)
   at System.Threading.ExecutionContext.RunInternal(ExecutionContext executionContext, ContextCallback callback, Object state)
   at System.Runtime.CompilerServices.AsyncTaskMethodBuilder`1.AsyncStateMachineBox`1.MoveNext(Thread threadPoolThread)
   at System.Runtime.CompilerServices.AsyncTaskMethodBuilder`1.AsyncStateMachineBox`1.MoveNext()
   at System.Threading.Tasks.AwaitTaskContinuation.RunOrScheduleAction(IAsyncStateMachineBox box, Boolean allowInlining)
   at System.Threading.Tasks.Task.RunContinuations(Object continuationObject)
   at Polly.ResiliencePipeline.<>c__10`1.<<ExecuteAsync>b__10_0>d.MoveNext()
   at System.Runtime.CompilerServices.AsyncTaskMethodBuilder`1.AsyncStateMachineBox`1.ExecutionContextCallback(Object s)
   at System.Threading.ExecutionContext.RunInternal(ExecutionContext executionContext, ContextCallback callback, Object state)
   at System.Runtime.CompilerServices.AsyncTaskMethodBuilder`1.AsyncStateMachineBox`1.MoveNext(Thread threadPoolThread)
   at System.Runtime.CompilerServices.AsyncTaskMethodBuilder`1.AsyncStateMachineBox`1.MoveNext()
   at System.Threading.Tasks.AwaitTaskContinuation.RunOrScheduleAction(IAsyncStateMachineBox box, Boolean allowInlining)
   at System.Threading.Tasks.Task.RunContinuations(Object continuationObject)
   at System.Runtime.CompilerServices.AsyncValueTaskMethodBuilder`1.SetException(Exception exception)
   at Aspire.Hosting.Dcp.KubernetesService.<>c__DisplayClass29_0`1.<<ExecuteWithRetry>b__1>d.MoveNext() in /_/src/Aspire.Hosting/Dcp/KubernetesService.cs:line 485
   at System.Runtime.CompilerServices.AsyncTaskMethodBuilder`1.AsyncStateMachineBox`1.ExecutionContextCallback(Object s)
   at System.Threading.ExecutionContext.RunInternal(ExecutionContext executionContext, ContextCallback callback, Object state)
   at System.Runtime.CompilerServices.AsyncTaskMethodBuilder`1.AsyncStateMachineBox`1.MoveNext(Thread threadPoolThread)
   at System.Runtime.CompilerServices.AsyncTaskMethodBuilder`1.AsyncStateMachineBox`1.MoveNext()
   at System.Threading.Tasks.AwaitTaskContinuation.RunOrScheduleAction(IAsyncStateMachineBox box, Boolean allowInlining)
   at System.Threading.Tasks.Task.RunContinuations(Object continuationObject)
   at System.Threading.Tasks.Task.TrySetCanceled(CancellationToken tokenToRecord, Object cancellationException)
   at System.Runtime.CompilerServices.AsyncTaskMethodBuilder`1.SetException(Exception exception, Task`1& taskField)
   at System.Runtime.CompilerServices.AsyncTaskMethodBuilder`1.SetException(Exception exception)
   at Aspire.Hosting.Dcp.KubernetesService.EnsureKubernetesAsync(CancellationToken cancellationToken) in /_/src/Aspire.Hosting/Dcp/KubernetesService.cs:line 579
   at System.Runtime.CompilerServices.AsyncTaskMethodBuilder`1.AsyncStateMachineBox`1.ExecutionContextCallback(Object s)
   at System.Threading.ExecutionContext.RunInternal(ExecutionContext executionContext, ContextCallback callback, Object state)
   at System.Runtime.CompilerServices.AsyncTaskMethodBuilder`1.AsyncStateMachineBox`1.MoveNext(Thread threadPoolThread)
   at System.Runtime.CompilerServices.AsyncTaskMethodBuilder`1.AsyncStateMachineBox`1.MoveNext()
   at System.Threading.Tasks.AwaitTaskContinuation.RunOrScheduleAction(IAsyncStateMachineBox box, Boolean allowInlining)
   at System.Threading.Tasks.Task.RunContinuations(Object continuationObject)
   at System.Threading.Tasks.Task.TrySetCanceled(CancellationToken tokenToRecord, Object cancellationException)
   at System.Runtime.CompilerServices.AsyncTaskMethodBuilder`1.SetException(Exception exception, Task`1& taskField)
   at System.Threading.SemaphoreSlim.WaitUntilCountOrTimeoutAsync(TaskNode asyncWaiter, Int64 millisecondsTimeout, CancellationToken cancellationToken)
   at System.Threading.ExecutionContext.RunFromThreadPoolDispatchLoop(Thread threadPoolThread, ExecutionContext executionContext, ContextCallback callback, Object state)
   at System.Runtime.CompilerServices.AsyncTaskMethodBuilder`1.AsyncStateMachineBox`1.MoveNext(Thread threadPoolThread)
   at System.Threading.ThreadPoolWorkQueue.Dispatch()
   at System.Threading.PortableThreadPool.WorkerThread.WorkerThreadStart()
   at System.Threading.Thread.StartCallback()
--- End of stack trace from previous location ---
   at Polly.Outcome`1.GetResultOrRethrow()
   at Polly.ResiliencePipeline.ExecuteAsync[TResult](Func`2 callback, CancellationToken cancellationToken)
   at Aspire.Hosting.Dcp.KubernetesService.ExecuteWithRetry[TResult](DcpApiOperationType operationType, String resourceType, Func`2 operation, Func`2 isRetryable, CancellationToken cancellationToken) in /_/src/Aspire.Hosting/Dcp/KubernetesService.cs:line 481
   at Aspire.Hosting.Dcp.DcpExecutor.<>c__DisplayClass46_1`1.<<CreateDcpObjectsAsync>b__0>d.MoveNext() in /_/src/Aspire.Hosting/Dcp/DcpExecutor.cs:line 612
--- End of stack trace from previous location ---
   at Aspire.Hosting.Dcp.DcpExecutor.CreateDcpObjectsAsync[RT](IEnumerable`1 objects, CancellationToken cancellationToken) in /_/src/Aspire.Hosting/Dcp/DcpExecutor.cs:line 615
   at Aspire.Hosting.Dcp.DcpExecutor.<>c__DisplayClass33_1.<<RunApplicationAsync>b__1>d.MoveNext() in /_/src/Aspire.Hosting/Dcp/DcpExecutor.cs:line 188
--- End of stack trace from previous location ---
   at Aspire.Hosting.Dcp.DcpExecutor.<>c__DisplayClass33_1.<<RunApplicationAsync>b__3>d.MoveNext() in /_/src/Aspire.Hosting/Dcp/DcpExecutor.cs:line 200
--- End of stack trace from previous location ---
   at Aspire.Hosting.Dcp.DcpExecutor.<>c__DisplayClass33_1.<<RunApplicationAsync>b__4>d.MoveNext() in /_/src/Aspire.Hosting/Dcp/DcpExecutor.cs:line 216
--- End of stack trace from previous location ---
   at Aspire.Hosting.Dcp.DcpExecutor.RunApplicationAsync(CancellationToken ct) in /_/src/Aspire.Hosting/Dcp/DcpExecutor.cs:line 244
   at Aspire.Hosting.Orchestrator.ApplicationOrchestrator.RunApplicationAsync(CancellationToken cancellationToken) in /_/src/Aspire.Hosting/Orchestrator/ApplicationOrchestrator.cs:line 555
   at Aspire.Hosting.Orchestrator.OrchestratorHostService.StartAsync(CancellationToken cancellationToken) in /_/src/Aspire.Hosting/Orchestrator/OrchestratorHostService.cs:line 41
   at Microsoft.Extensions.Hosting.Internal.Host.<StartAsync>b__14_1(IHostedService service, CancellationToken token)
   at Microsoft.Extensions.Hosting.Internal.Host.ForeachService[T](IEnumerable`1 services, CancellationToken token, Boolean concurrent, Boolean abortOnFirstException, List`1 exceptions, Func`3 operation)
   at Microsoft.Extensions.Hosting.Internal.Host.StartAsync(CancellationToken cancellationToken)
   at Aspire.Hosting.Testing.DistributedApplicationFactory.ObservedHost.StartAsync(CancellationToken cancellationToken) in /_/src/Aspire.Hosting.Testing/DistributedApplicationFactory.cs:line 598
   at Aspire.Hosting.Testing.DistributedApplicationFactory.StartAsync(CancellationToken cancellationToken) in /_/src/Aspire.Hosting.Testing/DistributedApplicationFactory.cs:line 73
   at Aspire.Hosting.Testing.DistributedApplicationTestingBuilder.SuspendingDistributedApplicationFactory.DelegatedHost.StartAsync(CancellationToken cancellationToken) in /_/src/Aspire.Hosting.Testing/DistributedApplicationTestingBuilder.cs:line 314
   at Aspire.Hosting.Testing.DistributedApplicationTestingBuilder.SuspendingDistributedApplicationFactory.DelegatedDistributedApplication.StartAsync(CancellationToken cancellationToken) in /_/src/Aspire.Hosting.Testing/DistributedApplicationTestingBuilder.cs:line 289
   at AppHost.Tests.Infrastructure.ClearCommandAppFixture.InitializeAsync() in /home/teqs/github/MyBlog/tests/AppHost.Tests/Infrastructure/ClearCommandAppFixture.cs:line 53
----- Inner Stack Trace -----
   at System.Threading.CancellationToken.ThrowOperationCanceledException()
   at System.Threading.SemaphoreSlim.WaitUntilCountOrTimeoutAsync(TaskNode asyncWaiter, Int64 millisecondsTimeout, CancellationToken cancellationToken)
   at Aspire.Hosting.Dcp.KubernetesService.EnsureKubernetesAsync(CancellationToken cancellationToken) in /_/src/Aspire.Hosting/Dcp/KubernetesService.cs:line 579
   at Aspire.Hosting.Dcp.KubernetesService.<>c__DisplayClass29_0`1.<<ExecuteWithRetry>b__1>d.MoveNext() in /_/src/Aspire.Hosting/Dcp/KubernetesService.cs:line 485
--- End of stack trace from previous location ---
   at Polly.ResiliencePipeline.<>c__10`1.<<ExecuteAsync>b__10_0>d.MoveNext()
  Failed SeedMyBlogData Upserts Seven Canonical Categories [1 ms]
  Error Message:
   Collection fixture type 'AppHost.Tests.Infrastructure.ClearCommandAppFixture' threw in InitializeAsync
---- Polly.Timeout.TimeoutRejectedException : The operation didn't complete within the allowed timeout of '00:00:20'.
-------- System.OperationCanceledException : The operation was canceled.
  Stack Trace:
  
----- Inner Stack Trace -----
   at Polly.Utils.ExceptionUtilities.TrySetStackTrace[T](T exception)
   at Polly.Timeout.TimeoutResilienceStrategy.ExecuteCore[TResult,TState](Func`3 callback, ResilienceContext context, TState state)
   at System.Runtime.CompilerServices.AsyncTaskMethodBuilder`1.AsyncStateMachineBox`1.ExecutionContextCallback(Object s)
   at System.Threading.ExecutionContext.RunInternal(ExecutionContext executionContext, ContextCallback callback, Object state)
   at System.Runtime.CompilerServices.AsyncTaskMethodBuilder`1.AsyncStateMachineBox`1.MoveNext(Thread threadPoolThread)
   at System.Runtime.CompilerServices.AsyncTaskMethodBuilder`1.AsyncStateMachineBox`1.MoveNext()
   at System.Threading.Tasks.AwaitTaskContinuation.RunOrScheduleAction(IAsyncStateMachineBox box, Boolean allowInlining)
   at System.Threading.Tasks.Task.RunContinuations(Object continuationObject)
   at Polly.Utils.Pipeline.BridgeComponent`1.<ExecuteCore>g__ConvertValueTaskAsync|4_0[TResult,TState](ValueTask`1 valueTask, ResilienceContext resilienceContext)
   at System.Runtime.CompilerServices.AsyncTaskMethodBuilder`1.AsyncStateMachineBox`1.ExecutionContextCallback(Object s)
   at System.Threading.ExecutionContext.RunInternal(ExecutionContext executionContext, ContextCallback callback, Object state)
   at System.Runtime.CompilerServices.AsyncTaskMethodBuilder`1.AsyncStateMachineBox`1.MoveNext(Thread threadPoolThread)
   at System.Runtime.CompilerServices.AsyncTaskMethodBuilder`1.AsyncStateMachineBox`1.MoveNext()
   at System.Threading.Tasks.AwaitTaskContinuation.RunOrScheduleAction(IAsyncStateMachineBox box, Boolean allowInlining)
   at System.Threading.Tasks.Task.RunContinuations(Object continuationObject)
   at Polly.Retry.RetryResilienceStrategy`1.ExecuteCore[TState](Func`3 callback, ResilienceContext context, TState state)
   at System.Runtime.CompilerServices.AsyncTaskMethodBuilder`1.AsyncStateMachineBox`1.ExecutionContextCallback(Object s)
   at System.Threading.ExecutionContext.RunInternal(ExecutionContext executionContext, ContextCallback callback, Object state)
   at System.Runtime.CompilerServices.AsyncTaskMethodBuilder`1.AsyncStateMachineBox`1.MoveNext(Thread threadPoolThread)
   at System.Runtime.CompilerServices.AsyncTaskMethodBuilder`1.AsyncStateMachineBox`1.MoveNext()
   at System.Threading.Tasks.AwaitTaskContinuation.RunOrScheduleAction(IAsyncStateMachineBox box, Boolean allowInlining)
   at System.Threading.Tasks.Task.RunContinuations(Object continuationObject)
   at Polly.Utils.Pipeline.BridgeComponent`1.<>c__4`2.<<ExecuteCore>b__4_1>d.MoveNext()
   at System.Runtime.CompilerServices.AsyncTaskMethodBuilder`1.AsyncStateMachineBox`1.ExecutionContextCallback(Object s)
   at System.Threading.ExecutionContext.RunInternal(ExecutionContext executionContext, ContextCallback callback, Object state)
   at System.Runtime.CompilerServices.AsyncTaskMethodBuilder`1.AsyncStateMachineBox`1.MoveNext(Thread threadPoolThread)
   at System.Runtime.CompilerServices.AsyncTaskMethodBuilder`1.AsyncStateMachineBox`1.MoveNext()
   at System.Threading.Tasks.AwaitTaskContinuation.RunOrScheduleAction(IAsyncStateMachineBox box, Boolean allowInlining)
   at System.Threading.Tasks.Task.RunContinuations(Object continuationObject)
   at Polly.ResiliencePipeline.<>c__10`1.<<ExecuteAsync>b__10_0>d.MoveNext()
   at System.Runtime.CompilerServices.AsyncTaskMethodBuilder`1.AsyncStateMachineBox`1.ExecutionContextCallback(Object s)
   at System.Threading.ExecutionContext.RunInternal(ExecutionContext executionContext, ContextCallback callback, Object state)
   at System.Runtime.CompilerServices.AsyncTaskMethodBuilder`1.AsyncStateMachineBox`1.MoveNext(Thread threadPoolThread)
   at System.Runtime.CompilerServices.AsyncTaskMethodBuilder`1.AsyncStateMachineBox`1.MoveNext()
   at System.Threading.Tasks.AwaitTaskContinuation.RunOrScheduleAction(IAsyncStateMachineBox box, Boolean allowInlining)
   at System.Threading.Tasks.Task.RunContinuations(Object continuationObject)
   at System.Runtime.CompilerServices.AsyncValueTaskMethodBuilder`1.SetException(Exception exception)
   at Aspire.Hosting.Dcp.KubernetesService.<>c__DisplayClass29_0`1.<<ExecuteWithRetry>b__1>d.MoveNext() in /_/src/Aspire.Hosting/Dcp/KubernetesService.cs:line 485
   at System.Runtime.CompilerServices.AsyncTaskMethodBuilder`1.AsyncStateMachineBox`1.ExecutionContextCallback(Object s)
   at System.Threading.ExecutionContext.RunInternal(ExecutionContext executionContext, ContextCallback callback, Object state)
   at System.Runtime.CompilerServices.AsyncTaskMethodBuilder`1.AsyncStateMachineBox`1.MoveNext(Thread threadPoolThread)
   at System.Runtime.CompilerServices.AsyncTaskMethodBuilder`1.AsyncStateMachineBox`1.MoveNext()
   at System.Threading.Tasks.AwaitTaskContinuation.RunOrScheduleAction(IAsyncStateMachineBox box, Boolean allowInlining)
   at System.Threading.Tasks.Task.RunContinuations(Object continuationObject)
   at System.Threading.Tasks.Task.TrySetCanceled(CancellationToken tokenToRecord, Object cancellationException)
   at System.Runtime.CompilerServices.AsyncTaskMethodBuilder`1.SetException(Exception exception, Task`1& taskField)
   at System.Runtime.CompilerServices.AsyncTaskMethodBuilder`1.SetException(Exception exception)
   at Aspire.Hosting.Dcp.KubernetesService.EnsureKubernetesAsync(CancellationToken cancellationToken) in /_/src/Aspire.Hosting/Dcp/KubernetesService.cs:line 579
   at System.Runtime.CompilerServices.AsyncTaskMethodBuilder`1.AsyncStateMachineBox`1.ExecutionContextCallback(Object s)
   at System.Threading.ExecutionContext.RunInternal(ExecutionContext executionContext, ContextCallback callback, Object state)
   at System.Runtime.CompilerServices.AsyncTaskMethodBuilder`1.AsyncStateMachineBox`1.MoveNext(Thread threadPoolThread)
   at System.Runtime.CompilerServices.AsyncTaskMethodBuilder`1.AsyncStateMachineBox`1.MoveNext()
   at System.Threading.Tasks.AwaitTaskContinuation.RunOrScheduleAction(IAsyncStateMachineBox box, Boolean allowInlining)
   at System.Threading.Tasks.Task.RunContinuations(Object continuationObject)
   at System.Threading.Tasks.Task.TrySetCanceled(CancellationToken tokenToRecord, Object cancellationException)
   at System.Runtime.CompilerServices.AsyncTaskMethodBuilder`1.SetException(Exception exception, Task`1& taskField)
   at System.Threading.SemaphoreSlim.WaitUntilCountOrTimeoutAsync(TaskNode asyncWaiter, Int64 millisecondsTimeout, CancellationToken cancellationToken)
   at System.Threading.ExecutionContext.RunFromThreadPoolDispatchLoop(Thread threadPoolThread, ExecutionContext executionContext, ContextCallback callback, Object state)
   at System.Runtime.CompilerServices.AsyncTaskMethodBuilder`1.AsyncStateMachineBox`1.MoveNext(Thread threadPoolThread)
   at System.Threading.ThreadPoolWorkQueue.Dispatch()
   at System.Threading.PortableThreadPool.WorkerThread.WorkerThreadStart()
   at System.Threading.Thread.StartCallback()
--- End of stack trace from previous location ---
   at Polly.Outcome`1.GetResultOrRethrow()
   at Polly.ResiliencePipeline.ExecuteAsync[TResult](Func`2 callback, CancellationToken cancellationToken)
   at Aspire.Hosting.Dcp.KubernetesService.ExecuteWithRetry[TResult](DcpApiOperationType operationType, String resourceType, Func`2 operation, Func`2 isRetryable, CancellationToken cancellationToken) in /_/src/Aspire.Hosting/Dcp/KubernetesService.cs:line 481
   at Aspire.Hosting.Dcp.DcpExecutor.<>c__DisplayClass46_1`1.<<CreateDcpObjectsAsync>b__0>d.MoveNext() in /_/src/Aspire.Hosting/Dcp/DcpExecutor.cs:line 612
--- End of stack trace from previous location ---
   at Aspire.Hosting.Dcp.DcpExecutor.CreateDcpObjectsAsync[RT](IEnumerable`1 objects, CancellationToken cancellationToken) in /_/src/Aspire.Hosting/Dcp/DcpExecutor.cs:line 615
   at Aspire.Hosting.Dcp.DcpExecutor.<>c__DisplayClass33_1.<<RunApplicationAsync>b__1>d.MoveNext() in /_/src/Aspire.Hosting/Dcp/DcpExecutor.cs:line 188
--- End of stack trace from previous location ---
   at Aspire.Hosting.Dcp.DcpExecutor.<>c__DisplayClass33_1.<<RunApplicationAsync>b__3>d.MoveNext() in /_/src/Aspire.Hosting/Dcp/DcpExecutor.cs:line 200
--- End of stack trace from previous location ---
   at Aspire.Hosting.Dcp.DcpExecutor.<>c__DisplayClass33_1.<<RunApplicationAsync>b__4>d.MoveNext() in /_/src/Aspire.Hosting/Dcp/DcpExecutor.cs:line 216
--- End of stack trace from previous location ---
   at Aspire.Hosting.Dcp.DcpExecutor.RunApplicationAsync(CancellationToken ct) in /_/src/Aspire.Hosting/Dcp/DcpExecutor.cs:line 244
   at Aspire.Hosting.Orchestrator.ApplicationOrchestrator.RunApplicationAsync(CancellationToken cancellationToken) in /_/src/Aspire.Hosting/Orchestrator/ApplicationOrchestrator.cs:line 555
   at Aspire.Hosting.Orchestrator.OrchestratorHostService.StartAsync(CancellationToken cancellationToken) in /_/src/Aspire.Hosting/Orchestrator/OrchestratorHostService.cs:line 41
   at Microsoft.Extensions.Hosting.Internal.Host.<StartAsync>b__14_1(IHostedService service, CancellationToken token)
   at Microsoft.Extensions.Hosting.Internal.Host.ForeachService[T](IEnumerable`1 services, CancellationToken token, Boolean concurrent, Boolean abortOnFirstException, List`1 exceptions, Func`3 operation)
   at Microsoft.Extensions.Hosting.Internal.Host.StartAsync(CancellationToken cancellationToken)
   at Aspire.Hosting.Testing.DistributedApplicationFactory.ObservedHost.StartAsync(CancellationToken cancellationToken) in /_/src/Aspire.Hosting.Testing/DistributedApplicationFactory.cs:line 598
   at Aspire.Hosting.Testing.DistributedApplicationFactory.StartAsync(CancellationToken cancellationToken) in /_/src/Aspire.Hosting.Testing/DistributedApplicationFactory.cs:line 73
   at Aspire.Hosting.Testing.DistributedApplicationTestingBuilder.SuspendingDistributedApplicationFactory.DelegatedHost.StartAsync(CancellationToken cancellationToken) in /_/src/Aspire.Hosting.Testing/DistributedApplicationTestingBuilder.cs:line 314
   at Aspire.Hosting.Testing.DistributedApplicationTestingBuilder.SuspendingDistributedApplicationFactory.DelegatedDistributedApplication.StartAsync(CancellationToken cancellationToken) in /_/src/Aspire.Hosting.Testing/DistributedApplicationTestingBuilder.cs:line 289
   at AppHost.Tests.Infrastructure.ClearCommandAppFixture.InitializeAsync() in /home/teqs/github/MyBlog/tests/AppHost.Tests/Infrastructure/ClearCommandAppFixture.cs:line 53
----- Inner Stack Trace -----
   at System.Threading.CancellationToken.ThrowOperationCanceledException()
   at System.Threading.SemaphoreSlim.WaitUntilCountOrTimeoutAsync(TaskNode asyncWaiter, Int64 millisecondsTimeout, CancellationToken cancellationToken)
   at Aspire.Hosting.Dcp.KubernetesService.EnsureKubernetesAsync(CancellationToken cancellationToken) in /_/src/Aspire.Hosting/Dcp/KubernetesService.cs:line 579
   at Aspire.Hosting.Dcp.KubernetesService.<>c__DisplayClass29_0`1.<<ExecuteWithRetry>b__1>d.MoveNext() in /_/src/Aspire.Hosting/Dcp/KubernetesService.cs:line 485
--- End of stack trace from previous location ---
   at Polly.ResiliencePipeline.<>c__10`1.<<ExecuteAsync>b__10_0>d.MoveNext()
  Failed SeedMyBlogData Drops Legacy Posts And Tags Collections [1 ms]
  Error Message:
   Collection fixture type 'AppHost.Tests.Infrastructure.ClearCommandAppFixture' threw in InitializeAsync
---- Polly.Timeout.TimeoutRejectedException : The operation didn't complete within the allowed timeout of '00:00:20'.
-------- System.OperationCanceledException : The operation was canceled.
  Stack Trace:
  
----- Inner Stack Trace -----
   at Polly.Utils.ExceptionUtilities.TrySetStackTrace[T](T exception)
   at Polly.Timeout.TimeoutResilienceStrategy.ExecuteCore[TResult,TState](Func`3 callback, ResilienceContext context, TState state)
   at System.Runtime.CompilerServices.AsyncTaskMethodBuilder`1.AsyncStateMachineBox`1.ExecutionContextCallback(Object s)
   at System.Threading.ExecutionContext.RunInternal(ExecutionContext executionContext, ContextCallback callback, Object state)
   at System.Runtime.CompilerServices.AsyncTaskMethodBuilder`1.AsyncStateMachineBox`1.MoveNext(Thread threadPoolThread)
   at System.Runtime.CompilerServices.AsyncTaskMethodBuilder`1.AsyncStateMachineBox`1.MoveNext()
   at System.Threading.Tasks.AwaitTaskContinuation.RunOrScheduleAction(IAsyncStateMachineBox box, Boolean allowInlining)
   at System.Threading.Tasks.Task.RunContinuations(Object continuationObject)
   at Polly.Utils.Pipeline.BridgeComponent`1.<ExecuteCore>g__ConvertValueTaskAsync|4_0[TResult,TState](ValueTask`1 valueTask, ResilienceContext resilienceContext)
   at System.Runtime.CompilerServices.AsyncTaskMethodBuilder`1.AsyncStateMachineBox`1.ExecutionContextCallback(Object s)
   at System.Threading.ExecutionContext.RunInternal(ExecutionContext executionContext, ContextCallback callback, Object state)
   at System.Runtime.CompilerServices.AsyncTaskMethodBuilder`1.AsyncStateMachineBox`1.MoveNext(Thread threadPoolThread)
   at System.Runtime.CompilerServices.AsyncTaskMethodBuilder`1.AsyncStateMachineBox`1.MoveNext()
   at System.Threading.Tasks.AwaitTaskContinuation.RunOrScheduleAction(IAsyncStateMachineBox box, Boolean allowInlining)
   at System.Threading.Tasks.Task.RunContinuations(Object continuationObject)
   at Polly.Retry.RetryResilienceStrategy`1.ExecuteCore[TState](Func`3 callback, ResilienceContext context, TState state)
   at System.Runtime.CompilerServices.AsyncTaskMethodBuilder`1.AsyncStateMachineBox`1.ExecutionContextCallback(Object s)
   at System.Threading.ExecutionContext.RunInternal(ExecutionContext executionContext, ContextCallback callback, Object state)
   at System.Runtime.CompilerServices.AsyncTaskMethodBuilder`1.AsyncStateMachineBox`1.MoveNext(Thread threadPoolThread)
   at System.Runtime.CompilerServices.AsyncTaskMethodBuilder`1.AsyncStateMachineBox`1.MoveNext()
   at System.Threading.Tasks.AwaitTaskContinuation.RunOrScheduleAction(IAsyncStateMachineBox box, Boolean allowInlining)
   at System.Threading.Tasks.Task.RunContinuations(Object continuationObject)
   at Polly.Utils.Pipeline.BridgeComponent`1.<>c__4`2.<<ExecuteCore>b__4_1>d.MoveNext()
   at System.Runtime.CompilerServices.AsyncTaskMethodBuilder`1.AsyncStateMachineBox`1.ExecutionContextCallback(Object s)
   at System.Threading.ExecutionContext.RunInternal(ExecutionContext executionContext, ContextCallback callback, Object state)
   at System.Runtime.CompilerServices.AsyncTaskMethodBuilder`1.AsyncStateMachineBox`1.MoveNext(Thread threadPoolThread)
   at System.Runtime.CompilerServices.AsyncTaskMethodBuilder`1.AsyncStateMachineBox`1.MoveNext()
   at System.Threading.Tasks.AwaitTaskContinuation.RunOrScheduleAction(IAsyncStateMachineBox box, Boolean allowInlining)
   at System.Threading.Tasks.Task.RunContinuations(Object continuationObject)
   at Polly.ResiliencePipeline.<>c__10`1.<<ExecuteAsync>b__10_0>d.MoveNext()
   at System.Runtime.CompilerServices.AsyncTaskMethodBuilder`1.AsyncStateMachineBox`1.ExecutionContextCallback(Object s)
   at System.Threading.ExecutionContext.RunInternal(ExecutionContext executionContext, ContextCallback callback, Object state)
   at System.Runtime.CompilerServices.AsyncTaskMethodBuilder`1.AsyncStateMachineBox`1.MoveNext(Thread threadPoolThread)
   at System.Runtime.CompilerServices.AsyncTaskMethodBuilder`1.AsyncStateMachineBox`1.MoveNext()
   at System.Threading.Tasks.AwaitTaskContinuation.RunOrScheduleAction(IAsyncStateMachineBox box, Boolean allowInlining)
   at System.Threading.Tasks.Task.RunContinuations(Object continuationObject)
   at System.Runtime.CompilerServices.AsyncValueTaskMethodBuilder`1.SetException(Exception exception)
   at Aspire.Hosting.Dcp.KubernetesService.<>c__DisplayClass29_0`1.<<ExecuteWithRetry>b__1>d.MoveNext() in /_/src/Aspire.Hosting/Dcp/KubernetesService.cs:line 485
   at System.Runtime.CompilerServices.AsyncTaskMethodBuilder`1.AsyncStateMachineBox`1.ExecutionContextCallback(Object s)
   at System.Threading.ExecutionContext.RunInternal(ExecutionContext executionContext, ContextCallback callback, Object state)
   at System.Runtime.CompilerServices.AsyncTaskMethodBuilder`1.AsyncStateMachineBox`1.MoveNext(Thread threadPoolThread)
   at System.Runtime.CompilerServices.AsyncTaskMethodBuilder`1.AsyncStateMachineBox`1.MoveNext()
   at System.Threading.Tasks.AwaitTaskContinuation.RunOrScheduleAction(IAsyncStateMachineBox box, Boolean allowInlining)
   at System.Threading.Tasks.Task.RunContinuations(Object continuationObject)
   at System.Threading.Tasks.Task.TrySetCanceled(CancellationToken tokenToRecord, Object cancellationException)
   at System.Runtime.CompilerServices.AsyncTaskMethodBuilder`1.SetException(Exception exception, Task`1& taskField)
   at System.Runtime.CompilerServices.AsyncTaskMethodBuilder`1.SetException(Exception exception)
   at Aspire.Hosting.Dcp.KubernetesService.EnsureKubernetesAsync(CancellationToken cancellationToken) in /_/src/Aspire.Hosting/Dcp/KubernetesService.cs:line 579
   at System.Runtime.CompilerServices.AsyncTaskMethodBuilder`1.AsyncStateMachineBox`1.ExecutionContextCallback(Object s)
   at System.Threading.ExecutionContext.RunInternal(ExecutionContext executionContext, ContextCallback callback, Object state)
   at System.Runtime.CompilerServices.AsyncTaskMethodBuilder`1.AsyncStateMachineBox`1.MoveNext(Thread threadPoolThread)
   at System.Runtime.CompilerServices.AsyncTaskMethodBuilder`1.AsyncStateMachineBox`1.MoveNext()
   at System.Threading.Tasks.AwaitTaskContinuation.RunOrScheduleAction(IAsyncStateMachineBox box, Boolean allowInlining)
   at System.Threading.Tasks.Task.RunContinuations(Object continuationObject)
   at System.Threading.Tasks.Task.TrySetCanceled(CancellationToken tokenToRecord, Object cancellationException)
   at System.Runtime.CompilerServices.AsyncTaskMethodBuilder`1.SetException(Exception exception, Task`1& taskField)
   at System.Threading.SemaphoreSlim.WaitUntilCountOrTimeoutAsync(TaskNode asyncWaiter, Int64 millisecondsTimeout, CancellationToken cancellationToken)
   at System.Threading.ExecutionContext.RunFromThreadPoolDispatchLoop(Thread threadPoolThread, ExecutionContext executionContext, ContextCallback callback, Object state)
   at System.Runtime.CompilerServices.AsyncTaskMethodBuilder`1.AsyncStateMachineBox`1.MoveNext(Thread threadPoolThread)
   at System.Threading.ThreadPoolWorkQueue.Dispatch()
   at System.Threading.PortableThreadPool.WorkerThread.WorkerThreadStart()
   at System.Threading.Thread.StartCallback()
--- End of stack trace from previous location ---
   at Polly.Outcome`1.GetResultOrRethrow()
   at Polly.ResiliencePipeline.ExecuteAsync[TResult](Func`2 callback, CancellationToken cancellationToken)
   at Aspire.Hosting.Dcp.KubernetesService.ExecuteWithRetry[TResult](DcpApiOperationType operationType, String resourceType, Func`2 operation, Func`2 isRetryable, CancellationToken cancellationToken) in /_/src/Aspire.Hosting/Dcp/KubernetesService.cs:line 481
   at Aspire.Hosting.Dcp.DcpExecutor.<>c__DisplayClass46_1`1.<<CreateDcpObjectsAsync>b__0>d.MoveNext() in /_/src/Aspire.Hosting/Dcp/DcpExecutor.cs:line 612
--- End of stack trace from previous location ---
   at Aspire.Hosting.Dcp.DcpExecutor.CreateDcpObjectsAsync[RT](IEnumerable`1 objects, CancellationToken cancellationToken) in /_/src/Aspire.Hosting/Dcp/DcpExecutor.cs:line 615
   at Aspire.Hosting.Dcp.DcpExecutor.<>c__DisplayClass33_1.<<RunApplicationAsync>b__1>d.MoveNext() in /_/src/Aspire.Hosting/Dcp/DcpExecutor.cs:line 188
--- End of stack trace from previous location ---
   at Aspire.Hosting.Dcp.DcpExecutor.<>c__DisplayClass33_1.<<RunApplicationAsync>b__3>d.MoveNext() in /_/src/Aspire.Hosting/Dcp/DcpExecutor.cs:line 200
--- End of stack trace from previous location ---
   at Aspire.Hosting.Dcp.DcpExecutor.<>c__DisplayClass33_1.<<RunApplicationAsync>b__4>d.MoveNext() in /_/src/Aspire.Hosting/Dcp/DcpExecutor.cs:line 216
--- End of stack trace from previous location ---
   at Aspire.Hosting.Dcp.DcpExecutor.RunApplicationAsync(CancellationToken ct) in /_/src/Aspire.Hosting/Dcp/DcpExecutor.cs:line 244
   at Aspire.Hosting.Orchestrator.ApplicationOrchestrator.RunApplicationAsync(CancellationToken cancellationToken) in /_/src/Aspire.Hosting/Orchestrator/ApplicationOrchestrator.cs:line 555
   at Aspire.Hosting.Orchestrator.OrchestratorHostService.StartAsync(CancellationToken cancellationToken) in /_/src/Aspire.Hosting/Orchestrator/OrchestratorHostService.cs:line 41
   at Microsoft.Extensions.Hosting.Internal.Host.<StartAsync>b__14_1(IHostedService service, CancellationToken token)
   at Microsoft.Extensions.Hosting.Internal.Host.ForeachService[T](IEnumerable`1 services, CancellationToken token, Boolean concurrent, Boolean abortOnFirstException, List`1 exceptions, Func`3 operation)
   at Microsoft.Extensions.Hosting.Internal.Host.StartAsync(CancellationToken cancellationToken)
   at Aspire.Hosting.Testing.DistributedApplicationFactory.ObservedHost.StartAsync(CancellationToken cancellationToken) in /_/src/Aspire.Hosting.Testing/DistributedApplicationFactory.cs:line 598
   at Aspire.Hosting.Testing.DistributedApplicationFactory.StartAsync(CancellationToken cancellationToken) in /_/src/Aspire.Hosting.Testing/DistributedApplicationFactory.cs:line 73
   at Aspire.Hosting.Testing.DistributedApplicationTestingBuilder.SuspendingDistributedApplicationFactory.DelegatedHost.StartAsync(CancellationToken cancellationToken) in /_/src/Aspire.Hosting.Testing/DistributedApplicationTestingBuilder.cs:line 314
   at Aspire.Hosting.Testing.DistributedApplicationTestingBuilder.SuspendingDistributedApplicationFactory.DelegatedDistributedApplication.StartAsync(CancellationToken cancellationToken) in /_/src/Aspire.Hosting.Testing/DistributedApplicationTestingBuilder.cs:line 289
   at AppHost.Tests.Infrastructure.ClearCommandAppFixture.InitializeAsync() in /home/teqs/github/MyBlog/tests/AppHost.Tests/Infrastructure/ClearCommandAppFixture.cs:line 53
----- Inner Stack Trace -----
   at System.Threading.CancellationToken.ThrowOperationCanceledException()
   at System.Threading.SemaphoreSlim.WaitUntilCountOrTimeoutAsync(TaskNode asyncWaiter, Int64 millisecondsTimeout, CancellationToken cancellationToken)
   at Aspire.Hosting.Dcp.KubernetesService.EnsureKubernetesAsync(CancellationToken cancellationToken) in /_/src/Aspire.Hosting/Dcp/KubernetesService.cs:line 579
   at Aspire.Hosting.Dcp.KubernetesService.<>c__DisplayClass29_0`1.<<ExecuteWithRetry>b__1>d.MoveNext() in /_/src/Aspire.Hosting/Dcp/KubernetesService.cs:line 485
--- End of stack trace from previous location ---
   at Polly.ResiliencePipeline.<>c__10`1.<<ExecuteAsync>b__10_0>d.MoveNext()
  Failed SeedMyBlogData Empty Database Results In BlogPosts After Seed [1 ms]
  Error Message:
   Collection fixture type 'AppHost.Tests.Infrastructure.ClearCommandAppFixture' threw in InitializeAsync
---- Polly.Timeout.TimeoutRejectedException : The operation didn't complete within the allowed timeout of '00:00:20'.
-------- System.OperationCanceledException : The operation was canceled.
  Stack Trace:
  
----- Inner Stack Trace -----
   at Polly.Utils.ExceptionUtilities.TrySetStackTrace[T](T exception)
   at Polly.Timeout.TimeoutResilienceStrategy.ExecuteCore[TResult,TState](Func`3 callback, ResilienceContext context, TState state)
   at System.Runtime.CompilerServices.AsyncTaskMethodBuilder`1.AsyncStateMachineBox`1.ExecutionContextCallback(Object s)
   at System.Threading.ExecutionContext.RunInternal(ExecutionContext executionContext, ContextCallback callback, Object state)
   at System.Runtime.CompilerServices.AsyncTaskMethodBuilder`1.AsyncStateMachineBox`1.MoveNext(Thread threadPoolThread)
   at System.Runtime.CompilerServices.AsyncTaskMethodBuilder`1.AsyncStateMachineBox`1.MoveNext()
   at System.Threading.Tasks.AwaitTaskContinuation.RunOrScheduleAction(IAsyncStateMachineBox box, Boolean allowInlining)
   at System.Threading.Tasks.Task.RunContinuations(Object continuationObject)
   at Polly.Utils.Pipeline.BridgeComponent`1.<ExecuteCore>g__ConvertValueTaskAsync|4_0[TResult,TState](ValueTask`1 valueTask, ResilienceContext resilienceContext)
   at System.Runtime.CompilerServices.AsyncTaskMethodBuilder`1.AsyncStateMachineBox`1.ExecutionContextCallback(Object s)
   at System.Threading.ExecutionContext.RunInternal(ExecutionContext executionContext, ContextCallback callback, Object state)
   at System.Runtime.CompilerServices.AsyncTaskMethodBuilder`1.AsyncStateMachineBox`1.MoveNext(Thread threadPoolThread)
   at System.Runtime.CompilerServices.AsyncTaskMethodBuilder`1.AsyncStateMachineBox`1.MoveNext()
   at System.Threading.Tasks.AwaitTaskContinuation.RunOrScheduleAction(IAsyncStateMachineBox box, Boolean allowInlining)
   at System.Threading.Tasks.Task.RunContinuations(Object continuationObject)
   at Polly.Retry.RetryResilienceStrategy`1.ExecuteCore[TState](Func`3 callback, ResilienceContext context, TState state)
   at System.Runtime.CompilerServices.AsyncTaskMethodBuilder`1.AsyncStateMachineBox`1.ExecutionContextCallback(Object s)
   at System.Threading.ExecutionContext.RunInternal(ExecutionContext executionContext, ContextCallback callback, Object state)
   at System.Runtime.CompilerServices.AsyncTaskMethodBuilder`1.AsyncStateMachineBox`1.MoveNext(Thread threadPoolThread)
   at System.Runtime.CompilerServices.AsyncTaskMethodBuilder`1.AsyncStateMachineBox`1.MoveNext()
   at System.Threading.Tasks.AwaitTaskContinuation.RunOrScheduleAction(IAsyncStateMachineBox box, Boolean allowInlining)
   at System.Threading.Tasks.Task.RunContinuations(Object continuationObject)
   at Polly.Utils.Pipeline.BridgeComponent`1.<>c__4`2.<<ExecuteCore>b__4_1>d.MoveNext()
   at System.Runtime.CompilerServices.AsyncTaskMethodBuilder`1.AsyncStateMachineBox`1.ExecutionContextCallback(Object s)
   at System.Threading.ExecutionContext.RunInternal(ExecutionContext executionContext, ContextCallback callback, Object state)
   at System.Runtime.CompilerServices.AsyncTaskMethodBuilder`1.AsyncStateMachineBox`1.MoveNext(Thread threadPoolThread)
   at System.Runtime.CompilerServices.AsyncTaskMethodBuilder`1.AsyncStateMachineBox`1.MoveNext()
   at System.Threading.Tasks.AwaitTaskContinuation.RunOrScheduleAction(IAsyncStateMachineBox box, Boolean allowInlining)
   at System.Threading.Tasks.Task.RunContinuations(Object continuationObject)
   at Polly.ResiliencePipeline.<>c__10`1.<<ExecuteAsync>b__10_0>d.MoveNext()
   at System.Runtime.CompilerServices.AsyncTaskMethodBuilder`1.AsyncStateMachineBox`1.ExecutionContextCallback(Object s)
   at System.Threading.ExecutionContext.RunInternal(ExecutionContext executionContext, ContextCallback callback, Object state)
   at System.Runtime.CompilerServices.AsyncTaskMethodBuilder`1.AsyncStateMachineBox`1.MoveNext(Thread threadPoolThread)
   at System.Runtime.CompilerServices.AsyncTaskMethodBuilder`1.AsyncStateMachineBox`1.MoveNext()
   at System.Threading.Tasks.AwaitTaskContinuation.RunOrScheduleAction(IAsyncStateMachineBox box, Boolean allowInlining)
   at System.Threading.Tasks.Task.RunContinuations(Object continuationObject)
   at System.Runtime.CompilerServices.AsyncValueTaskMethodBuilder`1.SetException(Exception exception)
   at Aspire.Hosting.Dcp.KubernetesService.<>c__DisplayClass29_0`1.<<ExecuteWithRetry>b__1>d.MoveNext() in /_/src/Aspire.Hosting/Dcp/KubernetesService.cs:line 485
   at System.Runtime.CompilerServices.AsyncTaskMethodBuilder`1.AsyncStateMachineBox`1.ExecutionContextCallback(Object s)
   at System.Threading.ExecutionContext.RunInternal(ExecutionContext executionContext, ContextCallback callback, Object state)
   at System.Runtime.CompilerServices.AsyncTaskMethodBuilder`1.AsyncStateMachineBox`1.MoveNext(Thread threadPoolThread)
   at System.Runtime.CompilerServices.AsyncTaskMethodBuilder`1.AsyncStateMachineBox`1.MoveNext()
   at System.Threading.Tasks.AwaitTaskContinuation.RunOrScheduleAction(IAsyncStateMachineBox box, Boolean allowInlining)
   at System.Threading.Tasks.Task.RunContinuations(Object continuationObject)
   at System.Threading.Tasks.Task.TrySetCanceled(CancellationToken tokenToRecord, Object cancellationException)
   at System.Runtime.CompilerServices.AsyncTaskMethodBuilder`1.SetException(Exception exception, Task`1& taskField)
   at System.Runtime.CompilerServices.AsyncTaskMethodBuilder`1.SetException(Exception exception)
   at Aspire.Hosting.Dcp.KubernetesService.EnsureKubernetesAsync(CancellationToken cancellationToken) in /_/src/Aspire.Hosting/Dcp/KubernetesService.cs:line 579
   at System.Runtime.CompilerServices.AsyncTaskMethodBuilder`1.AsyncStateMachineBox`1.ExecutionContextCallback(Object s)
   at System.Threading.ExecutionContext.RunInternal(ExecutionContext executionContext, ContextCallback callback, Object state)
   at System.Runtime.CompilerServices.AsyncTaskMethodBuilder`1.AsyncStateMachineBox`1.MoveNext(Thread threadPoolThread)
   at System.Runtime.CompilerServices.AsyncTaskMethodBuilder`1.AsyncStateMachineBox`1.MoveNext()
   at System.Threading.Tasks.AwaitTaskContinuation.RunOrScheduleAction(IAsyncStateMachineBox box, Boolean allowInlining)
   at System.Threading.Tasks.Task.RunContinuations(Object continuationObject)
   at System.Threading.Tasks.Task.TrySetCanceled(CancellationToken tokenToRecord, Object cancellationException)
   at System.Runtime.CompilerServices.AsyncTaskMethodBuilder`1.SetException(Exception exception, Task`1& taskField)
   at System.Threading.SemaphoreSlim.WaitUntilCountOrTimeoutAsync(TaskNode asyncWaiter, Int64 millisecondsTimeout, CancellationToken cancellationToken)
   at System.Threading.ExecutionContext.RunFromThreadPoolDispatchLoop(Thread threadPoolThread, ExecutionContext executionContext, ContextCallback callback, Object state)
   at System.Runtime.CompilerServices.AsyncTaskMethodBuilder`1.AsyncStateMachineBox`1.MoveNext(Thread threadPoolThread)
   at System.Threading.ThreadPoolWorkQueue.Dispatch()
   at System.Threading.PortableThreadPool.WorkerThread.WorkerThreadStart()
   at System.Threading.Thread.StartCallback()
--- End of stack trace from previous location ---
   at Polly.Outcome`1.GetResultOrRethrow()
   at Polly.ResiliencePipeline.ExecuteAsync[TResult](Func`2 callback, CancellationToken cancellationToken)
   at Aspire.Hosting.Dcp.KubernetesService.ExecuteWithRetry[TResult](DcpApiOperationType operationType, String resourceType, Func`2 operation, Func`2 isRetryable, CancellationToken cancellationToken) in /_/src/Aspire.Hosting/Dcp/KubernetesService.cs:line 481
   at Aspire.Hosting.Dcp.DcpExecutor.<>c__DisplayClass46_1`1.<<CreateDcpObjectsAsync>b__0>d.MoveNext() in /_/src/Aspire.Hosting/Dcp/DcpExecutor.cs:line 612
--- End of stack trace from previous location ---
   at Aspire.Hosting.Dcp.DcpExecutor.CreateDcpObjectsAsync[RT](IEnumerable`1 objects, CancellationToken cancellationToken) in /_/src/Aspire.Hosting/Dcp/DcpExecutor.cs:line 615
   at Aspire.Hosting.Dcp.DcpExecutor.<>c__DisplayClass33_1.<<RunApplicationAsync>b__1>d.MoveNext() in /_/src/Aspire.Hosting/Dcp/DcpExecutor.cs:line 188
--- End of stack trace from previous location ---
   at Aspire.Hosting.Dcp.DcpExecutor.<>c__DisplayClass33_1.<<RunApplicationAsync>b__3>d.MoveNext() in /_/src/Aspire.Hosting/Dcp/DcpExecutor.cs:line 200
--- End of stack trace from previous location ---
   at Aspire.Hosting.Dcp.DcpExecutor.<>c__DisplayClass33_1.<<RunApplicationAsync>b__4>d.MoveNext() in /_/src/Aspire.Hosting/Dcp/DcpExecutor.cs:line 216
--- End of stack trace from previous location ---
   at Aspire.Hosting.Dcp.DcpExecutor.RunApplicationAsync(CancellationToken ct) in /_/src/Aspire.Hosting/Dcp/DcpExecutor.cs:line 244
   at Aspire.Hosting.Orchestrator.ApplicationOrchestrator.RunApplicationAsync(CancellationToken cancellationToken) in /_/src/Aspire.Hosting/Orchestrator/ApplicationOrchestrator.cs:line 555
   at Aspire.Hosting.Orchestrator.OrchestratorHostService.StartAsync(CancellationToken cancellationToken) in /_/src/Aspire.Hosting/Orchestrator/OrchestratorHostService.cs:line 41
   at Microsoft.Extensions.Hosting.Internal.Host.<StartAsync>b__14_1(IHostedService service, CancellationToken token)
   at Microsoft.Extensions.Hosting.Internal.Host.ForeachService[T](IEnumerable`1 services, CancellationToken token, Boolean concurrent, Boolean abortOnFirstException, List`1 exceptions, Func`3 operation)
   at Microsoft.Extensions.Hosting.Internal.Host.StartAsync(CancellationToken cancellationToken)
   at Aspire.Hosting.Testing.DistributedApplicationFactory.ObservedHost.StartAsync(CancellationToken cancellationToken) in /_/src/Aspire.Hosting.Testing/DistributedApplicationFactory.cs:line 598
   at Aspire.Hosting.Testing.DistributedApplicationFactory.StartAsync(CancellationToken cancellationToken) in /_/src/Aspire.Hosting.Testing/DistributedApplicationFactory.cs:line 73
   at Aspire.Hosting.Testing.DistributedApplicationTestingBuilder.SuspendingDistributedApplicationFactory.DelegatedHost.StartAsync(CancellationToken cancellationToken) in /_/src/Aspire.Hosting.Testing/DistributedApplicationTestingBuilder.cs:line 314
   at Aspire.Hosting.Testing.DistributedApplicationTestingBuilder.SuspendingDistributedApplicationFactory.DelegatedDistributedApplication.StartAsync(CancellationToken cancellationToken) in /_/src/Aspire.Hosting.Testing/DistributedApplicationTestingBuilder.cs:line 289
   at AppHost.Tests.Infrastructure.ClearCommandAppFixture.InitializeAsync() in /home/teqs/github/MyBlog/tests/AppHost.Tests/Infrastructure/ClearCommandAppFixture.cs:line 53
----- Inner Stack Trace -----
   at System.Threading.CancellationToken.ThrowOperationCanceledException()
   at System.Threading.SemaphoreSlim.WaitUntilCountOrTimeoutAsync(TaskNode asyncWaiter, Int64 millisecondsTimeout, CancellationToken cancellationToken)
   at Aspire.Hosting.Dcp.KubernetesService.EnsureKubernetesAsync(CancellationToken cancellationToken) in /_/src/Aspire.Hosting/Dcp/KubernetesService.cs:line 579
   at Aspire.Hosting.Dcp.KubernetesService.<>c__DisplayClass29_0`1.<<ExecuteWithRetry>b__1>d.MoveNext() in /_/src/Aspire.Hosting/Dcp/KubernetesService.cs:line 485
--- End of stack trace from previous location ---
   at Polly.ResiliencePipeline.<>c__10`1.<<ExecuteAsync>b__10_0>d.MoveNext()
  Failed SeedMyBlogData Concurrent Invocations Allow Only One Run [1 ms]
  Error Message:
   Collection fixture type 'AppHost.Tests.Infrastructure.ClearCommandAppFixture' threw in InitializeAsync
---- Polly.Timeout.TimeoutRejectedException : The operation didn't complete within the allowed timeout of '00:00:20'.
-------- System.OperationCanceledException : The operation was canceled.
  Stack Trace:
  
----- Inner Stack Trace -----
   at Polly.Utils.ExceptionUtilities.TrySetStackTrace[T](T exception)
   at Polly.Timeout.TimeoutResilienceStrategy.ExecuteCore[TResult,TState](Func`3 callback, ResilienceContext context, TState state)
   at System.Runtime.CompilerServices.AsyncTaskMethodBuilder`1.AsyncStateMachineBox`1.ExecutionContextCallback(Object s)
   at System.Threading.ExecutionContext.RunInternal(ExecutionContext executionContext, ContextCallback callback, Object state)
   at System.Runtime.CompilerServices.AsyncTaskMethodBuilder`1.AsyncStateMachineBox`1.MoveNext(Thread threadPoolThread)
   at System.Runtime.CompilerServices.AsyncTaskMethodBuilder`1.AsyncStateMachineBox`1.MoveNext()
   at System.Threading.Tasks.AwaitTaskContinuation.RunOrScheduleAction(IAsyncStateMachineBox box, Boolean allowInlining)
   at System.Threading.Tasks.Task.RunContinuations(Object continuationObject)
   at Polly.Utils.Pipeline.BridgeComponent`1.<ExecuteCore>g__ConvertValueTaskAsync|4_0[TResult,TState](ValueTask`1 valueTask, ResilienceContext resilienceContext)
   at System.Runtime.CompilerServices.AsyncTaskMethodBuilder`1.AsyncStateMachineBox`1.ExecutionContextCallback(Object s)
   at System.Threading.ExecutionContext.RunInternal(ExecutionContext executionContext, ContextCallback callback, Object state)
   at System.Runtime.CompilerServices.AsyncTaskMethodBuilder`1.AsyncStateMachineBox`1.MoveNext(Thread threadPoolThread)
   at System.Runtime.CompilerServices.AsyncTaskMethodBuilder`1.AsyncStateMachineBox`1.MoveNext()
   at System.Threading.Tasks.AwaitTaskContinuation.RunOrScheduleAction(IAsyncStateMachineBox box, Boolean allowInlining)
   at System.Threading.Tasks.Task.RunContinuations(Object continuationObject)
   at Polly.Retry.RetryResilienceStrategy`1.ExecuteCore[TState](Func`3 callback, ResilienceContext context, TState state)
   at System.Runtime.CompilerServices.AsyncTaskMethodBuilder`1.AsyncStateMachineBox`1.ExecutionContextCallback(Object s)
   at System.Threading.ExecutionContext.RunInternal(ExecutionContext executionContext, ContextCallback callback, Object state)
   at System.Runtime.CompilerServices.AsyncTaskMethodBuilder`1.AsyncStateMachineBox`1.MoveNext(Thread threadPoolThread)
   at System.Runtime.CompilerServices.AsyncTaskMethodBuilder`1.AsyncStateMachineBox`1.MoveNext()
   at System.Threading.Tasks.AwaitTaskContinuation.RunOrScheduleAction(IAsyncStateMachineBox box, Boolean allowInlining)
   at System.Threading.Tasks.Task.RunContinuations(Object continuationObject)
   at Polly.Utils.Pipeline.BridgeComponent`1.<>c__4`2.<<ExecuteCore>b__4_1>d.MoveNext()
   at System.Runtime.CompilerServices.AsyncTaskMethodBuilder`1.AsyncStateMachineBox`1.ExecutionContextCallback(Object s)
   at System.Threading.ExecutionContext.RunInternal(ExecutionContext executionContext, ContextCallback callback, Object state)
   at System.Runtime.CompilerServices.AsyncTaskMethodBuilder`1.AsyncStateMachineBox`1.MoveNext(Thread threadPoolThread)
   at System.Runtime.CompilerServices.AsyncTaskMethodBuilder`1.AsyncStateMachineBox`1.MoveNext()
   at System.Threading.Tasks.AwaitTaskContinuation.RunOrScheduleAction(IAsyncStateMachineBox box, Boolean allowInlining)
   at System.Threading.Tasks.Task.RunContinuations(Object continuationObject)
   at Polly.ResiliencePipeline.<>c__10`1.<<ExecuteAsync>b__10_0>d.MoveNext()
   at System.Runtime.CompilerServices.AsyncTaskMethodBuilder`1.AsyncStateMachineBox`1.ExecutionContextCallback(Object s)
   at System.Threading.ExecutionContext.RunInternal(ExecutionContext executionContext, ContextCallback callback, Object state)
   at System.Runtime.CompilerServices.AsyncTaskMethodBuilder`1.AsyncStateMachineBox`1.MoveNext(Thread threadPoolThread)
   at System.Runtime.CompilerServices.AsyncTaskMethodBuilder`1.AsyncStateMachineBox`1.MoveNext()
   at System.Threading.Tasks.AwaitTaskContinuation.RunOrScheduleAction(IAsyncStateMachineBox box, Boolean allowInlining)
   at System.Threading.Tasks.Task.RunContinuations(Object continuationObject)
   at System.Runtime.CompilerServices.AsyncValueTaskMethodBuilder`1.SetException(Exception exception)
   at Aspire.Hosting.Dcp.KubernetesService.<>c__DisplayClass29_0`1.<<ExecuteWithRetry>b__1>d.MoveNext() in /_/src/Aspire.Hosting/Dcp/KubernetesService.cs:line 485
   at System.Runtime.CompilerServices.AsyncTaskMethodBuilder`1.AsyncStateMachineBox`1.ExecutionContextCallback(Object s)
   at System.Threading.ExecutionContext.RunInternal(ExecutionContext executionContext, ContextCallback callback, Object state)
   at System.Runtime.CompilerServices.AsyncTaskMethodBuilder`1.AsyncStateMachineBox`1.MoveNext(Thread threadPoolThread)
   at System.Runtime.CompilerServices.AsyncTaskMethodBuilder`1.AsyncStateMachineBox`1.MoveNext()
   at System.Threading.Tasks.AwaitTaskContinuation.RunOrScheduleAction(IAsyncStateMachineBox box, Boolean allowInlining)
   at System.Threading.Tasks.Task.RunContinuations(Object continuationObject)
   at System.Threading.Tasks.Task.TrySetCanceled(CancellationToken tokenToRecord, Object cancellationException)
   at System.Runtime.CompilerServices.AsyncTaskMethodBuilder`1.SetException(Exception exception, Task`1& taskField)
   at System.Runtime.CompilerServices.AsyncTaskMethodBuilder`1.SetException(Exception exception)
   at Aspire.Hosting.Dcp.KubernetesService.EnsureKubernetesAsync(CancellationToken cancellationToken) in /_/src/Aspire.Hosting/Dcp/KubernetesService.cs:line 579
   at System.Runtime.CompilerServices.AsyncTaskMethodBuilder`1.AsyncStateMachineBox`1.ExecutionContextCallback(Object s)
   at System.Threading.ExecutionContext.RunInternal(ExecutionContext executionContext, ContextCallback callback, Object state)
   at System.Runtime.CompilerServices.AsyncTaskMethodBuilder`1.AsyncStateMachineBox`1.MoveNext(Thread threadPoolThread)
   at System.Runtime.CompilerServices.AsyncTaskMethodBuilder`1.AsyncStateMachineBox`1.MoveNext()
   at System.Threading.Tasks.AwaitTaskContinuation.RunOrScheduleAction(IAsyncStateMachineBox box, Boolean allowInlining)
   at System.Threading.Tasks.Task.RunContinuations(Object continuationObject)
   at System.Threading.Tasks.Task.TrySetCanceled(CancellationToken tokenToRecord, Object cancellationException)
   at System.Runtime.CompilerServices.AsyncTaskMethodBuilder`1.SetException(Exception exception, Task`1& taskField)
   at System.Threading.SemaphoreSlim.WaitUntilCountOrTimeoutAsync(TaskNode asyncWaiter, Int64 millisecondsTimeout, CancellationToken cancellationToken)
   at System.Threading.ExecutionContext.RunFromThreadPoolDispatchLoop(Thread threadPoolThread, ExecutionContext executionContext, ContextCallback callback, Object state)
   at System.Runtime.CompilerServices.AsyncTaskMethodBuilder`1.AsyncStateMachineBox`1.MoveNext(Thread threadPoolThread)
   at System.Threading.ThreadPoolWorkQueue.Dispatch()
   at System.Threading.PortableThreadPool.WorkerThread.WorkerThreadStart()
   at System.Threading.Thread.StartCallback()
--- End of stack trace from previous location ---
   at Polly.Outcome`1.GetResultOrRethrow()
   at Polly.ResiliencePipeline.ExecuteAsync[TResult](Func`2 callback, CancellationToken cancellationToken)
   at Aspire.Hosting.Dcp.KubernetesService.ExecuteWithRetry[TResult](DcpApiOperationType operationType, String resourceType, Func`2 operation, Func`2 isRetryable, CancellationToken cancellationToken) in /_/src/Aspire.Hosting/Dcp/KubernetesService.cs:line 481
   at Aspire.Hosting.Dcp.DcpExecutor.<>c__DisplayClass46_1`1.<<CreateDcpObjectsAsync>b__0>d.MoveNext() in /_/src/Aspire.Hosting/Dcp/DcpExecutor.cs:line 612
--- End of stack trace from previous location ---
   at Aspire.Hosting.Dcp.DcpExecutor.CreateDcpObjectsAsync[RT](IEnumerable`1 objects, CancellationToken cancellationToken) in /_/src/Aspire.Hosting/Dcp/DcpExecutor.cs:line 615
   at Aspire.Hosting.Dcp.DcpExecutor.<>c__DisplayClass33_1.<<RunApplicationAsync>b__1>d.MoveNext() in /_/src/Aspire.Hosting/Dcp/DcpExecutor.cs:line 188
--- End of stack trace from previous location ---
   at Aspire.Hosting.Dcp.DcpExecutor.<>c__DisplayClass33_1.<<RunApplicationAsync>b__3>d.MoveNext() in /_/src/Aspire.Hosting/Dcp/DcpExecutor.cs:line 200
--- End of stack trace from previous location ---
   at Aspire.Hosting.Dcp.DcpExecutor.<>c__DisplayClass33_1.<<RunApplicationAsync>b__4>d.MoveNext() in /_/src/Aspire.Hosting/Dcp/DcpExecutor.cs:line 216
--- End of stack trace from previous location ---
   at Aspire.Hosting.Dcp.DcpExecutor.RunApplicationAsync(CancellationToken ct) in /_/src/Aspire.Hosting/Dcp/DcpExecutor.cs:line 244
   at Aspire.Hosting.Orchestrator.ApplicationOrchestrator.RunApplicationAsync(CancellationToken cancellationToken) in /_/src/Aspire.Hosting/Orchestrator/ApplicationOrchestrator.cs:line 555
   at Aspire.Hosting.Orchestrator.OrchestratorHostService.StartAsync(CancellationToken cancellationToken) in /_/src/Aspire.Hosting/Orchestrator/OrchestratorHostService.cs:line 41
   at Microsoft.Extensions.Hosting.Internal.Host.<StartAsync>b__14_1(IHostedService service, CancellationToken token)
   at Microsoft.Extensions.Hosting.Internal.Host.ForeachService[T](IEnumerable`1 services, CancellationToken token, Boolean concurrent, Boolean abortOnFirstException, List`1 exceptions, Func`3 operation)
   at Microsoft.Extensions.Hosting.Internal.Host.StartAsync(CancellationToken cancellationToken)
   at Aspire.Hosting.Testing.DistributedApplicationFactory.ObservedHost.StartAsync(CancellationToken cancellationToken) in /_/src/Aspire.Hosting.Testing/DistributedApplicationFactory.cs:line 598
   at Aspire.Hosting.Testing.DistributedApplicationFactory.StartAsync(CancellationToken cancellationToken) in /_/src/Aspire.Hosting.Testing/DistributedApplicationFactory.cs:line 73
   at Aspire.Hosting.Testing.DistributedApplicationTestingBuilder.SuspendingDistributedApplicationFactory.DelegatedHost.StartAsync(CancellationToken cancellationToken) in /_/src/Aspire.Hosting.Testing/DistributedApplicationTestingBuilder.cs:line 314
   at Aspire.Hosting.Testing.DistributedApplicationTestingBuilder.SuspendingDistributedApplicationFactory.DelegatedDistributedApplication.StartAsync(CancellationToken cancellationToken) in /_/src/Aspire.Hosting.Testing/DistributedApplicationTestingBuilder.cs:line 289
   at AppHost.Tests.Infrastructure.ClearCommandAppFixture.InitializeAsync() in /home/teqs/github/MyBlog/tests/AppHost.Tests/Infrastructure/ClearCommandAppFixture.cs:line 53
----- Inner Stack Trace -----
   at System.Threading.CancellationToken.ThrowOperationCanceledException()
   at System.Threading.SemaphoreSlim.WaitUntilCountOrTimeoutAsync(TaskNode asyncWaiter, Int64 millisecondsTimeout, CancellationToken cancellationToken)
   at Aspire.Hosting.Dcp.KubernetesService.EnsureKubernetesAsync(CancellationToken cancellationToken) in /_/src/Aspire.Hosting/Dcp/KubernetesService.cs:line 579
   at Aspire.Hosting.Dcp.KubernetesService.<>c__DisplayClass29_0`1.<<ExecuteWithRetry>b__1>d.MoveNext() in /_/src/Aspire.Hosting/Dcp/KubernetesService.cs:line 485
--- End of stack trace from previous location ---
   at Polly.ResiliencePipeline.<>c__10`1.<<ExecuteAsync>b__10_0>d.MoveNext()
  Failed SeedMyBlogData Inserts Expected Documents Into BlogPosts Collection [1 ms]
  Error Message:
   Collection fixture type 'AppHost.Tests.Infrastructure.ClearCommandAppFixture' threw in InitializeAsync
---- Polly.Timeout.TimeoutRejectedException : The operation didn't complete within the allowed timeout of '00:00:20'.
-------- System.OperationCanceledException : The operation was canceled.
  Stack Trace:
  
----- Inner Stack Trace -----
   at Polly.Utils.ExceptionUtilities.TrySetStackTrace[T](T exception)
   at Polly.Timeout.TimeoutResilienceStrategy.ExecuteCore[TResult,TState](Func`3 callback, ResilienceContext context, TState state)
   at System.Runtime.CompilerServices.AsyncTaskMethodBuilder`1.AsyncStateMachineBox`1.ExecutionContextCallback(Object s)
   at System.Threading.ExecutionContext.RunInternal(ExecutionContext executionContext, ContextCallback callback, Object state)
   at System.Runtime.CompilerServices.AsyncTaskMethodBuilder`1.AsyncStateMachineBox`1.MoveNext(Thread threadPoolThread)
   at System.Runtime.CompilerServices.AsyncTaskMethodBuilder`1.AsyncStateMachineBox`1.MoveNext()
   at System.Threading.Tasks.AwaitTaskContinuation.RunOrScheduleAction(IAsyncStateMachineBox box, Boolean allowInlining)
   at System.Threading.Tasks.Task.RunContinuations(Object continuationObject)
   at Polly.Utils.Pipeline.BridgeComponent`1.<ExecuteCore>g__ConvertValueTaskAsync|4_0[TResult,TState](ValueTask`1 valueTask, ResilienceContext resilienceContext)
   at System.Runtime.CompilerServices.AsyncTaskMethodBuilder`1.AsyncStateMachineBox`1.ExecutionContextCallback(Object s)
   at System.Threading.ExecutionContext.RunInternal(ExecutionContext executionContext, ContextCallback callback, Object state)
   at System.Runtime.CompilerServices.AsyncTaskMethodBuilder`1.AsyncStateMachineBox`1.MoveNext(Thread threadPoolThread)
   at System.Runtime.CompilerServices.AsyncTaskMethodBuilder`1.AsyncStateMachineBox`1.MoveNext()
   at System.Threading.Tasks.AwaitTaskContinuation.RunOrScheduleAction(IAsyncStateMachineBox box, Boolean allowInlining)
   at System.Threading.Tasks.Task.RunContinuations(Object continuationObject)
   at Polly.Retry.RetryResilienceStrategy`1.ExecuteCore[TState](Func`3 callback, ResilienceContext context, TState state)
   at System.Runtime.CompilerServices.AsyncTaskMethodBuilder`1.AsyncStateMachineBox`1.ExecutionContextCallback(Object s)
   at System.Threading.ExecutionContext.RunInternal(ExecutionContext executionContext, ContextCallback callback, Object state)
   at System.Runtime.CompilerServices.AsyncTaskMethodBuilder`1.AsyncStateMachineBox`1.MoveNext(Thread threadPoolThread)
   at System.Runtime.CompilerServices.AsyncTaskMethodBuilder`1.AsyncStateMachineBox`1.MoveNext()
   at System.Threading.Tasks.AwaitTaskContinuation.RunOrScheduleAction(IAsyncStateMachineBox box, Boolean allowInlining)
   at System.Threading.Tasks.Task.RunContinuations(Object continuationObject)
   at Polly.Utils.Pipeline.BridgeComponent`1.<>c__4`2.<<ExecuteCore>b__4_1>d.MoveNext()
   at System.Runtime.CompilerServices.AsyncTaskMethodBuilder`1.AsyncStateMachineBox`1.ExecutionContextCallback(Object s)
   at System.Threading.ExecutionContext.RunInternal(ExecutionContext executionContext, ContextCallback callback, Object state)
   at System.Runtime.CompilerServices.AsyncTaskMethodBuilder`1.AsyncStateMachineBox`1.MoveNext(Thread threadPoolThread)
   at System.Runtime.CompilerServices.AsyncTaskMethodBuilder`1.AsyncStateMachineBox`1.MoveNext()
   at System.Threading.Tasks.AwaitTaskContinuation.RunOrScheduleAction(IAsyncStateMachineBox box, Boolean allowInlining)
   at System.Threading.Tasks.Task.RunContinuations(Object continuationObject)
   at Polly.ResiliencePipeline.<>c__10`1.<<ExecuteAsync>b__10_0>d.MoveNext()
   at System.Runtime.CompilerServices.AsyncTaskMethodBuilder`1.AsyncStateMachineBox`1.ExecutionContextCallback(Object s)
   at System.Threading.ExecutionContext.RunInternal(ExecutionContext executionContext, ContextCallback callback, Object state)
   at System.Runtime.CompilerServices.AsyncTaskMethodBuilder`1.AsyncStateMachineBox`1.MoveNext(Thread threadPoolThread)
   at System.Runtime.CompilerServices.AsyncTaskMethodBuilder`1.AsyncStateMachineBox`1.MoveNext()
   at System.Threading.Tasks.AwaitTaskContinuation.RunOrScheduleAction(IAsyncStateMachineBox box, Boolean allowInlining)
   at System.Threading.Tasks.Task.RunContinuations(Object continuationObject)
   at System.Runtime.CompilerServices.AsyncValueTaskMethodBuilder`1.SetException(Exception exception)
   at Aspire.Hosting.Dcp.KubernetesService.<>c__DisplayClass29_0`1.<<ExecuteWithRetry>b__1>d.MoveNext() in /_/src/Aspire.Hosting/Dcp/KubernetesService.cs:line 485
   at System.Runtime.CompilerServices.AsyncTaskMethodBuilder`1.AsyncStateMachineBox`1.ExecutionContextCallback(Object s)
   at System.Threading.ExecutionContext.RunInternal(ExecutionContext executionContext, ContextCallback callback, Object state)
   at System.Runtime.CompilerServices.AsyncTaskMethodBuilder`1.AsyncStateMachineBox`1.MoveNext(Thread threadPoolThread)
   at System.Runtime.CompilerServices.AsyncTaskMethodBuilder`1.AsyncStateMachineBox`1.MoveNext()
   at System.Threading.Tasks.AwaitTaskContinuation.RunOrScheduleAction(IAsyncStateMachineBox box, Boolean allowInlining)
   at System.Threading.Tasks.Task.RunContinuations(Object continuationObject)
   at System.Threading.Tasks.Task.TrySetCanceled(CancellationToken tokenToRecord, Object cancellationException)
   at System.Runtime.CompilerServices.AsyncTaskMethodBuilder`1.SetException(Exception exception, Task`1& taskField)
   at System.Runtime.CompilerServices.AsyncTaskMethodBuilder`1.SetException(Exception exception)
   at Aspire.Hosting.Dcp.KubernetesService.EnsureKubernetesAsync(CancellationToken cancellationToken) in /_/src/Aspire.Hosting/Dcp/KubernetesService.cs:line 579
   at System.Runtime.CompilerServices.AsyncTaskMethodBuilder`1.AsyncStateMachineBox`1.ExecutionContextCallback(Object s)
   at System.Threading.ExecutionContext.RunInternal(ExecutionContext executionContext, ContextCallback callback, Object state)
   at System.Runtime.CompilerServices.AsyncTaskMethodBuilder`1.AsyncStateMachineBox`1.MoveNext(Thread threadPoolThread)
   at System.Runtime.CompilerServices.AsyncTaskMethodBuilder`1.AsyncStateMachineBox`1.MoveNext()
   at System.Threading.Tasks.AwaitTaskContinuation.RunOrScheduleAction(IAsyncStateMachineBox box, Boolean allowInlining)
   at System.Threading.Tasks.Task.RunContinuations(Object continuationObject)
   at System.Threading.Tasks.Task.TrySetCanceled(CancellationToken tokenToRecord, Object cancellationException)
   at System.Runtime.CompilerServices.AsyncTaskMethodBuilder`1.SetException(Exception exception, Task`1& taskField)
   at System.Threading.SemaphoreSlim.WaitUntilCountOrTimeoutAsync(TaskNode asyncWaiter, Int64 millisecondsTimeout, CancellationToken cancellationToken)
   at System.Threading.ExecutionContext.RunFromThreadPoolDispatchLoop(Thread threadPoolThread, ExecutionContext executionContext, ContextCallback callback, Object state)
   at System.Runtime.CompilerServices.AsyncTaskMethodBuilder`1.AsyncStateMachineBox`1.MoveNext(Thread threadPoolThread)
   at System.Threading.ThreadPoolWorkQueue.Dispatch()
   at System.Threading.PortableThreadPool.WorkerThread.WorkerThreadStart()
   at System.Threading.Thread.StartCallback()
--- End of stack trace from previous location ---
   at Polly.Outcome`1.GetResultOrRethrow()
   at Polly.ResiliencePipeline.ExecuteAsync[TResult](Func`2 callback, CancellationToken cancellationToken)
   at Aspire.Hosting.Dcp.KubernetesService.ExecuteWithRetry[TResult](DcpApiOperationType operationType, String resourceType, Func`2 operation, Func`2 isRetryable, CancellationToken cancellationToken) in /_/src/Aspire.Hosting/Dcp/KubernetesService.cs:line 481
   at Aspire.Hosting.Dcp.DcpExecutor.<>c__DisplayClass46_1`1.<<CreateDcpObjectsAsync>b__0>d.MoveNext() in /_/src/Aspire.Hosting/Dcp/DcpExecutor.cs:line 612
--- End of stack trace from previous location ---
   at Aspire.Hosting.Dcp.DcpExecutor.CreateDcpObjectsAsync[RT](IEnumerable`1 objects, CancellationToken cancellationToken) in /_/src/Aspire.Hosting/Dcp/DcpExecutor.cs:line 615
   at Aspire.Hosting.Dcp.DcpExecutor.<>c__DisplayClass33_1.<<RunApplicationAsync>b__1>d.MoveNext() in /_/src/Aspire.Hosting/Dcp/DcpExecutor.cs:line 188
--- End of stack trace from previous location ---
   at Aspire.Hosting.Dcp.DcpExecutor.<>c__DisplayClass33_1.<<RunApplicationAsync>b__3>d.MoveNext() in /_/src/Aspire.Hosting/Dcp/DcpExecutor.cs:line 200
--- End of stack trace from previous location ---
   at Aspire.Hosting.Dcp.DcpExecutor.<>c__DisplayClass33_1.<<RunApplicationAsync>b__4>d.MoveNext() in /_/src/Aspire.Hosting/Dcp/DcpExecutor.cs:line 216
--- End of stack trace from previous location ---
   at Aspire.Hosting.Dcp.DcpExecutor.RunApplicationAsync(CancellationToken ct) in /_/src/Aspire.Hosting/Dcp/DcpExecutor.cs:line 244
   at Aspire.Hosting.Orchestrator.ApplicationOrchestrator.RunApplicationAsync(CancellationToken cancellationToken) in /_/src/Aspire.Hosting/Orchestrator/ApplicationOrchestrator.cs:line 555
   at Aspire.Hosting.Orchestrator.OrchestratorHostService.StartAsync(CancellationToken cancellationToken) in /_/src/Aspire.Hosting/Orchestrator/OrchestratorHostService.cs:line 41
   at Microsoft.Extensions.Hosting.Internal.Host.<StartAsync>b__14_1(IHostedService service, CancellationToken token)
   at Microsoft.Extensions.Hosting.Internal.Host.ForeachService[T](IEnumerable`1 services, CancellationToken token, Boolean concurrent, Boolean abortOnFirstException, List`1 exceptions, Func`3 operation)
   at Microsoft.Extensions.Hosting.Internal.Host.StartAsync(CancellationToken cancellationToken)
   at Aspire.Hosting.Testing.DistributedApplicationFactory.ObservedHost.StartAsync(CancellationToken cancellationToken) in /_/src/Aspire.Hosting.Testing/DistributedApplicationFactory.cs:line 598
   at Aspire.Hosting.Testing.DistributedApplicationFactory.StartAsync(CancellationToken cancellationToken) in /_/src/Aspire.Hosting.Testing/DistributedApplicationFactory.cs:line 73
   at Aspire.Hosting.Testing.DistributedApplicationTestingBuilder.SuspendingDistributedApplicationFactory.DelegatedHost.StartAsync(CancellationToken cancellationToken) in /_/src/Aspire.Hosting.Testing/DistributedApplicationTestingBuilder.cs:line 314
   at Aspire.Hosting.Testing.DistributedApplicationTestingBuilder.SuspendingDistributedApplicationFactory.DelegatedDistributedApplication.StartAsync(CancellationToken cancellationToken) in /_/src/Aspire.Hosting.Testing/DistributedApplicationTestingBuilder.cs:line 289
   at AppHost.Tests.Infrastructure.ClearCommandAppFixture.InitializeAsync() in /home/teqs/github/MyBlog/tests/AppHost.Tests/Infrastructure/ClearCommandAppFixture.cs:line 53
----- Inner Stack Trace -----
   at System.Threading.CancellationToken.ThrowOperationCanceledException()
   at System.Threading.SemaphoreSlim.WaitUntilCountOrTimeoutAsync(TaskNode asyncWaiter, Int64 millisecondsTimeout, CancellationToken cancellationToken)
   at Aspire.Hosting.Dcp.KubernetesService.EnsureKubernetesAsync(CancellationToken cancellationToken) in /_/src/Aspire.Hosting/Dcp/KubernetesService.cs:line 579
   at Aspire.Hosting.Dcp.KubernetesService.<>c__DisplayClass29_0`1.<<ExecuteWithRetry>b__1>d.MoveNext() in /_/src/Aspire.Hosting/Dcp/KubernetesService.cs:line 485
--- End of stack trace from previous location ---
   at Polly.ResiliencePipeline.<>c__10`1.<<ExecuteAsync>b__10_0>d.MoveNext()
  Passed AppHost Source Pins MongoDb 7 To Its Own Data Volume Name [2 ms]
  Passed MongoDb Resource Uses A New Data Volume For The Pinned MongoDb 7 Image [4 ms]
  Passed MongoDb Resource Overrides Known Crashing Aspire Default Image Tag [3 ms]
  Passed AppHost Source Pins MongoDb Image Away From The Known Crashing Default [< 1 ms]
  Passed MongoDb Resource Exposes ShowMyBlogStats Command Annotation [4 ms]
  Passed ShowMyBlogStats UpdateState Returns Enabled When MongoDB Is Healthy [3 ms]
  Passed ShowMyBlogStats Command Is Not Highlighted [2 ms]
  Passed ShowMyBlogStats UpdateState Returns Disabled When MongoDB Is Unhealthy [2 ms]
  Passed ShowMyBlogStats Command Has No ConfirmationMessage [3 ms]
[xUnit.net 00:02:02.30]     HomePage AuthenticatedView PageLoads [FAIL]
[xUnit.net 00:02:02.30]       Collection fixture type 'AppHost.Tests.Infrastructure.AspireManager' threw in InitializeAsync
[xUnit.net 00:02:02.30]       ---- Microsoft.Playwright.PlaywrightException : Executable doesn't exist at /home/teqs/.cache/ms-playwright/chromium_headless_shell-1228/chrome-headless-shell-linux64/chrome-headless-shell
[xUnit.net 00:02:02.30]       ╔════════════════════════════════════════════════════════════╗
[xUnit.net 00:02:02.30]       ║ Looks like Playwright was just installed or updated.       ║
[xUnit.net 00:02:02.30]       ║ Please run the following command to download new browsers: ║
[xUnit.net 00:02:02.30]       ║                                                            ║
[xUnit.net 00:02:02.30]       ║     pwsh bin/Debug/netX/playwright.ps1 install             ║
[xUnit.net 00:02:02.30]       ║                                                            ║
[xUnit.net 00:02:02.30]       ║ <3 Playwright Team                                         ║
[xUnit.net 00:02:02.30]       ╚════════════════════════════════════════════════════════════╝
[xUnit.net 00:02:02.30]       Stack Trace:
[xUnit.net 00:02:02.30]         
[xUnit.net 00:02:02.30]         ----- Inner Stack Trace -----
[xUnit.net 00:02:02.30]         /_/src/Playwright/Transport/Connection.cs(222,0): at Microsoft.Playwright.Transport.Connection.InnerSendMessageToServerAsync[T](ChannelOwner object, String method, Dictionary`2 dictionary, Boolean keepNulls)
[xUnit.net 00:02:02.30]         /_/src/Playwright/Transport/Connection.cs(528,0): at Microsoft.Playwright.Transport.Connection.WrapApiCallAsync[T](Func`1 action, Boolean isInternal, String title)
[xUnit.net 00:02:02.30]         /_/src/Playwright/Core/BrowserType.cs(56,0): at Microsoft.Playwright.Core.BrowserType.LaunchAsync(BrowserTypeLaunchOptions options)
[xUnit.net 00:02:02.30]         /home/teqs/github/MyBlog/tests/AppHost.Tests/Infrastructure/PlaywrightManager.cs(39,0): at AppHost.Tests.Infrastructure.PlaywrightManager.InitializeAsync()
[xUnit.net 00:02:02.30]         /home/teqs/github/MyBlog/tests/AppHost.Tests/Infrastructure/AspireManager.cs(238,0): at AppHost.Tests.Infrastructure.AspireManager.InitializeAsync()
[xUnit.net 00:02:02.30]     HomePage AuthenticatedView ShowsWelcomeBackHeading [FAIL]
[xUnit.net 00:02:02.30]       Collection fixture type 'AppHost.Tests.Infrastructure.AspireManager' threw in InitializeAsync
[xUnit.net 00:02:02.30]       ---- Microsoft.Playwright.PlaywrightException : Executable doesn't exist at /home/teqs/.cache/ms-playwright/chromium_headless_shell-1228/chrome-headless-shell-linux64/chrome-headless-shell
[xUnit.net 00:02:02.30]       ╔════════════════════════════════════════════════════════════╗
[xUnit.net 00:02:02.30]       ║ Looks like Playwright was just installed or updated.       ║
[xUnit.net 00:02:02.30]       ║ Please run the following command to download new browsers: ║
[xUnit.net 00:02:02.30]       ║                                                            ║
[xUnit.net 00:02:02.30]       ║     pwsh bin/Debug/netX/playwright.ps1 install             ║
[xUnit.net 00:02:02.30]       ║                                                            ║
[xUnit.net 00:02:02.30]       ║ <3 Playwright Team                                         ║
[xUnit.net 00:02:02.30]       ╚════════════════════════════════════════════════════════════╝
[xUnit.net 00:02:02.30]       Stack Trace:
[xUnit.net 00:02:02.30]         
[xUnit.net 00:02:02.30]         ----- Inner Stack Trace -----
[xUnit.net 00:02:02.30]         /_/src/Playwright/Transport/Connection.cs(222,0): at Microsoft.Playwright.Transport.Connection.InnerSendMessageToServerAsync[T](ChannelOwner object, String method, Dictionary`2 dictionary, Boolean keepNulls)
[xUnit.net 00:02:02.30]         /_/src/Playwright/Transport/Connection.cs(528,0): at Microsoft.Playwright.Transport.Connection.WrapApiCallAsync[T](Func`1 action, Boolean isInternal, String title)
[xUnit.net 00:02:02.30]         /_/src/Playwright/Core/BrowserType.cs(56,0): at Microsoft.Playwright.Core.BrowserType.LaunchAsync(BrowserTypeLaunchOptions options)
[xUnit.net 00:02:02.30]         /home/teqs/github/MyBlog/tests/AppHost.Tests/Infrastructure/PlaywrightManager.cs(39,0): at AppHost.Tests.Infrastructure.PlaywrightManager.InitializeAsync()
[xUnit.net 00:02:02.30]         /home/teqs/github/MyBlog/tests/AppHost.Tests/Infrastructure/AspireManager.cs(238,0): at AppHost.Tests.Infrastructure.AspireManager.InitializeAsync()
[xUnit.net 00:02:02.30]     HomePage GuestView ShowsLoginButton [FAIL]
[xUnit.net 00:02:02.30]       Collection fixture type 'AppHost.Tests.Infrastructure.AspireManager' threw in InitializeAsync
[xUnit.net 00:02:02.30]       ---- Microsoft.Playwright.PlaywrightException : Executable doesn't exist at /home/teqs/.cache/ms-playwright/chromium_headless_shell-1228/chrome-headless-shell-linux64/chrome-headless-shell
[xUnit.net 00:02:02.30]       ╔════════════════════════════════════════════════════════════╗
[xUnit.net 00:02:02.30]       ║ Looks like Playwright was just installed or updated.       ║
[xUnit.net 00:02:02.30]       ║ Please run the following command to download new browsers: ║
[xUnit.net 00:02:02.30]       ║                                                            ║
[xUnit.net 00:02:02.30]       ║     pwsh bin/Debug/netX/playwright.ps1 install             ║
[xUnit.net 00:02:02.30]       ║                                                            ║
[xUnit.net 00:02:02.30]       ║ <3 Playwright Team                                         ║
[xUnit.net 00:02:02.30]       ╚════════════════════════════════════════════════════════════╝
[xUnit.net 00:02:02.30]       Stack Trace:
[xUnit.net 00:02:02.30]         
[xUnit.net 00:02:02.30]         ----- Inner Stack Trace -----
[xUnit.net 00:02:02.30]         /_/src/Playwright/Transport/Connection.cs(222,0): at Microsoft.Playwright.Transport.Connection.InnerSendMessageToServerAsync[T](ChannelOwner object, String method, Dictionary`2 dictionary, Boolean keepNulls)
[xUnit.net 00:02:02.30]         /_/src/Playwright/Transport/Connection.cs(528,0): at Microsoft.Playwright.Transport.Connection.WrapApiCallAsync[T](Func`1 action, Boolean isInternal, String title)
[xUnit.net 00:02:02.30]         /_/src/Playwright/Core/BrowserType.cs(56,0): at Microsoft.Playwright.Core.BrowserType.LaunchAsync(BrowserTypeLaunchOptions options)
[xUnit.net 00:02:02.30]         /home/teqs/github/MyBlog/tests/AppHost.Tests/Infrastructure/PlaywrightManager.cs(39,0): at AppHost.Tests.Infrastructure.PlaywrightManager.InitializeAsync()
[xUnit.net 00:02:02.30]         /home/teqs/github/MyBlog/tests/AppHost.Tests/Infrastructure/AspireManager.cs(238,0): at AppHost.Tests.Infrastructure.AspireManager.InitializeAsync()
[xUnit.net 00:02:02.30]     HomePage GuestView ShowsWelcomeHeading [FAIL]
[xUnit.net 00:02:02.30]       Collection fixture type 'AppHost.Tests.Infrastructure.AspireManager' threw in InitializeAsync
[xUnit.net 00:02:02.30]       ---- Microsoft.Playwright.PlaywrightException : Executable doesn't exist at /home/teqs/.cache/ms-playwright/chromium_headless_shell-1228/chrome-headless-shell-linux64/chrome-headless-shell
[xUnit.net 00:02:02.30]       ╔════════════════════════════════════════════════════════════╗
[xUnit.net 00:02:02.30]       ║ Looks like Playwright was just installed or updated.       ║
[xUnit.net 00:02:02.30]       ║ Please run the following command to download new browsers: ║
[xUnit.net 00:02:02.30]       ║                                                            ║
[xUnit.net 00:02:02.30]       ║     pwsh bin/Debug/netX/playwright.ps1 install             ║
[xUnit.net 00:02:02.30]       ║                                                            ║
[xUnit.net 00:02:02.30]       ║ <3 Playwright Team                                         ║
[xUnit.net 00:02:02.30]       ╚════════════════════════════════════════════════════════════╝
[xUnit.net 00:02:02.30]       Stack Trace:
[xUnit.net 00:02:02.30]         
[xUnit.net 00:02:02.30]         ----- Inner Stack Trace -----
[xUnit.net 00:02:02.30]         /_/src/Playwright/Transport/Connection.cs(222,0): at Microsoft.Playwright.Transport.Connection.InnerSendMessageToServerAsync[T](ChannelOwner object, String method, Dictionary`2 dictionary, Boolean keepNulls)
[xUnit.net 00:02:02.30]         /_/src/Playwright/Transport/Connection.cs(528,0): at Microsoft.Playwright.Transport.Connection.WrapApiCallAsync[T](Func`1 action, Boolean isInternal, String title)
[xUnit.net 00:02:02.30]         /_/src/Playwright/Core/BrowserType.cs(56,0): at Microsoft.Playwright.Core.BrowserType.LaunchAsync(BrowserTypeLaunchOptions options)
[xUnit.net 00:02:02.30]         /home/teqs/github/MyBlog/tests/AppHost.Tests/Infrastructure/PlaywrightManager.cs(39,0): at AppHost.Tests.Infrastructure.PlaywrightManager.InitializeAsync()
[xUnit.net 00:02:02.30]         /home/teqs/github/MyBlog/tests/AppHost.Tests/Infrastructure/AspireManager.cs(238,0): at AppHost.Tests.Infrastructure.AspireManager.InitializeAsync()
[xUnit.net 00:02:02.30]     ThemeToggle DarkMode PersistsAfterNavigatingToBlogPosts [FAIL]
[xUnit.net 00:02:02.30]       Collection fixture type 'AppHost.Tests.Infrastructure.AspireManager' threw in InitializeAsync
[xUnit.net 00:02:02.30]       ---- Microsoft.Playwright.PlaywrightException : Executable doesn't exist at /home/teqs/.cache/ms-playwright/chromium_headless_shell-1228/chrome-headless-shell-linux64/chrome-headless-shell
[xUnit.net 00:02:02.30]       ╔════════════════════════════════════════════════════════════╗
[xUnit.net 00:02:02.30]       ║ Looks like Playwright was just installed or updated.       ║
[xUnit.net 00:02:02.30]       ║ Please run the following command to download new browsers: ║
[xUnit.net 00:02:02.30]       ║                                                            ║
[xUnit.net 00:02:02.30]       ║     pwsh bin/Debug/netX/playwright.ps1 install             ║
[xUnit.net 00:02:02.30]       ║                                                            ║
[xUnit.net 00:02:02.30]       ║ <3 Playwright Team                                         ║
[xUnit.net 00:02:02.30]       ╚════════════════════════════════════════════════════════════╝
[xUnit.net 00:02:02.30]       Stack Trace:
[xUnit.net 00:02:02.30]         
[xUnit.net 00:02:02.30]         ----- Inner Stack Trace -----
[xUnit.net 00:02:02.30]         /_/src/Playwright/Transport/Connection.cs(222,0): at Microsoft.Playwright.Transport.Connection.InnerSendMessageToServerAsync[T](ChannelOwner object, String method, Dictionary`2 dictionary, Boolean keepNulls)
[xUnit.net 00:02:02.30]         /_/src/Playwright/Transport/Connection.cs(528,0): at Microsoft.Playwright.Transport.Connection.WrapApiCallAsync[T](Func`1 action, Boolean isInternal, String title)
[xUnit.net 00:02:02.30]         /_/src/Playwright/Core/BrowserType.cs(56,0): at Microsoft.Playwright.Core.BrowserType.LaunchAsync(BrowserTypeLaunchOptions options)
[xUnit.net 00:02:02.30]         /home/teqs/github/MyBlog/tests/AppHost.Tests/Infrastructure/PlaywrightManager.cs(39,0): at AppHost.Tests.Infrastructure.PlaywrightManager.InitializeAsync()
[xUnit.net 00:02:02.30]         /home/teqs/github/MyBlog/tests/AppHost.Tests/Infrastructure/AspireManager.cs(238,0): at AppHost.Tests.Infrastructure.AspireManager.InitializeAsync()
[xUnit.net 00:02:02.30]     NotFoundPage ShowsHelpfulMessage [FAIL]
[xUnit.net 00:02:02.30]       Collection fixture type 'AppHost.Tests.Infrastructure.AspireManager' threw in InitializeAsync
[xUnit.net 00:02:02.30]       ---- Microsoft.Playwright.PlaywrightException : Executable doesn't exist at /home/teqs/.cache/ms-playwright/chromium_headless_shell-1228/chrome-headless-shell-linux64/chrome-headless-shell
[xUnit.net 00:02:02.30]       ╔════════════════════════════════════════════════════════════╗
[xUnit.net 00:02:02.30]       ║ Looks like Playwright was just installed or updated.       ║
[xUnit.net 00:02:02.30]       ║ Please run the following command to download new browsers: ║
[xUnit.net 00:02:02.30]       ║                                                            ║
[xUnit.net 00:02:02.30]       ║     pwsh bin/Debug/netX/playwright.ps1 install             ║
[xUnit.net 00:02:02.30]       ║                                                            ║
[xUnit.net 00:02:02.30]       ║ <3 Playwright Team                                         ║
[xUnit.net 00:02:02.30]       ╚════════════════════════════════════════════════════════════╝
[xUnit.net 00:02:02.30]       Stack Trace:
[xUnit.net 00:02:02.30]         
[xUnit.net 00:02:02.30]         ----- Inner Stack Trace -----
[xUnit.net 00:02:02.30]         /_/src/Playwright/Transport/Connection.cs(222,0): at Microsoft.Playwright.Transport.Connection.InnerSendMessageToServerAsync[T](ChannelOwner object, String method, Dictionary`2 dictionary, Boolean keepNulls)
[xUnit.net 00:02:02.30]         /_/src/Playwright/Transport/Connection.cs(528,0): at Microsoft.Playwright.Transport.Connection.WrapApiCallAsync[T](Func`1 action, Boolean isInternal, String title)
[xUnit.net 00:02:02.30]         /_/src/Playwright/Core/BrowserType.cs(56,0): at Microsoft.Playwright.Core.BrowserType.LaunchAsync(BrowserTypeLaunchOptions options)
[xUnit.net 00:02:02.30]         /home/teqs/github/MyBlog/tests/AppHost.Tests/Infrastructure/PlaywrightManager.cs(39,0): at AppHost.Tests.Infrastructure.PlaywrightManager.InitializeAsync()
[xUnit.net 00:02:02.30]         /home/teqs/github/MyBlog/tests/AppHost.Tests/Infrastructure/AspireManager.cs(238,0): at AppHost.Tests.Infrastructure.AspireManager.InitializeAsync()
[xUnit.net 00:02:02.30]     NotFoundPage ShowsNotFoundHeading [FAIL]
[xUnit.net 00:02:02.30]       Collection fixture type 'AppHost.Tests.Infrastructure.AspireManager' threw in InitializeAsync
[xUnit.net 00:02:02.30]       ---- Microsoft.Playwright.PlaywrightException : Executable doesn't exist at /home/teqs/.cache/ms-playwright/chromium_headless_shell-1228/chrome-headless-shell-linux64/chrome-headless-shell
[xUnit.net 00:02:02.30]       ╔════════════════════════════════════════════════════════════╗
[xUnit.net 00:02:02.30]       ║ Looks like Playwright was just installed or updated.       ║
[xUnit.net 00:02:02.30]       ║ Please run the following command to download new browsers: ║
[xUnit.net 00:02:02.30]       ║                                                            ║
[xUnit.net 00:02:02.30]       ║     pwsh bin/Debug/netX/playwright.ps1 install             ║
[xUnit.net 00:02:02.30]       ║                                                            ║
[xUnit.net 00:02:02.30]       ║ <3 Playwright Team                                         ║
[xUnit.net 00:02:02.30]       ╚════════════════════════════════════════════════════════════╝
[xUnit.net 00:02:02.30]       Stack Trace:
[xUnit.net 00:02:02.30]         
[xUnit.net 00:02:02.30]         ----- Inner Stack Trace -----
[xUnit.net 00:02:02.30]         /_/src/Playwright/Transport/Connection.cs(222,0): at Microsoft.Playwright.Transport.Connection.InnerSendMessageToServerAsync[T](ChannelOwner object, String method, Dictionary`2 dictionary, Boolean keepNulls)
[xUnit.net 00:02:02.30]         /_/src/Playwright/Transport/Connection.cs(528,0): at Microsoft.Playwright.Transport.Connection.WrapApiCallAsync[T](Func`1 action, Boolean isInternal, String title)
[xUnit.net 00:02:02.30]         /_/src/Playwright/Core/BrowserType.cs(56,0): at Microsoft.Playwright.Core.BrowserType.LaunchAsync(BrowserTypeLaunchOptions options)
[xUnit.net 00:02:02.30]         /home/teqs/github/MyBlog/tests/AppHost.Tests/Infrastructure/PlaywrightManager.cs(39,0): at AppHost.Tests.Infrastructure.PlaywrightManager.InitializeAsync()
[xUnit.net 00:02:02.30]         /home/teqs/github/MyBlog/tests/AppHost.Tests/Infrastructure/AspireManager.cs(238,0): at AppHost.Tests.Infrastructure.AspireManager.InitializeAsync()
[xUnit.net 00:02:02.30]     Layout Header HidesLoginLinkWhenAuthenticated [FAIL]
[xUnit.net 00:02:02.30]       Collection fixture type 'AppHost.Tests.Infrastructure.AspireManager' threw in InitializeAsync
[xUnit.net 00:02:02.30]       ---- Microsoft.Playwright.PlaywrightException : Executable doesn't exist at /home/teqs/.cache/ms-playwright/chromium_headless_shell-1228/chrome-headless-shell-linux64/chrome-headless-shell
[xUnit.net 00:02:02.30]       ╔════════════════════════════════════════════════════════════╗
[xUnit.net 00:02:02.30]       ║ Looks like Playwright was just installed or updated.       ║
[xUnit.net 00:02:02.30]       ║ Please run the following command to download new browsers: ║
[xUnit.net 00:02:02.30]       ║                                                            ║
[xUnit.net 00:02:02.30]       ║     pwsh bin/Debug/netX/playwright.ps1 install             ║
[xUnit.net 00:02:02.30]       ║                                                            ║
[xUnit.net 00:02:02.30]       ║ <3 Playwright Team                                         ║
[xUnit.net 00:02:02.30]       ╚════════════════════════════════════════════════════════════╝
[xUnit.net 00:02:02.30]       Stack Trace:
[xUnit.net 00:02:02.30]         
[xUnit.net 00:02:02.30]         ----- Inner Stack Trace -----
[xUnit.net 00:02:02.30]         /_/src/Playwright/Transport/Connection.cs(222,0): at Microsoft.Playwright.Transport.Connection.InnerSendMessageToServerAsync[T](ChannelOwner object, String method, Dictionary`2 dictionary, Boolean keepNulls)
[xUnit.net 00:02:02.30]         /_/src/Playwright/Transport/Connection.cs(528,0): at Microsoft.Playwright.Transport.Connection.WrapApiCallAsync[T](Func`1 action, Boolean isInternal, String title)
[xUnit.net 00:02:02.30]         /_/src/Playwright/Core/BrowserType.cs(56,0): at Microsoft.Playwright.Core.BrowserType.LaunchAsync(BrowserTypeLaunchOptions options)
[xUnit.net 00:02:02.30]         /home/teqs/github/MyBlog/tests/AppHost.Tests/Infrastructure/PlaywrightManager.cs(39,0): at AppHost.Tests.Infrastructure.PlaywrightManager.InitializeAsync()
[xUnit.net 00:02:02.30]         /home/teqs/github/MyBlog/tests/AppHost.Tests/Infrastructure/AspireManager.cs(238,0): at AppHost.Tests.Infrastructure.AspireManager.InitializeAsync()
[xUnit.net 00:02:02.31]     Layout Footer IsAlwaysVisible [FAIL]
[xUnit.net 00:02:02.31]       Collection fixture type 'AppHost.Tests.Infrastructure.AspireManager' threw in InitializeAsync
[xUnit.net 00:02:02.31]       ---- Microsoft.Playwright.PlaywrightException : Executable doesn't exist at /home/teqs/.cache/ms-playwright/chromium_headless_shell-1228/chrome-headless-shell-linux64/chrome-headless-shell
[xUnit.net 00:02:02.31]       ╔════════════════════════════════════════════════════════════╗
[xUnit.net 00:02:02.31]       ║ Looks like Playwright was just installed or updated.       ║
[xUnit.net 00:02:02.31]       ║ Please run the following command to download new browsers: ║
[xUnit.net 00:02:02.31]       ║                                                            ║
[xUnit.net 00:02:02.31]       ║     pwsh bin/Debug/netX/playwright.ps1 install             ║
[xUnit.net 00:02:02.31]       ║                                                            ║
[xUnit.net 00:02:02.31]       ║ <3 Playwright Team                                         ║
[xUnit.net 00:02:02.31]       ╚════════════════════════════════════════════════════════════╝
[xUnit.net 00:02:02.31]       Stack Trace:
[xUnit.net 00:02:02.31]         
[xUnit.net 00:02:02.31]         ----- Inner Stack Trace -----
[xUnit.net 00:02:02.31]         /_/src/Playwright/Transport/Connection.cs(222,0): at Microsoft.Playwright.Transport.Connection.InnerSendMessageToServerAsync[T](ChannelOwner object, String method, Dictionary`2 dictionary, Boolean keepNulls)
[xUnit.net 00:02:02.31]         /_/src/Playwright/Transport/Connection.cs(528,0): at Microsoft.Playwright.Transport.Connection.WrapApiCallAsync[T](Func`1 action, Boolean isInternal, String title)
[xUnit.net 00:02:02.31]         /_/src/Playwright/Core/BrowserType.cs(56,0): at Microsoft.Playwright.Core.BrowserType.LaunchAsync(BrowserTypeLaunchOptions options)
[xUnit.net 00:02:02.31]         /home/teqs/github/MyBlog/tests/AppHost.Tests/Infrastructure/PlaywrightManager.cs(39,0): at AppHost.Tests.Infrastructure.PlaywrightManager.InitializeAsync()
[xUnit.net 00:02:02.31]         /home/teqs/github/MyBlog/tests/AppHost.Tests/Infrastructure/AspireManager.cs(238,0): at AppHost.Tests.Infrastructure.AspireManager.InitializeAsync()
  Failed HomePage AuthenticatedView PageLoads [1 ms]
  Error Message:
   Collection fixture type 'AppHost.Tests.Infrastructure.AspireManager' threw in InitializeAsync
---- Microsoft.Playwright.PlaywrightException : Executable doesn't exist at /home/teqs/.cache/ms-playwright/chromium_headless_shell-1228/chrome-headless-shell-linux64/chrome-headless-shell
╔════════════════════════════════════════════════════════════╗
║ Looks like Playwright was just installed or updated.       ║
║ Please run the following command to download new browsers: ║
║                                                            ║
║     pwsh bin/Debug/netX/playwright.ps1 install             ║
║                                                            ║
║ <3 Playwright Team                                         ║
╚════════════════════════════════════════════════════════════╝
  Stack Trace:
  
----- Inner Stack Trace -----
   at Microsoft.Playwright.Transport.Connection.InnerSendMessageToServerAsync[T](ChannelOwner object, String method, Dictionary`2 dictionary, Boolean keepNulls) in /_/src/Playwright/Transport/Connection.cs:line 222
   at Microsoft.Playwright.Transport.Connection.WrapApiCallAsync[T](Func`1 action, Boolean isInternal, String title) in /_/src/Playwright/Transport/Connection.cs:line 528
   at Microsoft.Playwright.Core.BrowserType.LaunchAsync(BrowserTypeLaunchOptions options) in /_/src/Playwright/Core/BrowserType.cs:line 56
   at AppHost.Tests.Infrastructure.PlaywrightManager.InitializeAsync() in /home/teqs/github/MyBlog/tests/AppHost.Tests/Infrastructure/PlaywrightManager.cs:line 39
   at AppHost.Tests.Infrastructure.AspireManager.InitializeAsync() in /home/teqs/github/MyBlog/tests/AppHost.Tests/Infrastructure/AspireManager.cs:line 238
  Failed HomePage AuthenticatedView ShowsWelcomeBackHeading [1 ms]
  Error Message:
   Collection fixture type 'AppHost.Tests.Infrastructure.AspireManager' threw in InitializeAsync
---- Microsoft.Playwright.PlaywrightException : Executable doesn't exist at /home/teqs/.cache/ms-playwright/chromium_headless_shell-1228/chrome-headless-shell-linux64/chrome-headless-shell
╔════════════════════════════════════════════════════════════╗
║ Looks like Playwright was just installed or updated.       ║
║ Please run the following command to download new browsers: ║
║                                                            ║
║     pwsh bin/Debug/netX/playwright.ps1 install             ║
║                                                            ║
║ <3 Playwright Team                                         ║
╚════════════════════════════════════════════════════════════╝
  Stack Trace:
  
----- Inner Stack Trace -----
   at Microsoft.Playwright.Transport.Connection.InnerSendMessageToServerAsync[T](ChannelOwner object, String method, Dictionary`2 dictionary, Boolean keepNulls) in /_/src/Playwright/Transport/Connection.cs:line 222
   at Microsoft.Playwright.Transport.Connection.WrapApiCallAsync[T](Func`1 action, Boolean isInternal, String title) in /_/src/Playwright/Transport/Connection.cs:line 528
   at Microsoft.Playwright.Core.BrowserType.LaunchAsync(BrowserTypeLaunchOptions options) in /_/src/Playwright/Core/BrowserType.cs:line 56
   at AppHost.Tests.Infrastructure.PlaywrightManager.InitializeAsync() in /home/teqs/github/MyBlog/tests/AppHost.Tests/Infrastructure/PlaywrightManager.cs:line 39
   at AppHost.Tests.Infrastructure.AspireManager.InitializeAsync() in /home/teqs/github/MyBlog/tests/AppHost.Tests/Infrastructure/AspireManager.cs:line 238
  Failed HomePage GuestView ShowsLoginButton [1 ms]
  Error Message:
   Collection fixture type 'AppHost.Tests.Infrastructure.AspireManager' threw in InitializeAsync
---- Microsoft.Playwright.PlaywrightException : Executable doesn't exist at /home/teqs/.cache/ms-playwright/chromium_headless_shell-1228/chrome-headless-shell-linux64/chrome-headless-shell
╔════════════════════════════════════════════════════════════╗
║ Looks like Playwright was just installed or updated.       ║
║ Please run the following command to download new browsers: ║
║                                                            ║
║     pwsh bin/Debug/netX/playwright.ps1 install             ║
║                                                            ║
║ <3 Playwright Team                                         ║
╚════════════════════════════════════════════════════════════╝
  Stack Trace:
  
----- Inner Stack Trace -----
   at Microsoft.Playwright.Transport.Connection.InnerSendMessageToServerAsync[T](ChannelOwner object, String method, Dictionary`2 dictionary, Boolean keepNulls) in /_/src/Playwright/Transport/Connection.cs:line 222
   at Microsoft.Playwright.Transport.Connection.WrapApiCallAsync[T](Func`1 action, Boolean isInternal, String title) in /_/src/Playwright/Transport/Connection.cs:line 528
   at Microsoft.Playwright.Core.BrowserType.LaunchAsync(BrowserTypeLaunchOptions options) in /_/src/Playwright/Core/BrowserType.cs:line 56
   at AppHost.Tests.Infrastructure.PlaywrightManager.InitializeAsync() in /home/teqs/github/MyBlog/tests/AppHost.Tests/Infrastructure/PlaywrightManager.cs:line 39
   at AppHost.Tests.Infrastructure.AspireManager.InitializeAsync() in /home/teqs/github/MyBlog/tests/AppHost.Tests/Infrastructure/AspireManager.cs:line 238
  Failed HomePage GuestView ShowsWelcomeHeading [1 ms]
  Error Message:
   Collection fixture type 'AppHost.Tests.Infrastructure.AspireManager' threw in InitializeAsync
---- Microsoft.Playwright.PlaywrightException : Executable doesn't exist at /home/teqs/.cache/ms-playwright/chromium_headless_shell-1228/chrome-headless-shell-linux64/chrome-headless-shell
╔════════════════════════════════════════════════════════════╗
║ Looks like Playwright was just installed or updated.       ║
║ Please run the following command to download new browsers: ║
║                                                            ║
║     pwsh bin/Debug/netX/playwright.ps1 install             ║
║                                                            ║
║ <3 Playwright Team                                         ║
╚════════════════════════════════════════════════════════════╝
  Stack Trace:
  
----- Inner Stack Trace -----
   at Microsoft.Playwright.Transport.Connection.InnerSendMessageToServerAsync[T](ChannelOwner object, String method, Dictionary`2 dictionary, Boolean keepNulls) in /_/src/Playwright/Transport/Connection.cs:line 222
   at Microsoft.Playwright.Transport.Connection.WrapApiCallAsync[T](Func`1 action, Boolean isInternal, String title) in /_/src/Playwright/Transport/Connection.cs:line 528
   at Microsoft.Playwright.Core.BrowserType.LaunchAsync(BrowserTypeLaunchOptions options) in /_/src/Playwright/Core/BrowserType.cs:line 56
   at AppHost.Tests.Infrastructure.PlaywrightManager.InitializeAsync() in /home/teqs/github/MyBlog/tests/AppHost.Tests/Infrastructure/PlaywrightManager.cs:line 39
   at AppHost.Tests.Infrastructure.AspireManager.InitializeAsync() in /home/teqs/github/MyBlog/tests/AppHost.Tests/Infrastructure/AspireManager.cs:line 238
  Failed ThemeToggle DarkMode PersistsAfterNavigatingToBlogPosts [1 ms]
  Error Message:
   Collection fixture type 'AppHost.Tests.Infrastructure.AspireManager' threw in InitializeAsync
---- Microsoft.Playwright.PlaywrightException : Executable doesn't exist at /home/teqs/.cache/ms-playwright/chromium_headless_shell-1228/chrome-headless-shell-linux64/chrome-headless-shell
╔════════════════════════════════════════════════════════════╗
║ Looks like Playwright was just installed or updated.       ║
║ Please run the following command to download new browsers: ║
║                                                            ║
║     pwsh bin/Debug/netX/playwright.ps1 install             ║
║                                                            ║
║ <3 Playwright Team                                         ║
╚════════════════════════════════════════════════════════════╝
  Stack Trace:
  
----- Inner Stack Trace -----
   at Microsoft.Playwright.Transport.Connection.InnerSendMessageToServerAsync[T](ChannelOwner object, String method, Dictionary`2 dictionary, Boolean keepNulls) in /_/src/Playwright/Transport/Connection.cs:line 222
   at Microsoft.Playwright.Transport.Connection.WrapApiCallAsync[T](Func`1 action, Boolean isInternal, String title) in /_/src/Playwright/Transport/Connection.cs:line 528
   at Microsoft.Playwright.Core.BrowserType.LaunchAsync(BrowserTypeLaunchOptions options) in /_/src/Playwright/Core/BrowserType.cs:line 56
   at AppHost.Tests.Infrastructure.PlaywrightManager.InitializeAsync() in /home/teqs/github/MyBlog/tests/AppHost.Tests/Infrastructure/PlaywrightManager.cs:line 39
   at AppHost.Tests.Infrastructure.AspireManager.InitializeAsync() in /home/teqs/github/MyBlog/tests/AppHost.Tests/Infrastructure/AspireManager.cs:line 238
  Failed NotFoundPage ShowsHelpfulMessage [1 ms]
  Error Message:
   Collection fixture type 'AppHost.Tests.Infrastructure.AspireManager' threw in InitializeAsync
---- Microsoft.Playwright.PlaywrightException : Executable doesn't exist at /home/teqs/.cache/ms-playwright/chromium_headless_shell-1228/chrome-headless-shell-linux64/chrome-headless-shell
╔════════════════════════════════════════════════════════════╗
║ Looks like Playwright was just installed or updated.       ║
║ Please run the following command to download new browsers: ║
║                                                            ║
║     pwsh bin/Debug/netX/playwright.ps1 install             ║
║                                                            ║
║ <3 Playwright Team                                         ║
╚════════════════════════════════════════════════════════════╝
  Stack Trace:
  
----- Inner Stack Trace -----
   at Microsoft.Playwright.Transport.Connection.InnerSendMessageToServerAsync[T](ChannelOwner object, String method, Dictionary`2 dictionary, Boolean keepNulls) in /_/src/Playwright/Transport/Connection.cs:line 222
   at Microsoft.Playwright.Transport.Connection.WrapApiCallAsync[T](Func`1 action, Boolean isInternal, String title) in /_/src/Playwright/Transport/Connection.cs:line 528
   at Microsoft.Playwright.Core.BrowserType.LaunchAsync(BrowserTypeLaunchOptions options) in /_/src/Playwright/Core/BrowserType.cs:line 56
   at AppHost.Tests.Infrastructure.PlaywrightManager.InitializeAsync() in /home/teqs/github/MyBlog/tests/AppHost.Tests/Infrastructure/PlaywrightManager.cs:line 39
   at AppHost.Tests.Infrastructure.AspireManager.InitializeAsync() in /home/teqs/github/MyBlog/tests/AppHost.Tests/Infrastructure/AspireManager.cs:line 238
  Failed NotFoundPage ShowsNotFoundHeading [1 ms]
  Error Message:
   Collection fixture type 'AppHost.Tests.Infrastructure.AspireManager' threw in InitializeAsync
---- Microsoft.Playwright.PlaywrightException : Executable doesn't exist at /home/teqs/.cache/ms-playwright/chromium_headless_shell-1228/chrome-headless-shell-linux64/chrome-headless-shell
╔════════════════════════════════════════════════════════════╗
║ Looks like Playwright was just installed or updated.       ║
║ Please run the following command to download new browsers: ║
║                                                            ║
║     pwsh bin/Debug/netX/playwright.ps1 install             ║
║                                                            ║
║ <3 Playwright Team                                         ║
╚════════════════════════════════════════════════════════════╝
  Stack Trace:
  
----- Inner Stack Trace -----
   at Microsoft.Playwright.Transport.Connection.InnerSendMessageToServerAsync[T](ChannelOwner object, String method, Dictionary`2 dictionary, Boolean keepNulls) in /_/src/Playwright/Transport/Connection.cs:line 222
   at Microsoft.Playwright.Transport.Connection.WrapApiCallAsync[T](Func`1 action, Boolean isInternal, String title) in /_/src/Playwright/Transport/Connection.cs:line 528
   at Microsoft.Playwright.Core.BrowserType.LaunchAsync(BrowserTypeLaunchOptions options) in /_/src/Playwright/Core/BrowserType.cs:line 56
   at AppHost.Tests.Infrastructure.PlaywrightManager.InitializeAsync() in /home/teqs/github/MyBlog/tests/AppHost.Tests/Infrastructure/PlaywrightManager.cs:line 39
   at AppHost.Tests.Infrastructure.AspireManager.InitializeAsync() in /home/teqs/github/MyBlog/tests/AppHost.Tests/Infrastructure/AspireManager.cs:line 238
  Failed Layout Header HidesLoginLinkWhenAuthenticated [1 ms]
  Error Message:
   Collection fixture type 'AppHost.Tests.Infrastructure.AspireManager' threw in InitializeAsync
---- Microsoft.Playwright.PlaywrightException : Executable doesn't exist at /home/teqs/.cache/ms-playwright/chromium_headless_shell-1228/chrome-headless-shell-linux64/chrome-headless-shell
╔════════════════════════════════════════════════════════════╗
║ Looks like Playwright was just installed or updated.       ║
║ Please run the following command to download new browsers: ║
║                                                            ║
║     pwsh bin/Debug/netX/playwright.ps1 install             ║
║                                                            ║
║ <3 Playwright Team                                         ║
╚════════════════════════════════════════════════════════════╝
  Stack Trace:
  
----- Inner Stack Trace -----
   at Microsoft.Playwright.Transport.Connection.InnerSendMessageToServerAsync[T](ChannelOwner object, String method, Dictionary`2 dictionary, Boolean keepNulls) in /_/src/Playwright/Transport/Connection.cs:line 222
   at Microsoft.Playwright.Transport.Connection.WrapApiCallAsync[T](Func`1 action, Boolean isInternal, String title) in /_/src/Playwright/Transport/Connection.cs:line 528
   at Microsoft.Playwright.Core.BrowserType.LaunchAsync(BrowserTypeLaunchOptions options) in /_/src/Playwright/Core/BrowserType.cs:line 56
   at AppHost.Tests.Infrastructure.PlaywrightManager.InitializeAsync() in /home/teqs/github/MyBlog/tests/AppHost.Tests/Infrastructure/PlaywrightManager.cs:line 39
   at AppHost.Tests.Infrastructure.AspireManager.InitializeAsync() in /home/teqs/github/MyBlog/tests/AppHost.Tests/Infrastructure/AspireManager.cs:line 238
  Failed Layout Footer IsAlwaysVisible [1 ms]
  Error Message:
   Collection fixture type 'AppHost.Tests.Infrastructure.AspireManager' threw in InitializeAsync
---- Microsoft.Playwright.PlaywrightException : Executable doesn't exist at /home/teqs/.cache/ms-playwright/chromium_headless_shell-1228/chrome-headless-shell-linux64/chrome-headless-shell
╔════════════════════════════════════════════════════════════╗
║ Looks like Playwright was just installed or updated.       ║
║ Please run the following command to download new browsers: ║
║                                                            ║
║     pwsh bin/Debug/netX/playwright.ps1 install             ║
║                                                            ║
║ <3 Playwright Team                                         ║
╚════════════════════════════════════════════════════════════╝
  Stack Trace:
  
----- Inner Stack Trace -----
   at Microsoft.Playwright.Transport.Connection.InnerSendMessageToServerAsync[T](ChannelOwner object, String method, Dictionary`2 dictionary, Boolean keepNulls) in /_/src/Playwright/Transport/Connection.cs:line 222
   at Microsoft.Playwright.Transport.Connection.WrapApiCallAsync[T](Func`1 action, Boolean isInternal, String title) in /_/src/Playwright/Transport/Connection.cs:line 528
   at Microsoft.Playwright.Core.BrowserType.LaunchAsync(BrowserTypeLaunchOptions options) in /_/src/Playwright/Core/BrowserType.cs:line 56
   at AppHost.Tests.Infrastructure.PlaywrightManager.InitializeAsync() in /home/teqs/github/MyBlog/tests/AppHost.Tests/Infrastructure/PlaywrightManager.cs:line 39
   at AppHost.Tests.Infrastructure.AspireManager.InitializeAsync() in /home/teqs/github/MyBlog/tests/AppHost.Tests/Infrastructure/AspireManager.cs:line 238
[xUnit.net 00:02:02.31]     Layout NavMenu ContainsExpectedLinks [FAIL]
[xUnit.net 00:02:02.31]       Collection fixture type 'AppHost.Tests.Infrastructure.AspireManager' threw in InitializeAsync
[xUnit.net 00:02:02.31]       ---- Microsoft.Playwright.PlaywrightException : Executable doesn't exist at /home/teqs/.cache/ms-playwright/chromium_headless_shell-1228/chrome-headless-shell-linux64/chrome-headless-shell
[xUnit.net 00:02:02.31]       ╔════════════════════════════════════════════════════════════╗
[xUnit.net 00:02:02.31]       ║ Looks like Playwright was just installed or updated.       ║
[xUnit.net 00:02:02.31]       ║ Please run the following command to download new browsers: ║
[xUnit.net 00:02:02.31]       ║                                                            ║
[xUnit.net 00:02:02.31]       ║     pwsh bin/Debug/netX/playwright.ps1 install             ║
[xUnit.net 00:02:02.31]       ║                                                            ║
[xUnit.net 00:02:02.31]       ║ <3 Playwright Team                                         ║
[xUnit.net 00:02:02.31]       ╚════════════════════════════════════════════════════════════╝
[xUnit.net 00:02:02.31]       Stack Trace:
[xUnit.net 00:02:02.31]         
[xUnit.net 00:02:02.31]         ----- Inner Stack Trace -----
[xUnit.net 00:02:02.31]         /_/src/Playwright/Transport/Connection.cs(222,0): at Microsoft.Playwright.Transport.Connection.InnerSendMessageToServerAsync[T](ChannelOwner object, String method, Dictionary`2 dictionary, Boolean keepNulls)
[xUnit.net 00:02:02.31]         /_/src/Playwright/Transport/Connection.cs(528,0): at Microsoft.Playwright.Transport.Connection.WrapApiCallAsync[T](Func`1 action, Boolean isInternal, String title)
[xUnit.net 00:02:02.31]         /_/src/Playwright/Core/BrowserType.cs(56,0): at Microsoft.Playwright.Core.BrowserType.LaunchAsync(BrowserTypeLaunchOptions options)
[xUnit.net 00:02:02.31]         /home/teqs/github/MyBlog/tests/AppHost.Tests/Infrastructure/PlaywrightManager.cs(39,0): at AppHost.Tests.Infrastructure.PlaywrightManager.InitializeAsync()
[xUnit.net 00:02:02.31]         /home/teqs/github/MyBlog/tests/AppHost.Tests/Infrastructure/AspireManager.cs(238,0): at AppHost.Tests.Infrastructure.AspireManager.InitializeAsync()
[xUnit.net 00:02:02.31]     Layout NavMenu IsVisibleWhenAuthenticated [FAIL]
[xUnit.net 00:02:02.31]       Collection fixture type 'AppHost.Tests.Infrastructure.AspireManager' threw in InitializeAsync
[xUnit.net 00:02:02.31]       ---- Microsoft.Playwright.PlaywrightException : Executable doesn't exist at /home/teqs/.cache/ms-playwright/chromium_headless_shell-1228/chrome-headless-shell-linux64/chrome-headless-shell
[xUnit.net 00:02:02.31]       ╔════════════════════════════════════════════════════════════╗
[xUnit.net 00:02:02.31]       ║ Looks like Playwright was just installed or updated.       ║
[xUnit.net 00:02:02.31]       ║ Please run the following command to download new browsers: ║
[xUnit.net 00:02:02.31]       ║                                                            ║
[xUnit.net 00:02:02.31]       ║     pwsh bin/Debug/netX/playwright.ps1 install             ║
[xUnit.net 00:02:02.31]       ║                                                            ║
[xUnit.net 00:02:02.31]       ║ <3 Playwright Team                                         ║
[xUnit.net 00:02:02.31]       ╚════════════════════════════════════════════════════════════╝
[xUnit.net 00:02:02.31]       Stack Trace:
[xUnit.net 00:02:02.31]         
[xUnit.net 00:02:02.31]         ----- Inner Stack Trace -----
[xUnit.net 00:02:02.31]         /_/src/Playwright/Transport/Connection.cs(222,0): at Microsoft.Playwright.Transport.Connection.InnerSendMessageToServerAsync[T](ChannelOwner object, String method, Dictionary`2 dictionary, Boolean keepNulls)
[xUnit.net 00:02:02.31]         /_/src/Playwright/Transport/Connection.cs(528,0): at Microsoft.Playwright.Transport.Connection.WrapApiCallAsync[T](Func`1 action, Boolean isInternal, String title)
[xUnit.net 00:02:02.31]         /_/src/Playwright/Core/BrowserType.cs(56,0): at Microsoft.Playwright.Core.BrowserType.LaunchAsync(BrowserTypeLaunchOptions options)
[xUnit.net 00:02:02.31]         /home/teqs/github/MyBlog/tests/AppHost.Tests/Infrastructure/PlaywrightManager.cs(39,0): at AppHost.Tests.Infrastructure.PlaywrightManager.InitializeAsync()
[xUnit.net 00:02:02.31]         /home/teqs/github/MyBlog/tests/AppHost.Tests/Infrastructure/AspireManager.cs(238,0): at AppHost.Tests.Infrastructure.AspireManager.InitializeAsync()
[xUnit.net 00:02:02.31]     WebHomePageHasContent [FAIL]
[xUnit.net 00:02:02.31]       Collection fixture type 'AppHost.Tests.Infrastructure.AspireManager' threw in InitializeAsync
[xUnit.net 00:02:02.31]       ---- Microsoft.Playwright.PlaywrightException : Executable doesn't exist at /home/teqs/.cache/ms-playwright/chromium_headless_shell-1228/chrome-headless-shell-linux64/chrome-headless-shell
[xUnit.net 00:02:02.31]       ╔════════════════════════════════════════════════════════════╗
[xUnit.net 00:02:02.31]       ║ Looks like Playwright was just installed or updated.       ║
[xUnit.net 00:02:02.31]       ║ Please run the following command to download new browsers: ║
[xUnit.net 00:02:02.31]       ║                                                            ║
[xUnit.net 00:02:02.31]       ║     pwsh bin/Debug/netX/playwright.ps1 install             ║
[xUnit.net 00:02:02.31]       ║                                                            ║
[xUnit.net 00:02:02.31]       ║ <3 Playwright Team                                         ║
[xUnit.net 00:02:02.31]       ╚════════════════════════════════════════════════════════════╝
[xUnit.net 00:02:02.31]       Stack Trace:
[xUnit.net 00:02:02.31]         
[xUnit.net 00:02:02.31]         ----- Inner Stack Trace -----
[xUnit.net 00:02:02.31]         /_/src/Playwright/Transport/Connection.cs(222,0): at Microsoft.Playwright.Transport.Connection.InnerSendMessageToServerAsync[T](ChannelOwner object, String method, Dictionary`2 dictionary, Boolean keepNulls)
[xUnit.net 00:02:02.31]         /_/src/Playwright/Transport/Connection.cs(528,0): at Microsoft.Playwright.Transport.Connection.WrapApiCallAsync[T](Func`1 action, Boolean isInternal, String title)
[xUnit.net 00:02:02.31]         /_/src/Playwright/Core/BrowserType.cs(56,0): at Microsoft.Playwright.Core.BrowserType.LaunchAsync(BrowserTypeLaunchOptions options)
[xUnit.net 00:02:02.31]         /home/teqs/github/MyBlog/tests/AppHost.Tests/Infrastructure/PlaywrightManager.cs(39,0): at AppHost.Tests.Infrastructure.PlaywrightManager.InitializeAsync()
[xUnit.net 00:02:02.31]         /home/teqs/github/MyBlog/tests/AppHost.Tests/Infrastructure/AspireManager.cs(238,0): at AppHost.Tests.Infrastructure.AspireManager.InitializeAsync()
[xUnit.net 00:02:02.31]     WebHomePageLoads [FAIL]
[xUnit.net 00:02:02.31]       Collection fixture type 'AppHost.Tests.Infrastructure.AspireManager' threw in InitializeAsync
[xUnit.net 00:02:02.31]       ---- Microsoft.Playwright.PlaywrightException : Executable doesn't exist at /home/teqs/.cache/ms-playwright/chromium_headless_shell-1228/chrome-headless-shell-linux64/chrome-headless-shell
[xUnit.net 00:02:02.31]       ╔════════════════════════════════════════════════════════════╗
[xUnit.net 00:02:02.31]       ║ Looks like Playwright was just installed or updated.       ║
[xUnit.net 00:02:02.31]       ║ Please run the following command to download new browsers: ║
[xUnit.net 00:02:02.31]       ║                                                            ║
[xUnit.net 00:02:02.31]       ║     pwsh bin/Debug/netX/playwright.ps1 install             ║
[xUnit.net 00:02:02.31]       ║                                                            ║
[xUnit.net 00:02:02.31]       ║ <3 Playwright Team                                         ║
[xUnit.net 00:02:02.31]       ╚════════════════════════════════════════════════════════════╝
[xUnit.net 00:02:02.31]       Stack Trace:
[xUnit.net 00:02:02.31]         
[xUnit.net 00:02:02.31]         ----- Inner Stack Trace -----
[xUnit.net 00:02:02.31]         /_/src/Playwright/Transport/Connection.cs(222,0): at Microsoft.Playwright.Transport.Connection.InnerSendMessageToServerAsync[T](ChannelOwner object, String method, Dictionary`2 dictionary, Boolean keepNulls)
[xUnit.net 00:02:02.31]         /_/src/Playwright/Transport/Connection.cs(528,0): at Microsoft.Playwright.Transport.Connection.WrapApiCallAsync[T](Func`1 action, Boolean isInternal, String title)
[xUnit.net 00:02:02.31]         /_/src/Playwright/Core/BrowserType.cs(56,0): at Microsoft.Playwright.Core.BrowserType.LaunchAsync(BrowserTypeLaunchOptions options)
[xUnit.net 00:02:02.31]         /home/teqs/github/MyBlog/tests/AppHost.Tests/Infrastructure/PlaywrightManager.cs(39,0): at AppHost.Tests.Infrastructure.PlaywrightManager.InitializeAsync()
[xUnit.net 00:02:02.31]         /home/teqs/github/MyBlog/tests/AppHost.Tests/Infrastructure/AspireManager.cs(238,0): at AppHost.Tests.Infrastructure.AspireManager.InitializeAsync()
[xUnit.net 00:02:02.31]     ThemeToggle ClickingSwitchesBrightnessAndHtmlDarkClass(initialBrightness: "dark", initialHasDarkClass: True) [FAIL]
[xUnit.net 00:02:02.31]       Collection fixture type 'AppHost.Tests.Infrastructure.AspireManager' threw in InitializeAsync
[xUnit.net 00:02:02.31]       ---- Microsoft.Playwright.PlaywrightException : Executable doesn't exist at /home/teqs/.cache/ms-playwright/chromium_headless_shell-1228/chrome-headless-shell-linux64/chrome-headless-shell
[xUnit.net 00:02:02.31]       ╔════════════════════════════════════════════════════════════╗
[xUnit.net 00:02:02.31]       ║ Looks like Playwright was just installed or updated.       ║
[xUnit.net 00:02:02.31]       ║ Please run the following command to download new browsers: ║
[xUnit.net 00:02:02.31]       ║                                                            ║
[xUnit.net 00:02:02.31]       ║     pwsh bin/Debug/netX/playwright.ps1 install             ║
[xUnit.net 00:02:02.31]       ║                                                            ║
[xUnit.net 00:02:02.31]       ║ <3 Playwright Team                                         ║
[xUnit.net 00:02:02.31]       ╚════════════════════════════════════════════════════════════╝
[xUnit.net 00:02:02.31]       Stack Trace:
[xUnit.net 00:02:02.31]         
[xUnit.net 00:02:02.31]         ----- Inner Stack Trace -----
[xUnit.net 00:02:02.31]         /_/src/Playwright/Transport/Connection.cs(222,0): at Microsoft.Playwright.Transport.Connection.InnerSendMessageToServerAsync[T](ChannelOwner object, String method, Dictionary`2 dictionary, Boolean keepNulls)
[xUnit.net 00:02:02.31]         /_/src/Playwright/Transport/Connection.cs(528,0): at Microsoft.Playwright.Transport.Connection.WrapApiCallAsync[T](Func`1 action, Boolean isInternal, String title)
[xUnit.net 00:02:02.31]         /_/src/Playwright/Core/BrowserType.cs(56,0): at Microsoft.Playwright.Core.BrowserType.LaunchAsync(BrowserTypeLaunchOptions options)
[xUnit.net 00:02:02.31]         /home/teqs/github/MyBlog/tests/AppHost.Tests/Infrastructure/PlaywrightManager.cs(39,0): at AppHost.Tests.Infrastructure.PlaywrightManager.InitializeAsync()
[xUnit.net 00:02:02.31]         /home/teqs/github/MyBlog/tests/AppHost.Tests/Infrastructure/AspireManager.cs(238,0): at AppHost.Tests.Infrastructure.AspireManager.InitializeAsync()
[xUnit.net 00:02:02.31]     ThemeToggle ClickingSwitchesBrightnessAndHtmlDarkClass(initialBrightness: "light", initialHasDarkClass: False) [FAIL]
[xUnit.net 00:02:02.31]       Collection fixture type 'AppHost.Tests.Infrastructure.AspireManager' threw in InitializeAsync
[xUnit.net 00:02:02.31]       ---- Microsoft.Playwright.PlaywrightException : Executable doesn't exist at /home/teqs/.cache/ms-playwright/chromium_headless_shell-1228/chrome-headless-shell-linux64/chrome-headless-shell
[xUnit.net 00:02:02.31]       ╔════════════════════════════════════════════════════════════╗
[xUnit.net 00:02:02.31]       ║ Looks like Playwright was just installed or updated.       ║
[xUnit.net 00:02:02.31]       ║ Please run the following command to download new browsers: ║
[xUnit.net 00:02:02.31]       ║                                                            ║
[xUnit.net 00:02:02.31]       ║     pwsh bin/Debug/netX/playwright.ps1 install             ║
[xUnit.net 00:02:02.31]       ║                                                            ║
[xUnit.net 00:02:02.31]       ║ <3 Playwright Team                                         ║
[xUnit.net 00:02:02.31]       ╚════════════════════════════════════════════════════════════╝
[xUnit.net 00:02:02.31]       Stack Trace:
[xUnit.net 00:02:02.31]         
[xUnit.net 00:02:02.31]         ----- Inner Stack Trace -----
[xUnit.net 00:02:02.31]         /_/src/Playwright/Transport/Connection.cs(222,0): at Microsoft.Playwright.Transport.Connection.InnerSendMessageToServerAsync[T](ChannelOwner object, String method, Dictionary`2 dictionary, Boolean keepNulls)
[xUnit.net 00:02:02.31]         /_/src/Playwright/Transport/Connection.cs(528,0): at Microsoft.Playwright.Transport.Connection.WrapApiCallAsync[T](Func`1 action, Boolean isInternal, String title)
[xUnit.net 00:02:02.31]         /_/src/Playwright/Core/BrowserType.cs(56,0): at Microsoft.Playwright.Core.BrowserType.LaunchAsync(BrowserTypeLaunchOptions options)
[xUnit.net 00:02:02.31]         /home/teqs/github/MyBlog/tests/AppHost.Tests/Infrastructure/PlaywrightManager.cs(39,0): at AppHost.Tests.Infrastructure.PlaywrightManager.InitializeAsync()
[xUnit.net 00:02:02.31]         /home/teqs/github/MyBlog/tests/AppHost.Tests/Infrastructure/AspireManager.cs(238,0): at AppHost.Tests.Infrastructure.AspireManager.InitializeAsync()
[xUnit.net 00:02:02.31]     TestLogin InTestingWithReturnUrl RedirectsBackToRequestedPage [FAIL]
[xUnit.net 00:02:02.31]       Collection fixture type 'AppHost.Tests.Infrastructure.AspireManager' threw in InitializeAsync
[xUnit.net 00:02:02.31]       ---- Microsoft.Playwright.PlaywrightException : Executable doesn't exist at /home/teqs/.cache/ms-playwright/chromium_headless_shell-1228/chrome-headless-shell-linux64/chrome-headless-shell
[xUnit.net 00:02:02.31]       ╔════════════════════════════════════════════════════════════╗
[xUnit.net 00:02:02.31]       ║ Looks like Playwright was just installed or updated.       ║
[xUnit.net 00:02:02.31]       ║ Please run the following command to download new browsers: ║
[xUnit.net 00:02:02.31]       ║                                                            ║
[xUnit.net 00:02:02.31]       ║     pwsh bin/Debug/netX/playwright.ps1 install             ║
[xUnit.net 00:02:02.31]       ║                                                            ║
[xUnit.net 00:02:02.31]       ║ <3 Playwright Team                                         ║
[xUnit.net 00:02:02.31]       ╚════════════════════════════════════════════════════════════╝
[xUnit.net 00:02:02.31]       Stack Trace:
[xUnit.net 00:02:02.31]         
[xUnit.net 00:02:02.31]         ----- Inner Stack Trace -----
[xUnit.net 00:02:02.31]         /_/src/Playwright/Transport/Connection.cs(222,0): at Microsoft.Playwright.Transport.Connection.InnerSendMessageToServerAsync[T](ChannelOwner object, String method, Dictionary`2 dictionary, Boolean keepNulls)
[xUnit.net 00:02:02.31]         /_/src/Playwright/Transport/Connection.cs(528,0): at Microsoft.Playwright.Transport.Connection.WrapApiCallAsync[T](Func`1 action, Boolean isInternal, String title)
[xUnit.net 00:02:02.31]         /_/src/Playwright/Core/BrowserType.cs(56,0): at Microsoft.Playwright.Core.BrowserType.LaunchAsync(BrowserTypeLaunchOptions options)
[xUnit.net 00:02:02.31]         /home/teqs/github/MyBlog/tests/AppHost.Tests/Infrastructure/PlaywrightManager.cs(39,0): at AppHost.Tests.Infrastructure.PlaywrightManager.InitializeAsync()
[xUnit.net 00:02:02.31]         /home/teqs/github/MyBlog/tests/AppHost.Tests/Infrastructure/AspireManager.cs(238,0): at AppHost.Tests.Infrastructure.AspireManager.InitializeAsync()
[xUnit.net 00:02:02.31]     AccountLogin InTestingWithPlaceholderAuth0Config RedirectsToLocalTestLoginWithReturnUrl [FAIL]
[xUnit.net 00:02:02.31]       Collection fixture type 'AppHost.Tests.Infrastructure.AspireManager' threw in InitializeAsync
[xUnit.net 00:02:02.31]       ---- Microsoft.Playwright.PlaywrightException : Executable doesn't exist at /home/teqs/.cache/ms-playwright/chromium_headless_shell-1228/chrome-headless-shell-linux64/chrome-headless-shell
[xUnit.net 00:02:02.31]       ╔════════════════════════════════════════════════════════════╗
[xUnit.net 00:02:02.31]       ║ Looks like Playwright was just installed or updated.       ║
[xUnit.net 00:02:02.31]       ║ Please run the following command to download new browsers: ║
[xUnit.net 00:02:02.31]       ║                                                            ║
[xUnit.net 00:02:02.31]       ║     pwsh bin/Debug/netX/playwright.ps1 install             ║
[xUnit.net 00:02:02.31]       ║                                                            ║
[xUnit.net 00:02:02.31]       ║ <3 Playwright Team                                         ║
[xUnit.net 00:02:02.31]       ╚════════════════════════════════════════════════════════════╝
[xUnit.net 00:02:02.31]       Stack Trace:
[xUnit.net 00:02:02.31]         
[xUnit.net 00:02:02.31]         ----- Inner Stack Trace -----
[xUnit.net 00:02:02.31]         /_/src/Playwright/Transport/Connection.cs(222,0): at Microsoft.Playwright.Transport.Connection.InnerSendMessageToServerAsync[T](ChannelOwner object, String method, Dictionary`2 dictionary, Boolean keepNulls)
[xUnit.net 00:02:02.31]         /_/src/Playwright/Transport/Connection.cs(528,0): at Microsoft.Playwright.Transport.Connection.WrapApiCallAsync[T](Func`1 action, Boolean isInternal, String title)
[xUnit.net 00:02:02.31]         /_/src/Playwright/Core/BrowserType.cs(56,0): at Microsoft.Playwright.Core.BrowserType.LaunchAsync(BrowserTypeLaunchOptions options)
[xUnit.net 00:02:02.31]         /home/teqs/github/MyBlog/tests/AppHost.Tests/Infrastructure/PlaywrightManager.cs(39,0): at AppHost.Tests.Infrastructure.PlaywrightManager.InitializeAsync()
[xUnit.net 00:02:02.31]         /home/teqs/github/MyBlog/tests/AppHost.Tests/Infrastructure/AspireManager.cs(238,0): at AppHost.Tests.Infrastructure.AspireManager.InitializeAsync()
[xUnit.net 00:02:02.32]     Layout ColorSchemeButton IsVisible [FAIL]
[xUnit.net 00:02:02.32]       Collection fixture type 'AppHost.Tests.Infrastructure.AspireManager' threw in InitializeAsync
[xUnit.net 00:02:02.32]       ---- Microsoft.Playwright.PlaywrightException : Executable doesn't exist at /home/teqs/.cache/ms-playwright/chromium_headless_shell-1228/chrome-headless-shell-linux64/chrome-headless-shell
[xUnit.net 00:02:02.32]       ╔════════════════════════════════════════════════════════════╗
[xUnit.net 00:02:02.32]       ║ Looks like Playwright was just installed or updated.       ║
[xUnit.net 00:02:02.32]       ║ Please run the following command to download new browsers: ║
[xUnit.net 00:02:02.32]       ║                                                            ║
[xUnit.net 00:02:02.32]       ║     pwsh bin/Debug/netX/playwright.ps1 install             ║
[xUnit.net 00:02:02.32]       ║                                                            ║
[xUnit.net 00:02:02.32]       ║ <3 Playwright Team                                         ║
[xUnit.net 00:02:02.32]       ╚════════════════════════════════════════════════════════════╝
[xUnit.net 00:02:02.32]       Stack Trace:
[xUnit.net 00:02:02.32]         
[xUnit.net 00:02:02.32]         ----- Inner Stack Trace -----
[xUnit.net 00:02:02.32]         /_/src/Playwright/Transport/Connection.cs(222,0): at Microsoft.Playwright.Transport.Connection.InnerSendMessageToServerAsync[T](ChannelOwner object, String method, Dictionary`2 dictionary, Boolean keepNulls)
[xUnit.net 00:02:02.32]         /_/src/Playwright/Transport/Connection.cs(528,0): at Microsoft.Playwright.Transport.Connection.WrapApiCallAsync[T](Func`1 action, Boolean isInternal, String title)
[xUnit.net 00:02:02.32]         /_/src/Playwright/Core/BrowserType.cs(56,0): at Microsoft.Playwright.Core.BrowserType.LaunchAsync(BrowserTypeLaunchOptions options)
[xUnit.net 00:02:02.32]         /home/teqs/github/MyBlog/tests/AppHost.Tests/Infrastructure/PlaywrightManager.cs(39,0): at AppHost.Tests.Infrastructure.PlaywrightManager.InitializeAsync()
[xUnit.net 00:02:02.32]         /home/teqs/github/MyBlog/tests/AppHost.Tests/Infrastructure/AspireManager.cs(238,0): at AppHost.Tests.Infrastructure.AspireManager.InitializeAsync()
  Failed Layout NavMenu ContainsExpectedLinks [1 ms]
  Error Message:
   Collection fixture type 'AppHost.Tests.Infrastructure.AspireManager' threw in InitializeAsync
---- Microsoft.Playwright.PlaywrightException : Executable doesn't exist at /home/teqs/.cache/ms-playwright/chromium_headless_shell-1228/chrome-headless-shell-linux64/chrome-headless-shell
╔════════════════════════════════════════════════════════════╗
║ Looks like Playwright was just installed or updated.       ║
║ Please run the following command to download new browsers: ║
║                                                            ║
║     pwsh bin/Debug/netX/playwright.ps1 install             ║
║                                                            ║
║ <3 Playwright Team                                         ║
╚════════════════════════════════════════════════════════════╝
  Stack Trace:
  
----- Inner Stack Trace -----
   at Microsoft.Playwright.Transport.Connection.InnerSendMessageToServerAsync[T](ChannelOwner object, String method, Dictionary`2 dictionary, Boolean keepNulls) in /_/src/Playwright/Transport/Connection.cs:line 222
   at Microsoft.Playwright.Transport.Connection.WrapApiCallAsync[T](Func`1 action, Boolean isInternal, String title) in /_/src/Playwright/Transport/Connection.cs:line 528
   at Microsoft.Playwright.Core.BrowserType.LaunchAsync(BrowserTypeLaunchOptions options) in /_/src/Playwright/Core/BrowserType.cs:line 56
   at AppHost.Tests.Infrastructure.PlaywrightManager.InitializeAsync() in /home/teqs/github/MyBlog/tests/AppHost.Tests/Infrastructure/PlaywrightManager.cs:line 39
   at AppHost.Tests.Infrastructure.AspireManager.InitializeAsync() in /home/teqs/github/MyBlog/tests/AppHost.Tests/Infrastructure/AspireManager.cs:line 238
  Failed Layout NavMenu IsVisibleWhenAuthenticated [1 ms]
  Error Message:
   Collection fixture type 'AppHost.Tests.Infrastructure.AspireManager' threw in InitializeAsync
---- Microsoft.Playwright.PlaywrightException : Executable doesn't exist at /home/teqs/.cache/ms-playwright/chromium_headless_shell-1228/chrome-headless-shell-linux64/chrome-headless-shell
╔════════════════════════════════════════════════════════════╗
║ Looks like Playwright was just installed or updated.       ║
║ Please run the following command to download new browsers: ║
║                                                            ║
║     pwsh bin/Debug/netX/playwright.ps1 install             ║
║                                                            ║
║ <3 Playwright Team                                         ║
╚════════════════════════════════════════════════════════════╝
  Stack Trace:
  
----- Inner Stack Trace -----
   at Microsoft.Playwright.Transport.Connection.InnerSendMessageToServerAsync[T](ChannelOwner object, String method, Dictionary`2 dictionary, Boolean keepNulls) in /_/src/Playwright/Transport/Connection.cs:line 222
   at Microsoft.Playwright.Transport.Connection.WrapApiCallAsync[T](Func`1 action, Boolean isInternal, String title) in /_/src/Playwright/Transport/Connection.cs:line 528
   at Microsoft.Playwright.Core.BrowserType.LaunchAsync(BrowserTypeLaunchOptions options) in /_/src/Playwright/Core/BrowserType.cs:line 56
   at AppHost.Tests.Infrastructure.PlaywrightManager.InitializeAsync() in /home/teqs/github/MyBlog/tests/AppHost.Tests/Infrastructure/PlaywrightManager.cs:line 39
   at AppHost.Tests.Infrastructure.AspireManager.InitializeAsync() in /home/teqs/github/MyBlog/tests/AppHost.Tests/Infrastructure/AspireManager.cs:line 238
  Failed WebHomePageHasContent [1 ms]
  Error Message:
   Collection fixture type 'AppHost.Tests.Infrastructure.AspireManager' threw in InitializeAsync
---- Microsoft.Playwright.PlaywrightException : Executable doesn't exist at /home/teqs/.cache/ms-playwright/chromium_headless_shell-1228/chrome-headless-shell-linux64/chrome-headless-shell
╔════════════════════════════════════════════════════════════╗
║ Looks like Playwright was just installed or updated.       ║
║ Please run the following command to download new browsers: ║
║                                                            ║
║     pwsh bin/Debug/netX/playwright.ps1 install             ║
║                                                            ║
║ <3 Playwright Team                                         ║
╚════════════════════════════════════════════════════════════╝
  Stack Trace:
  
----- Inner Stack Trace -----
   at Microsoft.Playwright.Transport.Connection.InnerSendMessageToServerAsync[T](ChannelOwner object, String method, Dictionary`2 dictionary, Boolean keepNulls) in /_/src/Playwright/Transport/Connection.cs:line 222
   at Microsoft.Playwright.Transport.Connection.WrapApiCallAsync[T](Func`1 action, Boolean isInternal, String title) in /_/src/Playwright/Transport/Connection.cs:line 528
   at Microsoft.Playwright.Core.BrowserType.LaunchAsync(BrowserTypeLaunchOptions options) in /_/src/Playwright/Core/BrowserType.cs:line 56
   at AppHost.Tests.Infrastructure.PlaywrightManager.InitializeAsync() in /home/teqs/github/MyBlog/tests/AppHost.Tests/Infrastructure/PlaywrightManager.cs:line 39
   at AppHost.Tests.Infrastructure.AspireManager.InitializeAsync() in /home/teqs/github/MyBlog/tests/AppHost.Tests/Infrastructure/AspireManager.cs:line 238
  Failed WebHomePageLoads [1 ms]
  Error Message:
   Collection fixture type 'AppHost.Tests.Infrastructure.AspireManager' threw in InitializeAsync
---- Microsoft.Playwright.PlaywrightException : Executable doesn't exist at /home/teqs/.cache/ms-playwright/chromium_headless_shell-1228/chrome-headless-shell-linux64/chrome-headless-shell
╔════════════════════════════════════════════════════════════╗
║ Looks like Playwright was just installed or updated.       ║
║ Please run the following command to download new browsers: ║
║                                                            ║
║     pwsh bin/Debug/netX/playwright.ps1 install             ║
║                                                            ║
║ <3 Playwright Team                                         ║
╚════════════════════════════════════════════════════════════╝
  Stack Trace:
  
----- Inner Stack Trace -----
   at Microsoft.Playwright.Transport.Connection.InnerSendMessageToServerAsync[T](ChannelOwner object, String method, Dictionary`2 dictionary, Boolean keepNulls) in /_/src/Playwright/Transport/Connection.cs:line 222
   at Microsoft.Playwright.Transport.Connection.WrapApiCallAsync[T](Func`1 action, Boolean isInternal, String title) in /_/src/Playwright/Transport/Connection.cs:line 528
   at Microsoft.Playwright.Core.BrowserType.LaunchAsync(BrowserTypeLaunchOptions options) in /_/src/Playwright/Core/BrowserType.cs:line 56
   at AppHost.Tests.Infrastructure.PlaywrightManager.InitializeAsync() in /home/teqs/github/MyBlog/tests/AppHost.Tests/Infrastructure/PlaywrightManager.cs:line 39
   at AppHost.Tests.Infrastructure.AspireManager.InitializeAsync() in /home/teqs/github/MyBlog/tests/AppHost.Tests/Infrastructure/AspireManager.cs:line 238
  Failed ThemeToggle ClickingSwitchesBrightnessAndHtmlDarkClass(initialBrightness: "dark", initialHasDarkClass: True) [1 ms]
  Error Message:
   Collection fixture type 'AppHost.Tests.Infrastructure.AspireManager' threw in InitializeAsync
---- Microsoft.Playwright.PlaywrightException : Executable doesn't exist at /home/teqs/.cache/ms-playwright/chromium_headless_shell-1228/chrome-headless-shell-linux64/chrome-headless-shell
╔════════════════════════════════════════════════════════════╗
║ Looks like Playwright was just installed or updated.       ║
║ Please run the following command to download new browsers: ║
║                                                            ║
║     pwsh bin/Debug/netX/playwright.ps1 install             ║
║                                                            ║
║ <3 Playwright Team                                         ║
╚════════════════════════════════════════════════════════════╝
  Stack Trace:
  
----- Inner Stack Trace -----
   at Microsoft.Playwright.Transport.Connection.InnerSendMessageToServerAsync[T](ChannelOwner object, String method, Dictionary`2 dictionary, Boolean keepNulls) in /_/src/Playwright/Transport/Connection.cs:line 222
   at Microsoft.Playwright.Transport.Connection.WrapApiCallAsync[T](Func`1 action, Boolean isInternal, String title) in /_/src/Playwright/Transport/Connection.cs:line 528
   at Microsoft.Playwright.Core.BrowserType.LaunchAsync(BrowserTypeLaunchOptions options) in /_/src/Playwright/Core/BrowserType.cs:line 56
   at AppHost.Tests.Infrastructure.PlaywrightManager.InitializeAsync() in /home/teqs/github/MyBlog/tests/AppHost.Tests/Infrastructure/PlaywrightManager.cs:line 39
   at AppHost.Tests.Infrastructure.AspireManager.InitializeAsync() in /home/teqs/github/MyBlog/tests/AppHost.Tests/Infrastructure/AspireManager.cs:line 238
  Failed ThemeToggle ClickingSwitchesBrightnessAndHtmlDarkClass(initialBrightness: "light", initialHasDarkClass: False) [1 ms]
  Error Message:
   Collection fixture type 'AppHost.Tests.Infrastructure.AspireManager' threw in InitializeAsync
---- Microsoft.Playwright.PlaywrightException : Executable doesn't exist at /home/teqs/.cache/ms-playwright/chromium_headless_shell-1228/chrome-headless-shell-linux64/chrome-headless-shell
╔════════════════════════════════════════════════════════════╗
║ Looks like Playwright was just installed or updated.       ║
║ Please run the following command to download new browsers: ║
║                                                            ║
║     pwsh bin/Debug/netX/playwright.ps1 install             ║
║                                                            ║
║ <3 Playwright Team                                         ║
╚════════════════════════════════════════════════════════════╝
  Stack Trace:
  
----- Inner Stack Trace -----
   at Microsoft.Playwright.Transport.Connection.InnerSendMessageToServerAsync[T](ChannelOwner object, String method, Dictionary`2 dictionary, Boolean keepNulls) in /_/src/Playwright/Transport/Connection.cs:line 222
   at Microsoft.Playwright.Transport.Connection.WrapApiCallAsync[T](Func`1 action, Boolean isInternal, String title) in /_/src/Playwright/Transport/Connection.cs:line 528
   at Microsoft.Playwright.Core.BrowserType.LaunchAsync(BrowserTypeLaunchOptions options) in /_/src/Playwright/Core/BrowserType.cs:line 56
   at AppHost.Tests.Infrastructure.PlaywrightManager.InitializeAsync() in /home/teqs/github/MyBlog/tests/AppHost.Tests/Infrastructure/PlaywrightManager.cs:line 39
   at AppHost.Tests.Infrastructure.AspireManager.InitializeAsync() in /home/teqs/github/MyBlog/tests/AppHost.Tests/Infrastructure/AspireManager.cs:line 238
  Failed TestLogin InTestingWithReturnUrl RedirectsBackToRequestedPage [1 ms]
  Error Message:
   Collection fixture type 'AppHost.Tests.Infrastructure.AspireManager' threw in InitializeAsync
---- Microsoft.Playwright.PlaywrightException : Executable doesn't exist at /home/teqs/.cache/ms-playwright/chromium_headless_shell-1228/chrome-headless-shell-linux64/chrome-headless-shell
╔════════════════════════════════════════════════════════════╗
║ Looks like Playwright was just installed or updated.       ║
║ Please run the following command to download new browsers: ║
║                                                            ║
║     pwsh bin/Debug/netX/playwright.ps1 install             ║
║                                                            ║
║ <3 Playwright Team                                         ║
╚════════════════════════════════════════════════════════════╝
  Stack Trace:
  
----- Inner Stack Trace -----
   at Microsoft.Playwright.Transport.Connection.InnerSendMessageToServerAsync[T](ChannelOwner object, String method, Dictionary`2 dictionary, Boolean keepNulls) in /_/src/Playwright/Transport/Connection.cs:line 222
   at Microsoft.Playwright.Transport.Connection.WrapApiCallAsync[T](Func`1 action, Boolean isInternal, String title) in /_/src/Playwright/Transport/Connection.cs:line 528
   at Microsoft.Playwright.Core.BrowserType.LaunchAsync(BrowserTypeLaunchOptions options) in /_/src/Playwright/Core/BrowserType.cs:line 56
   at AppHost.Tests.Infrastructure.PlaywrightManager.InitializeAsync() in /home/teqs/github/MyBlog/tests/AppHost.Tests/Infrastructure/PlaywrightManager.cs:line 39
   at AppHost.Tests.Infrastructure.AspireManager.InitializeAsync() in /home/teqs/github/MyBlog/tests/AppHost.Tests/Infrastructure/AspireManager.cs:line 238
  Failed AccountLogin InTestingWithPlaceholderAuth0Config RedirectsToLocalTestLoginWithReturnUrl [1 ms]
  Error Message:
   Collection fixture type 'AppHost.Tests.Infrastructure.AspireManager' threw in InitializeAsync
---- Microsoft.Playwright.PlaywrightException : Executable doesn't exist at /home/teqs/.cache/ms-playwright/chromium_headless_shell-1228/chrome-headless-shell-linux64/chrome-headless-shell
╔════════════════════════════════════════════════════════════╗
║ Looks like Playwright was just installed or updated.       ║
║ Please run the following command to download new browsers: ║
║                                                            ║
║     pwsh bin/Debug/netX/playwright.ps1 install             ║
║                                                            ║
║ <3 Playwright Team                                         ║
╚════════════════════════════════════════════════════════════╝
  Stack Trace:
  
----- Inner Stack Trace -----
   at Microsoft.Playwright.Transport.Connection.InnerSendMessageToServerAsync[T](ChannelOwner object, String method, Dictionary`2 dictionary, Boolean keepNulls) in /_/src/Playwright/Transport/Connection.cs:line 222
   at Microsoft.Playwright.Transport.Connection.WrapApiCallAsync[T](Func`1 action, Boolean isInternal, String title) in /_/src/Playwright/Transport/Connection.cs:line 528
   at Microsoft.Playwright.Core.BrowserType.LaunchAsync(BrowserTypeLaunchOptions options) in /_/src/Playwright/Core/BrowserType.cs:line 56
   at AppHost.Tests.Infrastructure.PlaywrightManager.InitializeAsync() in /home/teqs/github/MyBlog/tests/AppHost.Tests/Infrastructure/PlaywrightManager.cs:line 39
   at AppHost.Tests.Infrastructure.AspireManager.InitializeAsync() in /home/teqs/github/MyBlog/tests/AppHost.Tests/Infrastructure/AspireManager.cs:line 238
  Failed Layout ColorSchemeButton IsVisible [1 ms]
  Error Message:
   Collection fixture type 'AppHost.Tests.Infrastructure.AspireManager' threw in InitializeAsync
---- Microsoft.Playwright.PlaywrightException : Executable doesn't exist at /home/teqs/.cache/ms-playwright/chromium_headless_shell-1228/chrome-headless-shell-linux64/chrome-headless-shell
╔════════════════════════════════════════════════════════════╗
║ Looks like Playwright was just installed or updated.       ║
║ Please run the following command to download new browsers: ║
║                                                            ║
║     pwsh bin/Debug/netX/playwright.ps1 install             ║
║                                                            ║
║ <3 Playwright Team                                         ║
╚════════════════════════════════════════════════════════════╝
  Stack Trace:
  
----- Inner Stack Trace -----
   at Microsoft.Playwright.Transport.Connection.InnerSendMessageToServerAsync[T](ChannelOwner object, String method, Dictionary`2 dictionary, Boolean keepNulls) in /_/src/Playwright/Transport/Connection.cs:line 222
   at Microsoft.Playwright.Transport.Connection.WrapApiCallAsync[T](Func`1 action, Boolean isInternal, String title) in /_/src/Playwright/Transport/Connection.cs:line 528
   at Microsoft.Playwright.Core.BrowserType.LaunchAsync(BrowserTypeLaunchOptions options) in /_/src/Playwright/Core/BrowserType.cs:line 56
   at AppHost.Tests.Infrastructure.PlaywrightManager.InitializeAsync() in /home/teqs/github/MyBlog/tests/AppHost.Tests/Infrastructure/PlaywrightManager.cs:line 39
   at AppHost.Tests.Infrastructure.AspireManager.InitializeAsync() in /home/teqs/github/MyBlog/tests/AppHost.Tests/Infrastructure/AspireManager.cs:line 238
[xUnit.net 00:02:02.32]     Layout ThemeToggleButton IsVisible [FAIL]
[xUnit.net 00:02:02.32]       Collection fixture type 'AppHost.Tests.Infrastructure.AspireManager' threw in InitializeAsync
[xUnit.net 00:02:02.32]       ---- Microsoft.Playwright.PlaywrightException : Executable doesn't exist at /home/teqs/.cache/ms-playwright/chromium_headless_shell-1228/chrome-headless-shell-linux64/chrome-headless-shell
[xUnit.net 00:02:02.32]       ╔════════════════════════════════════════════════════════════╗
[xUnit.net 00:02:02.32]       ║ Looks like Playwright was just installed or updated.       ║
[xUnit.net 00:02:02.32]       ║ Please run the following command to download new browsers: ║
[xUnit.net 00:02:02.32]       ║                                                            ║
[xUnit.net 00:02:02.32]       ║     pwsh bin/Debug/netX/playwright.ps1 install             ║
[xUnit.net 00:02:02.32]       ║                                                            ║
[xUnit.net 00:02:02.32]       ║ <3 Playwright Team                                         ║
[xUnit.net 00:02:02.32]       ╚════════════════════════════════════════════════════════════╝
[xUnit.net 00:02:02.32]       Stack Trace:
[xUnit.net 00:02:02.32]         
[xUnit.net 00:02:02.32]         ----- Inner Stack Trace -----
[xUnit.net 00:02:02.32]         /_/src/Playwright/Transport/Connection.cs(222,0): at Microsoft.Playwright.Transport.Connection.InnerSendMessageToServerAsync[T](ChannelOwner object, String method, Dictionary`2 dictionary, Boolean keepNulls)
[xUnit.net 00:02:02.32]         /_/src/Playwright/Transport/Connection.cs(528,0): at Microsoft.Playwright.Transport.Connection.WrapApiCallAsync[T](Func`1 action, Boolean isInternal, String title)
[xUnit.net 00:02:02.32]         /_/src/Playwright/Core/BrowserType.cs(56,0): at Microsoft.Playwright.Core.BrowserType.LaunchAsync(BrowserTypeLaunchOptions options)
[xUnit.net 00:02:02.32]         /home/teqs/github/MyBlog/tests/AppHost.Tests/Infrastructure/PlaywrightManager.cs(39,0): at AppHost.Tests.Infrastructure.PlaywrightManager.InitializeAsync()
[xUnit.net 00:02:02.32]         /home/teqs/github/MyBlog/tests/AppHost.Tests/Infrastructure/AspireManager.cs(238,0): at AppHost.Tests.Infrastructure.AspireManager.InitializeAsync()
[xUnit.net 00:02:02.32]     Layout Footer ShowsCopyrightText [FAIL]
[xUnit.net 00:02:02.32]       Collection fixture type 'AppHost.Tests.Infrastructure.AspireManager' threw in InitializeAsync
[xUnit.net 00:02:02.32]       ---- Microsoft.Playwright.PlaywrightException : Executable doesn't exist at /home/teqs/.cache/ms-playwright/chromium_headless_shell-1228/chrome-headless-shell-linux64/chrome-headless-shell
[xUnit.net 00:02:02.32]       ╔════════════════════════════════════════════════════════════╗
[xUnit.net 00:02:02.32]       ║ Looks like Playwright was just installed or updated.       ║
[xUnit.net 00:02:02.32]       ║ Please run the following command to download new browsers: ║
[xUnit.net 00:02:02.32]       ║                                                            ║
[xUnit.net 00:02:02.32]       ║     pwsh bin/Debug/netX/playwright.ps1 install             ║
[xUnit.net 00:02:02.32]       ║                                                            ║
[xUnit.net 00:02:02.32]       ║ <3 Playwright Team                                         ║
[xUnit.net 00:02:02.32]       ╚════════════════════════════════════════════════════════════╝
[xUnit.net 00:02:02.32]       Stack Trace:
[xUnit.net 00:02:02.32]         
[xUnit.net 00:02:02.32]         ----- Inner Stack Trace -----
[xUnit.net 00:02:02.32]         /_/src/Playwright/Transport/Connection.cs(222,0): at Microsoft.Playwright.Transport.Connection.InnerSendMessageToServerAsync[T](ChannelOwner object, String method, Dictionary`2 dictionary, Boolean keepNulls)
[xUnit.net 00:02:02.32]         /_/src/Playwright/Transport/Connection.cs(528,0): at Microsoft.Playwright.Transport.Connection.WrapApiCallAsync[T](Func`1 action, Boolean isInternal, String title)
[xUnit.net 00:02:02.32]         /_/src/Playwright/Core/BrowserType.cs(56,0): at Microsoft.Playwright.Core.BrowserType.LaunchAsync(BrowserTypeLaunchOptions options)
[xUnit.net 00:02:02.32]         /home/teqs/github/MyBlog/tests/AppHost.Tests/Infrastructure/PlaywrightManager.cs(39,0): at AppHost.Tests.Infrastructure.PlaywrightManager.InitializeAsync()
[xUnit.net 00:02:02.32]         /home/teqs/github/MyBlog/tests/AppHost.Tests/Infrastructure/AspireManager.cs(238,0): at AppHost.Tests.Infrastructure.AspireManager.InitializeAsync()
[xUnit.net 00:02:02.32]     Layout NavMenu AuthLinksAreHiddenWhenNotAuthenticated [FAIL]
[xUnit.net 00:02:02.32]       Collection fixture type 'AppHost.Tests.Infrastructure.AspireManager' threw in InitializeAsync
[xUnit.net 00:02:02.32]       ---- Microsoft.Playwright.PlaywrightException : Executable doesn't exist at /home/teqs/.cache/ms-playwright/chromium_headless_shell-1228/chrome-headless-shell-linux64/chrome-headless-shell
[xUnit.net 00:02:02.32]       ╔════════════════════════════════════════════════════════════╗
[xUnit.net 00:02:02.32]       ║ Looks like Playwright was just installed or updated.       ║
[xUnit.net 00:02:02.32]       ║ Please run the following command to download new browsers: ║
[xUnit.net 00:02:02.32]       ║                                                            ║
[xUnit.net 00:02:02.32]       ║     pwsh bin/Debug/netX/playwright.ps1 install             ║
[xUnit.net 00:02:02.32]       ║                                                            ║
[xUnit.net 00:02:02.32]       ║ <3 Playwright Team                                         ║
[xUnit.net 00:02:02.32]       ╚════════════════════════════════════════════════════════════╝
[xUnit.net 00:02:02.32]       Stack Trace:
[xUnit.net 00:02:02.32]         
[xUnit.net 00:02:02.32]         ----- Inner Stack Trace -----
[xUnit.net 00:02:02.32]         /_/src/Playwright/Transport/Connection.cs(222,0): at Microsoft.Playwright.Transport.Connection.InnerSendMessageToServerAsync[T](ChannelOwner object, String method, Dictionary`2 dictionary, Boolean keepNulls)
[xUnit.net 00:02:02.32]         /_/src/Playwright/Transport/Connection.cs(528,0): at Microsoft.Playwright.Transport.Connection.WrapApiCallAsync[T](Func`1 action, Boolean isInternal, String title)
[xUnit.net 00:02:02.32]         /_/src/Playwright/Core/BrowserType.cs(56,0): at Microsoft.Playwright.Core.BrowserType.LaunchAsync(BrowserTypeLaunchOptions options)
[xUnit.net 00:02:02.32]         /home/teqs/github/MyBlog/tests/AppHost.Tests/Infrastructure/PlaywrightManager.cs(39,0): at AppHost.Tests.Infrastructure.PlaywrightManager.InitializeAsync()
[xUnit.net 00:02:02.32]         /home/teqs/github/MyBlog/tests/AppHost.Tests/Infrastructure/AspireManager.cs(238,0): at AppHost.Tests.Infrastructure.AspireManager.InitializeAsync()
[xUnit.net 00:02:02.32]     Layout Header ShowsLoginLinkWhenNotAuthenticated [FAIL]
[xUnit.net 00:02:02.32]       Collection fixture type 'AppHost.Tests.Infrastructure.AspireManager' threw in InitializeAsync
[xUnit.net 00:02:02.32]       ---- Microsoft.Playwright.PlaywrightException : Executable doesn't exist at /home/teqs/.cache/ms-playwright/chromium_headless_shell-1228/chrome-headless-shell-linux64/chrome-headless-shell
[xUnit.net 00:02:02.32]       ╔════════════════════════════════════════════════════════════╗
[xUnit.net 00:02:02.32]       ║ Looks like Playwright was just installed or updated.       ║
[xUnit.net 00:02:02.32]       ║ Please run the following command to download new browsers: ║
[xUnit.net 00:02:02.32]       ║                                                            ║
[xUnit.net 00:02:02.32]       ║     pwsh bin/Debug/netX/playwright.ps1 install             ║
[xUnit.net 00:02:02.32]       ║                                                            ║
[xUnit.net 00:02:02.32]       ║ <3 Playwright Team                                         ║
[xUnit.net 00:02:02.32]       ╚════════════════════════════════════════════════════════════╝
[xUnit.net 00:02:02.32]       Stack Trace:
[xUnit.net 00:02:02.32]         
[xUnit.net 00:02:02.32]         ----- Inner Stack Trace -----
[xUnit.net 00:02:02.32]         /_/src/Playwright/Transport/Connection.cs(222,0): at Microsoft.Playwright.Transport.Connection.InnerSendMessageToServerAsync[T](ChannelOwner object, String method, Dictionary`2 dictionary, Boolean keepNulls)
[xUnit.net 00:02:02.32]         /_/src/Playwright/Transport/Connection.cs(528,0): at Microsoft.Playwright.Transport.Connection.WrapApiCallAsync[T](Func`1 action, Boolean isInternal, String title)
[xUnit.net 00:02:02.32]         /_/src/Playwright/Core/BrowserType.cs(56,0): at Microsoft.Playwright.Core.BrowserType.LaunchAsync(BrowserTypeLaunchOptions options)
[xUnit.net 00:02:02.32]         /home/teqs/github/MyBlog/tests/AppHost.Tests/Infrastructure/PlaywrightManager.cs(39,0): at AppHost.Tests.Infrastructure.PlaywrightManager.InitializeAsync()
[xUnit.net 00:02:02.32]         /home/teqs/github/MyBlog/tests/AppHost.Tests/Infrastructure/AspireManager.cs(238,0): at AppHost.Tests.Infrastructure.AspireManager.InitializeAsync()
[xUnit.net 00:02:02.32]     Layout Header ShowsBrandLink [FAIL]
[xUnit.net 00:02:02.32]       Collection fixture type 'AppHost.Tests.Infrastructure.AspireManager' threw in InitializeAsync
[xUnit.net 00:02:02.32]       ---- Microsoft.Playwright.PlaywrightException : Executable doesn't exist at /home/teqs/.cache/ms-playwright/chromium_headless_shell-1228/chrome-headless-shell-linux64/chrome-headless-shell
[xUnit.net 00:02:02.32]       ╔════════════════════════════════════════════════════════════╗
[xUnit.net 00:02:02.32]       ║ Looks like Playwright was just installed or updated.       ║
[xUnit.net 00:02:02.32]       ║ Please run the following command to download new browsers: ║
[xUnit.net 00:02:02.32]       ║                                                            ║
[xUnit.net 00:02:02.32]       ║     pwsh bin/Debug/netX/playwright.ps1 install             ║
[xUnit.net 00:02:02.32]       ║                                                            ║
[xUnit.net 00:02:02.32]       ║ <3 Playwright Team                                         ║
[xUnit.net 00:02:02.32]       ╚════════════════════════════════════════════════════════════╝
[xUnit.net 00:02:02.32]       Stack Trace:
[xUnit.net 00:02:02.32]         
[xUnit.net 00:02:02.32]         ----- Inner Stack Trace -----
[xUnit.net 00:02:02.32]         /_/src/Playwright/Transport/Connection.cs(222,0): at Microsoft.Playwright.Transport.Connection.InnerSendMessageToServerAsync[T](ChannelOwner object, String method, Dictionary`2 dictionary, Boolean keepNulls)
[xUnit.net 00:02:02.32]         /_/src/Playwright/Transport/Connection.cs(528,0): at Microsoft.Playwright.Transport.Connection.WrapApiCallAsync[T](Func`1 action, Boolean isInternal, String title)
[xUnit.net 00:02:02.32]         /_/src/Playwright/Core/BrowserType.cs(56,0): at Microsoft.Playwright.Core.BrowserType.LaunchAsync(BrowserTypeLaunchOptions options)
[xUnit.net 00:02:02.32]         /home/teqs/github/MyBlog/tests/AppHost.Tests/Infrastructure/PlaywrightManager.cs(39,0): at AppHost.Tests.Infrastructure.PlaywrightManager.InitializeAsync()
[xUnit.net 00:02:02.32]         /home/teqs/github/MyBlog/tests/AppHost.Tests/Infrastructure/AspireManager.cs(238,0): at AppHost.Tests.Infrastructure.AspireManager.InitializeAsync()
[xUnit.net 00:02:02.33]     [Test Collection Cleanup Failure (AppHostTests)] Xunit.Sdk.TestPipelineException
[xUnit.net 00:02:02.33]       Collection fixture type 'AppHost.Tests.Infrastructure.AspireManager' threw in DisposeAsync
[xUnit.net 00:02:02.33]       ---- System.NullReferenceException : Object reference not set to an instance of an object.
[xUnit.net 00:02:02.33]       Stack Trace:
[xUnit.net 00:02:02.33]         --- End of stack trace from previous location ---
[xUnit.net 00:02:02.33]         ----- Inner Stack Trace -----
[xUnit.net 00:02:02.33]         /home/teqs/github/MyBlog/tests/AppHost.Tests/Infrastructure/PlaywrightManager.cs(44,0): at AppHost.Tests.Infrastructure.PlaywrightManager.DisposeAsync()
[xUnit.net 00:02:02.33]         /home/teqs/github/MyBlog/tests/AppHost.Tests/Infrastructure/AspireManager.cs(243,0): at AppHost.Tests.Infrastructure.AspireManager.DisposeAsync()
[xUnit.net 00:02:02.33]   Finished:    AppHost.Tests (ID = 'cdb4a24dd61146d7c308105de2ca580b1efc1214e5d2ef5f3bcac8031cbad913')
  Failed Layout ThemeToggleButton IsVisible [1 ms]
  Error Message:
   Collection fixture type 'AppHost.Tests.Infrastructure.AspireManager' threw in InitializeAsync
---- Microsoft.Playwright.PlaywrightException : Executable doesn't exist at /home/teqs/.cache/ms-playwright/chromium_headless_shell-1228/chrome-headless-shell-linux64/chrome-headless-shell
╔════════════════════════════════════════════════════════════╗
║ Looks like Playwright was just installed or updated.       ║
║ Please run the following command to download new browsers: ║
║                                                            ║
║     pwsh bin/Debug/netX/playwright.ps1 install             ║
║                                                            ║
║ <3 Playwright Team                                         ║
╚════════════════════════════════════════════════════════════╝
  Stack Trace:
  
----- Inner Stack Trace -----
   at Microsoft.Playwright.Transport.Connection.InnerSendMessageToServerAsync[T](ChannelOwner object, String method, Dictionary`2 dictionary, Boolean keepNulls) in /_/src/Playwright/Transport/Connection.cs:line 222
   at Microsoft.Playwright.Transport.Connection.WrapApiCallAsync[T](Func`1 action, Boolean isInternal, String title) in /_/src/Playwright/Transport/Connection.cs:line 528
   at Microsoft.Playwright.Core.BrowserType.LaunchAsync(BrowserTypeLaunchOptions options) in /_/src/Playwright/Core/BrowserType.cs:line 56
   at AppHost.Tests.Infrastructure.PlaywrightManager.InitializeAsync() in /home/teqs/github/MyBlog/tests/AppHost.Tests/Infrastructure/PlaywrightManager.cs:line 39
   at AppHost.Tests.Infrastructure.AspireManager.InitializeAsync() in /home/teqs/github/MyBlog/tests/AppHost.Tests/Infrastructure/AspireManager.cs:line 238
  Failed Layout Footer ShowsCopyrightText [1 ms]
  Error Message:
   Collection fixture type 'AppHost.Tests.Infrastructure.AspireManager' threw in InitializeAsync
---- Microsoft.Playwright.PlaywrightException : Executable doesn't exist at /home/teqs/.cache/ms-playwright/chromium_headless_shell-1228/chrome-headless-shell-linux64/chrome-headless-shell
╔════════════════════════════════════════════════════════════╗
║ Looks like Playwright was just installed or updated.       ║
║ Please run the following command to download new browsers: ║
║                                                            ║
║     pwsh bin/Debug/netX/playwright.ps1 install             ║
║                                                            ║
║ <3 Playwright Team                                         ║
╚════════════════════════════════════════════════════════════╝
  Stack Trace:
  
----- Inner Stack Trace -----
   at Microsoft.Playwright.Transport.Connection.InnerSendMessageToServerAsync[T](ChannelOwner object, String method, Dictionary`2 dictionary, Boolean keepNulls) in /_/src/Playwright/Transport/Connection.cs:line 222
   at Microsoft.Playwright.Transport.Connection.WrapApiCallAsync[T](Func`1 action, Boolean isInternal, String title) in /_/src/Playwright/Transport/Connection.cs:line 528
   at Microsoft.Playwright.Core.BrowserType.LaunchAsync(BrowserTypeLaunchOptions options) in /_/src/Playwright/Core/BrowserType.cs:line 56
   at AppHost.Tests.Infrastructure.PlaywrightManager.InitializeAsync() in /home/teqs/github/MyBlog/tests/AppHost.Tests/Infrastructure/PlaywrightManager.cs:line 39
   at AppHost.Tests.Infrastructure.AspireManager.InitializeAsync() in /home/teqs/github/MyBlog/tests/AppHost.Tests/Infrastructure/AspireManager.cs:line 238
  Failed Layout NavMenu AuthLinksAreHiddenWhenNotAuthenticated [1 ms]
  Error Message:
   Collection fixture type 'AppHost.Tests.Infrastructure.AspireManager' threw in InitializeAsync
---- Microsoft.Playwright.PlaywrightException : Executable doesn't exist at /home/teqs/.cache/ms-playwright/chromium_headless_shell-1228/chrome-headless-shell-linux64/chrome-headless-shell
╔════════════════════════════════════════════════════════════╗
║ Looks like Playwright was just installed or updated.       ║
║ Please run the following command to download new browsers: ║
║                                                            ║
║     pwsh bin/Debug/netX/playwright.ps1 install             ║
║                                                            ║
║ <3 Playwright Team                                         ║
╚════════════════════════════════════════════════════════════╝
  Stack Trace:
  
----- Inner Stack Trace -----
   at Microsoft.Playwright.Transport.Connection.InnerSendMessageToServerAsync[T](ChannelOwner object, String method, Dictionary`2 dictionary, Boolean keepNulls) in /_/src/Playwright/Transport/Connection.cs:line 222
   at Microsoft.Playwright.Transport.Connection.WrapApiCallAsync[T](Func`1 action, Boolean isInternal, String title) in /_/src/Playwright/Transport/Connection.cs:line 528
   at Microsoft.Playwright.Core.BrowserType.LaunchAsync(BrowserTypeLaunchOptions options) in /_/src/Playwright/Core/BrowserType.cs:line 56
   at AppHost.Tests.Infrastructure.PlaywrightManager.InitializeAsync() in /home/teqs/github/MyBlog/tests/AppHost.Tests/Infrastructure/PlaywrightManager.cs:line 39
   at AppHost.Tests.Infrastructure.AspireManager.InitializeAsync() in /home/teqs/github/MyBlog/tests/AppHost.Tests/Infrastructure/AspireManager.cs:line 238
  Failed Layout Header ShowsLoginLinkWhenNotAuthenticated [1 ms]
  Error Message:
   Collection fixture type 'AppHost.Tests.Infrastructure.AspireManager' threw in InitializeAsync
---- Microsoft.Playwright.PlaywrightException : Executable doesn't exist at /home/teqs/.cache/ms-playwright/chromium_headless_shell-1228/chrome-headless-shell-linux64/chrome-headless-shell
╔════════════════════════════════════════════════════════════╗
║ Looks like Playwright was just installed or updated.       ║
║ Please run the following command to download new browsers: ║
║                                                            ║
║     pwsh bin/Debug/netX/playwright.ps1 install             ║
║                                                            ║
║ <3 Playwright Team                                         ║
╚════════════════════════════════════════════════════════════╝
  Stack Trace:
  
----- Inner Stack Trace -----
   at Microsoft.Playwright.Transport.Connection.InnerSendMessageToServerAsync[T](ChannelOwner object, String method, Dictionary`2 dictionary, Boolean keepNulls) in /_/src/Playwright/Transport/Connection.cs:line 222
   at Microsoft.Playwright.Transport.Connection.WrapApiCallAsync[T](Func`1 action, Boolean isInternal, String title) in /_/src/Playwright/Transport/Connection.cs:line 528
   at Microsoft.Playwright.Core.BrowserType.LaunchAsync(BrowserTypeLaunchOptions options) in /_/src/Playwright/Core/BrowserType.cs:line 56
   at AppHost.Tests.Infrastructure.PlaywrightManager.InitializeAsync() in /home/teqs/github/MyBlog/tests/AppHost.Tests/Infrastructure/PlaywrightManager.cs:line 39
   at AppHost.Tests.Infrastructure.AspireManager.InitializeAsync() in /home/teqs/github/MyBlog/tests/AppHost.Tests/Infrastructure/AspireManager.cs:line 238
  Failed Layout Header ShowsBrandLink [1 ms]
  Error Message:
   Collection fixture type 'AppHost.Tests.Infrastructure.AspireManager' threw in InitializeAsync
---- Microsoft.Playwright.PlaywrightException : Executable doesn't exist at /home/teqs/.cache/ms-playwright/chromium_headless_shell-1228/chrome-headless-shell-linux64/chrome-headless-shell
╔════════════════════════════════════════════════════════════╗
║ Looks like Playwright was just installed or updated.       ║
║ Please run the following command to download new browsers: ║
║                                                            ║
║     pwsh bin/Debug/netX/playwright.ps1 install             ║
║                                                            ║
║ <3 Playwright Team                                         ║
╚════════════════════════════════════════════════════════════╝
  Stack Trace:
  
----- Inner Stack Trace -----
   at Microsoft.Playwright.Transport.Connection.InnerSendMessageToServerAsync[T](ChannelOwner object, String method, Dictionary`2 dictionary, Boolean keepNulls) in /_/src/Playwright/Transport/Connection.cs:line 222
   at Microsoft.Playwright.Transport.Connection.WrapApiCallAsync[T](Func`1 action, Boolean isInternal, String title) in /_/src/Playwright/Transport/Connection.cs:line 528
   at Microsoft.Playwright.Core.BrowserType.LaunchAsync(BrowserTypeLaunchOptions options) in /_/src/Playwright/Core/BrowserType.cs:line 56
   at AppHost.Tests.Infrastructure.PlaywrightManager.InitializeAsync() in /home/teqs/github/MyBlog/tests/AppHost.Tests/Infrastructure/PlaywrightManager.cs:line 39
   at AppHost.Tests.Infrastructure.AspireManager.InitializeAsync() in /home/teqs/github/MyBlog/tests/AppHost.Tests/Infrastructure/AspireManager.cs:line 238

Test Run Failed.
Total tests: 61
     Passed: 22
     Failed: 39
 Total time: 2.0471 Minutes
     1>Project "/home/teqs/github/MyBlog/MyBlog.slnx" (1) is building "/home/teqs/github/MyBlog/tests/AppHost.Tests/AppHost.Tests.csproj" (3) on node 4 (VSTest target(s)).
     3>_VSTestConsole:
         MSB4181: The "VSTestTask" task returned false but did not log an error.
     3>Done Building Project "/home/teqs/github/MyBlog/tests/AppHost.Tests/AppHost.Tests.csproj" (VSTest target(s)) -- FAILED.
     1>Done Building Project "/home/teqs/github/MyBlog/MyBlog.slnx" (VSTest target(s)) -- FAILED.

Build FAILED.
    0 Warning(s)
    0 Error(s)

Time Elapsed 00:02:03.63
